Warning: You are sending unauthenticated requests to the HF Hub. Please set a HF_TOKEN to enable higher rate limits and faster downloads.
max_running_requests_per_dp=4096
dp_size=1
skip_max_running_requests_threshold=4096
skip_token_capacity_threshold=303918
======== Warmup Begin ========
Warmup with batch_size=[16, 1, 32]
#Input tokens: 16384
#Output tokens: 256
batch size: 16
input_len: 1024
output_len: 16
latency: 0.30 s
input throughput: 85869.01 tok/s
output throughput: 2383.91 tok/s
last_ttft: 0.19 s
last generation throughput: 0.90 tok/s
#Input tokens: 1024
#Output tokens: 16
batch size: 1
input_len: 1024
output_len: 16
latency: 0.08 s
input throughput: 28191.61 tok/s
output throughput: 406.26 tok/s
last_ttft: 0.04 s
last generation throughput: 0.90 tok/s
#Input tokens: 32768
#Output tokens: 512
batch size: 32
input_len: 1024
output_len: 16
latency: 0.51 s
input throughput: 88517.09 tok/s
output throughput: 3638.06 tok/s
last_ttft: 0.37 s
last generation throughput: 0.90 tok/s
======== Warmup End   ========

#Input tokens: 128
#Output tokens: 32
batch size: 1
input_len: 128
output_len: 32
latency: 0.12 s
input throughput: 3685.88 tok/s
output throughput: 398.11 tok/s
last_ttft: 0.03 s
last generation throughput: 0.90 tok/s
#Input tokens: 2048
#Output tokens: 512
batch size: 16
input_len: 128
output_len: 32
latency: 0.24 s
input throughput: 50638.77 tok/s
output throughput: 2509.67 tok/s
last_ttft: 0.04 s
last generation throughput: 0.90 tok/s
#Input tokens: 4096
#Output tokens: 1024
batch size: 32
input_len: 128
output_len: 32
latency: 0.31 s
input throughput: 65796.46 tok/s
output throughput: 4163.80 tok/s
last_ttft: 0.06 s
last generation throughput: 0.90 tok/s

Results are saved to /tmp/c3_e2e/h200_c2/base_r3.jsonl
