/usr/local/lib/python3.12/dist-packages/torchao/quantization/quant_api.py:1731: SyntaxWarning: invalid escape sequence '\.'
  """Configuration class for applying different quantization configs to modules or parameters based on their fully qualified names (FQNs).
Warning: You are sending unauthenticated requests to the HF Hub. Please set a HF_TOKEN to enable higher rate limits and faster downloads.
max_running_requests_per_dp=4096
dp_size=1
skip_max_running_requests_threshold=4096
skip_token_capacity_threshold=303918
======== Warmup Begin ========
Warmup with batch_size=[16, 1, 32]
#Input tokens: 16384
#Output tokens: 256
batch size: 16
input_len: 1024
output_len: 16
latency: 1.12 s
input throughput: 16426.74 tok/s
output throughput: 2115.83 tok/s
last_ttft: 1.00 s
last generation throughput: 0.90 tok/s
#Input tokens: 1024
#Output tokens: 16
batch size: 1
input_len: 1024
output_len: 16
latency: 0.45 s
input throughput: 2556.01 tok/s
output throughput: 322.19 tok/s
last_ttft: 0.40 s
last generation throughput: 0.90 tok/s
#Input tokens: 32768
#Output tokens: 512
batch size: 32
input_len: 1024
output_len: 16
latency: 0.53 s
input throughput: 87325.66 tok/s
output throughput: 3236.18 tok/s
last_ttft: 0.38 s
last generation throughput: 0.90 tok/s
======== Warmup End   ========

#Input tokens: 128
#Output tokens: 32
batch size: 1
input_len: 128
output_len: 32
latency: 0.43 s
input throughput: 385.05 tok/s
output throughput: 314.97 tok/s
last_ttft: 0.33 s
last generation throughput: 0.90 tok/s
#Input tokens: 2048
#Output tokens: 512
batch size: 16
input_len: 128
output_len: 32
latency: 0.30 s
input throughput: 30641.76 tok/s
output throughput: 2230.93 tok/s
last_ttft: 0.07 s
last generation throughput: 0.90 tok/s
#Input tokens: 4096
#Output tokens: 1024
batch size: 32
input_len: 128
output_len: 32
latency: 0.35 s
input throughput: 60013.61 tok/s
output throughput: 3629.79 tok/s
last_ttft: 0.07 s
last generation throughput: 0.90 tok/s

Results are saved to /tmp/c3_e2e/h200_c2/lora_r1.jsonl
