Warning: You are sending unauthenticated requests to the HF Hub. Please set a HF_TOKEN to enable higher rate limits and faster downloads.
max_running_requests_per_dp=4096
dp_size=1
skip_max_running_requests_threshold=4096
skip_token_capacity_threshold=303918
======== Warmup Begin ========
Warmup with batch_size=[16, 1, 32]
#Input tokens: 16384
#Output tokens: 256
batch size: 16
input_len: 1024
output_len: 16
latency: 0.31 s
input throughput: 84855.68 tok/s
output throughput: 2165.82 tok/s
last_ttft: 0.19 s
last generation throughput: 0.90 tok/s
#Input tokens: 1024
#Output tokens: 16
batch size: 1
input_len: 1024
output_len: 16
latency: 0.11 s
input throughput: 18459.36 tok/s
output throughput: 321.33 tok/s
last_ttft: 0.06 s
last generation throughput: 0.90 tok/s
#Input tokens: 32768
#Output tokens: 512
batch size: 32
input_len: 1024
output_len: 16
latency: 0.54 s
input throughput: 87358.39 tok/s
output throughput: 3195.11 tok/s
last_ttft: 0.38 s
last generation throughput: 0.90 tok/s
======== Warmup End   ========

#Input tokens: 128
#Output tokens: 32
batch size: 1
input_len: 128
output_len: 32
latency: 0.16 s
input throughput: 2300.35 tok/s
output throughput: 315.45 tok/s
last_ttft: 0.06 s
last generation throughput: 0.90 tok/s
#Input tokens: 2048
#Output tokens: 512
batch size: 16
input_len: 128
output_len: 32
latency: 0.29 s
input throughput: 33971.58 tok/s
output throughput: 2252.08 tok/s
last_ttft: 0.06 s
last generation throughput: 0.90 tok/s
#Input tokens: 4096
#Output tokens: 1024
batch size: 32
input_len: 128
output_len: 32
latency: 0.35 s
input throughput: 61314.01 tok/s
output throughput: 3670.41 tok/s
last_ttft: 0.07 s
last generation throughput: 0.90 tok/s

Results are saved to /tmp/c3_e2e/h200_c2/lora_r3.jsonl
