/usr/local/lib/python3.12/dist-packages/torch/cuda/__init__.py:61: FutureWarning: The pynvml package is deprecated. Please install nvidia-ml-py instead. If you did not install pynvml directly, please report this to the maintainers of the package that installed pynvml for you.
  import pynvml  # type: ignore[import]
Warning: You are sending unauthenticated requests to the HF Hub. Please set a HF_TOKEN to enable higher rate limits and faster downloads.
max_running_requests_per_dp=4096
dp_size=1
skip_max_running_requests_threshold=4096
skip_token_capacity_threshold=751424
======== Warmup Begin ========
Warmup with batch_size=[16, 1, 32]
#Input tokens: 16384
#Output tokens: 256
batch size: 16
input_len: 1024
output_len: 16
latency: 0.19 s
input throughput: 144385.03 tok/s
output throughput: 3334.22 tok/s
last_ttft: 0.11 s
last generation throughput: 0.85 tok/s
#Input tokens: 1024
#Output tokens: 16
batch size: 1
input_len: 1024
output_len: 16
latency: 0.08 s
input throughput: 21769.56 tok/s
output throughput: 470.92 tok/s
last_ttft: 0.05 s
last generation throughput: 0.85 tok/s
#Input tokens: 32768
#Output tokens: 512
batch size: 32
input_len: 1024
output_len: 16
latency: 0.30 s
input throughput: 160315.97 tok/s
output throughput: 5262.91 tok/s
last_ttft: 0.20 s
last generation throughput: 0.85 tok/s
======== Warmup End   ========

#Input tokens: 128
#Output tokens: 32
batch size: 1
input_len: 128
output_len: 32
latency: 0.12 s
input throughput: 2774.37 tok/s
output throughput: 457.77 tok/s
last_ttft: 0.05 s
last generation throughput: 0.85 tok/s
#Input tokens: 2048
#Output tokens: 512
batch size: 16
input_len: 128
output_len: 32
latency: 0.20 s
input throughput: 37703.03 tok/s
output throughput: 3466.10 tok/s
last_ttft: 0.05 s
last generation throughput: 0.85 tok/s
#Input tokens: 4096
#Output tokens: 1024
batch size: 32
input_len: 128
output_len: 32
latency: 0.23 s
input throughput: 69890.71 tok/s
output throughput: 5918.58 tok/s
last_ttft: 0.06 s
last generation throughput: 0.85 tok/s

Results are saved to /scratch/c3_e2e/gb300_c3/base_r1.jsonl
