/usr/local/lib/python3.12/dist-packages/torch/cuda/__init__.py:61: FutureWarning: The pynvml package is deprecated. Please install nvidia-ml-py instead. If you did not install pynvml directly, please report this to the maintainers of the package that installed pynvml for you.
  import pynvml  # type: ignore[import]
Warning: You are sending unauthenticated requests to the HF Hub. Please set a HF_TOKEN to enable higher rate limits and faster downloads.
max_running_requests_per_dp=4096
dp_size=1
skip_max_running_requests_threshold=4096
skip_token_capacity_threshold=751424
======== Warmup Begin ========
Warmup with batch_size=[16, 1, 32]
#Input tokens: 16384
#Output tokens: 256
batch size: 16
input_len: 1024
output_len: 16
latency: 0.23 s
input throughput: 112716.11 tok/s
output throughput: 3087.66 tok/s
last_ttft: 0.15 s
last generation throughput: 0.85 tok/s
#Input tokens: 1024
#Output tokens: 16
batch size: 1
input_len: 1024
output_len: 16
latency: 0.11 s
input throughput: 13793.57 tok/s
output throughput: 398.37 tok/s
last_ttft: 0.07 s
last generation throughput: 0.85 tok/s
#Input tokens: 32768
#Output tokens: 512
batch size: 32
input_len: 1024
output_len: 16
latency: 0.33 s
input throughput: 145098.77 tok/s
output throughput: 4735.78 tok/s
last_ttft: 0.23 s
last generation throughput: 0.85 tok/s
======== Warmup End   ========

#Input tokens: 128
#Output tokens: 32
batch size: 1
input_len: 128
output_len: 32
latency: 0.15 s
input throughput: 1787.61 tok/s
output throughput: 389.41 tok/s
last_ttft: 0.07 s
last generation throughput: 0.85 tok/s
#Input tokens: 2048
#Output tokens: 512
batch size: 16
input_len: 128
output_len: 32
latency: 0.23 s
input throughput: 27082.07 tok/s
output throughput: 3286.90 tok/s
last_ttft: 0.08 s
last generation throughput: 0.85 tok/s
#Input tokens: 4096
#Output tokens: 1024
batch size: 32
input_len: 128
output_len: 32
latency: 0.28 s
input throughput: 48870.12 tok/s
output throughput: 5313.18 tok/s
last_ttft: 0.08 s
last generation throughput: 0.85 tok/s

Results are saved to /scratch/c3_e2e/gb300_c3/lora_r1.jsonl
