/usr/local/lib/python3.12/dist-packages/torch/cuda/__init__.py:61: FutureWarning: The pynvml package is deprecated. Please install nvidia-ml-py instead. If you did not install pynvml directly, please report this to the maintainers of the package that installed pynvml for you.
  import pynvml  # type: ignore[import]
Warning: You are sending unauthenticated requests to the HF Hub. Please set a HF_TOKEN to enable higher rate limits and faster downloads.
max_running_requests_per_dp=4096
dp_size=1
skip_max_running_requests_threshold=4096
skip_token_capacity_threshold=751424
======== Warmup Begin ========
Warmup with batch_size=[16, 1, 32]
#Input tokens: 16384
#Output tokens: 256
batch size: 16
input_len: 1024
output_len: 16
latency: 0.20 s
input throughput: 135919.41 tok/s
output throughput: 3095.03 tok/s
last_ttft: 0.12 s
last generation throughput: 0.85 tok/s
#Input tokens: 1024
#Output tokens: 16
batch size: 1
input_len: 1024
output_len: 16
latency: 0.10 s
input throughput: 15953.36 tok/s
output throughput: 405.44 tok/s
last_ttft: 0.06 s
last generation throughput: 0.85 tok/s
#Input tokens: 32768
#Output tokens: 512
batch size: 32
input_len: 1024
output_len: 16
latency: 0.33 s
input throughput: 146769.75 tok/s
output throughput: 4828.99 tok/s
last_ttft: 0.22 s
last generation throughput: 0.85 tok/s
======== Warmup End   ========

#Input tokens: 128
#Output tokens: 32
batch size: 1
input_len: 128
output_len: 32
latency: 0.15 s
input throughput: 2045.53 tok/s
output throughput: 385.89 tok/s
last_ttft: 0.06 s
last generation throughput: 0.85 tok/s
#Input tokens: 2048
#Output tokens: 512
batch size: 16
input_len: 128
output_len: 32
latency: 0.23 s
input throughput: 28291.07 tok/s
output throughput: 3277.41 tok/s
last_ttft: 0.07 s
last generation throughput: 0.85 tok/s
#Input tokens: 4096
#Output tokens: 1024
batch size: 32
input_len: 128
output_len: 32
latency: 0.27 s
input throughput: 53194.60 tok/s
output throughput: 5330.77 tok/s
last_ttft: 0.08 s
last generation throughput: 0.85 tok/s

Results are saved to /scratch/c3_e2e/gb300_c3/lora_r3.jsonl
