/usr/local/lib/python3.12/dist-packages/torch/cuda/__init__.py:61: FutureWarning: The pynvml package is deprecated. Please install nvidia-ml-py instead. If you did not install pynvml directly, please report this to the maintainers of the package that installed pynvml for you.
  import pynvml  # type: ignore[import]
T=32 R=64 gate_a/indexed/bf16 K0/cuda_graph/hot: p50=21.984us
T=32 R=64 gate_a/indexed/bf16 K0/cuda_graph/cold: p50=27.808us
T=32 R=64 gate_a/aligned/bf16 K0/cuda_graph/hot: p50=15.824us
T=32 R=64 gate_a/aligned/bf16 K0/cuda_graph/cold: p50=23.312us
T=32 R=64 gate_a/segmented/bf16 K0/cuda_graph/hot: p50=17.808us
T=32 R=64 gate_a/segmented/bf16 K0/cuda_graph/cold: p50=29.440us
T=32 R=64 gate_a/bmm/bf16: BMM_DISQUALIFIED:nonuniform_M_g
T=32 R=64 gate_consumer/indexed/bf16 K0/cuda_graph/hot: p50=17.744us
T=32 R=64 gate_consumer/indexed/bf16 K0/cuda_graph/cold: p50=19.216us
T=32 R=64 gate_consumer/aligned/bf16 K0/cuda_graph/hot: p50=14.960us
T=32 R=64 gate_consumer/aligned/bf16 K0/cuda_graph/cold: p50=19.216us
T=32 R=64 gate_consumer/segmented/bf16 K0/cuda_graph/hot: p50=15.808us
T=32 R=64 gate_consumer/segmented/bf16 K0/cuda_graph/cold: p50=20.752us
T=32 R=64 gate_consumer/bmm/bf16: BMM_DISQUALIFIED:nonuniform_M_g
T=32 R=64 down_a/indexed/bf16 K0/cuda_graph/hot: p50=10.224us
T=32 R=64 down_a/indexed/bf16 K0/cuda_graph/cold: p50=13.072us
T=32 R=64 down_a/aligned/bf16 K0/cuda_graph/hot: p50=10.528us
T=32 R=64 down_a/aligned/bf16 K0/cuda_graph/cold: p50=12.080us
T=32 R=64 down_a/segmented/bf16 K0/cuda_graph/hot: p50=10.352us
T=32 R=64 down_a/segmented/bf16 K0/cuda_graph/cold: p50=15.104us
T=32 R=64 down_a/bmm/bf16: BMM_DISQUALIFIED:nonuniform_M_g
T=32 R=64 down_finalize/indexed/bf16 K0/cuda_graph/hot: p50=15.840us
T=32 R=64 down_finalize/indexed/bf16 K0/cuda_graph/cold: p50=21.088us
T=32 R=64 down_finalize/aligned/bf16 K0/cuda_graph/hot: p50=15.760us
T=32 R=64 down_finalize/aligned/bf16 K0/cuda_graph/cold: p50=21.280us
T=32 R=64 down_finalize/segmented/bf16 K0/cuda_graph/hot: p50=17.792us
T=32 R=64 down_finalize/segmented/bf16 K0/cuda_graph/cold: p50=19.712us
T=32 R=64 down_finalize/bmm/bf16: BMM_DISQUALIFIED:nonuniform_M_g
T=32 R=64 down_finalize/one_shot_bf16/bf16 K0/cuda_graph/hot: p50=103.312us
T=32 R=64 down_finalize/one_shot_bf16/bf16 K0/cuda_graph/cold: p50=108.832us
T=32 R=64 down_finalize/one_shot_fp32/bf16 K0/cuda_graph/hot: p50=101.856us
T=32 R=64 down_finalize/one_shot_fp32/bf16 K0/cuda_graph/cold: p50=109.248us
T=256 R=64 gate_a/indexed/bf16 K0/cuda_graph/hot: p50=97.760us
T=256 R=64 gate_a/indexed/bf16 K0/cuda_graph/cold: p50=101.232us
T=256 R=64 gate_a/aligned/bf16 K0/cuda_graph/hot: p50=17.872us
T=256 R=64 gate_a/aligned/bf16 K0/cuda_graph/cold: p50=27.392us
T=256 R=64 gate_a/segmented/bf16 K0/cuda_graph/hot: p50=25.424us
T=256 R=64 gate_a/segmented/bf16 K0/cuda_graph/cold: p50=31.520us
T=256 R=64 gate_a/bmm/bf16: BMM_DISQUALIFIED:nonuniform_M_g
T=256 R=64 gate_consumer/indexed/bf16 K0/cuda_graph/hot: p50=56.768us
T=256 R=64 gate_consumer/indexed/bf16 K0/cuda_graph/cold: p50=60.192us
T=256 R=64 gate_consumer/aligned/bf16 K0/cuda_graph/hot: p50=23.984us
T=256 R=64 gate_consumer/aligned/bf16 K0/cuda_graph/cold: p50=29.440us
T=256 R=64 gate_consumer/segmented/bf16 K0/cuda_graph/hot: p50=28.096us
T=256 R=64 gate_consumer/segmented/bf16 K0/cuda_graph/cold: p50=29.808us
T=256 R=64 gate_consumer/bmm/bf16: BMM_DISQUALIFIED:nonuniform_M_g
T=256 R=64 down_a/indexed/bf16 K0/cuda_graph/hot: p50=21.952us
T=256 R=64 down_a/indexed/bf16 K0/cuda_graph/cold: p50=23.312us
T=256 R=64 down_a/aligned/bf16 K0/cuda_graph/hot: p50=10.544us
T=256 R=64 down_a/aligned/bf16 K0/cuda_graph/cold: p50=13.056us
T=256 R=64 down_a/segmented/bf16 K0/cuda_graph/hot: p50=10.480us
T=256 R=64 down_a/segmented/bf16 K0/cuda_graph/cold: p50=15.136us
T=256 R=64 down_a/bmm/bf16: BMM_DISQUALIFIED:nonuniform_M_g
T=256 R=64 down_finalize/indexed/bf16 K0/cuda_graph/hot: p50=62.944us
T=256 R=64 down_finalize/indexed/bf16 K0/cuda_graph/cold: p50=68.400us
T=256 R=64 down_finalize/aligned/bf16 K0/cuda_graph/hot: p50=20.176us
T=256 R=64 down_finalize/aligned/bf16 K0/cuda_graph/cold: p50=29.440us
T=256 R=64 down_finalize/segmented/bf16 K0/cuda_graph/hot: p50=46.576us
T=256 R=64 down_finalize/segmented/bf16 K0/cuda_graph/cold: p50=49.936us
T=256 R=64 down_finalize/bmm/bf16: BMM_DISQUALIFIED:nonuniform_M_g
T=256 R=64 down_finalize/one_shot_bf16/bf16 K0/cuda_graph/hot: p50=734.688us
T=256 R=64 down_finalize/one_shot_bf16/bf16 K0/cuda_graph/cold: p50=740.096us
T=256 R=64 down_finalize/one_shot_fp32/bf16 K0/cuda_graph/hot: p50=726.464us
T=256 R=64 down_finalize/one_shot_fp32/bf16 K0/cuda_graph/cold: p50=731.904us
T=2048 R=64 gate_a/indexed/bf16 K0/cuda_graph/hot: p50=697.792us
T=2048 R=64 gate_a/indexed/bf16 K0/cuda_graph/cold: p50=703.232us
T=2048 R=64 gate_a/aligned/bf16 K0/cuda_graph/hot: p50=52.688us
T=2048 R=64 gate_a/aligned/bf16 K0/cuda_graph/cold: p50=56.064us
T=2048 R=64 gate_a/segmented/bf16 K0/cuda_graph/hot: p50=60.896us
T=2048 R=64 gate_a/segmented/bf16 K0/cuda_graph/cold: p50=62.208us
T=2048 R=64 gate_a/bmm/bf16: BMM_DISQUALIFIED:nonuniform_M_g
T=2048 R=64 gate_consumer/indexed/bf16 K0/cuda_graph/hot: p50=388.544us
T=2048 R=64 gate_consumer/indexed/bf16 K0/cuda_graph/cold: p50=393.984us
T=2048 R=64 gate_consumer/aligned/bf16 K0/cuda_graph/hot: p50=112.064us
T=2048 R=64 gate_consumer/aligned/bf16 K0/cuda_graph/cold: p50=119.552us
T=2048 R=64 gate_consumer/segmented/bf16 K0/cuda_graph/hot: p50=153.056us
T=2048 R=64 gate_consumer/segmented/bf16 K0/cuda_graph/cold: p50=154.368us
T=2048 R=64 gate_consumer/bmm/bf16: BMM_DISQUALIFIED:nonuniform_M_g
T=2048 R=64 down_a/indexed/bf16 K0/cuda_graph/hot: p50=110.016us
T=2048 R=64 down_a/indexed/bf16 K0/cuda_graph/cold: p50=114.176us
T=2048 R=64 down_a/aligned/bf16 K0/cuda_graph/hot: p50=15.776us
T=2048 R=64 down_a/aligned/bf16 K0/cuda_graph/cold: p50=17.184us
T=2048 R=64 down_a/segmented/bf16 K0/cuda_graph/hot: p50=17.776us
T=2048 R=64 down_a/segmented/bf16 K0/cuda_graph/cold: p50=17.792us
T=2048 R=64 down_a/bmm/bf16: BMM_DISQUALIFIED:nonuniform_M_g
T=2048 R=64 down_finalize/indexed/bf16 K0/cuda_graph/hot: p50=460.256us
T=2048 R=64 down_finalize/indexed/bf16 K0/cuda_graph/cold: p50=463.616us
T=2048 R=64 down_finalize/aligned/bf16 K0/cuda_graph/hot: p50=107.536us
T=2048 R=64 down_finalize/aligned/bf16 K0/cuda_graph/cold: p50=107.232us
T=2048 R=64 down_finalize/segmented/bf16 K0/cuda_graph/hot: p50=334.448us
T=2048 R=64 down_finalize/segmented/bf16 K0/cuda_graph/cold: p50=334.560us
T=2048 R=64 down_finalize/bmm/bf16: BMM_DISQUALIFIED:nonuniform_M_g
T=2048 R=64 down_finalize/one_shot_bf16/bf16 K0/cuda_graph/hot: p50=5800.432us
T=2048 R=64 down_finalize/one_shot_bf16/bf16 K0/cuda_graph/cold: p50=5804.768us
T=2048 R=64 down_finalize/one_shot_fp32/bf16 K0/cuda_graph/hot: p50=5738.944us
T=2048 R=64 down_finalize/one_shot_fp32/bf16 K0/cuda_graph/cold: p50=5739.232us
/usr/local/lib/python3.12/dist-packages/torch/cuda/__init__.py:61: FutureWarning: The pynvml package is deprecated. Please install nvidia-ml-py instead. If you did not install pynvml directly, please report this to the maintainers of the package that installed pynvml for you.
  import pynvml  # type: ignore[import]
T=32 R=64 gate_a/indexed/bf16 O0/cuda_graph/hot: p50=21.920us
T=32 R=64 gate_a/aligned/bf16 O0/cuda_graph/hot: p50=35.136us
T=32 R=64 gate_a/segmented/bf16 O0/cuda_graph/hot: p50=58.816us
T=32 R=64 gate_a/bmm/bf16: BMM_DISQUALIFIED:nonuniform_M_g
T=32 R=64 gate_consumer/indexed/bf16 O0/cuda_graph/hot: p50=17.776us
T=32 R=64 gate_consumer/aligned/bf16 O0/cuda_graph/hot: p50=38.160us
T=32 R=64 gate_consumer/segmented/bf16 O0/cuda_graph/hot: p50=60.864us
T=32 R=64 gate_consumer/bmm/bf16: BMM_DISQUALIFIED:nonuniform_M_g
T=32 R=64 down_a/indexed/bf16 O0/cuda_graph/hot: p50=10.704us
T=32 R=64 down_a/aligned/bf16 O0/cuda_graph/hot: p50=32.192us
T=32 R=64 down_a/segmented/bf16 O0/cuda_graph/hot: p50=56.768us
T=32 R=64 down_a/bmm/bf16: BMM_DISQUALIFIED:nonuniform_M_g
T=32 R=64 down_finalize/indexed/bf16 O0/cuda_graph/hot: p50=15.728us
T=32 R=64 down_finalize/aligned/bf16 O0/cuda_graph/hot: p50=37.392us
T=32 R=64 down_finalize/segmented/bf16 O0/cuda_graph/hot: p50=64.896us
T=32 R=64 down_finalize/bmm/bf16: BMM_DISQUALIFIED:nonuniform_M_g
T=32 R=64 down_finalize/one_shot_bf16/bf16 O0/cuda_graph/hot: p50=103.872us
T=32 R=64 down_finalize/one_shot_fp32/bf16 O0/cuda_graph/hot: p50=101.824us
T=256 R=64 gate_a/indexed/bf16 O0/cuda_graph/hot: p50=97.696us
T=256 R=64 gate_a/aligned/bf16 O0/cuda_graph/hot: p50=42.400us
T=256 R=64 gate_a/segmented/bf16 O0/cuda_graph/hot: p50=73.152us
T=256 R=64 gate_a/bmm/bf16: BMM_DISQUALIFIED:nonuniform_M_g
T=256 R=64 gate_consumer/indexed/bf16 O0/cuda_graph/hot: p50=56.736us
T=256 R=64 gate_consumer/aligned/bf16 O0/cuda_graph/hot: p50=46.512us
T=256 R=64 gate_consumer/segmented/bf16 O0/cuda_graph/hot: p50=75.168us
T=256 R=64 gate_consumer/bmm/bf16: BMM_DISQUALIFIED:nonuniform_M_g
T=256 R=64 down_a/indexed/bf16 O0/cuda_graph/hot: p50=21.936us
T=256 R=64 down_a/aligned/bf16 O0/cuda_graph/hot: p50=34.240us
T=256 R=64 down_a/segmented/bf16 O0/cuda_graph/hot: p50=58.784us
T=256 R=64 down_a/bmm/bf16: BMM_DISQUALIFIED:nonuniform_M_g
T=256 R=64 down_finalize/indexed/bf16 O0/cuda_graph/hot: p50=62.880us
T=256 R=64 down_finalize/aligned/bf16 O0/cuda_graph/hot: p50=42.976us
T=256 R=64 down_finalize/segmented/bf16 O0/cuda_graph/hot: p50=95.680us
T=256 R=64 down_finalize/bmm/bf16: BMM_DISQUALIFIED:nonuniform_M_g
T=256 R=64 down_finalize/one_shot_bf16/bf16 O0/cuda_graph/hot: p50=734.800us
T=256 R=64 down_finalize/one_shot_fp32/bf16 O0/cuda_graph/hot: p50=726.464us
T=2048 R=64 gate_a/indexed/bf16 O0/cuda_graph/hot: p50=697.760us
T=2048 R=64 gate_a/aligned/bf16 O0/cuda_graph/hot: p50=89.504us
T=2048 R=64 gate_a/segmented/bf16 O0/cuda_graph/hot: p50=187.824us
T=2048 R=64 gate_a/bmm/bf16: BMM_DISQUALIFIED:nonuniform_M_g
T=2048 R=64 gate_consumer/indexed/bf16 O0/cuda_graph/hot: p50=388.512us
T=2048 R=64 gate_consumer/aligned/bf16 O0/cuda_graph/hot: p50=146.848us
T=2048 R=64 gate_consumer/segmented/bf16 O0/cuda_graph/hot: p50=275.888us
T=2048 R=64 gate_consumer/bmm/bf16: BMM_DISQUALIFIED:nonuniform_M_g
T=2048 R=64 down_a/indexed/bf16 O0/cuda_graph/hot: p50=110.016us
T=2048 R=64 down_a/aligned/bf16 O0/cuda_graph/hot: p50=46.528us
T=2048 R=64 down_a/segmented/bf16 O0/cuda_graph/hot: p50=138.688us
T=2048 R=64 down_a/bmm/bf16: BMM_DISQUALIFIED:nonuniform_M_g
T=2048 R=64 down_finalize/indexed/bf16 O0/cuda_graph/hot: p50=460.224us
T=2048 R=64 down_finalize/aligned/bf16 O0/cuda_graph/hot: p50=142.784us
T=2048 R=64 down_finalize/segmented/bf16 O0/cuda_graph/hot: p50=462.240us
T=2048 R=64 down_finalize/bmm/bf16: BMM_DISQUALIFIED:nonuniform_M_g
T=2048 R=64 down_finalize/one_shot_bf16/bf16 O0/cuda_graph/hot: p50=5802.400us
T=2048 R=64 down_finalize/one_shot_fp32/bf16 O0/cuda_graph/hot: p50=5736.864us
/usr/local/lib/python3.12/dist-packages/torch/cuda/__init__.py:61: FutureWarning: The pynvml package is deprecated. Please install nvidia-ml-py instead. If you did not install pynvml directly, please report this to the maintainers of the package that installed pynvml for you.
  import pynvml  # type: ignore[import]
T=32 R=64 gate_a/indexed/bf16 K0/cuda_graph/hot: p50=21.872us
T=32 R=64 gate_a/indexed/bf16 K0/cuda_graph/cold: p50=27.392us
T=32 R=64 gate_a/aligned/bf16 K0/cuda_graph/hot: p50=14.736us
T=32 R=64 gate_a/aligned/bf16 K0/cuda_graph/cold: p50=21.264us
T=32 R=64 gate_a/segmented/bf16 K0/cuda_graph/hot: p50=17.312us
T=32 R=64 gate_a/segmented/bf16 K0/cuda_graph/cold: p50=27.616us
T=32 R=64 gate_a/bmm/bf16: BMM_DISQUALIFIED:nonuniform_M_g
T=32 R=64 gate_consumer/indexed/bf16 K0/cuda_graph/hot: p50=17.792us
T=32 R=64 gate_consumer/indexed/bf16 K0/cuda_graph/cold: p50=19.232us
T=32 R=64 gate_consumer/aligned/bf16 K0/cuda_graph/hot: p50=13.776us
T=32 R=64 gate_consumer/aligned/bf16 K0/cuda_graph/cold: p50=19.216us
T=32 R=64 gate_consumer/segmented/bf16 K0/cuda_graph/hot: p50=15.808us
T=32 R=64 gate_consumer/segmented/bf16 K0/cuda_graph/cold: p50=19.200us
T=32 R=64 gate_consumer/bmm/bf16: BMM_DISQUALIFIED:nonuniform_M_g
T=32 R=64 down_a/indexed/bf16 K0/cuda_graph/hot: p50=10.464us
T=32 R=64 down_a/indexed/bf16 K0/cuda_graph/cold: p50=13.024us
T=32 R=64 down_a/aligned/bf16 K0/cuda_graph/hot: p50=10.560us
T=32 R=64 down_a/aligned/bf16 K0/cuda_graph/cold: p50=12.400us
T=32 R=64 down_a/segmented/bf16 K0/cuda_graph/hot: p50=10.432us
T=32 R=64 down_a/segmented/bf16 K0/cuda_graph/cold: p50=15.072us
T=32 R=64 down_a/bmm/bf16: BMM_DISQUALIFIED:nonuniform_M_g
T=32 R=64 down_finalize/indexed/bf16 K0/cuda_graph/hot: p50=15.808us
T=32 R=64 down_finalize/indexed/bf16 K0/cuda_graph/cold: p50=19.200us
T=32 R=64 down_finalize/aligned/bf16 K0/cuda_graph/hot: p50=14.448us
T=32 R=64 down_finalize/aligned/bf16 K0/cuda_graph/cold: p50=19.232us
T=32 R=64 down_finalize/segmented/bf16 K0/cuda_graph/hot: p50=16.368us
T=32 R=64 down_finalize/segmented/bf16 K0/cuda_graph/cold: p50=19.232us
T=32 R=64 down_finalize/bmm/bf16: BMM_DISQUALIFIED:nonuniform_M_g
T=32 R=64 down_finalize/one_shot_bf16/bf16 K0/cuda_graph/hot: p50=103.904us
T=32 R=64 down_finalize/one_shot_bf16/bf16 K0/cuda_graph/cold: p50=107.664us
T=32 R=64 down_finalize/one_shot_fp32/bf16 K0/cuda_graph/hot: p50=101.856us
T=32 R=64 down_finalize/one_shot_fp32/bf16 K0/cuda_graph/cold: p50=107.264us
T=256 R=64 gate_a/indexed/bf16 K0/cuda_graph/hot: p50=97.792us
T=256 R=64 gate_a/indexed/bf16 K0/cuda_graph/cold: p50=101.472us
T=256 R=64 gate_a/aligned/bf16 K0/cuda_graph/hot: p50=19.904us
T=256 R=64 gate_a/aligned/bf16 K0/cuda_graph/cold: p50=27.392us
T=256 R=64 gate_a/segmented/bf16 K0/cuda_graph/hot: p50=26.064us
T=256 R=64 gate_a/segmented/bf16 K0/cuda_graph/cold: p50=31.520us
T=256 R=64 gate_a/bmm/bf16: BMM_DISQUALIFIED:nonuniform_M_g
T=256 R=64 gate_consumer/indexed/bf16 K0/cuda_graph/hot: p50=56.800us
T=256 R=64 gate_consumer/indexed/bf16 K0/cuda_graph/cold: p50=60.192us
T=256 R=64 gate_consumer/aligned/bf16 K0/cuda_graph/hot: p50=25.904us
T=256 R=64 gate_consumer/aligned/bf16 K0/cuda_graph/cold: p50=31.488us
T=256 R=64 gate_consumer/segmented/bf16 K0/cuda_graph/hot: p50=28.112us
T=256 R=64 gate_consumer/segmented/bf16 K0/cuda_graph/cold: p50=31.456us
T=256 R=64 gate_consumer/bmm/bf16: BMM_DISQUALIFIED:nonuniform_M_g
T=256 R=64 down_a/indexed/bf16 K0/cuda_graph/hot: p50=21.952us
T=256 R=64 down_a/indexed/bf16 K0/cuda_graph/cold: p50=23.296us
T=256 R=64 down_a/aligned/bf16 K0/cuda_graph/hot: p50=10.256us
T=256 R=64 down_a/aligned/bf16 K0/cuda_graph/cold: p50=13.056us
T=256 R=64 down_a/segmented/bf16 K0/cuda_graph/hot: p50=10.592us
T=256 R=64 down_a/segmented/bf16 K0/cuda_graph/cold: p50=15.072us
T=256 R=64 down_a/bmm/bf16: BMM_DISQUALIFIED:nonuniform_M_g
T=256 R=64 down_finalize/indexed/bf16 K0/cuda_graph/hot: p50=62.912us
T=256 R=64 down_finalize/indexed/bf16 K0/cuda_graph/cold: p50=68.384us
T=256 R=64 down_finalize/aligned/bf16 K0/cuda_graph/hot: p50=21.952us
T=256 R=64 down_finalize/aligned/bf16 K0/cuda_graph/cold: p50=29.440us
T=256 R=64 down_finalize/segmented/bf16 K0/cuda_graph/hot: p50=46.896us
T=256 R=64 down_finalize/segmented/bf16 K0/cuda_graph/cold: p50=49.936us
T=256 R=64 down_finalize/bmm/bf16: BMM_DISQUALIFIED:nonuniform_M_g
T=256 R=64 down_finalize/one_shot_bf16/bf16 K0/cuda_graph/hot: p50=734.688us
T=256 R=64 down_finalize/one_shot_bf16/bf16 K0/cuda_graph/cold: p50=740.096us
T=256 R=64 down_finalize/one_shot_fp32/bf16 K0/cuda_graph/hot: p50=726.496us
T=256 R=64 down_finalize/one_shot_fp32/bf16 K0/cuda_graph/cold: p50=731.904us
T=2048 R=64 gate_a/indexed/bf16 K0/cuda_graph/hot: p50=697.792us
T=2048 R=64 gate_a/indexed/bf16 K0/cuda_graph/cold: p50=703.232us
T=2048 R=64 gate_a/aligned/bf16 K0/cuda_graph/hot: p50=52.704us
T=2048 R=64 gate_a/aligned/bf16 K0/cuda_graph/cold: p50=56.976us
T=2048 R=64 gate_a/segmented/bf16 K0/cuda_graph/hot: p50=60.896us
T=2048 R=64 gate_a/segmented/bf16 K0/cuda_graph/cold: p50=60.048us
T=2048 R=64 gate_a/bmm/bf16: BMM_DISQUALIFIED:nonuniform_M_g
T=2048 R=64 gate_consumer/indexed/bf16 K0/cuda_graph/hot: p50=388.576us
T=2048 R=64 gate_consumer/indexed/bf16 K0/cuda_graph/cold: p50=393.984us
T=2048 R=64 gate_consumer/aligned/bf16 K0/cuda_graph/hot: p50=112.096us
T=2048 R=64 gate_consumer/aligned/bf16 K0/cuda_graph/cold: p50=119.584us
T=2048 R=64 gate_consumer/segmented/bf16 K0/cuda_graph/hot: p50=153.056us
T=2048 R=64 gate_consumer/segmented/bf16 K0/cuda_graph/cold: p50=154.384us
T=2048 R=64 gate_consumer/bmm/bf16: BMM_DISQUALIFIED:nonuniform_M_g
T=2048 R=64 down_a/indexed/bf16 K0/cuda_graph/hot: p50=110.048us
T=2048 R=64 down_a/indexed/bf16 K0/cuda_graph/cold: p50=113.792us
T=2048 R=64 down_a/aligned/bf16 K0/cuda_graph/hot: p50=15.728us
T=2048 R=64 down_a/aligned/bf16 K0/cuda_graph/cold: p50=17.584us
T=2048 R=64 down_a/segmented/bf16 K0/cuda_graph/hot: p50=17.744us
T=2048 R=64 down_a/segmented/bf16 K0/cuda_graph/cold: p50=17.328us
T=2048 R=64 down_a/bmm/bf16: BMM_DISQUALIFIED:nonuniform_M_g
T=2048 R=64 down_finalize/indexed/bf16 K0/cuda_graph/hot: p50=460.256us
T=2048 R=64 down_finalize/indexed/bf16 K0/cuda_graph/cold: p50=463.616us
T=2048 R=64 down_finalize/aligned/bf16 K0/cuda_graph/hot: p50=105.952us
T=2048 R=64 down_finalize/aligned/bf16 K0/cuda_graph/cold: p50=107.264us
T=2048 R=64 down_finalize/segmented/bf16 K0/cuda_graph/hot: p50=335.296us
T=2048 R=64 down_finalize/segmented/bf16 K0/cuda_graph/cold: p50=334.592us
T=2048 R=64 down_finalize/bmm/bf16: BMM_DISQUALIFIED:nonuniform_M_g
T=2048 R=64 down_finalize/one_shot_bf16/bf16 K0/cuda_graph/hot: p50=5800.384us
T=2048 R=64 down_finalize/one_shot_bf16/bf16 K0/cuda_graph/cold: p50=5804.352us
T=2048 R=64 down_finalize/one_shot_fp32/bf16 K0/cuda_graph/hot: p50=5737.904us
T=2048 R=64 down_finalize/one_shot_fp32/bf16 K0/cuda_graph/cold: p50=5738.240us
/usr/local/lib/python3.12/dist-packages/torch/cuda/__init__.py:61: FutureWarning: The pynvml package is deprecated. Please install nvidia-ml-py instead. If you did not install pynvml directly, please report this to the maintainers of the package that installed pynvml for you.
  import pynvml  # type: ignore[import]
T=32 R=64 gate_a/indexed/bf16 O0/cuda_graph/hot: p50=21.920us
T=32 R=64 gate_a/aligned/bf16 O0/cuda_graph/hot: p50=34.240us
T=32 R=64 gate_a/segmented/bf16 O0/cuda_graph/hot: p50=56.800us
T=32 R=64 gate_a/bmm/bf16: BMM_DISQUALIFIED:nonuniform_M_g
T=32 R=64 gate_consumer/indexed/bf16 O0/cuda_graph/hot: p50=17.824us
T=32 R=64 gate_consumer/aligned/bf16 O0/cuda_graph/hot: p50=36.896us
T=32 R=64 gate_consumer/segmented/bf16 O0/cuda_graph/hot: p50=60.832us
T=32 R=64 gate_consumer/bmm/bf16: BMM_DISQUALIFIED:nonuniform_M_g
T=32 R=64 down_a/indexed/bf16 O0/cuda_graph/hot: p50=10.208us
T=32 R=64 down_a/aligned/bf16 O0/cuda_graph/hot: p50=32.192us
T=32 R=64 down_a/segmented/bf16 O0/cuda_graph/hot: p50=54.800us
T=32 R=64 down_a/bmm/bf16: BMM_DISQUALIFIED:nonuniform_M_g
T=32 R=64 down_finalize/indexed/bf16 O0/cuda_graph/hot: p50=15.728us
T=32 R=64 down_finalize/aligned/bf16 O0/cuda_graph/hot: p50=36.272us
T=32 R=64 down_finalize/segmented/bf16 O0/cuda_graph/hot: p50=62.912us
T=32 R=64 down_finalize/bmm/bf16: BMM_DISQUALIFIED:nonuniform_M_g
T=32 R=64 down_finalize/one_shot_bf16/bf16 O0/cuda_graph/hot: p50=103.872us
T=32 R=64 down_finalize/one_shot_fp32/bf16 O0/cuda_graph/hot: p50=101.824us
T=256 R=64 gate_a/indexed/bf16 O0/cuda_graph/hot: p50=97.872us
T=256 R=64 gate_a/aligned/bf16 O0/cuda_graph/hot: p50=44.480us
T=256 R=64 gate_a/segmented/bf16 O0/cuda_graph/hot: p50=75.200us
T=256 R=64 gate_a/bmm/bf16: BMM_DISQUALIFIED:nonuniform_M_g
T=256 R=64 gate_consumer/indexed/bf16 O0/cuda_graph/hot: p50=56.768us
T=256 R=64 gate_consumer/aligned/bf16 O0/cuda_graph/hot: p50=48.576us
T=256 R=64 gate_consumer/segmented/bf16 O0/cuda_graph/hot: p50=75.200us
T=256 R=64 gate_consumer/bmm/bf16: BMM_DISQUALIFIED:nonuniform_M_g
T=256 R=64 down_a/indexed/bf16 O0/cuda_graph/hot: p50=21.952us
T=256 R=64 down_a/aligned/bf16 O0/cuda_graph/hot: p50=34.240us
T=256 R=64 down_a/segmented/bf16 O0/cuda_graph/hot: p50=58.816us
T=256 R=64 down_a/bmm/bf16: BMM_DISQUALIFIED:nonuniform_M_g
T=256 R=64 down_finalize/indexed/bf16 O0/cuda_graph/hot: p50=62.912us
T=256 R=64 down_finalize/aligned/bf16 O0/cuda_graph/hot: p50=44.480us
T=256 R=64 down_finalize/segmented/bf16 O0/cuda_graph/hot: p50=95.696us
T=256 R=64 down_finalize/bmm/bf16: BMM_DISQUALIFIED:nonuniform_M_g
T=256 R=64 down_finalize/one_shot_bf16/bf16 O0/cuda_graph/hot: p50=734.656us
T=256 R=64 down_finalize/one_shot_fp32/bf16 O0/cuda_graph/hot: p50=726.464us
T=2048 R=64 gate_a/indexed/bf16 O0/cuda_graph/hot: p50=697.760us
T=2048 R=64 gate_a/aligned/bf16 O0/cuda_graph/hot: p50=89.536us
T=2048 R=64 gate_a/segmented/bf16 O0/cuda_graph/hot: p50=187.840us
T=2048 R=64 gate_a/bmm/bf16: BMM_DISQUALIFIED:nonuniform_M_g
T=2048 R=64 gate_consumer/indexed/bf16 O0/cuda_graph/hot: p50=388.544us
T=2048 R=64 gate_consumer/aligned/bf16 O0/cuda_graph/hot: p50=146.832us
T=2048 R=64 gate_consumer/segmented/bf16 O0/cuda_graph/hot: p50=275.872us
T=2048 R=64 gate_consumer/bmm/bf16: BMM_DISQUALIFIED:nonuniform_M_g
T=2048 R=64 down_a/indexed/bf16 O0/cuda_graph/hot: p50=110.016us
T=2048 R=64 down_a/aligned/bf16 O0/cuda_graph/hot: p50=46.544us
T=2048 R=64 down_a/segmented/bf16 O0/cuda_graph/hot: p50=138.656us
T=2048 R=64 down_a/bmm/bf16: BMM_DISQUALIFIED:nonuniform_M_g
T=2048 R=64 down_finalize/indexed/bf16 O0/cuda_graph/hot: p50=460.224us
T=2048 R=64 down_finalize/aligned/bf16 O0/cuda_graph/hot: p50=142.784us
T=2048 R=64 down_finalize/segmented/bf16 O0/cuda_graph/hot: p50=462.272us
T=2048 R=64 down_finalize/bmm/bf16: BMM_DISQUALIFIED:nonuniform_M_g
T=2048 R=64 down_finalize/one_shot_bf16/bf16 O0/cuda_graph/hot: p50=5802.416us
T=2048 R=64 down_finalize/one_shot_fp32/bf16 O0/cuda_graph/hot: p50=5735.632us
/usr/local/lib/python3.12/dist-packages/torch/cuda/__init__.py:61: FutureWarning: The pynvml package is deprecated. Please install nvidia-ml-py instead. If you did not install pynvml directly, please report this to the maintainers of the package that installed pynvml for you.
  import pynvml  # type: ignore[import]
T=1 R=16 gate_consumer/segmented/fp32 K0/cuda_graph/hot: p50=10.432us
T=1 R=16 gate_consumer/bmm/fp32 K0/cuda_graph/hot: p50=37.312us
T=1 R=32 gate_consumer/segmented/fp32 K0/cuda_graph/hot: p50=10.640us
T=1 R=32 gate_consumer/bmm/fp32 K0/cuda_graph/hot: p50=42.496us
T=1 R=64 gate_consumer/segmented/fp32 K0/cuda_graph/hot: p50=10.416us
T=1 R=64 gate_consumer/bmm/fp32 K0/cuda_graph/hot: p50=43.360us
T=1 R=128 gate_consumer/segmented/fp32 K0/cuda_graph/hot: p50=10.336us
T=1 R=128 gate_consumer/bmm/fp32 K0/cuda_graph/hot: p50=46.512us
T=32 R=16 gate_consumer/segmented/fp32 K0/cuda_graph/hot: p50=11.952us
T=32 R=16 gate_consumer/bmm/fp32 K0/cuda_graph/hot: p50=48.640us
T=32 R=32 gate_consumer/segmented/fp32 K0/cuda_graph/hot: p50=10.384us
T=32 R=32 gate_consumer/bmm/fp32 K0/cuda_graph/hot: p50=50.640us
T=32 R=64 gate_consumer/segmented/fp32 K0/cuda_graph/hot: p50=11.808us
T=32 R=64 gate_consumer/bmm/fp32 K0/cuda_graph/hot: p50=50.688us
T=32 R=128 gate_consumer/segmented/fp32 K0/cuda_graph/hot: p50=13.776us
T=32 R=128 gate_consumer/bmm/fp32 K0/cuda_graph/hot: p50=51.232us
T=256 R=16 gate_consumer/segmented/fp32 K0/cuda_graph/hot: p50=19.872us
T=256 R=16 gate_consumer/bmm/fp32 K0/cuda_graph/hot: p50=58.848us
T=256 R=32 gate_consumer/segmented/fp32 K0/cuda_graph/hot: p50=17.824us
T=256 R=32 gate_consumer/bmm/fp32 K0/cuda_graph/hot: p50=58.880us
T=256 R=64 gate_consumer/segmented/fp32 K0/cuda_graph/hot: p50=19.904us
T=256 R=64 gate_consumer/bmm/fp32 K0/cuda_graph/hot: p50=60.848us
T=256 R=128 gate_consumer/segmented/fp32 K0/cuda_graph/hot: p50=24.112us
T=256 R=128 gate_consumer/bmm/fp32 K0/cuda_graph/hot: p50=60.928us
T=2048 R=16 gate_consumer/segmented/fp32 K0/cuda_graph/hot: p50=105.984us
T=2048 R=16 gate_consumer/bmm/fp32 K0/cuda_graph/hot: p50=218.592us
T=2048 R=32 gate_consumer/segmented/fp32 K0/cuda_graph/hot: p50=81.376us
T=2048 R=32 gate_consumer/bmm/fp32 K0/cuda_graph/hot: p50=218.624us
T=2048 R=64 gate_consumer/segmented/fp32 K0/cuda_graph/hot: p50=87.520us
T=2048 R=64 gate_consumer/bmm/fp32 K0/cuda_graph/hot: p50=222.688us
T=2048 R=128 gate_consumer/segmented/fp32 K0/cuda_graph/hot: p50=132.608us
T=2048 R=128 gate_consumer/bmm/fp32 K0/cuda_graph/hot: p50=230.880us
/usr/local/lib/python3.12/dist-packages/torch/cuda/__init__.py:61: FutureWarning: The pynvml package is deprecated. Please install nvidia-ml-py instead. If you did not install pynvml directly, please report this to the maintainers of the package that installed pynvml for you.
  import pynvml  # type: ignore[import]
T=1 R=16 down_finalize/indexed/fp32 K0/cuda_graph/hot: p50=10.816us
T=1 R=16 down_finalize/aligned/fp32 K0/cuda_graph/hot: p50=11.072us
T=1 R=16 down_finalize/segmented/fp32 K0/cuda_graph/hot: p50=11.440us
T=1 R=16 down_finalize/bmm/fp32 K0/cuda_graph/hot: p50=19.904us
T=1 R=16 down_finalize/one_shot_bf16/fp32 K0/cuda_graph/hot: p50=12.800us
T=1 R=16 down_finalize/one_shot_fp32/fp32 K0/cuda_graph/hot: p50=13.120us
T=1 R=32 down_finalize/indexed/fp32 K0/cuda_graph/hot: p50=10.544us
T=1 R=32 down_finalize/aligned/fp32 K0/cuda_graph/hot: p50=10.480us
T=1 R=32 down_finalize/segmented/fp32 K0/cuda_graph/hot: p50=10.336us
T=1 R=32 down_finalize/bmm/fp32 K0/cuda_graph/hot: p50=22.000us
T=1 R=32 down_finalize/one_shot_bf16/fp32 K0/cuda_graph/hot: p50=13.712us
T=1 R=32 down_finalize/one_shot_fp32/fp32 K0/cuda_graph/hot: p50=13.120us
T=1 R=64 down_finalize/indexed/fp32 K0/cuda_graph/hot: p50=10.352us
T=1 R=64 down_finalize/aligned/fp32 K0/cuda_graph/hot: p50=10.704us
T=1 R=64 down_finalize/segmented/fp32 K0/cuda_graph/hot: p50=10.736us
T=1 R=64 down_finalize/bmm/fp32 K0/cuda_graph/hot: p50=23.872us
T=1 R=64 down_finalize/one_shot_bf16/fp32 K0/cuda_graph/hot: p50=15.968us
T=1 R=64 down_finalize/one_shot_fp32/fp32 K0/cuda_graph/hot: p50=15.872us
T=1 R=128 down_finalize/indexed/fp32 K0/cuda_graph/hot: p50=10.320us
T=1 R=128 down_finalize/aligned/fp32 K0/cuda_graph/hot: p50=11.056us
T=1 R=128 down_finalize/segmented/fp32 K0/cuda_graph/hot: p50=10.800us
T=1 R=128 down_finalize/bmm/fp32 K0/cuda_graph/hot: p50=26.064us
T=1 R=128 down_finalize/one_shot_bf16/fp32 K0/cuda_graph/hot: p50=17.888us
T=1 R=128 down_finalize/one_shot_fp32/fp32 K0/cuda_graph/hot: p50=17.872us
T=32 R=16 down_finalize/indexed/fp32 K0/cuda_graph/hot: p50=11.136us
T=32 R=16 down_finalize/aligned/fp32 K0/cuda_graph/hot: p50=11.008us
T=32 R=16 down_finalize/segmented/fp32 K0/cuda_graph/hot: p50=14.752us
T=32 R=16 down_finalize/bmm/fp32 K0/cuda_graph/hot: p50=28.096us
T=32 R=16 down_finalize/one_shot_bf16/fp32 K0/cuda_graph/hot: p50=52.704us
T=32 R=16 down_finalize/one_shot_fp32/fp32 K0/cuda_graph/hot: p50=52.416us
T=32 R=32 down_finalize/indexed/fp32 K0/cuda_graph/hot: p50=11.904us
T=32 R=32 down_finalize/aligned/fp32 K0/cuda_graph/hot: p50=13.200us
T=32 R=32 down_finalize/segmented/fp32 K0/cuda_graph/hot: p50=15.792us
T=32 R=32 down_finalize/bmm/fp32 K0/cuda_graph/hot: p50=32.224us
T=32 R=32 down_finalize/one_shot_bf16/fp32 K0/cuda_graph/hot: p50=67.104us
T=32 R=32 down_finalize/one_shot_fp32/fp32 K0/cuda_graph/hot: p50=67.056us
T=32 R=64 down_finalize/indexed/fp32 K0/cuda_graph/hot: p50=15.792us
T=32 R=64 down_finalize/aligned/fp32 K0/cuda_graph/hot: p50=13.008us
T=32 R=64 down_finalize/segmented/fp32 K0/cuda_graph/hot: p50=14.816us
T=32 R=64 down_finalize/bmm/fp32 K0/cuda_graph/hot: p50=40.400us
T=32 R=64 down_finalize/one_shot_bf16/fp32 K0/cuda_graph/hot: p50=103.872us
T=32 R=64 down_finalize/one_shot_fp32/fp32 K0/cuda_graph/hot: p50=101.856us
T=32 R=128 down_finalize/indexed/fp32 K0/cuda_graph/hot: p50=21.968us
T=32 R=128 down_finalize/aligned/fp32 K0/cuda_graph/hot: p50=13.744us
T=32 R=128 down_finalize/segmented/fp32 K0/cuda_graph/hot: p50=15.776us
T=32 R=128 down_finalize/bmm/fp32 K0/cuda_graph/hot: p50=54.736us
T=32 R=128 down_finalize/one_shot_bf16/fp32 K0/cuda_graph/hot: p50=169.440us
T=32 R=128 down_finalize/one_shot_fp32/fp32 K0/cuda_graph/hot: p50=171.488us
T=256 R=16 down_finalize/indexed/fp32 K0/cuda_graph/hot: p50=30.160us
T=256 R=16 down_finalize/aligned/fp32 K0/cuda_graph/hot: p50=18.000us
T=256 R=16 down_finalize/segmented/fp32 K0/cuda_graph/hot: p50=46.704us
T=256 R=16 down_finalize/bmm/fp32 K0/cuda_graph/hot: p50=42.944us
T=256 R=16 down_finalize/one_shot_bf16/fp32 K0/cuda_graph/hot: p50=343.488us
T=256 R=16 down_finalize/one_shot_fp32/fp32 K0/cuda_graph/hot: p50=333.248us
T=256 R=32 down_finalize/indexed/fp32 K0/cuda_graph/hot: p50=40.384us
T=256 R=32 down_finalize/aligned/fp32 K0/cuda_graph/hot: p50=19.760us
T=256 R=32 down_finalize/segmented/fp32 K0/cuda_graph/hot: p50=46.560us
T=256 R=32 down_finalize/bmm/fp32 K0/cuda_graph/hot: p50=49.376us
T=256 R=32 down_finalize/one_shot_bf16/fp32 K0/cuda_graph/hot: p50=470.464us
T=256 R=32 down_finalize/one_shot_fp32/fp32 K0/cuda_graph/hot: p50=462.272us
T=256 R=64 down_finalize/indexed/fp32 K0/cuda_graph/hot: p50=62.800us
T=256 R=64 down_finalize/aligned/fp32 K0/cuda_graph/hot: p50=21.856us
T=256 R=64 down_finalize/segmented/fp32 K0/cuda_graph/hot: p50=46.560us
T=256 R=64 down_finalize/bmm/fp32 K0/cuda_graph/hot: p50=62.880us
T=256 R=64 down_finalize/one_shot_bf16/fp32 K0/cuda_graph/hot: p50=735.056us
T=256 R=64 down_finalize/one_shot_fp32/fp32 K0/cuda_graph/hot: p50=726.496us
T=256 R=128 down_finalize/indexed/fp32 K0/cuda_graph/hot: p50=124.352us
T=256 R=128 down_finalize/aligned/fp32 K0/cuda_graph/hot: p50=26.048us
T=256 R=128 down_finalize/segmented/fp32 K0/cuda_graph/hot: p50=48.336us
T=256 R=128 down_finalize/bmm/fp32 K0/cuda_graph/hot: p50=79.328us
T=256 R=128 down_finalize/one_shot_bf16/fp32 K0/cuda_graph/hot: p50=1265.088us
T=256 R=128 down_finalize/one_shot_fp32/fp32 K0/cuda_graph/hot: p50=1278.400us
T=2048 R=16 down_finalize/indexed/fp32 K0/cuda_graph/hot: p50=189.888us
T=2048 R=16 down_finalize/aligned/fp32 K0/cuda_graph/hot: p50=101.824us
T=2048 R=16 down_finalize/segmented/fp32 K0/cuda_graph/hot: p50=361.952us
T=2048 R=16 down_finalize/bmm/fp32 K0/cuda_graph/hot: p50=237.008us
T=2048 R=16 down_finalize/one_shot_bf16/fp32 K0/cuda_graph/hot: p50=2691.520us
T=2048 R=16 down_finalize/one_shot_fp32/fp32 K0/cuda_graph/hot: p50=2613.696us
T=2048 R=32 down_finalize/indexed/fp32 K0/cuda_graph/hot: p50=271.808us
T=2048 R=32 down_finalize/aligned/fp32 K0/cuda_graph/hot: p50=108.032us
T=2048 R=32 down_finalize/segmented/fp32 K0/cuda_graph/hot: p50=363.968us
T=2048 R=32 down_finalize/bmm/fp32 K0/cuda_graph/hot: p50=259.520us
T=2048 R=32 down_finalize/one_shot_bf16/fp32 K0/cuda_graph/hot: p50=3706.304us
T=2048 R=32 down_finalize/one_shot_fp32/fp32 K0/cuda_graph/hot: p50=3648.944us
T=2048 R=64 down_finalize/indexed/fp32 K0/cuda_graph/hot: p50=443.872us
T=2048 R=64 down_finalize/aligned/fp32 K0/cuda_graph/hot: p50=124.352us
T=2048 R=64 down_finalize/segmented/fp32 K0/cuda_graph/hot: p50=361.952us
T=2048 R=64 down_finalize/bmm/fp32 K0/cuda_graph/hot: p50=312.800us
T=2048 R=64 down_finalize/one_shot_bf16/fp32 K0/cuda_graph/hot: p50=5829.072us
T=2048 R=64 down_finalize/one_shot_fp32/fp32 K0/cuda_graph/hot: p50=5767.632us
T=2048 R=128 down_finalize/indexed/fp32 K0/cuda_graph/hot: p50=953.824us
T=2048 R=128 down_finalize/aligned/fp32 K0/cuda_graph/hot: p50=167.360us
T=2048 R=128 down_finalize/segmented/fp32 K0/cuda_graph/hot: p50=371.984us
T=2048 R=128 down_finalize/bmm/fp32 K0/cuda_graph/hot: p50=388.544us
T=2048 R=128 down_finalize/one_shot_bf16/fp32 K0/cuda_graph/hot: p50=10070.464us
T=2048 R=128 down_finalize/one_shot_fp32/fp32 K0/cuda_graph/hot: p50=10166.752us
/usr/local/lib/python3.12/dist-packages/torch/cuda/__init__.py:61: FutureWarning: The pynvml package is deprecated. Please install nvidia-ml-py instead. If you did not install pynvml directly, please report this to the maintainers of the package that installed pynvml for you.
  import pynvml  # type: ignore[import]
T=1 R=16 gate_a/cutedsl/bf16 K0/eager/hot: p50=143.808us
T=1 R=16 gate_a/cutedsl/bf16 K0/eager/cold: p50=158.592us
T=1 R=16 gate_a/cutedsl/bf16 K0/cuda_graph/hot: p50=142.816us
T=1 R=16 gate_a/cutedsl/bf16 K0/cuda_graph/cold: p50=159.776us
T=1 R=16 gate_a/indexed/bf16 K0/eager/hot: p50=50.432us
T=1 R=16 gate_a/indexed/bf16 K0/eager/cold: p50=20.624us
T=1 R=16 gate_a/indexed/bf16 K0/cuda_graph/hot: p50=13.600us
T=1 R=16 gate_a/indexed/bf16 K0/cuda_graph/cold: p50=21.216us
T=1 R=16 down_a/cutedsl/bf16 K0/eager/hot: p50=101.808us
T=1 R=16 down_a/cutedsl/bf16 K0/eager/cold: p50=48.496us
T=1 R=16 down_a/cutedsl/bf16 K0/cuda_graph/hot: p50=31.808us
T=1 R=16 down_a/cutedsl/bf16 K0/cuda_graph/cold: p50=35.568us
T=1 R=16 down_a/indexed/bf16 K0/eager/hot: p50=52.192us
T=1 R=16 down_a/indexed/bf16 K0/eager/cold: p50=11.264us
T=1 R=16 down_a/indexed/bf16 K0/cuda_graph/hot: p50=10.576us
T=1 R=16 down_a/indexed/bf16 K0/cuda_graph/cold: p50=11.024us
T=1 R=64 gate_a/cutedsl/bf16 K0/eager/hot: p50=154.048us
T=1 R=64 gate_a/cutedsl/bf16 K0/eager/cold: p50=181.248us
T=1 R=64 gate_a/cutedsl/bf16 K0/cuda_graph/hot: p50=154.224us
T=1 R=64 gate_a/cutedsl/bf16 K0/cuda_graph/cold: p50=183.008us
T=1 R=64 gate_a/indexed/bf16 K0/eager/hot: p50=52.080us
T=1 R=64 gate_a/indexed/bf16 K0/eager/cold: p50=21.456us
T=1 R=64 gate_a/indexed/bf16 K0/cuda_graph/hot: p50=12.912us
T=1 R=64 gate_a/indexed/bf16 K0/cuda_graph/cold: p50=21.232us
T=1 R=64 down_a/cutedsl/bf16 K0/eager/hot: p50=97.456us
T=1 R=64 down_a/cutedsl/bf16 K0/eager/cold: p50=51.664us
T=1 R=64 down_a/cutedsl/bf16 K0/cuda_graph/hot: p50=40.416us
T=1 R=64 down_a/cutedsl/bf16 K0/cuda_graph/cold: p50=43.824us
T=1 R=64 down_a/indexed/bf16 K0/eager/hot: p50=49.680us
T=1 R=64 down_a/indexed/bf16 K0/eager/cold: p50=11.296us
T=1 R=64 down_a/indexed/bf16 K0/cuda_graph/hot: p50=10.624us
T=1 R=64 down_a/indexed/bf16 K0/cuda_graph/cold: p50=10.992us
T=32 R=16 gate_a/cutedsl/bf16 K0/eager/hot: p50=143.792us
T=32 R=16 gate_a/cutedsl/bf16 K0/eager/cold: p50=155.648us
T=32 R=16 gate_a/cutedsl/bf16 K0/cuda_graph/hot: p50=144.864us
T=32 R=16 gate_a/cutedsl/bf16 K0/cuda_graph/cold: p50=156.384us
T=32 R=16 gate_a/indexed/bf16 K0/eager/hot: p50=51.760us
T=32 R=16 gate_a/indexed/bf16 K0/eager/cold: p50=21.472us
T=32 R=16 gate_a/indexed/bf16 K0/cuda_graph/hot: p50=15.504us
T=32 R=16 gate_a/indexed/bf16 K0/cuda_graph/cold: p50=21.216us
T=32 R=16 down_a/cutedsl/bf16 K0/eager/hot: p50=100.752us
T=32 R=16 down_a/cutedsl/bf16 K0/eager/cold: p50=48.544us
T=32 R=16 down_a/cutedsl/bf16 K0/cuda_graph/hot: p50=32.208us
T=32 R=16 down_a/cutedsl/bf16 K0/cuda_graph/cold: p50=37.600us
T=32 R=16 down_a/indexed/bf16 K0/eager/hot: p50=51.216us
T=32 R=16 down_a/indexed/bf16 K0/eager/cold: p50=11.296us
T=32 R=16 down_a/indexed/bf16 K0/cuda_graph/hot: p50=10.656us
T=32 R=16 down_a/indexed/bf16 K0/cuda_graph/cold: p50=10.992us
T=32 R=64 gate_a/cutedsl/bf16 K0/eager/hot: p50=270.800us
T=32 R=64 gate_a/cutedsl/bf16 K0/eager/cold: p50=273.088us
T=32 R=64 gate_a/cutedsl/bf16 K0/cuda_graph/hot: p50=271.840us
T=32 R=64 gate_a/cutedsl/bf16 K0/cuda_graph/cold: p50=273.120us
T=32 R=64 gate_a/indexed/bf16 K0/eager/hot: p50=54.896us
T=32 R=64 gate_a/indexed/bf16 K0/eager/cold: p50=23.552us
T=32 R=64 gate_a/indexed/bf16 K0/cuda_graph/hot: p50=21.920us
T=32 R=64 gate_a/indexed/bf16 K0/cuda_graph/cold: p50=23.296us
T=32 R=64 down_a/cutedsl/bf16 K0/eager/hot: p50=103.760us
T=32 R=64 down_a/cutedsl/bf16 K0/eager/cold: p50=56.112us
T=32 R=64 down_a/cutedsl/bf16 K0/cuda_graph/hot: p50=44.512us
T=32 R=64 down_a/cutedsl/bf16 K0/cuda_graph/cold: p50=47.888us
T=32 R=64 down_a/indexed/bf16 K0/eager/hot: p50=51.600us
T=32 R=64 down_a/indexed/bf16 K0/eager/cold: p50=14.016us
T=32 R=64 down_a/indexed/bf16 K0/cuda_graph/hot: p50=10.720us
T=32 R=64 down_a/indexed/bf16 K0/cuda_graph/cold: p50=13.024us
