Warning: You are sending unauthenticated requests to the HF Hub. Please set a HF_TOKEN to enable higher rate limits and faster downloads.
max_running_requests_per_dp=4096
dp_size=1
skip_max_running_requests_threshold=4096
skip_token_capacity_threshold=303918
======== Warmup Begin ========
Warmup with batch_size=[16, 1, 32]
#Input tokens: 16384
#Output tokens: 256
batch size: 16
input_len: 1024
output_len: 16
latency: 0.33 s
input throughput: 78728.50 tok/s
output throughput: 2153.23 tok/s
last_ttft: 0.21 s
last generation throughput: 0.00 tok/s
#Input tokens: 1024
#Output tokens: 16
batch size: 1
input_len: 1024
output_len: 16
latency: 0.13 s
input throughput: 13055.46 tok/s
output throughput: 341.46 tok/s
last_ttft: 0.08 s
last generation throughput: 0.00 tok/s
#Input tokens: 32768
#Output tokens: 512
batch size: 32
input_len: 1024
output_len: 16
latency: 0.53 s
input throughput: 87364.78 tok/s
output throughput: 3282.70 tok/s
last_ttft: 0.38 s
last generation throughput: 0.00 tok/s
======== Warmup End   ========

#Input tokens: 128
#Output tokens: 32
batch size: 1
input_len: 128
output_len: 32
latency: 0.17 s
input throughput: 1947.50 tok/s
output throughput: 322.32 tok/s
last_ttft: 0.07 s
last generation throughput: 0.00 tok/s
#Input tokens: 2048
#Output tokens: 512
batch size: 16
input_len: 128
output_len: 32
latency: 0.29 s
input throughput: 31907.94 tok/s
output throughput: 2244.86 tok/s
last_ttft: 0.06 s
last generation throughput: 0.00 tok/s
#Input tokens: 4096
#Output tokens: 1024
batch size: 32
input_len: 128
output_len: 32
latency: 0.34 s
input throughput: 61094.11 tok/s
output throughput: 3696.66 tok/s
last_ttft: 0.07 s
last generation throughput: 0.00 tok/s

Results are saved to /tmp/c3_e2e/h200_c3/lora_r1.jsonl
