T=32 R=64 gate_consumer/indexed/bf16 K0/cuda_graph/hot: p50=75.808us
T=32 R=64 gate_consumer/aligned/bf16 K0/cuda_graph/hot: p50=12.544us
T=32 R=64 gate_consumer/segmented/bf16 K0/cuda_graph/hot: p50=12.928us
T=2048 R=64 gate_consumer/indexed/bf16 K0/cuda_graph/hot: p50=818.224us
T=2048 R=64 gate_consumer/aligned/bf16 K0/cuda_graph/hot: p50=114.256us
T=2048 R=64 gate_consumer/segmented/bf16 K0/cuda_graph/hot: p50=339.216us
T=32 R=64 gate_consumer/indexed/bf16 K0/cuda_graph/hot: p50=24.288us
T=32 R=64 gate_consumer/aligned/bf16 K0/cuda_graph/hot: p50=12.128us
T=32 R=64 gate_consumer/segmented/bf16 K0/cuda_graph/hot: p50=12.080us
T=2048 R=64 gate_consumer/indexed/bf16 K0/cuda_graph/hot: p50=589.232us
T=2048 R=64 gate_consumer/aligned/bf16 K0/cuda_graph/hot: p50=81.936us
T=2048 R=64 gate_consumer/segmented/bf16 K0/cuda_graph/hot: p50=172.016us
T=32 R=64 gate_consumer/indexed/bf16 K0/cuda_graph/hot: p50=15.776us
T=32 R=64 gate_consumer/aligned/bf16 K0/cuda_graph/hot: p50=12.960us
T=32 R=64 gate_consumer/segmented/bf16 K0/cuda_graph/hot: p50=11.552us
T=2048 R=64 gate_consumer/indexed/bf16 K0/cuda_graph/hot: p50=476.416us
T=2048 R=64 gate_consumer/aligned/bf16 K0/cuda_graph/hot: p50=64.128us
T=2048 R=64 gate_consumer/segmented/bf16 K0/cuda_graph/hot: p50=116.720us
T=32 R=64 down_finalize/indexed/bf16 K0/cuda_graph/hot: p50=19.856us
T=32 R=64 down_finalize/aligned/bf16 K0/cuda_graph/hot: p50=13.776us
T=32 R=64 down_finalize/segmented/bf16 K0/cuda_graph/hot: p50=20.560us
T=2048 R=64 down_finalize/indexed/bf16 K0/cuda_graph/hot: p50=901.296us
T=2048 R=64 down_finalize/aligned/bf16 K0/cuda_graph/hot: p50=297.392us
T=2048 R=64 down_finalize/segmented/bf16 K0/cuda_graph/hot: p50=882.480us
T=32 R=64 down_finalize/indexed/bf16 K0/cuda_graph/hot: p50=16.320us
T=32 R=64 down_finalize/aligned/bf16 K0/cuda_graph/hot: p50=13.200us
T=32 R=64 down_finalize/segmented/bf16 K0/cuda_graph/hot: p50=19.008us
T=2048 R=64 down_finalize/indexed/bf16 K0/cuda_graph/hot: p50=666.080us
T=2048 R=64 down_finalize/aligned/bf16 K0/cuda_graph/hot: p50=213.424us
T=2048 R=64 down_finalize/segmented/bf16 K0/cuda_graph/hot: p50=798.816us
T=32 R=64 down_finalize/indexed/bf16 K0/cuda_graph/hot: p50=14.752us
T=32 R=64 down_finalize/aligned/bf16 K0/cuda_graph/hot: p50=12.256us
T=32 R=64 down_finalize/segmented/bf16 K0/cuda_graph/hot: p50=18.384us
T=2048 R=64 down_finalize/indexed/bf16 K0/cuda_graph/hot: p50=575.760us
T=2048 R=64 down_finalize/aligned/bf16 K0/cuda_graph/hot: p50=160.864us
T=2048 R=64 down_finalize/segmented/bf16 K0/cuda_graph/hot: p50=746.880us
T=32 R=64 down_finalize/indexed/bf16 K0/cuda_graph/hot: p50=17.072us
T=32 R=64 down_finalize/aligned/bf16 K0/cuda_graph/hot: p50=12.128us
T=32 R=64 down_finalize/segmented/bf16 K0/cuda_graph/hot: p50=18.064us
T=2048 R=64 down_finalize/indexed/bf16 K0/cuda_graph/hot: p50=616.704us
T=2048 R=64 down_finalize/aligned/bf16 K0/cuda_graph/hot: p50=137.072us
T=2048 R=64 down_finalize/segmented/bf16 K0/cuda_graph/hot: p50=722.352us
