T=1 R=128 gate_a/bmm/bf16 K0/cuda_graph/cold: p50=21.792us
T=1 R=128 gate_a/bmm/bf16 K0/cuda_graph/hot: p50=18.464us
T=1 R=128 gate_a/bmm/bf16 K0/eager/cold: p50=27.520us
T=1 R=128 gate_a/bmm/bf16 K0/eager/hot: p50=62.224us
T=1 R=128 gate_a/segmented/bf16 K0/cuda_graph/cold: p50=20.896us
T=1 R=128 gate_a/segmented/bf16 K0/cuda_graph/hot: p50=14.016us
T=1 R=128 gate_a/segmented/bf16 K0/eager/cold: p50=22.480us
T=1 R=128 gate_a/segmented/bf16 K0/eager/hot: p50=36.640us
T=1 R=128 gate_a/aligned/bf16 K0/cuda_graph/cold: p50=12.560us
T=1 R=128 gate_a/aligned/bf16 K0/cuda_graph/hot: p50=10.416us
T=1 R=128 gate_a/aligned/bf16 K0/eager/cold: p50=13.360us
T=1 R=128 gate_a/aligned/bf16 K0/eager/hot: p50=36.656us
T=1 R=128 gate_a/indexed/bf16 K0/cuda_graph/cold: p50=18.512us
T=1 R=128 gate_a/indexed/bf16 K0/cuda_graph/hot: p50=13.152us
T=1 R=128 gate_a/indexed/bf16 K0/eager/cold: p50=19.376us
T=1 R=128 gate_a/indexed/bf16 K0/eager/hot: p50=32.768us
T=1 R=128 gate_consumer/bmm/bf16 K0/cuda_graph/cold: p50=49.568us
T=1 R=128 gate_consumer/bmm/bf16 K0/cuda_graph/hot: p50=43.584us
T=1 R=128 gate_consumer/bmm/bf16 K0/eager/cold: p50=141.616us
T=1 R=128 gate_consumer/bmm/bf16 K0/eager/hot: p50=190.288us
T=1 R=128 gate_consumer/segmented/bf16 K0/cuda_graph/cold: p50=11.840us
T=1 R=128 gate_consumer/segmented/bf16 K0/cuda_graph/hot: p50=10.496us
T=1 R=128 gate_consumer/segmented/bf16 K0/eager/cold: p50=12.800us
T=1 R=128 gate_consumer/segmented/bf16 K0/eager/hot: p50=41.328us
T=1 R=128 gate_consumer/aligned/bf16 K0/cuda_graph/cold: p50=12.240us
T=1 R=128 gate_consumer/aligned/bf16 K0/cuda_graph/hot: p50=10.480us
T=1 R=128 gate_consumer/aligned/bf16 K0/eager/cold: p50=13.504us
T=1 R=128 gate_consumer/aligned/bf16 K0/eager/hot: p50=55.552us
T=1 R=128 gate_consumer/indexed/bf16 K0/cuda_graph/cold: p50=14.304us
T=1 R=128 gate_consumer/indexed/bf16 K0/cuda_graph/hot: p50=13.056us
T=1 R=128 gate_consumer/indexed/bf16 K0/eager/cold: p50=14.912us
T=1 R=128 gate_consumer/indexed/bf16 K0/eager/hot: p50=49.568us
T=1 R=128 down_a/bmm/bf16 K0/cuda_graph/cold: p50=18.016us
T=1 R=128 down_a/bmm/bf16 K0/cuda_graph/hot: p50=15.600us
T=1 R=128 down_a/bmm/bf16 K0/eager/cold: p50=20.192us
T=1 R=128 down_a/bmm/bf16 K0/eager/hot: p50=51.136us
T=1 R=128 down_a/segmented/bf16 K0/cuda_graph/cold: p50=11.088us
T=1 R=128 down_a/segmented/bf16 K0/cuda_graph/hot: p50=10.384us
T=1 R=128 down_a/segmented/bf16 K0/eager/cold: p50=11.616us
T=1 R=128 down_a/segmented/bf16 K0/eager/hot: p50=33.888us
T=1 R=128 down_a/aligned/bf16 K0/cuda_graph/cold: p50=9.088us
T=1 R=128 down_a/aligned/bf16 K0/cuda_graph/hot: p50=10.496us
T=1 R=128 down_a/aligned/bf16 K0/eager/cold: p50=9.472us
T=1 R=128 down_a/aligned/bf16 K0/eager/hot: p50=36.496us
T=1 R=128 down_a/indexed/bf16 K0/cuda_graph/cold: p50=9.984us
T=1 R=128 down_a/indexed/bf16 K0/cuda_graph/hot: p50=10.432us
T=1 R=128 down_a/indexed/bf16 K0/eager/cold: p50=10.752us
T=1 R=128 down_a/indexed/bf16 K0/eager/hot: p50=32.064us
T=1 R=128 down_finalize/bmm/bf16 K0/cuda_graph/cold: p50=19.968us
T=1 R=128 down_finalize/bmm/bf16 K0/cuda_graph/hot: p50=16.864us
T=1 R=128 down_finalize/bmm/bf16 K0/eager/cold: p50=32.368us
T=1 R=128 down_finalize/bmm/bf16 K0/eager/hot: p50=83.040us
T=1 R=128 down_finalize/segmented/bf16 K0/cuda_graph/cold: p50=11.936us
T=1 R=128 down_finalize/segmented/bf16 K0/cuda_graph/hot: p50=11.024us
T=1 R=128 down_finalize/segmented/bf16 K0/eager/cold: p50=12.848us
T=1 R=128 down_finalize/segmented/bf16 K0/eager/hot: p50=54.784us
T=1 R=128 down_finalize/aligned/bf16 K0/cuda_graph/cold: p50=12.560us
T=1 R=128 down_finalize/aligned/bf16 K0/cuda_graph/hot: p50=11.216us
T=1 R=128 down_finalize/aligned/bf16 K0/eager/cold: p50=13.600us
T=1 R=128 down_finalize/aligned/bf16 K0/eager/hot: p50=58.944us
T=1 R=128 down_finalize/indexed/bf16 K0/cuda_graph/cold: p50=12.416us
T=1 R=128 down_finalize/indexed/bf16 K0/cuda_graph/hot: p50=11.280us
T=1 R=128 down_finalize/indexed/bf16 K0/eager/cold: p50=12.640us
T=1 R=128 down_finalize/indexed/bf16 K0/eager/hot: p50=30.400us
T=1 R=128 down_finalize/one_shot_bf16/bf16 K0/cuda_graph/cold: p50=22.368us
T=1 R=128 down_finalize/one_shot_bf16/bf16 K0/cuda_graph/hot: p50=16.336us
T=1 R=128 down_finalize/one_shot_bf16/bf16 K0/eager/cold: p50=23.600us
T=1 R=128 down_finalize/one_shot_bf16/bf16 K0/eager/hot: p50=56.544us
T=1 R=128 down_finalize/one_shot_fp32/bf16 K0/cuda_graph/cold: p50=23.072us
T=1 R=128 down_finalize/one_shot_fp32/bf16 K0/cuda_graph/hot: p50=16.368us
T=1 R=128 down_finalize/one_shot_fp32/bf16 K0/eager/cold: p50=24.096us
T=1 R=128 down_finalize/one_shot_fp32/bf16 K0/eager/hot: p50=55.600us
T=32 R=128 gate_a/bmm/bf16 K0/cuda_graph/cold: p50=42.160us
T=32 R=128 gate_a/bmm/bf16 K0/cuda_graph/hot: p50=39.600us
T=32 R=128 gate_a/bmm/bf16 K0/eager/cold: p50=47.120us
T=32 R=128 gate_a/bmm/bf16 K0/eager/hot: p50=61.424us
T=32 R=128 gate_a/segmented/bf16 K0/cuda_graph/cold: p50=27.984us
T=32 R=128 gate_a/segmented/bf16 K0/cuda_graph/hot: p50=20.400us
T=32 R=128 gate_a/segmented/bf16 K0/eager/cold: p50=28.864us
T=32 R=128 gate_a/segmented/bf16 K0/eager/hot: p50=39.264us
T=32 R=128 gate_a/aligned/bf16 K0/cuda_graph/cold: p50=20.032us
T=32 R=128 gate_a/aligned/bf16 K0/cuda_graph/hot: p50=14.320us
T=32 R=128 gate_a/aligned/bf16 K0/eager/cold: p50=20.816us
T=32 R=128 gate_a/aligned/bf16 K0/eager/hot: p50=38.896us
T=32 R=128 gate_a/indexed/bf16 K0/cuda_graph/cold: p50=40.032us
T=32 R=128 gate_a/indexed/bf16 K0/cuda_graph/hot: p50=38.640us
T=32 R=128 gate_a/indexed/bf16 K0/eager/cold: p50=39.728us
T=32 R=128 gate_a/indexed/bf16 K0/eager/hot: p50=39.264us
T=32 R=128 gate_consumer/bmm/bf16 K0/cuda_graph/cold: p50=59.920us
T=32 R=128 gate_consumer/bmm/bf16 K0/cuda_graph/hot: p50=53.936us
T=32 R=128 gate_consumer/bmm/bf16 K0/eager/cold: p50=142.464us
T=32 R=128 gate_consumer/bmm/bf16 K0/eager/hot: p50=191.568us
T=32 R=128 gate_consumer/segmented/bf16 K0/cuda_graph/cold: p50=16.944us
T=32 R=128 gate_consumer/segmented/bf16 K0/cuda_graph/hot: p50=13.536us
T=32 R=128 gate_consumer/segmented/bf16 K0/eager/cold: p50=17.952us
T=32 R=128 gate_consumer/segmented/bf16 K0/eager/hot: p50=43.296us
T=32 R=128 gate_consumer/aligned/bf16 K0/cuda_graph/cold: p50=17.920us
T=32 R=128 gate_consumer/aligned/bf16 K0/cuda_graph/hot: p50=13.664us
T=32 R=128 gate_consumer/aligned/bf16 K0/eager/cold: p50=19.312us
T=32 R=128 gate_consumer/aligned/bf16 K0/eager/hot: p50=56.704us
T=32 R=128 gate_consumer/indexed/bf16 K0/cuda_graph/cold: p50=25.648us
T=32 R=128 gate_consumer/indexed/bf16 K0/cuda_graph/hot: p50=23.824us
T=32 R=128 gate_consumer/indexed/bf16 K0/eager/cold: p50=26.656us
T=32 R=128 gate_consumer/indexed/bf16 K0/eager/hot: p50=54.064us
T=32 R=128 down_a/bmm/bf16 K0/cuda_graph/cold: p50=19.136us
T=32 R=128 down_a/bmm/bf16 K0/cuda_graph/hot: p50=16.064us
T=32 R=128 down_a/bmm/bf16 K0/eager/cold: p50=23.136us
T=32 R=128 down_a/bmm/bf16 K0/eager/hot: p50=68.352us
T=32 R=128 down_a/segmented/bf16 K0/cuda_graph/cold: p50=12.176us
T=32 R=128 down_a/segmented/bf16 K0/cuda_graph/hot: p50=12.592us
T=32 R=128 down_a/segmented/bf16 K0/eager/cold: p50=13.008us
T=32 R=128 down_a/segmented/bf16 K0/eager/hot: p50=37.600us
T=32 R=128 down_a/aligned/bf16 K0/cuda_graph/cold: p50=10.336us
T=32 R=128 down_a/aligned/bf16 K0/cuda_graph/hot: p50=15.824us
T=32 R=128 down_a/aligned/bf16 K0/eager/cold: p50=11.840us
T=32 R=128 down_a/aligned/bf16 K0/eager/hot: p50=53.200us
T=32 R=128 down_a/indexed/bf16 K0/cuda_graph/cold: p50=11.712us
T=32 R=128 down_a/indexed/bf16 K0/cuda_graph/hot: p50=16.320us
T=32 R=128 down_a/indexed/bf16 K0/eager/cold: p50=12.704us
T=32 R=128 down_a/indexed/bf16 K0/eager/hot: p50=46.480us
T=32 R=128 down_finalize/bmm/bf16 K0/cuda_graph/cold: p50=30.048us
T=32 R=128 down_finalize/bmm/bf16 K0/cuda_graph/hot: p50=25.472us
T=32 R=128 down_finalize/bmm/bf16 K0/eager/cold: p50=35.360us
T=32 R=128 down_finalize/bmm/bf16 K0/eager/hot: p50=83.728us
T=32 R=128 down_finalize/segmented/bf16 K0/cuda_graph/cold: p50=17.808us
T=32 R=128 down_finalize/segmented/bf16 K0/cuda_graph/hot: p50=14.944us
T=32 R=128 down_finalize/segmented/bf16 K0/eager/cold: p50=20.576us
T=32 R=128 down_finalize/segmented/bf16 K0/eager/hot: p50=54.160us
T=32 R=128 down_finalize/aligned/bf16 K0/cuda_graph/cold: p50=18.704us
T=32 R=128 down_finalize/aligned/bf16 K0/cuda_graph/hot: p50=13.952us
T=32 R=128 down_finalize/aligned/bf16 K0/eager/cold: p50=20.048us
T=32 R=128 down_finalize/aligned/bf16 K0/eager/hot: p50=58.960us
T=32 R=128 down_finalize/indexed/bf16 K0/cuda_graph/cold: p50=29.312us
T=32 R=128 down_finalize/indexed/bf16 K0/cuda_graph/hot: p50=24.688us
T=32 R=128 down_finalize/indexed/bf16 K0/eager/cold: p50=29.536us
T=32 R=128 down_finalize/indexed/bf16 K0/eager/hot: p50=34.384us
T=32 R=128 down_finalize/one_shot_bf16/bf16 K0/cuda_graph/cold: p50=230.688us
T=32 R=128 down_finalize/one_shot_bf16/bf16 K0/cuda_graph/hot: p50=230.608us
T=32 R=128 down_finalize/one_shot_bf16/bf16 K0/eager/cold: p50=234.544us
T=32 R=128 down_finalize/one_shot_bf16/bf16 K0/eager/hot: p50=232.032us
T=32 R=128 down_finalize/one_shot_fp32/bf16 K0/cuda_graph/cold: p50=230.352us
T=32 R=128 down_finalize/one_shot_fp32/bf16 K0/cuda_graph/hot: p50=230.064us
T=32 R=128 down_finalize/one_shot_fp32/bf16 K0/eager/cold: p50=231.360us
T=32 R=128 down_finalize/one_shot_fp32/bf16 K0/eager/hot: p50=231.936us
T=256 R=128 gate_a/bmm/bf16 K0/cuda_graph/cold: p50=48.432us
T=256 R=128 gate_a/bmm/bf16 K0/cuda_graph/hot: p50=45.824us
T=256 R=128 gate_a/bmm/bf16 K0/eager/cold: p50=53.872us
T=256 R=128 gate_a/bmm/bf16 K0/eager/hot: p50=63.344us
T=256 R=128 gate_a/segmented/bf16 K0/cuda_graph/cold: p50=33.456us
T=256 R=128 gate_a/segmented/bf16 K0/cuda_graph/hot: p50=34.048us
T=256 R=128 gate_a/segmented/bf16 K0/eager/cold: p50=35.376us
T=256 R=128 gate_a/segmented/bf16 K0/eager/hot: p50=38.704us
T=256 R=128 gate_a/aligned/bf16 K0/cuda_graph/cold: p50=27.104us
T=256 R=128 gate_a/aligned/bf16 K0/cuda_graph/hot: p50=25.904us
T=256 R=128 gate_a/aligned/bf16 K0/eager/cold: p50=27.600us
T=256 R=128 gate_a/aligned/bf16 K0/eager/hot: p50=41.984us
T=256 R=128 gate_a/indexed/bf16 K0/cuda_graph/cold: p50=233.424us
T=256 R=128 gate_a/indexed/bf16 K0/cuda_graph/hot: p50=232.256us
T=256 R=128 gate_a/indexed/bf16 K0/eager/cold: p50=234.720us
T=256 R=128 gate_a/indexed/bf16 K0/eager/hot: p50=233.152us
T=256 R=128 gate_consumer/bmm/bf16 K0/cuda_graph/cold: p50=75.632us
T=256 R=128 gate_consumer/bmm/bf16 K0/cuda_graph/hot: p50=75.632us
T=256 R=128 gate_consumer/bmm/bf16 K0/eager/cold: p50=141.712us
T=256 R=128 gate_consumer/bmm/bf16 K0/eager/hot: p50=189.824us
T=256 R=128 gate_consumer/segmented/bf16 K0/cuda_graph/cold: p50=28.160us
T=256 R=128 gate_consumer/segmented/bf16 K0/cuda_graph/hot: p50=24.320us
T=256 R=128 gate_consumer/segmented/bf16 K0/eager/cold: p50=28.800us
T=256 R=128 gate_consumer/segmented/bf16 K0/eager/hot: p50=46.112us
T=256 R=128 gate_consumer/aligned/bf16 K0/cuda_graph/cold: p50=26.432us
T=256 R=128 gate_consumer/aligned/bf16 K0/cuda_graph/hot: p50=20.848us
T=256 R=128 gate_consumer/aligned/bf16 K0/eager/cold: p50=27.040us
T=256 R=128 gate_consumer/aligned/bf16 K0/eager/hot: p50=61.472us
T=256 R=128 gate_consumer/indexed/bf16 K0/cuda_graph/cold: p50=130.720us
T=256 R=128 gate_consumer/indexed/bf16 K0/cuda_graph/hot: p50=125.440us
T=256 R=128 gate_consumer/indexed/bf16 K0/eager/cold: p50=131.232us
T=256 R=128 gate_consumer/indexed/bf16 K0/eager/hot: p50=125.696us
T=256 R=128 down_a/bmm/bf16 K0/cuda_graph/cold: p50=19.904us
T=256 R=128 down_a/bmm/bf16 K0/cuda_graph/hot: p50=17.296us
T=256 R=128 down_a/bmm/bf16 K0/eager/cold: p50=23.888us
T=256 R=128 down_a/bmm/bf16 K0/eager/hot: p50=51.360us
T=256 R=128 down_a/segmented/bf16 K0/cuda_graph/cold: p50=12.848us
T=256 R=128 down_a/segmented/bf16 K0/cuda_graph/hot: p50=12.736us
T=256 R=128 down_a/segmented/bf16 K0/eager/cold: p50=13.728us
T=256 R=128 down_a/segmented/bf16 K0/eager/hot: p50=35.040us
T=256 R=128 down_a/aligned/bf16 K0/cuda_graph/cold: p50=12.496us
T=256 R=128 down_a/aligned/bf16 K0/cuda_graph/hot: p50=12.592us
T=256 R=128 down_a/aligned/bf16 K0/eager/cold: p50=13.232us
T=256 R=128 down_a/aligned/bf16 K0/eager/hot: p50=37.472us
T=256 R=128 down_a/indexed/bf16 K0/cuda_graph/cold: p50=40.288us
T=256 R=128 down_a/indexed/bf16 K0/cuda_graph/hot: p50=39.136us
T=256 R=128 down_a/indexed/bf16 K0/eager/cold: p50=40.832us
T=256 R=128 down_a/indexed/bf16 K0/eager/hot: p50=39.888us
T=256 R=128 down_finalize/bmm/bf16 K0/cuda_graph/cold: p50=47.504us
T=256 R=128 down_finalize/bmm/bf16 K0/cuda_graph/hot: p50=47.248us
T=256 R=128 down_finalize/bmm/bf16 K0/eager/cold: p50=53.968us
T=256 R=128 down_finalize/bmm/bf16 K0/eager/hot: p50=85.104us
T=256 R=128 down_finalize/segmented/bf16 K0/cuda_graph/cold: p50=56.640us
T=256 R=128 down_finalize/segmented/bf16 K0/cuda_graph/hot: p50=53.872us
T=256 R=128 down_finalize/segmented/bf16 K0/eager/cold: p50=59.952us
T=256 R=128 down_finalize/segmented/bf16 K0/eager/hot: p50=58.816us
T=256 R=128 down_finalize/aligned/bf16 K0/cuda_graph/cold: p50=34.640us
T=256 R=128 down_finalize/aligned/bf16 K0/cuda_graph/hot: p50=29.696us
T=256 R=128 down_finalize/aligned/bf16 K0/eager/cold: p50=37.888us
T=256 R=128 down_finalize/aligned/bf16 K0/eager/hot: p50=58.832us
T=256 R=128 down_finalize/indexed/bf16 K0/cuda_graph/cold: p50=163.456us
T=256 R=128 down_finalize/indexed/bf16 K0/cuda_graph/hot: p50=160.416us
T=256 R=128 down_finalize/indexed/bf16 K0/eager/cold: p50=164.272us
T=256 R=128 down_finalize/indexed/bf16 K0/eager/hot: p50=160.640us
T=256 R=128 down_finalize/one_shot_bf16/bf16 K0/cuda_graph/cold: p50=1795.376us
T=256 R=128 down_finalize/one_shot_bf16/bf16 K0/cuda_graph/hot: p50=1796.784us
T=256 R=128 down_finalize/one_shot_bf16/bf16 K0/eager/cold: p50=1798.624us
T=256 R=128 down_finalize/one_shot_bf16/bf16 K0/eager/hot: p50=1800.352us
T=256 R=128 down_finalize/one_shot_fp32/bf16 K0/cuda_graph/cold: p50=1794.496us
T=256 R=128 down_finalize/one_shot_fp32/bf16 K0/cuda_graph/hot: p50=1795.616us
T=256 R=128 down_finalize/one_shot_fp32/bf16 K0/eager/cold: p50=1796.432us
T=256 R=128 down_finalize/one_shot_fp32/bf16 K0/eager/hot: p50=1797.584us
T=2048 R=128 gate_a/bmm/bf16 K0/cuda_graph/cold: p50=99.456us
T=2048 R=128 gate_a/bmm/bf16 K0/cuda_graph/hot: p50=99.296us
T=2048 R=128 gate_a/bmm/bf16 K0/eager/cold: p50=106.832us
T=2048 R=128 gate_a/bmm/bf16 K0/eager/hot: p50=105.984us
T=2048 R=128 gate_a/segmented/bf16 K0/cuda_graph/cold: p50=130.144us
T=2048 R=128 gate_a/segmented/bf16 K0/cuda_graph/hot: p50=128.816us
T=2048 R=128 gate_a/segmented/bf16 K0/eager/cold: p50=131.776us
T=2048 R=128 gate_a/segmented/bf16 K0/eager/hot: p50=130.000us
T=2048 R=128 gate_a/aligned/bf16 K0/cuda_graph/cold: p50=125.440us
T=2048 R=128 gate_a/aligned/bf16 K0/cuda_graph/hot: p50=125.568us
T=2048 R=128 gate_a/aligned/bf16 K0/eager/cold: p50=127.472us
T=2048 R=128 gate_a/aligned/bf16 K0/eager/hot: p50=126.160us
T=2048 R=128 gate_a/indexed/bf16 K0/cuda_graph/cold: p50=2159.600us
T=2048 R=128 gate_a/indexed/bf16 K0/cuda_graph/hot: p50=1799.248us
T=2048 R=128 gate_a/indexed/bf16 K0/eager/cold: p50=1804.384us
T=2048 R=128 gate_a/indexed/bf16 K0/eager/hot: p50=2168.032us
T=2048 R=128 gate_consumer/bmm/bf16 K0/cuda_graph/cold: p50=322.320us
T=2048 R=128 gate_consumer/bmm/bf16 K0/cuda_graph/hot: p50=321.888us
T=2048 R=128 gate_consumer/bmm/bf16 K0/eager/cold: p50=355.472us
T=2048 R=128 gate_consumer/bmm/bf16 K0/eager/hot: p50=354.464us
T=2048 R=128 gate_consumer/segmented/bf16 K0/cuda_graph/cold: p50=167.360us
T=2048 R=128 gate_consumer/segmented/bf16 K0/cuda_graph/hot: p50=165.264us
T=2048 R=128 gate_consumer/segmented/bf16 K0/eager/cold: p50=169.344us
T=2048 R=128 gate_consumer/segmented/bf16 K0/eager/hot: p50=166.112us
T=2048 R=128 gate_consumer/aligned/bf16 K0/cuda_graph/cold: p50=112.080us
T=2048 R=128 gate_consumer/aligned/bf16 K0/cuda_graph/hot: p50=107.520us
T=2048 R=128 gate_consumer/aligned/bf16 K0/eager/cold: p50=113.360us
T=2048 R=128 gate_consumer/aligned/bf16 K0/eager/hot: p50=108.880us
T=2048 R=128 gate_consumer/indexed/bf16 K0/cuda_graph/cold: p50=956.800us
T=2048 R=128 gate_consumer/indexed/bf16 K0/cuda_graph/hot: p50=952.304us
T=2048 R=128 gate_consumer/indexed/bf16 K0/eager/cold: p50=957.232us
T=2048 R=128 gate_consumer/indexed/bf16 K0/eager/hot: p50=953.120us
T=2048 R=128 down_a/bmm/bf16 K0/cuda_graph/cold: p50=37.328us
T=2048 R=128 down_a/bmm/bf16 K0/cuda_graph/hot: p50=37.232us
T=2048 R=128 down_a/bmm/bf16 K0/eager/cold: p50=41.760us
T=2048 R=128 down_a/bmm/bf16 K0/eager/hot: p50=52.944us
T=2048 R=128 down_a/segmented/bf16 K0/cuda_graph/cold: p50=35.168us
T=2048 R=128 down_a/segmented/bf16 K0/cuda_graph/hot: p50=34.464us
T=2048 R=128 down_a/segmented/bf16 K0/eager/cold: p50=36.032us
T=2048 R=128 down_a/segmented/bf16 K0/eager/hot: p50=38.384us
T=2048 R=128 down_a/aligned/bf16 K0/cuda_graph/cold: p50=26.896us
T=2048 R=128 down_a/aligned/bf16 K0/cuda_graph/hot: p50=25.728us
T=2048 R=128 down_a/aligned/bf16 K0/eager/cold: p50=27.968us
T=2048 R=128 down_a/aligned/bf16 K0/eager/hot: p50=40.992us
T=2048 R=128 down_a/indexed/bf16 K0/cuda_graph/cold: p50=259.776us
T=2048 R=128 down_a/indexed/bf16 K0/cuda_graph/hot: p50=256.144us
T=2048 R=128 down_a/indexed/bf16 K0/eager/cold: p50=261.040us
T=2048 R=128 down_a/indexed/bf16 K0/eager/hot: p50=257.120us
T=2048 R=128 down_finalize/bmm/bf16 K0/cuda_graph/cold: p50=225.264us
T=2048 R=128 down_finalize/bmm/bf16 K0/cuda_graph/hot: p50=224.176us
T=2048 R=128 down_finalize/bmm/bf16 K0/eager/cold: p50=232.848us
T=2048 R=128 down_finalize/bmm/bf16 K0/eager/hot: p50=229.376us
T=2048 R=128 down_finalize/segmented/bf16 K0/cuda_graph/cold: p50=436.080us
T=2048 R=128 down_finalize/segmented/bf16 K0/cuda_graph/hot: p50=436.224us
T=2048 R=128 down_finalize/segmented/bf16 K0/eager/cold: p50=438.256us
T=2048 R=128 down_finalize/segmented/bf16 K0/eager/hot: p50=438.960us
T=2048 R=128 down_finalize/aligned/bf16 K0/cuda_graph/cold: p50=174.736us
T=2048 R=128 down_finalize/aligned/bf16 K0/cuda_graph/hot: p50=175.232us
T=2048 R=128 down_finalize/aligned/bf16 K0/eager/cold: p50=179.520us
T=2048 R=128 down_finalize/aligned/bf16 K0/eager/hot: p50=177.856us
T=2048 R=128 down_finalize/indexed/bf16 K0/cuda_graph/cold: p50=1248.272us
T=2048 R=128 down_finalize/indexed/bf16 K0/cuda_graph/hot: p50=1247.680us
T=2048 R=128 down_finalize/indexed/bf16 K0/eager/cold: p50=1249.632us
T=2048 R=128 down_finalize/indexed/bf16 K0/eager/hot: p50=1249.328us
T=2048 R=128 down_finalize/one_shot_bf16/bf16 K0/cuda_graph/cold: p50=14403.056us
T=2048 R=128 down_finalize/one_shot_bf16/bf16 K0/cuda_graph/hot: p50=14487.616us
T=2048 R=128 down_finalize/one_shot_bf16/bf16 K0/eager/cold: p50=14684.160us
T=2048 R=128 down_finalize/one_shot_bf16/bf16 K0/eager/hot: p50=14477.152us
T=2048 R=128 down_finalize/one_shot_fp32/bf16 K0/cuda_graph/cold: p50=14542.608us
T=2048 R=128 down_finalize/one_shot_fp32/bf16 K0/cuda_graph/hot: p50=14592.672us
T=2048 R=128 down_finalize/one_shot_fp32/bf16 K0/eager/cold: p50=14411.904us
T=2048 R=128 down_finalize/one_shot_fp32/bf16 K0/eager/hot: p50=14545.904us
T=1 R=128 gate_a/bmm/bf16 O0/cuda_graph/cold: p50=40.976us
T=1 R=128 gate_a/bmm/bf16 O0/cuda_graph/hot: p50=36.640us
T=1 R=128 gate_a/bmm/bf16 O0/eager/cold: p50=120.192us
T=1 R=128 gate_a/bmm/bf16 O0/eager/hot: p50=169.424us
T=1 R=128 gate_a/segmented/bf16 O0/cuda_graph/cold: p50=47.072us
T=1 R=128 gate_a/segmented/bf16 O0/cuda_graph/hot: p50=43.200us
T=1 R=128 gate_a/segmented/bf16 O0/eager/cold: p50=145.616us
T=1 R=128 gate_a/segmented/bf16 O0/eager/hot: p50=191.936us
T=1 R=128 gate_a/aligned/bf16 O0/cuda_graph/cold: p50=37.344us
T=1 R=128 gate_a/aligned/bf16 O0/cuda_graph/hot: p50=28.928us
T=1 R=128 gate_a/aligned/bf16 O0/eager/cold: p50=118.976us
T=1 R=128 gate_a/aligned/bf16 O0/eager/hot: p50=168.752us
T=1 R=128 gate_a/indexed/bf16 O0/cuda_graph/cold: p50=18.624us
T=1 R=128 gate_a/indexed/bf16 O0/cuda_graph/hot: p50=12.704us
T=1 R=128 gate_a/indexed/bf16 O0/eager/cold: p50=19.376us
T=1 R=128 gate_a/indexed/bf16 O0/eager/hot: p50=32.736us
T=1 R=128 gate_consumer/bmm/bf16 O0/cuda_graph/cold: p50=49.680us
T=1 R=128 gate_consumer/bmm/bf16 O0/cuda_graph/hot: p50=43.616us
T=1 R=128 gate_consumer/bmm/bf16 O0/eager/cold: p50=131.888us
T=1 R=128 gate_consumer/bmm/bf16 O0/eager/hot: p50=179.072us
T=1 R=128 gate_consumer/segmented/bf16 O0/cuda_graph/cold: p50=45.536us
T=1 R=128 gate_consumer/segmented/bf16 O0/cuda_graph/hot: p50=38.176us
T=1 R=128 gate_consumer/segmented/bf16 O0/eager/cold: p50=149.552us
T=1 R=128 gate_consumer/segmented/bf16 O0/eager/hot: p50=199.728us
T=1 R=128 gate_consumer/aligned/bf16 O0/cuda_graph/cold: p50=35.632us
T=1 R=128 gate_consumer/aligned/bf16 O0/cuda_graph/hot: p50=29.216us
T=1 R=128 gate_consumer/aligned/bf16 O0/eager/cold: p50=137.104us
T=1 R=128 gate_consumer/aligned/bf16 O0/eager/hot: p50=187.216us
T=1 R=128 gate_consumer/indexed/bf16 O0/cuda_graph/cold: p50=14.016us
T=1 R=128 gate_consumer/indexed/bf16 O0/cuda_graph/hot: p50=12.896us
T=1 R=128 gate_consumer/indexed/bf16 O0/eager/cold: p50=14.848us
T=1 R=128 gate_consumer/indexed/bf16 O0/eager/hot: p50=48.800us
T=1 R=128 down_a/bmm/bf16 O0/cuda_graph/cold: p50=41.136us
T=1 R=128 down_a/bmm/bf16 O0/cuda_graph/hot: p50=36.400us
T=1 R=128 down_a/bmm/bf16 O0/eager/cold: p50=103.712us
T=1 R=128 down_a/bmm/bf16 O0/eager/hot: p50=154.192us
T=1 R=128 down_a/segmented/bf16 O0/cuda_graph/cold: p50=43.888us
T=1 R=128 down_a/segmented/bf16 O0/cuda_graph/hot: p50=38.144us
T=1 R=128 down_a/segmented/bf16 O0/eager/cold: p50=141.120us
T=1 R=128 down_a/segmented/bf16 O0/eager/hot: p50=190.352us
T=1 R=128 down_a/aligned/bf16 O0/cuda_graph/cold: p50=32.832us
T=1 R=128 down_a/aligned/bf16 O0/cuda_graph/hot: p50=27.776us
T=1 R=128 down_a/aligned/bf16 O0/eager/cold: p50=118.368us
T=1 R=128 down_a/aligned/bf16 O0/eager/hot: p50=170.400us
T=1 R=128 down_a/indexed/bf16 O0/cuda_graph/cold: p50=10.080us
T=1 R=128 down_a/indexed/bf16 O0/cuda_graph/hot: p50=10.240us
T=1 R=128 down_a/indexed/bf16 O0/eager/cold: p50=10.448us
T=1 R=128 down_a/indexed/bf16 O0/eager/hot: p50=32.336us
T=1 R=128 down_finalize/bmm/bf16 O0/cuda_graph/cold: p50=19.280us
T=1 R=128 down_finalize/bmm/bf16 O0/cuda_graph/hot: p50=16.304us
T=1 R=128 down_finalize/bmm/bf16 O0/eager/cold: p50=27.792us
T=1 R=128 down_finalize/bmm/bf16 O0/eager/hot: p50=78.512us
T=1 R=128 down_finalize/segmented/bf16 O0/cuda_graph/cold: p50=45.264us
T=1 R=128 down_finalize/segmented/bf16 O0/cuda_graph/hot: p50=38.592us
T=1 R=128 down_finalize/segmented/bf16 O0/eager/cold: p50=160.512us
T=1 R=128 down_finalize/segmented/bf16 O0/eager/hot: p50=210.208us
T=1 R=128 down_finalize/aligned/bf16 O0/cuda_graph/cold: p50=35.968us
T=1 R=128 down_finalize/aligned/bf16 O0/cuda_graph/hot: p50=29.472us
T=1 R=128 down_finalize/aligned/bf16 O0/eager/cold: p50=144.336us
T=1 R=128 down_finalize/aligned/bf16 O0/eager/hot: p50=194.384us
T=1 R=128 down_finalize/indexed/bf16 O0/cuda_graph/cold: p50=12.432us
T=1 R=128 down_finalize/indexed/bf16 O0/cuda_graph/hot: p50=11.136us
T=1 R=128 down_finalize/indexed/bf16 O0/eager/cold: p50=12.592us
T=1 R=128 down_finalize/indexed/bf16 O0/eager/hot: p50=30.240us
T=1 R=128 down_finalize/one_shot_bf16/bf16 O0/cuda_graph/cold: p50=22.848us
T=1 R=128 down_finalize/one_shot_bf16/bf16 O0/cuda_graph/hot: p50=16.352us
T=1 R=128 down_finalize/one_shot_bf16/bf16 O0/eager/cold: p50=23.856us
T=1 R=128 down_finalize/one_shot_bf16/bf16 O0/eager/hot: p50=54.512us
T=1 R=128 down_finalize/one_shot_fp32/bf16 O0/cuda_graph/cold: p50=23.024us
T=1 R=128 down_finalize/one_shot_fp32/bf16 O0/cuda_graph/hot: p50=16.256us
T=1 R=128 down_finalize/one_shot_fp32/bf16 O0/eager/cold: p50=24.208us
T=1 R=128 down_finalize/one_shot_fp32/bf16 O0/eager/hot: p50=54.352us
T=32 R=128 gate_a/bmm/bf16 O0/cuda_graph/cold: p50=85.280us
T=32 R=128 gate_a/bmm/bf16 O0/cuda_graph/hot: p50=82.144us
T=32 R=128 gate_a/bmm/bf16 O0/eager/cold: p50=115.536us
T=32 R=128 gate_a/bmm/bf16 O0/eager/hot: p50=165.136us
T=32 R=128 gate_a/segmented/bf16 O0/cuda_graph/cold: p50=80.752us
T=32 R=128 gate_a/segmented/bf16 O0/cuda_graph/hot: p50=70.512us
T=32 R=128 gate_a/segmented/bf16 O0/eager/cold: p50=147.680us
T=32 R=128 gate_a/segmented/bf16 O0/eager/hot: p50=196.400us
T=32 R=128 gate_a/aligned/bf16 O0/cuda_graph/cold: p50=45.440us
T=32 R=128 gate_a/aligned/bf16 O0/cuda_graph/hot: p50=36.272us
T=32 R=128 gate_a/aligned/bf16 O0/eager/cold: p50=122.320us
T=32 R=128 gate_a/aligned/bf16 O0/eager/hot: p50=170.432us
T=32 R=128 gate_a/indexed/bf16 O0/cuda_graph/cold: p50=38.976us
T=32 R=128 gate_a/indexed/bf16 O0/cuda_graph/hot: p50=38.208us
T=32 R=128 gate_a/indexed/bf16 O0/eager/cold: p50=39.840us
T=32 R=128 gate_a/indexed/bf16 O0/eager/hot: p50=39.440us
T=32 R=128 gate_consumer/bmm/bf16 O0/cuda_graph/cold: p50=60.320us
T=32 R=128 gate_consumer/bmm/bf16 O0/cuda_graph/hot: p50=51.744us
T=32 R=128 gate_consumer/bmm/bf16 O0/eager/cold: p50=129.856us
T=32 R=128 gate_consumer/bmm/bf16 O0/eager/hot: p50=179.760us
T=32 R=128 gate_consumer/segmented/bf16 O0/cuda_graph/cold: p50=69.552us
T=32 R=128 gate_consumer/segmented/bf16 O0/cuda_graph/hot: p50=61.792us
T=32 R=128 gate_consumer/segmented/bf16 O0/eager/cold: p50=152.784us
T=32 R=128 gate_consumer/segmented/bf16 O0/eager/hot: p50=201.680us
T=32 R=128 gate_consumer/aligned/bf16 O0/cuda_graph/cold: p50=43.120us
T=32 R=128 gate_consumer/aligned/bf16 O0/cuda_graph/hot: p50=36.160us
T=32 R=128 gate_consumer/aligned/bf16 O0/eager/cold: p50=139.456us
T=32 R=128 gate_consumer/aligned/bf16 O0/eager/hot: p50=188.752us
T=32 R=128 gate_consumer/indexed/bf16 O0/cuda_graph/cold: p50=25.968us
T=32 R=128 gate_consumer/indexed/bf16 O0/cuda_graph/hot: p50=23.728us
T=32 R=128 gate_consumer/indexed/bf16 O0/eager/cold: p50=26.752us
T=32 R=128 gate_consumer/indexed/bf16 O0/eager/hot: p50=53.008us
T=32 R=128 down_a/bmm/bf16 O0/cuda_graph/cold: p50=61.856us
T=32 R=128 down_a/bmm/bf16 O0/cuda_graph/hot: p50=55.632us
T=32 R=128 down_a/bmm/bf16 O0/eager/cold: p50=103.808us
T=32 R=128 down_a/bmm/bf16 O0/eager/hot: p50=155.456us
T=32 R=128 down_a/segmented/bf16 O0/cuda_graph/cold: p50=65.152us
T=32 R=128 down_a/segmented/bf16 O0/cuda_graph/hot: p50=58.304us
T=32 R=128 down_a/segmented/bf16 O0/eager/cold: p50=144.336us
T=32 R=128 down_a/segmented/bf16 O0/eager/hot: p50=194.112us
T=32 R=128 down_a/aligned/bf16 O0/cuda_graph/cold: p50=36.480us
T=32 R=128 down_a/aligned/bf16 O0/cuda_graph/hot: p50=30.912us
T=32 R=128 down_a/aligned/bf16 O0/eager/cold: p50=119.984us
T=32 R=128 down_a/aligned/bf16 O0/eager/hot: p50=170.544us
T=32 R=128 down_a/indexed/bf16 O0/cuda_graph/cold: p50=11.824us
T=32 R=128 down_a/indexed/bf16 O0/cuda_graph/hot: p50=12.064us
T=32 R=128 down_a/indexed/bf16 O0/eager/cold: p50=12.464us
T=32 R=128 down_a/indexed/bf16 O0/eager/hot: p50=31.504us
T=32 R=128 down_finalize/bmm/bf16 O0/cuda_graph/cold: p50=30.272us
T=32 R=128 down_finalize/bmm/bf16 O0/cuda_graph/hot: p50=25.008us
T=32 R=128 down_finalize/bmm/bf16 O0/eager/cold: p50=35.040us
T=32 R=128 down_finalize/bmm/bf16 O0/eager/hot: p50=77.904us
T=32 R=128 down_finalize/segmented/bf16 O0/cuda_graph/cold: p50=70.208us
T=32 R=128 down_finalize/segmented/bf16 O0/cuda_graph/hot: p50=63.136us
T=32 R=128 down_finalize/segmented/bf16 O0/eager/cold: p50=161.840us
T=32 R=128 down_finalize/segmented/bf16 O0/eager/hot: p50=210.592us
T=32 R=128 down_finalize/aligned/bf16 O0/cuda_graph/cold: p50=43.856us
T=32 R=128 down_finalize/aligned/bf16 O0/cuda_graph/hot: p50=35.920us
T=32 R=128 down_finalize/aligned/bf16 O0/eager/cold: p50=145.840us
T=32 R=128 down_finalize/aligned/bf16 O0/eager/hot: p50=196.128us
T=32 R=128 down_finalize/indexed/bf16 O0/cuda_graph/cold: p50=29.504us
T=32 R=128 down_finalize/indexed/bf16 O0/cuda_graph/hot: p50=24.576us
T=32 R=128 down_finalize/indexed/bf16 O0/eager/cold: p50=29.680us
T=32 R=128 down_finalize/indexed/bf16 O0/eager/hot: p50=34.816us
T=32 R=128 down_finalize/one_shot_bf16/bf16 O0/cuda_graph/cold: p50=230.528us
T=32 R=128 down_finalize/one_shot_bf16/bf16 O0/cuda_graph/hot: p50=229.728us
T=32 R=128 down_finalize/one_shot_bf16/bf16 O0/eager/cold: p50=233.648us
T=32 R=128 down_finalize/one_shot_bf16/bf16 O0/eager/hot: p50=231.536us
T=32 R=128 down_finalize/one_shot_fp32/bf16 O0/cuda_graph/cold: p50=230.032us
T=32 R=128 down_finalize/one_shot_fp32/bf16 O0/cuda_graph/hot: p50=229.600us
T=32 R=128 down_finalize/one_shot_fp32/bf16 O0/eager/cold: p50=231.328us
T=32 R=128 down_finalize/one_shot_fp32/bf16 O0/eager/hot: p50=230.848us
T=256 R=128 gate_a/bmm/bf16 O0/cuda_graph/cold: p50=94.928us
T=256 R=128 gate_a/bmm/bf16 O0/cuda_graph/hot: p50=93.568us
T=256 R=128 gate_a/bmm/bf16 O0/eager/cold: p50=121.056us
T=256 R=128 gate_a/bmm/bf16 O0/eager/hot: p50=169.952us
T=256 R=128 gate_a/segmented/bf16 O0/cuda_graph/cold: p50=88.544us
T=256 R=128 gate_a/segmented/bf16 O0/cuda_graph/hot: p50=89.712us
T=256 R=128 gate_a/segmented/bf16 O0/eager/cold: p50=149.600us
T=256 R=128 gate_a/segmented/bf16 O0/eager/hot: p50=201.968us
T=256 R=128 gate_a/aligned/bf16 O0/cuda_graph/cold: p50=55.136us
T=256 R=128 gate_a/aligned/bf16 O0/cuda_graph/hot: p50=53.600us
T=256 R=128 gate_a/aligned/bf16 O0/eager/cold: p50=127.024us
T=256 R=128 gate_a/aligned/bf16 O0/eager/hot: p50=177.600us
T=256 R=128 gate_a/indexed/bf16 O0/cuda_graph/cold: p50=233.568us
T=256 R=128 gate_a/indexed/bf16 O0/cuda_graph/hot: p50=233.024us
T=256 R=128 gate_a/indexed/bf16 O0/eager/cold: p50=234.288us
T=256 R=128 gate_a/indexed/bf16 O0/eager/hot: p50=233.616us
T=256 R=128 gate_consumer/bmm/bf16 O0/cuda_graph/cold: p50=75.552us
T=256 R=128 gate_consumer/bmm/bf16 O0/cuda_graph/hot: p50=75.488us
T=256 R=128 gate_consumer/bmm/bf16 O0/eager/cold: p50=128.192us
T=256 R=128 gate_consumer/bmm/bf16 O0/eager/hot: p50=179.072us
T=256 R=128 gate_consumer/segmented/bf16 O0/cuda_graph/cold: p50=83.840us
T=256 R=128 gate_consumer/segmented/bf16 O0/cuda_graph/hot: p50=76.528us
T=256 R=128 gate_consumer/segmented/bf16 O0/eager/cold: p50=156.048us
T=256 R=128 gate_consumer/segmented/bf16 O0/eager/hot: p50=204.128us
T=256 R=128 gate_consumer/aligned/bf16 O0/cuda_graph/cold: p50=54.320us
T=256 R=128 gate_consumer/aligned/bf16 O0/cuda_graph/hot: p50=44.592us
T=256 R=128 gate_consumer/aligned/bf16 O0/eager/cold: p50=145.984us
T=256 R=128 gate_consumer/aligned/bf16 O0/eager/hot: p50=190.832us
T=256 R=128 gate_consumer/indexed/bf16 O0/cuda_graph/cold: p50=130.496us
T=256 R=128 gate_consumer/indexed/bf16 O0/cuda_graph/hot: p50=125.616us
T=256 R=128 gate_consumer/indexed/bf16 O0/eager/cold: p50=131.760us
T=256 R=128 gate_consumer/indexed/bf16 O0/eager/hot: p50=125.872us
T=256 R=128 down_a/bmm/bf16 O0/cuda_graph/cold: p50=67.600us
T=256 R=128 down_a/bmm/bf16 O0/cuda_graph/hot: p50=61.216us
T=256 R=128 down_a/bmm/bf16 O0/eager/cold: p50=103.968us
T=256 R=128 down_a/bmm/bf16 O0/eager/hot: p50=156.064us
T=256 R=128 down_a/segmented/bf16 O0/cuda_graph/cold: p50=68.480us
T=256 R=128 down_a/segmented/bf16 O0/cuda_graph/hot: p50=63.904us
T=256 R=128 down_a/segmented/bf16 O0/eager/cold: p50=144.256us
T=256 R=128 down_a/segmented/bf16 O0/eager/hot: p50=194.256us
T=256 R=128 down_a/aligned/bf16 O0/cuda_graph/cold: p50=40.160us
T=256 R=128 down_a/aligned/bf16 O0/cuda_graph/hot: p50=35.616us
T=256 R=128 down_a/aligned/bf16 O0/eager/cold: p50=120.736us
T=256 R=128 down_a/aligned/bf16 O0/eager/hot: p50=172.080us
T=256 R=128 down_a/indexed/bf16 O0/cuda_graph/cold: p50=40.416us
T=256 R=128 down_a/indexed/bf16 O0/cuda_graph/hot: p50=39.712us
T=256 R=128 down_a/indexed/bf16 O0/eager/cold: p50=41.824us
T=256 R=128 down_a/indexed/bf16 O0/eager/hot: p50=40.224us
T=256 R=128 down_finalize/bmm/bf16 O0/cuda_graph/cold: p50=47.840us
T=256 R=128 down_finalize/bmm/bf16 O0/cuda_graph/hot: p50=47.520us
T=256 R=128 down_finalize/bmm/bf16 O0/eager/cold: p50=54.208us
T=256 R=128 down_finalize/bmm/bf16 O0/eager/hot: p50=79.824us
T=256 R=128 down_finalize/segmented/bf16 O0/cuda_graph/cold: p50=112.736us
T=256 R=128 down_finalize/segmented/bf16 O0/cuda_graph/hot: p50=107.200us
T=256 R=128 down_finalize/segmented/bf16 O0/eager/cold: p50=168.976us
T=256 R=128 down_finalize/segmented/bf16 O0/eager/hot: p50=218.112us
T=256 R=128 down_finalize/aligned/bf16 O0/cuda_graph/cold: p50=62.720us
T=256 R=128 down_finalize/aligned/bf16 O0/cuda_graph/hot: p50=55.888us
T=256 R=128 down_finalize/aligned/bf16 O0/eager/cold: p50=149.600us
T=256 R=128 down_finalize/aligned/bf16 O0/eager/hot: p50=197.328us
T=256 R=128 down_finalize/indexed/bf16 O0/cuda_graph/cold: p50=163.952us
T=256 R=128 down_finalize/indexed/bf16 O0/cuda_graph/hot: p50=160.832us
T=256 R=128 down_finalize/indexed/bf16 O0/eager/cold: p50=164.128us
T=256 R=128 down_finalize/indexed/bf16 O0/eager/hot: p50=160.816us
T=256 R=128 down_finalize/one_shot_bf16/bf16 O0/cuda_graph/cold: p50=1792.192us
T=256 R=128 down_finalize/one_shot_bf16/bf16 O0/cuda_graph/hot: p50=1793.760us
T=256 R=128 down_finalize/one_shot_bf16/bf16 O0/eager/cold: p50=1797.744us
T=256 R=128 down_finalize/one_shot_bf16/bf16 O0/eager/hot: p50=1798.960us
T=256 R=128 down_finalize/one_shot_fp32/bf16 O0/cuda_graph/cold: p50=1793.968us
T=256 R=128 down_finalize/one_shot_fp32/bf16 O0/cuda_graph/hot: p50=1794.576us
T=256 R=128 down_finalize/one_shot_fp32/bf16 O0/eager/cold: p50=1795.264us
T=256 R=128 down_finalize/one_shot_fp32/bf16 O0/eager/hot: p50=1800.640us
T=2048 R=128 gate_a/bmm/bf16 O0/cuda_graph/cold: p50=203.888us
T=2048 R=128 gate_a/bmm/bf16 O0/cuda_graph/hot: p50=207.120us
T=2048 R=128 gate_a/bmm/bf16 O0/eager/cold: p50=223.392us
T=2048 R=128 gate_a/bmm/bf16 O0/eager/hot: p50=223.728us
T=2048 R=128 gate_a/segmented/bf16 O0/cuda_graph/cold: p50=245.552us
T=2048 R=128 gate_a/segmented/bf16 O0/cuda_graph/hot: p50=245.088us
T=2048 R=128 gate_a/segmented/bf16 O0/eager/cold: p50=261.328us
T=2048 R=128 gate_a/segmented/bf16 O0/eager/hot: p50=261.024us
T=2048 R=128 gate_a/aligned/bf16 O0/cuda_graph/cold: p50=162.256us
T=2048 R=128 gate_a/aligned/bf16 O0/cuda_graph/hot: p50=161.728us
T=2048 R=128 gate_a/aligned/bf16 O0/eager/cold: p50=176.464us
T=2048 R=128 gate_a/aligned/bf16 O0/eager/hot: p50=178.128us
T=2048 R=128 gate_a/indexed/bf16 O0/cuda_graph/cold: p50=1799.904us
T=2048 R=128 gate_a/indexed/bf16 O0/cuda_graph/hot: p50=1802.528us
T=2048 R=128 gate_a/indexed/bf16 O0/eager/cold: p50=1806.784us
T=2048 R=128 gate_a/indexed/bf16 O0/eager/hot: p50=1810.560us
T=2048 R=128 gate_consumer/bmm/bf16 O0/cuda_graph/cold: p50=329.920us
T=2048 R=128 gate_consumer/bmm/bf16 O0/cuda_graph/hot: p50=329.440us
T=2048 R=128 gate_consumer/bmm/bf16 O0/eager/cold: p50=360.368us
T=2048 R=128 gate_consumer/bmm/bf16 O0/eager/hot: p50=358.880us
T=2048 R=128 gate_consumer/segmented/bf16 O0/cuda_graph/cold: p50=280.848us
T=2048 R=128 gate_consumer/segmented/bf16 O0/cuda_graph/hot: p50=280.192us
T=2048 R=128 gate_consumer/segmented/bf16 O0/eager/cold: p50=295.328us
T=2048 R=128 gate_consumer/segmented/bf16 O0/eager/hot: p50=289.072us
T=2048 R=128 gate_consumer/aligned/bf16 O0/cuda_graph/cold: p50=139.168us
T=2048 R=128 gate_consumer/aligned/bf16 O0/cuda_graph/hot: p50=134.480us
T=2048 R=128 gate_consumer/aligned/bf16 O0/eager/cold: p50=157.328us
T=2048 R=128 gate_consumer/aligned/bf16 O0/eager/hot: p50=196.640us
T=2048 R=128 gate_consumer/indexed/bf16 O0/cuda_graph/cold: p50=961.328us
T=2048 R=128 gate_consumer/indexed/bf16 O0/cuda_graph/hot: p50=951.040us
T=2048 R=128 gate_consumer/indexed/bf16 O0/eager/cold: p50=956.256us
T=2048 R=128 gate_consumer/indexed/bf16 O0/eager/hot: p50=951.648us
T=2048 R=128 down_a/bmm/bf16 O0/cuda_graph/cold: p50=131.424us
T=2048 R=128 down_a/bmm/bf16 O0/cuda_graph/hot: p50=132.032us
T=2048 R=128 down_a/bmm/bf16 O0/eager/cold: p50=154.272us
T=2048 R=128 down_a/bmm/bf16 O0/eager/hot: p50=192.912us
T=2048 R=128 down_a/segmented/bf16 O0/cuda_graph/cold: p50=137.600us
T=2048 R=128 down_a/segmented/bf16 O0/cuda_graph/hot: p50=135.008us
T=2048 R=128 down_a/segmented/bf16 O0/eager/cold: p50=176.800us
T=2048 R=128 down_a/segmented/bf16 O0/eager/hot: p50=226.368us
T=2048 R=128 down_a/aligned/bf16 O0/cuda_graph/cold: p50=54.624us
T=2048 R=128 down_a/aligned/bf16 O0/cuda_graph/hot: p50=51.696us
T=2048 R=128 down_a/aligned/bf16 O0/eager/cold: p50=72.976us
T=2048 R=128 down_a/aligned/bf16 O0/eager/hot: p50=175.824us
T=2048 R=128 down_a/indexed/bf16 O0/cuda_graph/cold: p50=261.376us
T=2048 R=128 down_a/indexed/bf16 O0/cuda_graph/hot: p50=257.568us
T=2048 R=128 down_a/indexed/bf16 O0/eager/cold: p50=262.336us
T=2048 R=128 down_a/indexed/bf16 O0/eager/hot: p50=258.464us
T=2048 R=128 down_finalize/bmm/bf16 O0/cuda_graph/cold: p50=223.648us
T=2048 R=128 down_finalize/bmm/bf16 O0/cuda_graph/hot: p50=221.968us
T=2048 R=128 down_finalize/bmm/bf16 O0/eager/cold: p50=230.976us
T=2048 R=128 down_finalize/bmm/bf16 O0/eager/hot: p50=229.920us
T=2048 R=128 down_finalize/segmented/bf16 O0/cuda_graph/cold: p50=547.584us
T=2048 R=128 down_finalize/segmented/bf16 O0/cuda_graph/hot: p50=550.080us
T=2048 R=128 down_finalize/segmented/bf16 O0/eager/cold: p50=565.600us
T=2048 R=128 down_finalize/segmented/bf16 O0/eager/hot: p50=566.464us
T=2048 R=128 down_finalize/aligned/bf16 O0/cuda_graph/cold: p50=210.464us
T=2048 R=128 down_finalize/aligned/bf16 O0/cuda_graph/hot: p50=210.608us
T=2048 R=128 down_finalize/aligned/bf16 O0/eager/cold: p50=228.720us
T=2048 R=128 down_finalize/aligned/bf16 O0/eager/hot: p50=226.400us
T=2048 R=128 down_finalize/indexed/bf16 O0/cuda_graph/cold: p50=1248.688us
T=2048 R=128 down_finalize/indexed/bf16 O0/cuda_graph/hot: p50=1247.296us
T=2048 R=128 down_finalize/indexed/bf16 O0/eager/cold: p50=1249.392us
T=2048 R=128 down_finalize/indexed/bf16 O0/eager/hot: p50=1246.416us
T=2048 R=128 down_finalize/one_shot_bf16/bf16 O0/cuda_graph/cold: p50=14379.664us
T=2048 R=128 down_finalize/one_shot_bf16/bf16 O0/cuda_graph/hot: p50=14385.184us
T=2048 R=128 down_finalize/one_shot_bf16/bf16 O0/eager/cold: p50=15076.112us
T=2048 R=128 down_finalize/one_shot_bf16/bf16 O0/eager/hot: p50=14428.016us
T=2048 R=128 down_finalize/one_shot_fp32/bf16 O0/cuda_graph/cold: p50=14520.336us
T=2048 R=128 down_finalize/one_shot_fp32/bf16 O0/cuda_graph/hot: p50=15518.800us
T=2048 R=128 down_finalize/one_shot_fp32/bf16 O0/eager/cold: p50=14639.008us
T=2048 R=128 down_finalize/one_shot_fp32/bf16 O0/eager/hot: p50=14615.584us
