T=1 R=128 gate_a/indexed/bf16 K0/eager/hot: p50=35.280us
T=1 R=128 gate_a/indexed/bf16 K0/eager/cold: p50=19.216us
T=1 R=128 gate_a/indexed/bf16 K0/cuda_graph/hot: p50=13.168us
T=1 R=128 gate_a/indexed/bf16 K0/cuda_graph/cold: p50=17.984us
T=1 R=128 gate_a/aligned/bf16 K0/eager/hot: p50=38.000us
T=1 R=128 gate_a/aligned/bf16 K0/eager/cold: p50=12.960us
T=1 R=128 gate_a/aligned/bf16 K0/cuda_graph/hot: p50=11.088us
T=1 R=128 gate_a/aligned/bf16 K0/cuda_graph/cold: p50=12.544us
T=1 R=128 gate_a/segmented/bf16 K0/eager/hot: p50=37.184us
T=1 R=128 gate_a/segmented/bf16 K0/eager/cold: p50=22.400us
T=1 R=128 gate_a/segmented/bf16 K0/cuda_graph/hot: p50=14.432us
T=1 R=128 gate_a/segmented/bf16 K0/cuda_graph/cold: p50=21.808us
T=1 R=128 gate_a/bmm/bf16 K0/eager/hot: p50=62.368us
T=1 R=128 gate_a/bmm/bf16 K0/eager/cold: p50=28.320us
T=1 R=128 gate_a/bmm/bf16 K0/cuda_graph/hot: p50=19.600us
T=1 R=128 gate_a/bmm/bf16 K0/cuda_graph/cold: p50=23.760us
T=1 R=128 gate_consumer/indexed/bf16 K0/eager/hot: p50=51.360us
T=1 R=128 gate_consumer/indexed/bf16 K0/eager/cold: p50=14.960us
T=1 R=128 gate_consumer/indexed/bf16 K0/cuda_graph/hot: p50=13.360us
T=1 R=128 gate_consumer/indexed/bf16 K0/cuda_graph/cold: p50=14.192us
T=1 R=128 gate_consumer/aligned/bf16 K0/eager/hot: p50=58.304us
T=1 R=128 gate_consumer/aligned/bf16 K0/eager/cold: p50=13.488us
T=1 R=128 gate_consumer/aligned/bf16 K0/cuda_graph/hot: p50=10.688us
T=1 R=128 gate_consumer/aligned/bf16 K0/cuda_graph/cold: p50=12.128us
T=1 R=128 gate_consumer/segmented/bf16 K0/eager/hot: p50=43.568us
T=1 R=128 gate_consumer/segmented/bf16 K0/eager/cold: p50=12.752us
T=1 R=128 gate_consumer/segmented/bf16 K0/cuda_graph/hot: p50=10.800us
T=1 R=128 gate_consumer/segmented/bf16 K0/cuda_graph/cold: p50=12.400us
T=1 R=128 gate_consumer/bmm/bf16 K0/eager/hot: p50=199.056us
T=1 R=128 gate_consumer/bmm/bf16 K0/eager/cold: p50=143.648us
T=1 R=128 gate_consumer/bmm/bf16 K0/cuda_graph/hot: p50=43.392us
T=1 R=128 gate_consumer/bmm/bf16 K0/cuda_graph/cold: p50=49.408us
T=1 R=128 down_a/indexed/bf16 K0/eager/hot: p50=33.456us
T=1 R=128 down_a/indexed/bf16 K0/eager/cold: p50=10.560us
T=1 R=128 down_a/indexed/bf16 K0/cuda_graph/hot: p50=10.656us
T=1 R=128 down_a/indexed/bf16 K0/cuda_graph/cold: p50=9.968us
T=1 R=128 down_a/aligned/bf16 K0/eager/hot: p50=37.600us
T=1 R=128 down_a/aligned/bf16 K0/eager/cold: p50=9.200us
T=1 R=128 down_a/aligned/bf16 K0/cuda_graph/hot: p50=10.672us
T=1 R=128 down_a/aligned/bf16 K0/cuda_graph/cold: p50=8.416us
T=1 R=128 down_a/segmented/bf16 K0/eager/hot: p50=35.184us
T=1 R=128 down_a/segmented/bf16 K0/eager/cold: p50=11.456us
T=1 R=128 down_a/segmented/bf16 K0/cuda_graph/hot: p50=10.864us
T=1 R=128 down_a/segmented/bf16 K0/cuda_graph/cold: p50=10.960us
T=1 R=128 down_a/bmm/bf16 K0/eager/hot: p50=51.744us
T=1 R=128 down_a/bmm/bf16 K0/eager/cold: p50=19.600us
T=1 R=128 down_a/bmm/bf16 K0/cuda_graph/hot: p50=14.752us
T=1 R=128 down_a/bmm/bf16 K0/cuda_graph/cold: p50=17.952us
T=1 R=128 down_finalize/indexed/bf16 K0/eager/hot: p50=32.240us
T=1 R=128 down_finalize/indexed/bf16 K0/eager/cold: p50=12.432us
T=1 R=128 down_finalize/indexed/bf16 K0/cuda_graph/hot: p50=11.120us
T=1 R=128 down_finalize/indexed/bf16 K0/cuda_graph/cold: p50=12.176us
T=1 R=128 down_finalize/aligned/bf16 K0/eager/hot: p50=60.672us
T=1 R=128 down_finalize/aligned/bf16 K0/eager/cold: p50=13.120us
T=1 R=128 down_finalize/aligned/bf16 K0/cuda_graph/hot: p50=10.960us
T=1 R=128 down_finalize/aligned/bf16 K0/cuda_graph/cold: p50=12.256us
T=1 R=128 down_finalize/segmented/bf16 K0/eager/hot: p50=55.632us
T=1 R=128 down_finalize/segmented/bf16 K0/eager/cold: p50=13.360us
T=1 R=128 down_finalize/segmented/bf16 K0/cuda_graph/hot: p50=11.312us
T=1 R=128 down_finalize/segmented/bf16 K0/cuda_graph/cold: p50=12.016us
T=1 R=128 down_finalize/bmm/bf16 K0/eager/hot: p50=86.784us
T=1 R=128 down_finalize/bmm/bf16 K0/eager/cold: p50=35.024us
T=1 R=128 down_finalize/bmm/bf16 K0/cuda_graph/hot: p50=16.736us
T=1 R=128 down_finalize/bmm/bf16 K0/cuda_graph/cold: p50=19.520us
T=1 R=128 down_finalize/one_shot_bf16/bf16 K0/eager/hot: p50=57.008us
T=1 R=128 down_finalize/one_shot_bf16/bf16 K0/eager/cold: p50=25.952us
T=1 R=128 down_finalize/one_shot_bf16/bf16 K0/cuda_graph/hot: p50=16.592us
T=1 R=128 down_finalize/one_shot_bf16/bf16 K0/cuda_graph/cold: p50=22.800us
T=1 R=128 down_finalize/one_shot_fp32/bf16 K0/eager/hot: p50=57.744us
T=1 R=128 down_finalize/one_shot_fp32/bf16 K0/eager/cold: p50=25.904us
T=1 R=128 down_finalize/one_shot_fp32/bf16 K0/cuda_graph/hot: p50=16.464us
T=1 R=128 down_finalize/one_shot_fp32/bf16 K0/cuda_graph/cold: p50=23.456us
T=32 R=128 gate_a/indexed/bf16 K0/eager/hot: p50=39.296us
T=32 R=128 gate_a/indexed/bf16 K0/eager/cold: p50=40.048us
T=32 R=128 gate_a/indexed/bf16 K0/cuda_graph/hot: p50=38.640us
T=32 R=128 gate_a/indexed/bf16 K0/cuda_graph/cold: p50=39.120us
T=32 R=128 gate_a/aligned/bf16 K0/eager/hot: p50=39.680us
T=32 R=128 gate_a/aligned/bf16 K0/eager/cold: p50=21.856us
T=32 R=128 gate_a/aligned/bf16 K0/cuda_graph/hot: p50=14.336us
T=32 R=128 gate_a/aligned/bf16 K0/cuda_graph/cold: p50=20.128us
T=32 R=128 gate_a/segmented/bf16 K0/eager/hot: p50=40.288us
T=32 R=128 gate_a/segmented/bf16 K0/eager/cold: p50=29.328us
T=32 R=128 gate_a/segmented/bf16 K0/cuda_graph/hot: p50=20.912us
T=32 R=128 gate_a/segmented/bf16 K0/cuda_graph/cold: p50=28.288us
T=32 R=128 gate_a/bmm/bf16 K0/eager/hot: p50=66.496us
T=32 R=128 gate_a/bmm/bf16 K0/eager/cold: p50=48.480us
T=32 R=128 gate_a/bmm/bf16 K0/cuda_graph/hot: p50=39.200us
T=32 R=128 gate_a/bmm/bf16 K0/cuda_graph/cold: p50=42.000us
T=32 R=128 gate_consumer/indexed/bf16 K0/eager/hot: p50=56.112us
T=32 R=128 gate_consumer/indexed/bf16 K0/eager/cold: p50=26.880us
T=32 R=128 gate_consumer/indexed/bf16 K0/cuda_graph/hot: p50=24.016us
T=32 R=128 gate_consumer/indexed/bf16 K0/cuda_graph/cold: p50=26.000us
T=32 R=128 gate_consumer/aligned/bf16 K0/eager/hot: p50=57.440us
T=32 R=128 gate_consumer/aligned/bf16 K0/eager/cold: p50=19.056us
T=32 R=128 gate_consumer/aligned/bf16 K0/cuda_graph/hot: p50=13.984us
T=32 R=128 gate_consumer/aligned/bf16 K0/cuda_graph/cold: p50=17.888us
T=32 R=128 gate_consumer/segmented/bf16 K0/eager/hot: p50=20.800us
T=32 R=128 gate_consumer/segmented/bf16 K0/eager/cold: p50=17.520us
T=32 R=128 gate_consumer/segmented/bf16 K0/cuda_graph/hot: p50=14.320us
T=32 R=128 gate_consumer/segmented/bf16 K0/cuda_graph/cold: p50=16.512us
T=32 R=128 gate_consumer/bmm/bf16 K0/eager/hot: p50=193.552us
T=32 R=128 gate_consumer/bmm/bf16 K0/eager/cold: p50=142.512us
T=32 R=128 gate_consumer/bmm/bf16 K0/cuda_graph/hot: p50=48.160us
T=32 R=128 gate_consumer/bmm/bf16 K0/cuda_graph/cold: p50=52.896us
T=32 R=128 down_a/indexed/bf16 K0/eager/hot: p50=33.280us
T=32 R=128 down_a/indexed/bf16 K0/eager/cold: p50=12.096us
T=32 R=128 down_a/indexed/bf16 K0/cuda_graph/hot: p50=15.952us
T=32 R=128 down_a/indexed/bf16 K0/cuda_graph/cold: p50=11.200us
T=32 R=128 down_a/aligned/bf16 K0/eager/hot: p50=38.400us
T=32 R=128 down_a/aligned/bf16 K0/eager/cold: p50=10.864us
T=32 R=128 down_a/aligned/bf16 K0/cuda_graph/hot: p50=10.880us
T=32 R=128 down_a/aligned/bf16 K0/cuda_graph/cold: p50=10.784us
T=32 R=128 down_a/segmented/bf16 K0/eager/hot: p50=35.312us
T=32 R=128 down_a/segmented/bf16 K0/eager/cold: p50=12.944us
T=32 R=128 down_a/segmented/bf16 K0/cuda_graph/hot: p50=11.408us
T=32 R=128 down_a/segmented/bf16 K0/cuda_graph/cold: p50=12.576us
T=32 R=128 down_a/bmm/bf16 K0/eager/hot: p50=52.368us
T=32 R=128 down_a/bmm/bf16 K0/eager/cold: p50=22.768us
T=32 R=128 down_a/bmm/bf16 K0/cuda_graph/hot: p50=15.728us
T=32 R=128 down_a/bmm/bf16 K0/cuda_graph/cold: p50=18.896us
T=32 R=128 down_finalize/indexed/bf16 K0/eager/hot: p50=36.224us
T=32 R=128 down_finalize/indexed/bf16 K0/eager/cold: p50=29.456us
T=32 R=128 down_finalize/indexed/bf16 K0/cuda_graph/hot: p50=24.656us
T=32 R=128 down_finalize/indexed/bf16 K0/cuda_graph/cold: p50=29.504us
T=32 R=128 down_finalize/aligned/bf16 K0/eager/hot: p50=60.848us
T=32 R=128 down_finalize/aligned/bf16 K0/eager/cold: p50=21.376us
T=32 R=128 down_finalize/aligned/bf16 K0/cuda_graph/hot: p50=14.320us
T=32 R=128 down_finalize/aligned/bf16 K0/cuda_graph/cold: p50=18.736us
T=32 R=128 down_finalize/segmented/bf16 K0/eager/hot: p50=55.792us
T=32 R=128 down_finalize/segmented/bf16 K0/eager/cold: p50=18.832us
T=32 R=128 down_finalize/segmented/bf16 K0/cuda_graph/hot: p50=14.688us
T=32 R=128 down_finalize/segmented/bf16 K0/cuda_graph/cold: p50=17.920us
T=32 R=128 down_finalize/bmm/bf16 K0/eager/hot: p50=86.320us
T=32 R=128 down_finalize/bmm/bf16 K0/eager/cold: p50=35.680us
T=32 R=128 down_finalize/bmm/bf16 K0/cuda_graph/hot: p50=25.744us
T=32 R=128 down_finalize/bmm/bf16 K0/cuda_graph/cold: p50=30.736us
T=32 R=128 down_finalize/one_shot_bf16/bf16 K0/eager/hot: p50=232.112us
T=32 R=128 down_finalize/one_shot_bf16/bf16 K0/eager/cold: p50=231.744us
T=32 R=128 down_finalize/one_shot_bf16/bf16 K0/cuda_graph/hot: p50=230.400us
T=32 R=128 down_finalize/one_shot_bf16/bf16 K0/cuda_graph/cold: p50=230.928us
T=32 R=128 down_finalize/one_shot_fp32/bf16 K0/eager/hot: p50=230.832us
T=32 R=128 down_finalize/one_shot_fp32/bf16 K0/eager/cold: p50=233.808us
T=32 R=128 down_finalize/one_shot_fp32/bf16 K0/cuda_graph/hot: p50=229.248us
T=32 R=128 down_finalize/one_shot_fp32/bf16 K0/cuda_graph/cold: p50=229.600us
T=256 R=128 gate_a/indexed/bf16 K0/eager/hot: p50=233.632us
T=256 R=128 gate_a/indexed/bf16 K0/eager/cold: p50=234.896us
T=256 R=128 gate_a/indexed/bf16 K0/cuda_graph/hot: p50=233.152us
T=256 R=128 gate_a/indexed/bf16 K0/cuda_graph/cold: p50=233.232us
T=256 R=128 gate_a/aligned/bf16 K0/eager/hot: p50=43.104us
T=256 R=128 gate_a/aligned/bf16 K0/eager/cold: p50=27.584us
T=256 R=128 gate_a/aligned/bf16 K0/cuda_graph/hot: p50=26.304us
T=256 R=128 gate_a/aligned/bf16 K0/cuda_graph/cold: p50=27.024us
T=256 R=128 gate_a/segmented/bf16 K0/eager/hot: p50=41.216us
T=256 R=128 gate_a/segmented/bf16 K0/eager/cold: p50=34.960us
T=256 R=128 gate_a/segmented/bf16 K0/cuda_graph/hot: p50=34.208us
T=256 R=128 gate_a/segmented/bf16 K0/cuda_graph/cold: p50=33.984us
T=256 R=128 gate_a/bmm/bf16 K0/eager/hot: p50=64.912us
T=256 R=128 gate_a/bmm/bf16 K0/eager/cold: p50=53.968us
T=256 R=128 gate_a/bmm/bf16 K0/cuda_graph/hot: p50=46.000us
T=256 R=128 gate_a/bmm/bf16 K0/cuda_graph/cold: p50=48.096us
T=256 R=128 gate_consumer/indexed/bf16 K0/eager/hot: p50=125.856us
T=256 R=128 gate_consumer/indexed/bf16 K0/eager/cold: p50=131.216us
T=256 R=128 gate_consumer/indexed/bf16 K0/cuda_graph/hot: p50=125.312us
T=256 R=128 gate_consumer/indexed/bf16 K0/cuda_graph/cold: p50=130.480us
T=256 R=128 gate_consumer/aligned/bf16 K0/eager/hot: p50=62.128us
T=256 R=128 gate_consumer/aligned/bf16 K0/eager/cold: p50=26.880us
T=256 R=128 gate_consumer/aligned/bf16 K0/cuda_graph/hot: p50=20.592us
T=256 R=128 gate_consumer/aligned/bf16 K0/cuda_graph/cold: p50=26.256us
T=256 R=128 gate_consumer/segmented/bf16 K0/eager/hot: p50=48.352us
T=256 R=128 gate_consumer/segmented/bf16 K0/eager/cold: p50=28.720us
T=256 R=128 gate_consumer/segmented/bf16 K0/cuda_graph/hot: p50=24.544us
T=256 R=128 gate_consumer/segmented/bf16 K0/cuda_graph/cold: p50=28.288us
T=256 R=128 gate_consumer/bmm/bf16 K0/eager/hot: p50=195.904us
T=256 R=128 gate_consumer/bmm/bf16 K0/eager/cold: p50=144.784us
T=256 R=128 gate_consumer/bmm/bf16 K0/cuda_graph/hot: p50=75.488us
T=256 R=128 gate_consumer/bmm/bf16 K0/cuda_graph/cold: p50=76.288us
T=256 R=128 down_a/indexed/bf16 K0/eager/hot: p50=39.744us
T=256 R=128 down_a/indexed/bf16 K0/eager/cold: p50=41.008us
T=256 R=128 down_a/indexed/bf16 K0/cuda_graph/hot: p50=39.136us
T=256 R=128 down_a/indexed/bf16 K0/cuda_graph/cold: p50=40.512us
T=256 R=128 down_a/aligned/bf16 K0/eager/hot: p50=39.648us
T=256 R=128 down_a/aligned/bf16 K0/eager/cold: p50=13.184us
T=256 R=128 down_a/aligned/bf16 K0/cuda_graph/hot: p50=12.928us
T=256 R=128 down_a/aligned/bf16 K0/cuda_graph/cold: p50=12.960us
T=256 R=128 down_a/segmented/bf16 K0/eager/hot: p50=38.256us
T=256 R=128 down_a/segmented/bf16 K0/eager/cold: p50=13.920us
T=256 R=128 down_a/segmented/bf16 K0/cuda_graph/hot: p50=12.992us
T=256 R=128 down_a/segmented/bf16 K0/cuda_graph/cold: p50=13.232us
T=256 R=128 down_a/bmm/bf16 K0/eager/hot: p50=52.064us
T=256 R=128 down_a/bmm/bf16 K0/eager/cold: p50=24.672us
T=256 R=128 down_a/bmm/bf16 K0/cuda_graph/hot: p50=16.960us
T=256 R=128 down_a/bmm/bf16 K0/cuda_graph/cold: p50=20.096us
T=256 R=128 down_finalize/indexed/bf16 K0/eager/hot: p50=160.800us
T=256 R=128 down_finalize/indexed/bf16 K0/eager/cold: p50=163.904us
T=256 R=128 down_finalize/indexed/bf16 K0/cuda_graph/hot: p50=160.976us
T=256 R=128 down_finalize/indexed/bf16 K0/cuda_graph/cold: p50=163.648us
T=256 R=128 down_finalize/aligned/bf16 K0/eager/hot: p50=60.800us
T=256 R=128 down_finalize/aligned/bf16 K0/eager/cold: p50=36.656us
T=256 R=128 down_finalize/aligned/bf16 K0/cuda_graph/hot: p50=30.672us
T=256 R=128 down_finalize/aligned/bf16 K0/cuda_graph/cold: p50=34.864us
T=256 R=128 down_finalize/segmented/bf16 K0/eager/hot: p50=60.672us
T=256 R=128 down_finalize/segmented/bf16 K0/eager/cold: p50=57.824us
T=256 R=128 down_finalize/segmented/bf16 K0/cuda_graph/hot: p50=53.792us
T=256 R=128 down_finalize/segmented/bf16 K0/cuda_graph/cold: p50=56.656us
T=256 R=128 down_finalize/bmm/bf16 K0/eager/hot: p50=86.656us
T=256 R=128 down_finalize/bmm/bf16 K0/eager/cold: p50=53.904us
T=256 R=128 down_finalize/bmm/bf16 K0/cuda_graph/hot: p50=47.760us
T=256 R=128 down_finalize/bmm/bf16 K0/cuda_graph/cold: p50=48.032us
T=256 R=128 down_finalize/one_shot_bf16/bf16 K0/eager/hot: p50=1801.648us
T=256 R=128 down_finalize/one_shot_bf16/bf16 K0/eager/cold: p50=1802.320us
T=256 R=128 down_finalize/one_shot_bf16/bf16 K0/cuda_graph/hot: p50=1802.688us
T=256 R=128 down_finalize/one_shot_bf16/bf16 K0/cuda_graph/cold: p50=1800.720us
T=256 R=128 down_finalize/one_shot_fp32/bf16 K0/eager/hot: p50=1801.936us
T=256 R=128 down_finalize/one_shot_fp32/bf16 K0/eager/cold: p50=1802.384us
T=256 R=128 down_finalize/one_shot_fp32/bf16 K0/cuda_graph/hot: p50=1800.464us
T=256 R=128 down_finalize/one_shot_fp32/bf16 K0/cuda_graph/cold: p50=1798.864us
T=2048 R=128 gate_a/indexed/bf16 K0/eager/hot: p50=1803.856us
T=2048 R=128 gate_a/indexed/bf16 K0/eager/cold: p50=1807.568us
T=2048 R=128 gate_a/indexed/bf16 K0/cuda_graph/hot: p50=1807.744us
T=2048 R=128 gate_a/indexed/bf16 K0/cuda_graph/cold: p50=1808.496us
T=2048 R=128 gate_a/aligned/bf16 K0/eager/hot: p50=126.016us
T=2048 R=128 gate_a/aligned/bf16 K0/eager/cold: p50=127.984us
T=2048 R=128 gate_a/aligned/bf16 K0/cuda_graph/hot: p50=123.712us
T=2048 R=128 gate_a/aligned/bf16 K0/cuda_graph/cold: p50=124.288us
T=2048 R=128 gate_a/segmented/bf16 K0/eager/hot: p50=128.048us
T=2048 R=128 gate_a/segmented/bf16 K0/eager/cold: p50=130.112us
T=2048 R=128 gate_a/segmented/bf16 K0/cuda_graph/hot: p50=127.616us
T=2048 R=128 gate_a/segmented/bf16 K0/cuda_graph/cold: p50=129.648us
T=2048 R=128 gate_a/bmm/bf16 K0/eager/hot: p50=105.152us
T=2048 R=128 gate_a/bmm/bf16 K0/eager/cold: p50=106.320us
T=2048 R=128 gate_a/bmm/bf16 K0/cuda_graph/hot: p50=98.336us
T=2048 R=128 gate_a/bmm/bf16 K0/cuda_graph/cold: p50=98.832us
T=2048 R=128 gate_consumer/indexed/bf16 K0/eager/hot: p50=953.888us
T=2048 R=128 gate_consumer/indexed/bf16 K0/eager/cold: p50=958.288us
T=2048 R=128 gate_consumer/indexed/bf16 K0/cuda_graph/hot: p50=953.808us
T=2048 R=128 gate_consumer/indexed/bf16 K0/cuda_graph/cold: p50=958.288us
T=2048 R=128 gate_consumer/aligned/bf16 K0/eager/hot: p50=107.664us
T=2048 R=128 gate_consumer/aligned/bf16 K0/eager/cold: p50=112.592us
T=2048 R=128 gate_consumer/aligned/bf16 K0/cuda_graph/hot: p50=106.688us
T=2048 R=128 gate_consumer/aligned/bf16 K0/cuda_graph/cold: p50=111.744us
T=2048 R=128 gate_consumer/segmented/bf16 K0/eager/hot: p50=165.840us
T=2048 R=128 gate_consumer/segmented/bf16 K0/eager/cold: p50=168.496us
T=2048 R=128 gate_consumer/segmented/bf16 K0/cuda_graph/hot: p50=164.736us
T=2048 R=128 gate_consumer/segmented/bf16 K0/cuda_graph/cold: p50=167.552us
T=2048 R=128 gate_consumer/bmm/bf16 K0/eager/hot: p50=357.616us
T=2048 R=128 gate_consumer/bmm/bf16 K0/eager/cold: p50=360.000us
T=2048 R=128 gate_consumer/bmm/bf16 K0/cuda_graph/hot: p50=320.960us
T=2048 R=128 gate_consumer/bmm/bf16 K0/cuda_graph/cold: p50=321.104us
T=2048 R=128 down_a/indexed/bf16 K0/eager/hot: p50=257.280us
T=2048 R=128 down_a/indexed/bf16 K0/eager/cold: p50=260.992us
T=2048 R=128 down_a/indexed/bf16 K0/cuda_graph/hot: p50=256.240us
T=2048 R=128 down_a/indexed/bf16 K0/cuda_graph/cold: p50=260.624us
T=2048 R=128 down_a/aligned/bf16 K0/eager/hot: p50=43.296us
T=2048 R=128 down_a/aligned/bf16 K0/eager/cold: p50=27.808us
T=2048 R=128 down_a/aligned/bf16 K0/cuda_graph/hot: p50=25.344us
T=2048 R=128 down_a/aligned/bf16 K0/cuda_graph/cold: p50=26.576us
T=2048 R=128 down_a/segmented/bf16 K0/eager/hot: p50=35.296us
T=2048 R=128 down_a/segmented/bf16 K0/eager/cold: p50=35.936us
T=2048 R=128 down_a/segmented/bf16 K0/cuda_graph/hot: p50=33.920us
T=2048 R=128 down_a/segmented/bf16 K0/cuda_graph/cold: p50=34.320us
T=2048 R=128 down_a/bmm/bf16 K0/eager/hot: p50=41.264us
T=2048 R=128 down_a/bmm/bf16 K0/eager/cold: p50=42.000us
T=2048 R=128 down_a/bmm/bf16 K0/cuda_graph/hot: p50=35.008us
T=2048 R=128 down_a/bmm/bf16 K0/cuda_graph/cold: p50=35.680us
T=2048 R=128 down_finalize/indexed/bf16 K0/eager/hot: p50=1265.264us
T=2048 R=128 down_finalize/indexed/bf16 K0/eager/cold: p50=1247.664us
T=2048 R=128 down_finalize/indexed/bf16 K0/cuda_graph/hot: p50=1250.384us
T=2048 R=128 down_finalize/indexed/bf16 K0/cuda_graph/cold: p50=1248.256us
T=2048 R=128 down_finalize/aligned/bf16 K0/eager/hot: p50=178.160us
T=2048 R=128 down_finalize/aligned/bf16 K0/eager/cold: p50=179.232us
T=2048 R=128 down_finalize/aligned/bf16 K0/cuda_graph/hot: p50=175.024us
T=2048 R=128 down_finalize/aligned/bf16 K0/cuda_graph/cold: p50=176.208us
T=2048 R=128 down_finalize/segmented/bf16 K0/eager/hot: p50=439.104us
T=2048 R=128 down_finalize/segmented/bf16 K0/eager/cold: p50=439.648us
T=2048 R=128 down_finalize/segmented/bf16 K0/cuda_graph/hot: p50=436.528us
T=2048 R=128 down_finalize/segmented/bf16 K0/cuda_graph/cold: p50=436.768us
T=2048 R=128 down_finalize/bmm/bf16 K0/eager/hot: p50=229.472us
T=2048 R=128 down_finalize/bmm/bf16 K0/eager/cold: p50=232.048us
T=2048 R=128 down_finalize/bmm/bf16 K0/cuda_graph/hot: p50=223.776us
T=2048 R=128 down_finalize/bmm/bf16 K0/cuda_graph/cold: p50=225.376us
T=2048 R=128 down_finalize/one_shot_bf16/bf16 K0/eager/hot: p50=14368.320us
T=2048 R=128 down_finalize/one_shot_bf16/bf16 K0/eager/cold: p50=14383.872us
T=2048 R=128 down_finalize/one_shot_bf16/bf16 K0/cuda_graph/hot: p50=14451.200us
T=2048 R=128 down_finalize/one_shot_bf16/bf16 K0/cuda_graph/cold: p50=14382.640us
T=2048 R=128 down_finalize/one_shot_fp32/bf16 K0/eager/hot: p50=14376.992us
T=2048 R=128 down_finalize/one_shot_fp32/bf16 K0/eager/cold: p50=14889.056us
T=2048 R=128 down_finalize/one_shot_fp32/bf16 K0/cuda_graph/hot: p50=15832.288us
T=2048 R=128 down_finalize/one_shot_fp32/bf16 K0/cuda_graph/cold: p50=14370.320us
T=1 R=128 gate_a/indexed/bf16 O0/eager/hot: p50=35.376us
T=1 R=128 gate_a/indexed/bf16 O0/eager/cold: p50=19.216us
T=1 R=128 gate_a/indexed/bf16 O0/cuda_graph/hot: p50=13.232us
T=1 R=128 gate_a/indexed/bf16 O0/cuda_graph/cold: p50=18.192us
T=1 R=128 gate_a/aligned/bf16 O0/eager/hot: p50=176.752us
T=1 R=128 gate_a/aligned/bf16 O0/eager/cold: p50=123.792us
T=1 R=128 gate_a/aligned/bf16 O0/cuda_graph/hot: p50=27.104us
T=1 R=128 gate_a/aligned/bf16 O0/cuda_graph/cold: p50=38.640us
T=1 R=128 gate_a/segmented/bf16 O0/eager/hot: p50=203.360us
T=1 R=128 gate_a/segmented/bf16 O0/eager/cold: p50=149.872us
T=1 R=128 gate_a/segmented/bf16 O0/cuda_graph/hot: p50=43.728us
T=1 R=128 gate_a/segmented/bf16 O0/cuda_graph/cold: p50=55.728us
T=1 R=128 gate_a/bmm/bf16 O0/eager/hot: p50=170.784us
T=1 R=128 gate_a/bmm/bf16 O0/eager/cold: p50=117.552us
T=1 R=128 gate_a/bmm/bf16 O0/cuda_graph/hot: p50=41.184us
T=1 R=128 gate_a/bmm/bf16 O0/cuda_graph/cold: p50=49.472us
T=1 R=128 gate_consumer/indexed/bf16 O0/eager/hot: p50=50.048us
T=1 R=128 gate_consumer/indexed/bf16 O0/eager/cold: p50=14.912us
T=1 R=128 gate_consumer/indexed/bf16 O0/cuda_graph/hot: p50=13.696us
T=1 R=128 gate_consumer/indexed/bf16 O0/cuda_graph/cold: p50=14.096us
T=1 R=128 gate_consumer/aligned/bf16 O0/eager/hot: p50=194.464us
T=1 R=128 gate_consumer/aligned/bf16 O0/eager/cold: p50=140.368us
T=1 R=128 gate_consumer/aligned/bf16 O0/cuda_graph/hot: p50=29.984us
T=1 R=128 gate_consumer/aligned/bf16 O0/cuda_graph/cold: p50=37.664us
T=1 R=128 gate_consumer/segmented/bf16 O0/eager/hot: p50=205.344us
T=1 R=128 gate_consumer/segmented/bf16 O0/eager/cold: p50=150.224us
T=1 R=128 gate_consumer/segmented/bf16 O0/cuda_graph/hot: p50=38.720us
T=1 R=128 gate_consumer/segmented/bf16 O0/cuda_graph/cold: p50=46.320us
T=1 R=128 gate_consumer/bmm/bf16 O0/eager/hot: p50=185.440us
T=1 R=128 gate_consumer/bmm/bf16 O0/eager/cold: p50=133.248us
T=1 R=128 gate_consumer/bmm/bf16 O0/cuda_graph/hot: p50=43.200us
T=1 R=128 gate_consumer/bmm/bf16 O0/cuda_graph/cold: p50=48.912us
T=1 R=128 down_a/indexed/bf16 O0/eager/hot: p50=32.512us
T=1 R=128 down_a/indexed/bf16 O0/eager/cold: p50=10.752us
T=1 R=128 down_a/indexed/bf16 O0/cuda_graph/hot: p50=10.944us
T=1 R=128 down_a/indexed/bf16 O0/cuda_graph/cold: p50=10.080us
T=1 R=128 down_a/aligned/bf16 O0/eager/hot: p50=175.264us
T=1 R=128 down_a/aligned/bf16 O0/eager/cold: p50=120.304us
T=1 R=128 down_a/aligned/bf16 O0/cuda_graph/hot: p50=28.976us
T=1 R=128 down_a/aligned/bf16 O0/cuda_graph/cold: p50=34.096us
T=1 R=128 down_a/segmented/bf16 O0/eager/hot: p50=198.592us
T=1 R=128 down_a/segmented/bf16 O0/eager/cold: p50=146.416us
T=1 R=128 down_a/segmented/bf16 O0/cuda_graph/hot: p50=38.592us
T=1 R=128 down_a/segmented/bf16 O0/cuda_graph/cold: p50=44.752us
T=1 R=128 down_a/bmm/bf16 O0/eager/hot: p50=159.312us
T=1 R=128 down_a/bmm/bf16 O0/eager/cold: p50=103.840us
T=1 R=128 down_a/bmm/bf16 O0/cuda_graph/hot: p50=36.992us
T=1 R=128 down_a/bmm/bf16 O0/cuda_graph/cold: p50=42.864us
T=1 R=128 down_finalize/indexed/bf16 O0/eager/hot: p50=30.832us
T=1 R=128 down_finalize/indexed/bf16 O0/eager/cold: p50=12.704us
T=1 R=128 down_finalize/indexed/bf16 O0/cuda_graph/hot: p50=11.808us
T=1 R=128 down_finalize/indexed/bf16 O0/cuda_graph/cold: p50=12.464us
T=1 R=128 down_finalize/aligned/bf16 O0/eager/hot: p50=198.784us
T=1 R=128 down_finalize/aligned/bf16 O0/eager/cold: p50=146.512us
T=1 R=128 down_finalize/aligned/bf16 O0/cuda_graph/hot: p50=30.752us
T=1 R=128 down_finalize/aligned/bf16 O0/cuda_graph/cold: p50=37.472us
T=1 R=128 down_finalize/segmented/bf16 O0/eager/hot: p50=215.792us
T=1 R=128 down_finalize/segmented/bf16 O0/eager/cold: p50=164.544us
T=1 R=128 down_finalize/segmented/bf16 O0/cuda_graph/hot: p50=39.328us
T=1 R=128 down_finalize/segmented/bf16 O0/cuda_graph/cold: p50=45.760us
T=1 R=128 down_finalize/bmm/bf16 O0/eager/hot: p50=80.544us
T=1 R=128 down_finalize/bmm/bf16 O0/eager/cold: p50=28.432us
T=1 R=128 down_finalize/bmm/bf16 O0/cuda_graph/hot: p50=16.640us
T=1 R=128 down_finalize/bmm/bf16 O0/cuda_graph/cold: p50=19.600us
T=1 R=128 down_finalize/one_shot_bf16/bf16 O0/eager/hot: p50=56.448us
T=1 R=128 down_finalize/one_shot_bf16/bf16 O0/eager/cold: p50=25.536us
T=1 R=128 down_finalize/one_shot_bf16/bf16 O0/cuda_graph/hot: p50=16.240us
T=1 R=128 down_finalize/one_shot_bf16/bf16 O0/cuda_graph/cold: p50=22.944us
T=1 R=128 down_finalize/one_shot_fp32/bf16 O0/eager/hot: p50=56.320us
T=1 R=128 down_finalize/one_shot_fp32/bf16 O0/eager/cold: p50=25.936us
T=1 R=128 down_finalize/one_shot_fp32/bf16 O0/cuda_graph/hot: p50=16.624us
T=1 R=128 down_finalize/one_shot_fp32/bf16 O0/cuda_graph/cold: p50=23.312us
T=32 R=128 gate_a/indexed/bf16 O0/eager/hot: p50=39.152us
T=32 R=128 gate_a/indexed/bf16 O0/eager/cold: p50=40.720us
T=32 R=128 gate_a/indexed/bf16 O0/cuda_graph/hot: p50=38.720us
T=32 R=128 gate_a/indexed/bf16 O0/cuda_graph/cold: p50=39.376us
T=32 R=128 gate_a/aligned/bf16 O0/eager/hot: p50=175.424us
T=32 R=128 gate_a/aligned/bf16 O0/eager/cold: p50=126.912us
T=32 R=128 gate_a/aligned/bf16 O0/cuda_graph/hot: p50=36.704us
T=32 R=128 gate_a/aligned/bf16 O0/cuda_graph/cold: p50=45.936us
T=32 R=128 gate_a/segmented/bf16 O0/eager/hot: p50=204.576us
T=32 R=128 gate_a/segmented/bf16 O0/eager/cold: p50=151.968us
T=32 R=128 gate_a/segmented/bf16 O0/cuda_graph/hot: p50=67.840us
T=32 R=128 gate_a/segmented/bf16 O0/cuda_graph/cold: p50=80.176us
T=32 R=128 gate_a/bmm/bf16 O0/eager/hot: p50=170.800us
T=32 R=128 gate_a/bmm/bf16 O0/eager/cold: p50=119.040us
T=32 R=128 gate_a/bmm/bf16 O0/cuda_graph/hot: p50=82.192us
T=32 R=128 gate_a/bmm/bf16 O0/cuda_graph/cold: p50=85.040us
T=32 R=128 gate_consumer/indexed/bf16 O0/eager/hot: p50=55.152us
T=32 R=128 gate_consumer/indexed/bf16 O0/eager/cold: p50=26.976us
T=32 R=128 gate_consumer/indexed/bf16 O0/cuda_graph/hot: p50=23.904us
T=32 R=128 gate_consumer/indexed/bf16 O0/cuda_graph/cold: p50=25.696us
T=32 R=128 gate_consumer/aligned/bf16 O0/eager/hot: p50=196.800us
T=32 R=128 gate_consumer/aligned/bf16 O0/eager/cold: p50=141.200us
T=32 R=128 gate_consumer/aligned/bf16 O0/cuda_graph/hot: p50=36.272us
T=32 R=128 gate_consumer/aligned/bf16 O0/cuda_graph/cold: p50=43.760us
T=32 R=128 gate_consumer/segmented/bf16 O0/eager/hot: p50=208.432us
T=32 R=128 gate_consumer/segmented/bf16 O0/eager/cold: p50=155.328us
T=32 R=128 gate_consumer/segmented/bf16 O0/cuda_graph/hot: p50=60.720us
T=32 R=128 gate_consumer/segmented/bf16 O0/cuda_graph/cold: p50=68.848us
T=32 R=128 gate_consumer/bmm/bf16 O0/eager/hot: p50=184.496us
T=32 R=128 gate_consumer/bmm/bf16 O0/eager/cold: p50=133.072us
T=32 R=128 gate_consumer/bmm/bf16 O0/cuda_graph/hot: p50=52.336us
T=32 R=128 gate_consumer/bmm/bf16 O0/cuda_graph/cold: p50=59.552us
T=32 R=128 down_a/indexed/bf16 O0/eager/hot: p50=36.336us
T=32 R=128 down_a/indexed/bf16 O0/eager/cold: p50=12.560us
T=32 R=128 down_a/indexed/bf16 O0/cuda_graph/hot: p50=12.592us
T=32 R=128 down_a/indexed/bf16 O0/cuda_graph/cold: p50=12.048us
T=32 R=128 down_a/aligned/bf16 O0/eager/hot: p50=175.888us
T=32 R=128 down_a/aligned/bf16 O0/eager/cold: p50=120.624us
T=32 R=128 down_a/aligned/bf16 O0/cuda_graph/hot: p50=31.488us
T=32 R=128 down_a/aligned/bf16 O0/cuda_graph/cold: p50=36.912us
T=32 R=128 down_a/segmented/bf16 O0/eager/hot: p50=200.016us
T=32 R=128 down_a/segmented/bf16 O0/eager/cold: p50=145.440us
T=32 R=128 down_a/segmented/bf16 O0/cuda_graph/hot: p50=57.216us
T=32 R=128 down_a/segmented/bf16 O0/cuda_graph/cold: p50=64.048us
T=32 R=128 down_a/bmm/bf16 O0/eager/hot: p50=159.504us
T=32 R=128 down_a/bmm/bf16 O0/eager/cold: p50=106.416us
T=32 R=128 down_a/bmm/bf16 O0/cuda_graph/hot: p50=55.456us
T=32 R=128 down_a/bmm/bf16 O0/cuda_graph/cold: p50=61.888us
T=32 R=128 down_finalize/indexed/bf16 O0/eager/hot: p50=36.096us
T=32 R=128 down_finalize/indexed/bf16 O0/eager/cold: p50=29.536us
T=32 R=128 down_finalize/indexed/bf16 O0/cuda_graph/hot: p50=24.640us
T=32 R=128 down_finalize/indexed/bf16 O0/cuda_graph/cold: p50=29.376us
T=32 R=128 down_finalize/aligned/bf16 O0/eager/hot: p50=200.160us
T=32 R=128 down_finalize/aligned/bf16 O0/eager/cold: p50=148.288us
T=32 R=128 down_finalize/aligned/bf16 O0/cuda_graph/hot: p50=36.320us
T=32 R=128 down_finalize/aligned/bf16 O0/cuda_graph/cold: p50=44.800us
T=32 R=128 down_finalize/segmented/bf16 O0/eager/hot: p50=218.768us
T=32 R=128 down_finalize/segmented/bf16 O0/eager/cold: p50=169.952us
T=32 R=128 down_finalize/segmented/bf16 O0/cuda_graph/hot: p50=61.872us
T=32 R=128 down_finalize/segmented/bf16 O0/cuda_graph/cold: p50=69.312us
T=32 R=128 down_finalize/bmm/bf16 O0/eager/hot: p50=81.392us
T=32 R=128 down_finalize/bmm/bf16 O0/eager/cold: p50=35.360us
T=32 R=128 down_finalize/bmm/bf16 O0/cuda_graph/hot: p50=24.992us
T=32 R=128 down_finalize/bmm/bf16 O0/cuda_graph/cold: p50=30.176us
T=32 R=128 down_finalize/one_shot_bf16/bf16 O0/eager/hot: p50=232.448us
T=32 R=128 down_finalize/one_shot_bf16/bf16 O0/eager/cold: p50=232.208us
T=32 R=128 down_finalize/one_shot_bf16/bf16 O0/cuda_graph/hot: p50=230.752us
T=32 R=128 down_finalize/one_shot_bf16/bf16 O0/cuda_graph/cold: p50=231.056us
T=32 R=128 down_finalize/one_shot_fp32/bf16 O0/eager/hot: p50=231.584us
T=32 R=128 down_finalize/one_shot_fp32/bf16 O0/eager/cold: p50=233.616us
T=32 R=128 down_finalize/one_shot_fp32/bf16 O0/cuda_graph/hot: p50=229.728us
T=32 R=128 down_finalize/one_shot_fp32/bf16 O0/cuda_graph/cold: p50=230.400us
T=256 R=128 gate_a/indexed/bf16 O0/eager/hot: p50=233.440us
T=256 R=128 gate_a/indexed/bf16 O0/eager/cold: p50=234.144us
T=256 R=128 gate_a/indexed/bf16 O0/cuda_graph/hot: p50=232.800us
T=256 R=128 gate_a/indexed/bf16 O0/cuda_graph/cold: p50=232.976us
T=256 R=128 gate_a/aligned/bf16 O0/eager/hot: p50=184.480us
T=256 R=128 gate_a/aligned/bf16 O0/eager/cold: p50=129.696us
T=256 R=128 gate_a/aligned/bf16 O0/cuda_graph/hot: p50=53.072us
T=256 R=128 gate_a/aligned/bf16 O0/cuda_graph/cold: p50=56.128us
T=256 R=128 gate_a/segmented/bf16 O0/eager/hot: p50=207.264us
T=256 R=128 gate_a/segmented/bf16 O0/eager/cold: p50=153.344us
T=256 R=128 gate_a/segmented/bf16 O0/cuda_graph/hot: p50=85.280us
T=256 R=128 gate_a/segmented/bf16 O0/cuda_graph/cold: p50=88.576us
T=256 R=128 gate_a/bmm/bf16 O0/eager/hot: p50=173.952us
T=256 R=128 gate_a/bmm/bf16 O0/eager/cold: p50=122.752us
T=256 R=128 gate_a/bmm/bf16 O0/cuda_graph/hot: p50=93.952us
T=256 R=128 gate_a/bmm/bf16 O0/cuda_graph/cold: p50=95.840us
T=256 R=128 gate_consumer/indexed/bf16 O0/eager/hot: p50=126.144us
T=256 R=128 gate_consumer/indexed/bf16 O0/eager/cold: p50=131.280us
T=256 R=128 gate_consumer/indexed/bf16 O0/cuda_graph/hot: p50=125.440us
T=256 R=128 gate_consumer/indexed/bf16 O0/cuda_graph/cold: p50=130.592us
T=256 R=128 gate_consumer/aligned/bf16 O0/eager/hot: p50=198.368us
T=256 R=128 gate_consumer/aligned/bf16 O0/eager/cold: p50=146.240us
T=256 R=128 gate_consumer/aligned/bf16 O0/cuda_graph/hot: p50=45.312us
T=256 R=128 gate_consumer/aligned/bf16 O0/cuda_graph/cold: p50=55.184us
T=256 R=128 gate_consumer/segmented/bf16 O0/eager/hot: p50=213.248us
T=256 R=128 gate_consumer/segmented/bf16 O0/eager/cold: p50=161.264us
T=256 R=128 gate_consumer/segmented/bf16 O0/cuda_graph/hot: p50=74.768us
T=256 R=128 gate_consumer/segmented/bf16 O0/cuda_graph/cold: p50=82.560us
T=256 R=128 gate_consumer/bmm/bf16 O0/eager/hot: p50=186.096us
T=256 R=128 gate_consumer/bmm/bf16 O0/eager/cold: p50=132.368us
T=256 R=128 gate_consumer/bmm/bf16 O0/cuda_graph/hot: p50=75.200us
T=256 R=128 gate_consumer/bmm/bf16 O0/cuda_graph/cold: p50=76.176us
T=256 R=128 down_a/indexed/bf16 O0/eager/hot: p50=39.968us
T=256 R=128 down_a/indexed/bf16 O0/eager/cold: p50=40.784us
T=256 R=128 down_a/indexed/bf16 O0/cuda_graph/hot: p50=38.848us
T=256 R=128 down_a/indexed/bf16 O0/cuda_graph/cold: p50=40.064us
T=256 R=128 down_a/aligned/bf16 O0/eager/hot: p50=176.992us
T=256 R=128 down_a/aligned/bf16 O0/eager/cold: p50=123.552us
T=256 R=128 down_a/aligned/bf16 O0/cuda_graph/hot: p50=36.496us
T=256 R=128 down_a/aligned/bf16 O0/cuda_graph/cold: p50=41.008us
T=256 R=128 down_a/segmented/bf16 O0/eager/hot: p50=200.592us
T=256 R=128 down_a/segmented/bf16 O0/eager/cold: p50=149.264us
T=256 R=128 down_a/segmented/bf16 O0/cuda_graph/hot: p50=62.480us
T=256 R=128 down_a/segmented/bf16 O0/cuda_graph/cold: p50=66.928us
T=256 R=128 down_a/bmm/bf16 O0/eager/hot: p50=160.960us
T=256 R=128 down_a/bmm/bf16 O0/eager/cold: p50=107.312us
T=256 R=128 down_a/bmm/bf16 O0/cuda_graph/hot: p50=61.312us
T=256 R=128 down_a/bmm/bf16 O0/cuda_graph/cold: p50=67.760us
T=256 R=128 down_finalize/indexed/bf16 O0/eager/hot: p50=161.056us
T=256 R=128 down_finalize/indexed/bf16 O0/eager/cold: p50=164.000us
T=256 R=128 down_finalize/indexed/bf16 O0/cuda_graph/hot: p50=160.544us
T=256 R=128 down_finalize/indexed/bf16 O0/cuda_graph/cold: p50=164.272us
T=256 R=128 down_finalize/aligned/bf16 O0/eager/hot: p50=200.944us
T=256 R=128 down_finalize/aligned/bf16 O0/eager/cold: p50=149.120us
T=256 R=128 down_finalize/aligned/bf16 O0/cuda_graph/hot: p50=57.376us
T=256 R=128 down_finalize/aligned/bf16 O0/cuda_graph/cold: p50=62.240us
T=256 R=128 down_finalize/segmented/bf16 O0/eager/hot: p50=224.624us
T=256 R=128 down_finalize/segmented/bf16 O0/eager/cold: p50=171.872us
T=256 R=128 down_finalize/segmented/bf16 O0/cuda_graph/hot: p50=105.920us
T=256 R=128 down_finalize/segmented/bf16 O0/cuda_graph/cold: p50=111.040us
T=256 R=128 down_finalize/bmm/bf16 O0/eager/hot: p50=82.336us
T=256 R=128 down_finalize/bmm/bf16 O0/eager/cold: p50=54.080us
T=256 R=128 down_finalize/bmm/bf16 O0/cuda_graph/hot: p50=47.776us
T=256 R=128 down_finalize/bmm/bf16 O0/cuda_graph/cold: p50=47.904us
T=256 R=128 down_finalize/one_shot_bf16/bf16 O0/eager/hot: p50=1796.144us
T=256 R=128 down_finalize/one_shot_bf16/bf16 O0/eager/cold: p50=1796.032us
T=256 R=128 down_finalize/one_shot_bf16/bf16 O0/cuda_graph/hot: p50=1797.520us
T=256 R=128 down_finalize/one_shot_bf16/bf16 O0/cuda_graph/cold: p50=1795.488us
T=256 R=128 down_finalize/one_shot_fp32/bf16 O0/eager/hot: p50=1795.824us
T=256 R=128 down_finalize/one_shot_fp32/bf16 O0/eager/cold: p50=1798.864us
T=256 R=128 down_finalize/one_shot_fp32/bf16 O0/cuda_graph/hot: p50=1795.296us
T=256 R=128 down_finalize/one_shot_fp32/bf16 O0/cuda_graph/cold: p50=1794.768us
T=2048 R=128 gate_a/indexed/bf16 O0/eager/hot: p50=1804.208us
T=2048 R=128 gate_a/indexed/bf16 O0/eager/cold: p50=1813.760us
T=2048 R=128 gate_a/indexed/bf16 O0/cuda_graph/hot: p50=1809.632us
T=2048 R=128 gate_a/indexed/bf16 O0/cuda_graph/cold: p50=1815.200us
T=2048 R=128 gate_a/aligned/bf16 O0/eager/hot: p50=182.560us
T=2048 R=128 gate_a/aligned/bf16 O0/eager/cold: p50=178.688us
T=2048 R=128 gate_a/aligned/bf16 O0/cuda_graph/hot: p50=163.552us
T=2048 R=128 gate_a/aligned/bf16 O0/cuda_graph/cold: p50=164.304us
T=2048 R=128 gate_a/segmented/bf16 O0/eager/hot: p50=261.888us
T=2048 R=128 gate_a/segmented/bf16 O0/eager/cold: p50=263.264us
T=2048 R=128 gate_a/segmented/bf16 O0/cuda_graph/hot: p50=246.864us
T=2048 R=128 gate_a/segmented/bf16 O0/cuda_graph/cold: p50=247.408us
T=2048 R=128 gate_a/bmm/bf16 O0/eager/hot: p50=225.568us
T=2048 R=128 gate_a/bmm/bf16 O0/eager/cold: p50=224.832us
T=2048 R=128 gate_a/bmm/bf16 O0/cuda_graph/hot: p50=209.104us
T=2048 R=128 gate_a/bmm/bf16 O0/cuda_graph/cold: p50=204.736us
T=2048 R=128 gate_consumer/indexed/bf16 O0/eager/hot: p50=959.440us
T=2048 R=128 gate_consumer/indexed/bf16 O0/eager/cold: p50=958.176us
T=2048 R=128 gate_consumer/indexed/bf16 O0/cuda_graph/hot: p50=952.480us
T=2048 R=128 gate_consumer/indexed/bf16 O0/cuda_graph/cold: p50=957.008us
T=2048 R=128 gate_consumer/aligned/bf16 O0/eager/hot: p50=202.704us
T=2048 R=128 gate_consumer/aligned/bf16 O0/eager/cold: p50=160.528us
T=2048 R=128 gate_consumer/aligned/bf16 O0/cuda_graph/hot: p50=141.216us
T=2048 R=128 gate_consumer/aligned/bf16 O0/cuda_graph/cold: p50=145.904us
T=2048 R=128 gate_consumer/segmented/bf16 O0/eager/hot: p50=293.328us
T=2048 R=128 gate_consumer/segmented/bf16 O0/eager/cold: p50=297.680us
T=2048 R=128 gate_consumer/segmented/bf16 O0/cuda_graph/hot: p50=278.096us
T=2048 R=128 gate_consumer/segmented/bf16 O0/cuda_graph/cold: p50=279.184us
T=2048 R=128 gate_consumer/bmm/bf16 O0/eager/hot: p50=358.672us
T=2048 R=128 gate_consumer/bmm/bf16 O0/eager/cold: p50=360.512us
T=2048 R=128 gate_consumer/bmm/bf16 O0/cuda_graph/hot: p50=328.160us
T=2048 R=128 gate_consumer/bmm/bf16 O0/cuda_graph/cold: p50=328.512us
T=2048 R=128 down_a/indexed/bf16 O0/eager/hot: p50=258.176us
T=2048 R=128 down_a/indexed/bf16 O0/eager/cold: p50=262.368us
T=2048 R=128 down_a/indexed/bf16 O0/cuda_graph/hot: p50=257.808us
T=2048 R=128 down_a/indexed/bf16 O0/cuda_graph/cold: p50=259.920us
T=2048 R=128 down_a/aligned/bf16 O0/eager/hot: p50=183.664us
T=2048 R=128 down_a/aligned/bf16 O0/eager/cold: p50=129.456us
T=2048 R=128 down_a/aligned/bf16 O0/cuda_graph/hot: p50=55.184us
T=2048 R=128 down_a/aligned/bf16 O0/cuda_graph/cold: p50=61.840us
T=2048 R=128 down_a/segmented/bf16 O0/eager/hot: p50=237.824us
T=2048 R=128 down_a/segmented/bf16 O0/eager/cold: p50=183.984us
T=2048 R=128 down_a/segmented/bf16 O0/cuda_graph/hot: p50=140.976us
T=2048 R=128 down_a/segmented/bf16 O0/cuda_graph/cold: p50=147.360us
T=2048 R=128 down_a/bmm/bf16 O0/eager/hot: p50=199.824us
T=2048 R=128 down_a/bmm/bf16 O0/eager/cold: p50=159.552us
T=2048 R=128 down_a/bmm/bf16 O0/cuda_graph/hot: p50=143.600us
T=2048 R=128 down_a/bmm/bf16 O0/cuda_graph/cold: p50=142.096us
T=2048 R=128 down_finalize/indexed/bf16 O0/eager/hot: p50=1250.160us
T=2048 R=128 down_finalize/indexed/bf16 O0/eager/cold: p50=1249.616us
T=2048 R=128 down_finalize/indexed/bf16 O0/cuda_graph/hot: p50=1247.792us
T=2048 R=128 down_finalize/indexed/bf16 O0/cuda_graph/cold: p50=1252.704us
T=2048 R=128 down_finalize/aligned/bf16 O0/eager/hot: p50=224.960us
T=2048 R=128 down_finalize/aligned/bf16 O0/eager/cold: p50=224.848us
T=2048 R=128 down_finalize/aligned/bf16 O0/cuda_graph/hot: p50=204.368us
T=2048 R=128 down_finalize/aligned/bf16 O0/cuda_graph/cold: p50=204.624us
T=2048 R=128 down_finalize/segmented/bf16 O0/eager/hot: p50=563.024us
T=2048 R=128 down_finalize/segmented/bf16 O0/eager/cold: p50=561.808us
T=2048 R=128 down_finalize/segmented/bf16 O0/cuda_graph/hot: p50=538.080us
T=2048 R=128 down_finalize/segmented/bf16 O0/cuda_graph/cold: p50=537.952us
T=2048 R=128 down_finalize/bmm/bf16 O0/eager/hot: p50=228.816us
T=2048 R=128 down_finalize/bmm/bf16 O0/eager/cold: p50=232.032us
T=2048 R=128 down_finalize/bmm/bf16 O0/cuda_graph/hot: p50=223.120us
T=2048 R=128 down_finalize/bmm/bf16 O0/cuda_graph/cold: p50=226.672us
T=2048 R=128 down_finalize/one_shot_bf16/bf16 O0/eager/hot: p50=14401.968us
T=2048 R=128 down_finalize/one_shot_bf16/bf16 O0/eager/cold: p50=14423.792us
T=2048 R=128 down_finalize/one_shot_bf16/bf16 O0/cuda_graph/hot: p50=14649.296us
T=2048 R=128 down_finalize/one_shot_bf16/bf16 O0/cuda_graph/cold: p50=14420.512us
T=2048 R=128 down_finalize/one_shot_fp32/bf16 O0/eager/hot: p50=14953.584us
T=2048 R=128 down_finalize/one_shot_fp32/bf16 O0/eager/cold: p50=14437.056us
T=2048 R=128 down_finalize/one_shot_fp32/bf16 O0/cuda_graph/hot: p50=14375.824us
T=2048 R=128 down_finalize/one_shot_fp32/bf16 O0/cuda_graph/cold: p50=15059.712us
