T=1 R=16 gate_a/indexed/bf16 K0/eager/hot: p50=35.568us
T=1 R=16 gate_a/indexed/bf16 K0/eager/cold: p50=17.744us
T=1 R=16 gate_a/indexed/bf16 K0/cuda_graph/hot: p50=12.208us
T=1 R=16 gate_a/indexed/bf16 K0/cuda_graph/cold: p50=16.640us
T=1 R=16 gate_a/aligned/bf16 K0/eager/hot: p50=37.696us
T=1 R=16 gate_a/aligned/bf16 K0/eager/cold: p50=11.088us
T=1 R=16 gate_a/aligned/bf16 K0/cuda_graph/hot: p50=10.192us
T=1 R=16 gate_a/aligned/bf16 K0/cuda_graph/cold: p50=10.656us
T=1 R=16 gate_a/segmented/bf16 K0/eager/hot: p50=37.776us
T=1 R=16 gate_a/segmented/bf16 K0/eager/cold: p50=20.368us
T=1 R=16 gate_a/segmented/bf16 K0/cuda_graph/hot: p50=13.856us
T=1 R=16 gate_a/segmented/bf16 K0/cuda_graph/cold: p50=19.584us
T=1 R=16 gate_a/bmm/bf16 K0/eager/hot: p50=61.744us
T=1 R=16 gate_a/bmm/bf16 K0/eager/cold: p50=23.616us
T=1 R=16 gate_a/bmm/bf16 K0/cuda_graph/hot: p50=17.056us
T=1 R=16 gate_a/bmm/bf16 K0/cuda_graph/cold: p50=19.232us
T=1 R=16 gate_consumer/indexed/bf16 K0/eager/hot: p50=50.672us
T=1 R=16 gate_consumer/indexed/bf16 K0/eager/cold: p50=13.328us
T=1 R=16 gate_consumer/indexed/bf16 K0/cuda_graph/hot: p50=11.840us
T=1 R=16 gate_consumer/indexed/bf16 K0/cuda_graph/cold: p50=12.080us
T=1 R=16 gate_consumer/aligned/bf16 K0/eager/hot: p50=58.000us
T=1 R=16 gate_consumer/aligned/bf16 K0/eager/cold: p50=13.008us
T=1 R=16 gate_consumer/aligned/bf16 K0/cuda_graph/hot: p50=10.912us
T=1 R=16 gate_consumer/aligned/bf16 K0/cuda_graph/cold: p50=11.696us
T=1 R=16 gate_consumer/segmented/bf16 K0/eager/hot: p50=43.648us
T=1 R=16 gate_consumer/segmented/bf16 K0/eager/cold: p50=11.120us
T=1 R=16 gate_consumer/segmented/bf16 K0/cuda_graph/hot: p50=10.080us
T=1 R=16 gate_consumer/segmented/bf16 K0/cuda_graph/cold: p50=10.080us
T=1 R=16 gate_consumer/bmm/bf16 K0/eager/hot: p50=195.248us
T=1 R=16 gate_consumer/bmm/bf16 K0/eager/cold: p50=142.208us
T=1 R=16 gate_consumer/bmm/bf16 K0/cuda_graph/hot: p50=40.288us
T=1 R=16 gate_consumer/bmm/bf16 K0/cuda_graph/cold: p50=45.168us
T=1 R=16 down_a/indexed/bf16 K0/eager/hot: p50=34.336us
T=1 R=16 down_a/indexed/bf16 K0/eager/cold: p50=9.920us
T=1 R=16 down_a/indexed/bf16 K0/cuda_graph/hot: p50=10.144us
T=1 R=16 down_a/indexed/bf16 K0/cuda_graph/cold: p50=8.896us
T=1 R=16 down_a/aligned/bf16 K0/eager/hot: p50=38.256us
T=1 R=16 down_a/aligned/bf16 K0/eager/cold: p50=8.816us
T=1 R=16 down_a/aligned/bf16 K0/cuda_graph/hot: p50=10.192us
T=1 R=16 down_a/aligned/bf16 K0/cuda_graph/cold: p50=8.032us
T=1 R=16 down_a/segmented/bf16 K0/eager/hot: p50=36.496us
T=1 R=16 down_a/segmented/bf16 K0/eager/cold: p50=11.216us
T=1 R=16 down_a/segmented/bf16 K0/cuda_graph/hot: p50=10.272us
T=1 R=16 down_a/segmented/bf16 K0/cuda_graph/cold: p50=10.320us
T=1 R=16 down_a/bmm/bf16 K0/eager/hot: p50=52.288us
T=1 R=16 down_a/bmm/bf16 K0/eager/cold: p50=17.344us
T=1 R=16 down_a/bmm/bf16 K0/cuda_graph/hot: p50=13.200us
T=1 R=16 down_a/bmm/bf16 K0/cuda_graph/cold: p50=14.464us
T=1 R=16 down_finalize/indexed/bf16 K0/eager/hot: p50=32.464us
T=1 R=16 down_finalize/indexed/bf16 K0/eager/cold: p50=8.496us
T=1 R=16 down_finalize/indexed/bf16 K0/cuda_graph/hot: p50=9.616us
T=1 R=16 down_finalize/indexed/bf16 K0/cuda_graph/cold: p50=8.480us
T=1 R=16 down_finalize/aligned/bf16 K0/eager/hot: p50=61.248us
T=1 R=16 down_finalize/aligned/bf16 K0/eager/cold: p50=11.696us
T=1 R=16 down_finalize/aligned/bf16 K0/cuda_graph/hot: p50=10.384us
T=1 R=16 down_finalize/aligned/bf16 K0/cuda_graph/cold: p50=10.384us
T=1 R=16 down_finalize/segmented/bf16 K0/eager/hot: p50=56.352us
T=1 R=16 down_finalize/segmented/bf16 K0/eager/cold: p50=12.048us
T=1 R=16 down_finalize/segmented/bf16 K0/cuda_graph/hot: p50=10.448us
T=1 R=16 down_finalize/segmented/bf16 K0/cuda_graph/cold: p50=10.736us
T=1 R=16 down_finalize/bmm/bf16 K0/eager/hot: p50=87.632us
T=1 R=16 down_finalize/bmm/bf16 K0/eager/cold: p50=33.936us
T=1 R=16 down_finalize/bmm/bf16 K0/cuda_graph/hot: p50=15.104us
T=1 R=16 down_finalize/bmm/bf16 K0/cuda_graph/cold: p50=17.280us
T=1 R=16 down_finalize/one_shot_bf16/bf16 K0/eager/hot: p50=58.528us
T=1 R=16 down_finalize/one_shot_bf16/bf16 K0/eager/cold: p50=15.984us
T=1 R=16 down_finalize/one_shot_bf16/bf16 K0/cuda_graph/hot: p50=11.760us
T=1 R=16 down_finalize/one_shot_bf16/bf16 K0/cuda_graph/cold: p50=13.856us
T=1 R=16 down_finalize/one_shot_fp32/bf16 K0/eager/hot: p50=58.640us
T=1 R=16 down_finalize/one_shot_fp32/bf16 K0/eager/cold: p50=15.840us
T=1 R=16 down_finalize/one_shot_fp32/bf16 K0/cuda_graph/hot: p50=11.648us
T=1 R=16 down_finalize/one_shot_fp32/bf16 K0/cuda_graph/cold: p50=13.536us
T=32 R=16 gate_a/indexed/bf16 K0/eager/hot: p50=35.200us
T=32 R=16 gate_a/indexed/bf16 K0/eager/cold: p50=18.816us
T=32 R=16 gate_a/indexed/bf16 K0/cuda_graph/hot: p50=13.296us
T=32 R=16 gate_a/indexed/bf16 K0/cuda_graph/cold: p50=17.728us
T=32 R=16 gate_a/aligned/bf16 K0/eager/hot: p50=39.472us
T=32 R=16 gate_a/aligned/bf16 K0/eager/cold: p50=12.400us
T=32 R=16 gate_a/aligned/bf16 K0/cuda_graph/hot: p50=10.336us
T=32 R=16 gate_a/aligned/bf16 K0/cuda_graph/cold: p50=11.456us
T=32 R=16 gate_a/segmented/bf16 K0/eager/hot: p50=37.824us
T=32 R=16 gate_a/segmented/bf16 K0/eager/cold: p50=21.200us
T=32 R=16 gate_a/segmented/bf16 K0/cuda_graph/hot: p50=13.952us
T=32 R=16 gate_a/segmented/bf16 K0/cuda_graph/cold: p50=20.320us
T=32 R=16 gate_a/bmm/bf16 K0/eager/hot: p50=61.456us
T=32 R=16 gate_a/bmm/bf16 K0/eager/cold: p50=27.744us
T=32 R=16 gate_a/bmm/bf16 K0/cuda_graph/hot: p50=20.000us
T=32 R=16 gate_a/bmm/bf16 K0/cuda_graph/cold: p50=23.440us
T=32 R=16 gate_consumer/indexed/bf16 K0/eager/hot: p50=51.920us
T=32 R=16 gate_consumer/indexed/bf16 K0/eager/cold: p50=15.744us
T=32 R=16 gate_consumer/indexed/bf16 K0/cuda_graph/hot: p50=13.280us
T=32 R=16 gate_consumer/indexed/bf16 K0/cuda_graph/cold: p50=14.624us
T=32 R=16 gate_consumer/aligned/bf16 K0/eager/hot: p50=57.568us
T=32 R=16 gate_consumer/aligned/bf16 K0/eager/cold: p50=16.896us
T=32 R=16 gate_consumer/aligned/bf16 K0/cuda_graph/hot: p50=13.600us
T=32 R=16 gate_consumer/aligned/bf16 K0/cuda_graph/cold: p50=15.264us
T=32 R=16 gate_consumer/segmented/bf16 K0/eager/hot: p50=44.624us
T=32 R=16 gate_consumer/segmented/bf16 K0/eager/cold: p50=13.616us
T=32 R=16 gate_consumer/segmented/bf16 K0/cuda_graph/hot: p50=12.080us
T=32 R=16 gate_consumer/segmented/bf16 K0/cuda_graph/cold: p50=12.768us
T=32 R=16 gate_consumer/bmm/bf16 K0/eager/hot: p50=193.392us
T=32 R=16 gate_consumer/bmm/bf16 K0/eager/cold: p50=143.728us
T=32 R=16 gate_consumer/bmm/bf16 K0/cuda_graph/hot: p50=46.688us
T=32 R=16 gate_consumer/bmm/bf16 K0/cuda_graph/cold: p50=53.648us
T=32 R=16 down_a/indexed/bf16 K0/eager/hot: p50=32.656us
T=32 R=16 down_a/indexed/bf16 K0/eager/cold: p50=10.272us
T=32 R=16 down_a/indexed/bf16 K0/cuda_graph/hot: p50=10.384us
T=32 R=16 down_a/indexed/bf16 K0/cuda_graph/cold: p50=9.504us
T=32 R=16 down_a/aligned/bf16 K0/eager/hot: p50=39.136us
T=32 R=16 down_a/aligned/bf16 K0/eager/cold: p50=9.488us
T=32 R=16 down_a/aligned/bf16 K0/cuda_graph/hot: p50=10.272us
T=32 R=16 down_a/aligned/bf16 K0/cuda_graph/cold: p50=8.528us
T=32 R=16 down_a/segmented/bf16 K0/eager/hot: p50=35.712us
T=32 R=16 down_a/segmented/bf16 K0/eager/cold: p50=11.600us
T=32 R=16 down_a/segmented/bf16 K0/cuda_graph/hot: p50=10.336us
T=32 R=16 down_a/segmented/bf16 K0/cuda_graph/cold: p50=10.848us
T=32 R=16 down_a/bmm/bf16 K0/eager/hot: p50=51.920us
T=32 R=16 down_a/bmm/bf16 K0/eager/cold: p50=19.936us
T=32 R=16 down_a/bmm/bf16 K0/cuda_graph/hot: p50=14.432us
T=32 R=16 down_a/bmm/bf16 K0/cuda_graph/cold: p50=16.976us
T=32 R=16 down_finalize/indexed/bf16 K0/eager/hot: p50=30.992us
T=32 R=16 down_finalize/indexed/bf16 K0/eager/cold: p50=10.000us
T=32 R=16 down_finalize/indexed/bf16 K0/cuda_graph/hot: p50=10.560us
T=32 R=16 down_finalize/indexed/bf16 K0/cuda_graph/cold: p50=9.904us
T=32 R=16 down_finalize/aligned/bf16 K0/eager/hot: p50=60.912us
T=32 R=16 down_finalize/aligned/bf16 K0/eager/cold: p50=14.272us
T=32 R=16 down_finalize/aligned/bf16 K0/cuda_graph/hot: p50=13.200us
T=32 R=16 down_finalize/aligned/bf16 K0/cuda_graph/cold: p50=11.840us
T=32 R=16 down_finalize/segmented/bf16 K0/eager/hot: p50=55.152us
T=32 R=16 down_finalize/segmented/bf16 K0/eager/cold: p50=16.816us
T=32 R=16 down_finalize/segmented/bf16 K0/cuda_graph/hot: p50=13.984us
T=32 R=16 down_finalize/segmented/bf16 K0/cuda_graph/cold: p50=15.200us
T=32 R=16 down_finalize/bmm/bf16 K0/eager/hot: p50=86.864us
T=32 R=16 down_finalize/bmm/bf16 K0/eager/cold: p50=34.976us
T=32 R=16 down_finalize/bmm/bf16 K0/cuda_graph/hot: p50=18.144us
T=32 R=16 down_finalize/bmm/bf16 K0/cuda_graph/cold: p50=21.776us
T=32 R=16 down_finalize/one_shot_bf16/bf16 K0/eager/hot: p50=63.376us
T=32 R=16 down_finalize/one_shot_bf16/bf16 K0/eager/cold: p50=58.432us
T=32 R=16 down_finalize/one_shot_bf16/bf16 K0/cuda_graph/hot: p50=56.368us
T=32 R=16 down_finalize/one_shot_bf16/bf16 K0/cuda_graph/cold: p50=57.328us
T=32 R=16 down_finalize/one_shot_fp32/bf16 K0/eager/hot: p50=63.536us
T=32 R=16 down_finalize/one_shot_fp32/bf16 K0/eager/cold: p50=58.320us
T=32 R=16 down_finalize/one_shot_fp32/bf16 K0/cuda_graph/hot: p50=53.392us
T=32 R=16 down_finalize/one_shot_fp32/bf16 K0/cuda_graph/cold: p50=54.496us
T=256 R=16 gate_a/indexed/bf16 K0/eager/hot: p50=40.032us
T=256 R=16 gate_a/indexed/bf16 K0/eager/cold: p50=38.528us
T=256 R=16 gate_a/indexed/bf16 K0/cuda_graph/hot: p50=36.304us
T=256 R=16 gate_a/indexed/bf16 K0/cuda_graph/cold: p50=36.880us
T=256 R=16 gate_a/aligned/bf16 K0/eager/hot: p50=40.032us
T=256 R=16 gate_a/aligned/bf16 K0/eager/cold: p50=15.552us
T=256 R=16 gate_a/aligned/bf16 K0/cuda_graph/hot: p50=12.576us
T=256 R=16 gate_a/aligned/bf16 K0/cuda_graph/cold: p50=14.656us
T=256 R=16 gate_a/segmented/bf16 K0/eager/hot: p50=39.680us
T=256 R=16 gate_a/segmented/bf16 K0/eager/cold: p50=21.792us
T=256 R=16 gate_a/segmented/bf16 K0/cuda_graph/hot: p50=16.640us
T=256 R=16 gate_a/segmented/bf16 K0/cuda_graph/cold: p50=21.104us
T=256 R=16 gate_a/bmm/bf16 K0/eager/hot: p50=61.264us
T=256 R=16 gate_a/bmm/bf16 K0/eager/cold: p50=30.656us
T=256 R=16 gate_a/bmm/bf16 K0/cuda_graph/hot: p50=22.368us
T=256 R=16 gate_a/bmm/bf16 K0/cuda_graph/cold: p50=25.952us
T=256 R=16 gate_consumer/indexed/bf16 K0/eager/hot: p50=56.272us
T=256 R=16 gate_consumer/indexed/bf16 K0/eager/cold: p50=34.288us
T=256 R=16 gate_consumer/indexed/bf16 K0/cuda_graph/hot: p50=33.024us
T=256 R=16 gate_consumer/indexed/bf16 K0/cuda_graph/cold: p50=32.928us
T=256 R=16 gate_consumer/aligned/bf16 K0/eager/hot: p50=59.792us
T=256 R=16 gate_consumer/aligned/bf16 K0/eager/cold: p50=20.912us
T=256 R=16 gate_consumer/aligned/bf16 K0/cuda_graph/hot: p50=16.512us
T=256 R=16 gate_consumer/aligned/bf16 K0/cuda_graph/cold: p50=19.776us
T=256 R=16 gate_consumer/segmented/bf16 K0/eager/hot: p50=48.832us
T=256 R=16 gate_consumer/segmented/bf16 K0/eager/cold: p50=22.384us
T=256 R=16 gate_consumer/segmented/bf16 K0/cuda_graph/hot: p50=19.968us
T=256 R=16 gate_consumer/segmented/bf16 K0/cuda_graph/cold: p50=22.080us
T=256 R=16 gate_consumer/bmm/bf16 K0/eager/hot: p50=192.064us
T=256 R=16 gate_consumer/bmm/bf16 K0/eager/cold: p50=141.680us
T=256 R=16 gate_consumer/bmm/bf16 K0/cuda_graph/hot: p50=65.824us
T=256 R=16 gate_consumer/bmm/bf16 K0/cuda_graph/cold: p50=69.184us
T=256 R=16 down_a/indexed/bf16 K0/eager/hot: p50=37.264us
T=256 R=16 down_a/indexed/bf16 K0/eager/cold: p50=17.088us
T=256 R=16 down_a/indexed/bf16 K0/cuda_graph/hot: p50=15.312us
T=256 R=16 down_a/indexed/bf16 K0/cuda_graph/cold: p50=16.176us
T=256 R=16 down_a/aligned/bf16 K0/eager/hot: p50=39.280us
T=256 R=16 down_a/aligned/bf16 K0/eager/cold: p50=10.880us
T=256 R=16 down_a/aligned/bf16 K0/cuda_graph/hot: p50=10.224us
T=256 R=16 down_a/aligned/bf16 K0/cuda_graph/cold: p50=9.872us
T=256 R=16 down_a/segmented/bf16 K0/eager/hot: p50=35.824us
T=256 R=16 down_a/segmented/bf16 K0/eager/cold: p50=12.096us
T=256 R=16 down_a/segmented/bf16 K0/cuda_graph/hot: p50=10.752us
T=256 R=16 down_a/segmented/bf16 K0/cuda_graph/cold: p50=11.248us
T=256 R=16 down_a/bmm/bf16 K0/eager/hot: p50=49.984us
T=256 R=16 down_a/bmm/bf16 K0/eager/cold: p50=21.856us
T=256 R=16 down_a/bmm/bf16 K0/cuda_graph/hot: p50=15.328us
T=256 R=16 down_a/bmm/bf16 K0/cuda_graph/cold: p50=17.712us
T=256 R=16 down_finalize/indexed/bf16 K0/eager/hot: p50=36.368us
T=256 R=16 down_finalize/indexed/bf16 K0/eager/cold: p50=34.000us
T=256 R=16 down_finalize/indexed/bf16 K0/cuda_graph/hot: p50=32.864us
T=256 R=16 down_finalize/indexed/bf16 K0/cuda_graph/cold: p50=33.984us
T=256 R=16 down_finalize/aligned/bf16 K0/eager/hot: p50=60.400us
T=256 R=16 down_finalize/aligned/bf16 K0/eager/cold: p50=22.944us
T=256 R=16 down_finalize/aligned/bf16 K0/cuda_graph/hot: p50=17.440us
T=256 R=16 down_finalize/aligned/bf16 K0/cuda_graph/cold: p50=20.544us
T=256 R=16 down_finalize/segmented/bf16 K0/eager/hot: p50=61.984us
T=256 R=16 down_finalize/segmented/bf16 K0/eager/cold: p50=56.400us
T=256 R=16 down_finalize/segmented/bf16 K0/cuda_graph/hot: p50=52.384us
T=256 R=16 down_finalize/segmented/bf16 K0/cuda_graph/cold: p50=54.656us
T=256 R=16 down_finalize/bmm/bf16 K0/eager/hot: p50=86.384us
T=256 R=16 down_finalize/bmm/bf16 K0/eager/cold: p50=44.336us
T=256 R=16 down_finalize/bmm/bf16 K0/cuda_graph/hot: p50=36.224us
T=256 R=16 down_finalize/bmm/bf16 K0/cuda_graph/cold: p50=38.816us
T=256 R=16 down_finalize/one_shot_bf16/bf16 K0/eager/hot: p50=382.688us
T=256 R=16 down_finalize/one_shot_bf16/bf16 K0/eager/cold: p50=385.536us
T=256 R=16 down_finalize/one_shot_bf16/bf16 K0/cuda_graph/hot: p50=381.600us
T=256 R=16 down_finalize/one_shot_bf16/bf16 K0/cuda_graph/cold: p50=383.648us
T=256 R=16 down_finalize/one_shot_fp32/bf16 K0/eager/hot: p50=360.736us
T=256 R=16 down_finalize/one_shot_fp32/bf16 K0/eager/cold: p50=365.072us
T=256 R=16 down_finalize/one_shot_fp32/bf16 K0/cuda_graph/hot: p50=359.776us
T=256 R=16 down_finalize/one_shot_fp32/bf16 K0/cuda_graph/cold: p50=361.856us
T=2048 R=16 gate_a/indexed/bf16 K0/eager/hot: p50=232.880us
T=2048 R=16 gate_a/indexed/bf16 K0/eager/cold: p50=234.896us
T=2048 R=16 gate_a/indexed/bf16 K0/cuda_graph/hot: p50=232.064us
T=2048 R=16 gate_a/indexed/bf16 K0/cuda_graph/cold: p50=234.080us
T=2048 R=16 gate_a/aligned/bf16 K0/eager/hot: p50=42.752us
T=2048 R=16 gate_a/aligned/bf16 K0/eager/cold: p50=31.728us
T=2048 R=16 gate_a/aligned/bf16 K0/cuda_graph/hot: p50=29.152us
T=2048 R=16 gate_a/aligned/bf16 K0/cuda_graph/cold: p50=30.128us
T=2048 R=16 gate_a/segmented/bf16 K0/eager/hot: p50=50.496us
T=2048 R=16 gate_a/segmented/bf16 K0/eager/cold: p50=51.024us
T=2048 R=16 gate_a/segmented/bf16 K0/cuda_graph/hot: p50=49.488us
T=2048 R=16 gate_a/segmented/bf16 K0/cuda_graph/cold: p50=50.144us
T=2048 R=16 gate_a/bmm/bf16 K0/eager/hot: p50=66.768us
T=2048 R=16 gate_a/bmm/bf16 K0/eager/cold: p50=67.424us
T=2048 R=16 gate_a/bmm/bf16 K0/cuda_graph/hot: p50=60.000us
T=2048 R=16 gate_a/bmm/bf16 K0/cuda_graph/cold: p50=60.176us
T=2048 R=16 gate_consumer/indexed/bf16 K0/eager/hot: p50=211.024us
T=2048 R=16 gate_consumer/indexed/bf16 K0/eager/cold: p50=211.296us
T=2048 R=16 gate_consumer/indexed/bf16 K0/cuda_graph/hot: p50=210.352us
T=2048 R=16 gate_consumer/indexed/bf16 K0/cuda_graph/cold: p50=210.544us
T=2048 R=16 gate_consumer/aligned/bf16 K0/eager/hot: p50=76.192us
T=2048 R=16 gate_consumer/aligned/bf16 K0/eager/cold: p50=79.872us
T=2048 R=16 gate_consumer/aligned/bf16 K0/cuda_graph/hot: p50=75.232us
T=2048 R=16 gate_consumer/aligned/bf16 K0/cuda_graph/cold: p50=78.592us
T=2048 R=16 gate_consumer/segmented/bf16 K0/eager/hot: p50=136.816us
T=2048 R=16 gate_consumer/segmented/bf16 K0/eager/cold: p50=138.384us
T=2048 R=16 gate_consumer/segmented/bf16 K0/cuda_graph/hot: p50=136.464us
T=2048 R=16 gate_consumer/segmented/bf16 K0/cuda_graph/cold: p50=137.760us
T=2048 R=16 gate_consumer/bmm/bf16 K0/eager/hot: p50=340.352us
T=2048 R=16 gate_consumer/bmm/bf16 K0/eager/cold: p50=341.344us
T=2048 R=16 gate_consumer/bmm/bf16 K0/cuda_graph/hot: p50=311.344us
T=2048 R=16 gate_consumer/bmm/bf16 K0/cuda_graph/cold: p50=311.936us
T=2048 R=16 down_a/indexed/bf16 K0/eager/hot: p50=70.240us
T=2048 R=16 down_a/indexed/bf16 K0/eager/cold: p50=72.256us
T=2048 R=16 down_a/indexed/bf16 K0/cuda_graph/hot: p50=69.376us
T=2048 R=16 down_a/indexed/bf16 K0/cuda_graph/cold: p50=71.392us
T=2048 R=16 down_a/aligned/bf16 K0/eager/hot: p50=39.952us
T=2048 R=16 down_a/aligned/bf16 K0/eager/cold: p50=16.688us
T=2048 R=16 down_a/aligned/bf16 K0/cuda_graph/hot: p50=13.360us
T=2048 R=16 down_a/aligned/bf16 K0/cuda_graph/cold: p50=14.944us
T=2048 R=16 down_a/segmented/bf16 K0/eager/hot: p50=40.336us
T=2048 R=16 down_a/segmented/bf16 K0/eager/cold: p50=22.064us
T=2048 R=16 down_a/segmented/bf16 K0/cuda_graph/hot: p50=21.184us
T=2048 R=16 down_a/segmented/bf16 K0/cuda_graph/cold: p50=21.200us
T=2048 R=16 down_a/bmm/bf16 K0/eager/hot: p50=51.200us
T=2048 R=16 down_a/bmm/bf16 K0/eager/cold: p50=34.704us
T=2048 R=16 down_a/bmm/bf16 K0/cuda_graph/hot: p50=27.392us
T=2048 R=16 down_a/bmm/bf16 K0/cuda_graph/cold: p50=29.392us
T=2048 R=16 down_finalize/indexed/bf16 K0/eager/hot: p50=223.360us
T=2048 R=16 down_finalize/indexed/bf16 K0/eager/cold: p50=224.224us
T=2048 R=16 down_finalize/indexed/bf16 K0/cuda_graph/hot: p50=223.632us
T=2048 R=16 down_finalize/indexed/bf16 K0/cuda_graph/cold: p50=224.128us
T=2048 R=16 down_finalize/aligned/bf16 K0/eager/hot: p50=109.168us
T=2048 R=16 down_finalize/aligned/bf16 K0/eager/cold: p50=110.592us
T=2048 R=16 down_finalize/aligned/bf16 K0/cuda_graph/hot: p50=107.056us
T=2048 R=16 down_finalize/aligned/bf16 K0/cuda_graph/cold: p50=106.752us
T=2048 R=16 down_finalize/segmented/bf16 K0/eager/hot: p50=432.048us
T=2048 R=16 down_finalize/segmented/bf16 K0/eager/cold: p50=431.360us
T=2048 R=16 down_finalize/segmented/bf16 K0/cuda_graph/hot: p50=429.888us
T=2048 R=16 down_finalize/segmented/bf16 K0/cuda_graph/cold: p50=429.344us
T=2048 R=16 down_finalize/bmm/bf16 K0/eager/hot: p50=220.096us
T=2048 R=16 down_finalize/bmm/bf16 K0/eager/cold: p50=221.072us
T=2048 R=16 down_finalize/bmm/bf16 K0/cuda_graph/hot: p50=214.544us
T=2048 R=16 down_finalize/bmm/bf16 K0/cuda_graph/cold: p50=214.144us
T=2048 R=16 down_finalize/one_shot_bf16/bf16 K0/eager/hot: p50=3012.848us
T=2048 R=16 down_finalize/one_shot_bf16/bf16 K0/eager/cold: p50=3013.968us
T=2048 R=16 down_finalize/one_shot_bf16/bf16 K0/cuda_graph/hot: p50=3011.152us
T=2048 R=16 down_finalize/one_shot_bf16/bf16 K0/cuda_graph/cold: p50=3010.912us
T=2048 R=16 down_finalize/one_shot_fp32/bf16 K0/eager/hot: p50=2840.768us
T=2048 R=16 down_finalize/one_shot_fp32/bf16 K0/eager/cold: p50=2842.448us
T=2048 R=16 down_finalize/one_shot_fp32/bf16 K0/cuda_graph/hot: p50=2836.816us
T=2048 R=16 down_finalize/one_shot_fp32/bf16 K0/cuda_graph/cold: p50=2838.880us
T=1 R=16 gate_a/indexed/bf16 O0/eager/hot: p50=59.184us
T=1 R=16 gate_a/indexed/bf16 O0/eager/cold: p50=18.688us
T=1 R=16 gate_a/indexed/bf16 O0/cuda_graph/hot: p50=16.832us
T=1 R=16 gate_a/indexed/bf16 O0/cuda_graph/cold: p50=17.168us
T=1 R=16 gate_a/aligned/bf16 O0/eager/hot: p50=335.232us
T=1 R=16 gate_a/aligned/bf16 O0/eager/cold: p50=285.952us
T=1 R=16 gate_a/aligned/bf16 O0/cuda_graph/hot: p50=24.784us
T=1 R=16 gate_a/aligned/bf16 O0/cuda_graph/cold: p50=33.984us
T=1 R=16 gate_a/segmented/bf16 O0/eager/hot: p50=393.104us
T=1 R=16 gate_a/segmented/bf16 O0/eager/cold: p50=317.712us
T=1 R=16 gate_a/segmented/bf16 O0/cuda_graph/hot: p50=42.864us
T=1 R=16 gate_a/segmented/bf16 O0/cuda_graph/cold: p50=52.416us
T=1 R=16 gate_a/bmm/bf16 O0/eager/hot: p50=363.296us
T=1 R=16 gate_a/bmm/bf16 O0/eager/cold: p50=291.344us
T=1 R=16 gate_a/bmm/bf16 O0/cuda_graph/hot: p50=37.472us
T=1 R=16 gate_a/bmm/bf16 O0/cuda_graph/cold: p50=43.248us
T=1 R=16 gate_consumer/indexed/bf16 O0/eager/hot: p50=94.304us
T=1 R=16 gate_consumer/indexed/bf16 O0/eager/cold: p50=44.624us
T=1 R=16 gate_consumer/indexed/bf16 O0/cuda_graph/hot: p50=16.080us
T=1 R=16 gate_consumer/indexed/bf16 O0/cuda_graph/cold: p50=12.496us
T=1 R=16 gate_consumer/aligned/bf16 O0/eager/hot: p50=385.632us
T=1 R=16 gate_consumer/aligned/bf16 O0/eager/cold: p50=143.056us
T=1 R=16 gate_consumer/aligned/bf16 O0/cuda_graph/hot: p50=30.016us
T=1 R=16 gate_consumer/aligned/bf16 O0/cuda_graph/cold: p50=35.312us
T=1 R=16 gate_consumer/segmented/bf16 O0/eager/hot: p50=214.192us
T=1 R=16 gate_consumer/segmented/bf16 O0/eager/cold: p50=156.528us
T=1 R=16 gate_consumer/segmented/bf16 O0/cuda_graph/hot: p50=37.792us
T=1 R=16 gate_consumer/segmented/bf16 O0/cuda_graph/cold: p50=43.232us
T=1 R=16 gate_consumer/bmm/bf16 O0/eager/hot: p50=191.504us
T=1 R=16 gate_consumer/bmm/bf16 O0/eager/cold: p50=138.496us
T=1 R=16 gate_consumer/bmm/bf16 O0/cuda_graph/hot: p50=39.904us
T=1 R=16 gate_consumer/bmm/bf16 O0/cuda_graph/cold: p50=45.936us
T=1 R=16 down_a/indexed/bf16 O0/eager/hot: p50=32.272us
T=1 R=16 down_a/indexed/bf16 O0/eager/cold: p50=9.744us
T=1 R=16 down_a/indexed/bf16 O0/cuda_graph/hot: p50=10.928us
T=1 R=16 down_a/indexed/bf16 O0/cuda_graph/cold: p50=9.360us
T=1 R=16 down_a/aligned/bf16 O0/eager/hot: p50=177.920us
T=1 R=16 down_a/aligned/bf16 O0/eager/cold: p50=124.688us
T=1 R=16 down_a/aligned/bf16 O0/cuda_graph/hot: p50=26.784us
T=1 R=16 down_a/aligned/bf16 O0/cuda_graph/cold: p50=31.744us
T=1 R=16 down_a/segmented/bf16 O0/eager/hot: p50=201.312us
T=1 R=16 down_a/segmented/bf16 O0/eager/cold: p50=148.928us
T=1 R=16 down_a/segmented/bf16 O0/cuda_graph/hot: p50=37.056us
T=1 R=16 down_a/segmented/bf16 O0/cuda_graph/cold: p50=43.152us
T=1 R=16 down_a/bmm/bf16 O0/eager/hot: p50=165.968us
T=1 R=16 down_a/bmm/bf16 O0/eager/cold: p50=111.104us
T=1 R=16 down_a/bmm/bf16 O0/cuda_graph/hot: p50=33.040us
T=1 R=16 down_a/bmm/bf16 O0/cuda_graph/cold: p50=38.384us
T=1 R=16 down_finalize/indexed/bf16 O0/eager/hot: p50=30.896us
T=1 R=16 down_finalize/indexed/bf16 O0/eager/cold: p50=8.608us
T=1 R=16 down_finalize/indexed/bf16 O0/cuda_graph/hot: p50=10.272us
T=1 R=16 down_finalize/indexed/bf16 O0/cuda_graph/cold: p50=8.688us
T=1 R=16 down_finalize/aligned/bf16 O0/eager/hot: p50=203.968us
T=1 R=16 down_finalize/aligned/bf16 O0/eager/cold: p50=151.088us
T=1 R=16 down_finalize/aligned/bf16 O0/cuda_graph/hot: p50=28.080us
T=1 R=16 down_finalize/aligned/bf16 O0/cuda_graph/cold: p50=33.248us
T=1 R=16 down_finalize/segmented/bf16 O0/eager/hot: p50=223.808us
T=1 R=16 down_finalize/segmented/bf16 O0/eager/cold: p50=170.960us
T=1 R=16 down_finalize/segmented/bf16 O0/cuda_graph/hot: p50=37.696us
T=1 R=16 down_finalize/segmented/bf16 O0/cuda_graph/cold: p50=43.296us
T=1 R=16 down_finalize/bmm/bf16 O0/eager/hot: p50=83.424us
T=1 R=16 down_finalize/bmm/bf16 O0/eager/cold: p50=30.304us
T=1 R=16 down_finalize/bmm/bf16 O0/cuda_graph/hot: p50=15.248us
T=1 R=16 down_finalize/bmm/bf16 O0/cuda_graph/cold: p50=18.032us
T=1 R=16 down_finalize/one_shot_bf16/bf16 O0/eager/hot: p50=57.072us
T=1 R=16 down_finalize/one_shot_bf16/bf16 O0/eager/cold: p50=15.760us
T=1 R=16 down_finalize/one_shot_bf16/bf16 O0/cuda_graph/hot: p50=12.336us
T=1 R=16 down_finalize/one_shot_bf16/bf16 O0/cuda_graph/cold: p50=14.016us
T=1 R=16 down_finalize/one_shot_fp32/bf16 O0/eager/hot: p50=56.672us
T=1 R=16 down_finalize/one_shot_fp32/bf16 O0/eager/cold: p50=15.488us
T=1 R=16 down_finalize/one_shot_fp32/bf16 O0/cuda_graph/hot: p50=11.920us
T=1 R=16 down_finalize/one_shot_fp32/bf16 O0/cuda_graph/cold: p50=14.000us
T=32 R=16 gate_a/indexed/bf16 O0/eager/hot: p50=33.920us
T=32 R=16 gate_a/indexed/bf16 O0/eager/cold: p50=18.640us
T=32 R=16 gate_a/indexed/bf16 O0/cuda_graph/hot: p50=13.952us
T=32 R=16 gate_a/indexed/bf16 O0/cuda_graph/cold: p50=18.080us
T=32 R=16 gate_a/aligned/bf16 O0/eager/hot: p50=179.888us
T=32 R=16 gate_a/aligned/bf16 O0/eager/cold: p50=127.520us
T=32 R=16 gate_a/aligned/bf16 O0/cuda_graph/hot: p50=32.160us
T=32 R=16 gate_a/aligned/bf16 O0/cuda_graph/cold: p50=38.304us
T=32 R=16 gate_a/segmented/bf16 O0/eager/hot: p50=203.728us
T=32 R=16 gate_a/segmented/bf16 O0/eager/cold: p50=154.416us
T=32 R=16 gate_a/segmented/bf16 O0/cuda_graph/hot: p50=62.592us
T=32 R=16 gate_a/segmented/bf16 O0/cuda_graph/cold: p50=72.544us
T=32 R=16 gate_a/bmm/bf16 O0/eager/hot: p50=177.824us
T=32 R=16 gate_a/bmm/bf16 O0/eager/cold: p50=124.896us
T=32 R=16 gate_a/bmm/bf16 O0/cuda_graph/hot: p50=60.416us
T=32 R=16 gate_a/bmm/bf16 O0/cuda_graph/cold: p50=66.256us
T=32 R=16 gate_consumer/indexed/bf16 O0/eager/hot: p50=50.224us
T=32 R=16 gate_consumer/indexed/bf16 O0/eager/cold: p50=15.520us
T=32 R=16 gate_consumer/indexed/bf16 O0/cuda_graph/hot: p50=14.208us
T=32 R=16 gate_consumer/indexed/bf16 O0/cuda_graph/cold: p50=15.280us
T=32 R=16 gate_consumer/aligned/bf16 O0/eager/hot: p50=199.888us
T=32 R=16 gate_consumer/aligned/bf16 O0/eager/cold: p50=145.760us
T=32 R=16 gate_consumer/aligned/bf16 O0/cuda_graph/hot: p50=36.640us
T=32 R=16 gate_consumer/aligned/bf16 O0/cuda_graph/cold: p50=42.096us
T=32 R=16 gate_consumer/segmented/bf16 O0/eager/hot: p50=212.128us
T=32 R=16 gate_consumer/segmented/bf16 O0/eager/cold: p50=158.048us
T=32 R=16 gate_consumer/segmented/bf16 O0/cuda_graph/hot: p50=59.888us
T=32 R=16 gate_consumer/segmented/bf16 O0/cuda_graph/cold: p50=65.120us
T=32 R=16 gate_consumer/bmm/bf16 O0/eager/hot: p50=189.472us
T=32 R=16 gate_consumer/bmm/bf16 O0/eager/cold: p50=137.536us
T=32 R=16 gate_consumer/bmm/bf16 O0/cuda_graph/hot: p50=46.784us
T=32 R=16 gate_consumer/bmm/bf16 O0/cuda_graph/cold: p50=53.504us
T=32 R=16 down_a/indexed/bf16 O0/eager/hot: p50=33.392us
T=32 R=16 down_a/indexed/bf16 O0/eager/cold: p50=10.176us
T=32 R=16 down_a/indexed/bf16 O0/cuda_graph/hot: p50=10.720us
T=32 R=16 down_a/indexed/bf16 O0/cuda_graph/cold: p50=9.824us
T=32 R=16 down_a/aligned/bf16 O0/eager/hot: p50=180.016us
T=32 R=16 down_a/aligned/bf16 O0/eager/cold: p50=125.504us
T=32 R=16 down_a/aligned/bf16 O0/cuda_graph/hot: p50=30.256us
T=32 R=16 down_a/aligned/bf16 O0/cuda_graph/cold: p50=34.880us
T=32 R=16 down_a/segmented/bf16 O0/eager/hot: p50=205.168us
T=32 R=16 down_a/segmented/bf16 O0/eager/cold: p50=149.200us
T=32 R=16 down_a/segmented/bf16 O0/cuda_graph/hot: p50=56.960us
T=32 R=16 down_a/segmented/bf16 O0/cuda_graph/cold: p50=62.912us
T=32 R=16 down_a/bmm/bf16 O0/eager/hot: p50=165.984us
T=32 R=16 down_a/bmm/bf16 O0/eager/cold: p50=112.512us
T=32 R=16 down_a/bmm/bf16 O0/cuda_graph/hot: p50=54.688us
T=32 R=16 down_a/bmm/bf16 O0/cuda_graph/cold: p50=59.472us
T=32 R=16 down_finalize/indexed/bf16 O0/eager/hot: p50=31.856us
T=32 R=16 down_finalize/indexed/bf16 O0/eager/cold: p50=9.952us
T=32 R=16 down_finalize/indexed/bf16 O0/cuda_graph/hot: p50=10.944us
T=32 R=16 down_finalize/indexed/bf16 O0/cuda_graph/cold: p50=10.080us
T=32 R=16 down_finalize/aligned/bf16 O0/eager/hot: p50=203.840us
T=32 R=16 down_finalize/aligned/bf16 O0/eager/cold: p50=151.200us
T=32 R=16 down_finalize/aligned/bf16 O0/cuda_graph/hot: p50=32.816us
T=32 R=16 down_finalize/aligned/bf16 O0/cuda_graph/cold: p50=38.576us
T=32 R=16 down_finalize/segmented/bf16 O0/eager/hot: p50=223.168us
T=32 R=16 down_finalize/segmented/bf16 O0/eager/cold: p50=169.360us
T=32 R=16 down_finalize/segmented/bf16 O0/cuda_graph/hot: p50=62.048us
T=32 R=16 down_finalize/segmented/bf16 O0/cuda_graph/cold: p50=67.392us
T=32 R=16 down_finalize/bmm/bf16 O0/eager/hot: p50=82.544us
T=32 R=16 down_finalize/bmm/bf16 O0/eager/cold: p50=29.536us
T=32 R=16 down_finalize/bmm/bf16 O0/cuda_graph/hot: p50=18.800us
T=32 R=16 down_finalize/bmm/bf16 O0/cuda_graph/cold: p50=22.224us
T=32 R=16 down_finalize/one_shot_bf16/bf16 O0/eager/hot: p50=62.784us
T=32 R=16 down_finalize/one_shot_bf16/bf16 O0/eager/cold: p50=59.408us
T=32 R=16 down_finalize/one_shot_bf16/bf16 O0/cuda_graph/hot: p50=56.256us
T=32 R=16 down_finalize/one_shot_bf16/bf16 O0/cuda_graph/cold: p50=57.616us
T=32 R=16 down_finalize/one_shot_fp32/bf16 O0/eager/hot: p50=62.528us
T=32 R=16 down_finalize/one_shot_fp32/bf16 O0/eager/cold: p50=56.656us
T=32 R=16 down_finalize/one_shot_fp32/bf16 O0/cuda_graph/hot: p50=53.728us
T=32 R=16 down_finalize/one_shot_fp32/bf16 O0/cuda_graph/cold: p50=55.088us
T=256 R=16 gate_a/indexed/bf16 O0/eager/hot: p50=38.384us
T=256 R=16 gate_a/indexed/bf16 O0/eager/cold: p50=37.632us
T=256 R=16 gate_a/indexed/bf16 O0/cuda_graph/hot: p50=36.336us
T=256 R=16 gate_a/indexed/bf16 O0/cuda_graph/cold: p50=36.928us
T=256 R=16 gate_a/aligned/bf16 O0/eager/hot: p50=181.472us
T=256 R=16 gate_a/aligned/bf16 O0/eager/cold: p50=126.992us
T=256 R=16 gate_a/aligned/bf16 O0/cuda_graph/hot: p50=35.136us
T=256 R=16 gate_a/aligned/bf16 O0/cuda_graph/cold: p50=42.144us
T=256 R=16 gate_a/segmented/bf16 O0/eager/hot: p50=205.408us
T=256 R=16 gate_a/segmented/bf16 O0/eager/cold: p50=154.096us
T=256 R=16 gate_a/segmented/bf16 O0/cuda_graph/hot: p50=67.520us
T=256 R=16 gate_a/segmented/bf16 O0/cuda_graph/cold: p50=76.144us
T=256 R=16 gate_a/bmm/bf16 O0/eager/hot: p50=184.128us
T=256 R=16 gate_a/bmm/bf16 O0/eager/cold: p50=126.592us
T=256 R=16 gate_a/bmm/bf16 O0/cuda_graph/hot: p50=66.112us
T=256 R=16 gate_a/bmm/bf16 O0/cuda_graph/cold: p50=72.752us
T=256 R=16 gate_consumer/indexed/bf16 O0/eager/hot: p50=55.072us
T=256 R=16 gate_consumer/indexed/bf16 O0/eager/cold: p50=34.336us
T=256 R=16 gate_consumer/indexed/bf16 O0/cuda_graph/hot: p50=32.928us
T=256 R=16 gate_consumer/indexed/bf16 O0/cuda_graph/cold: p50=33.648us
T=256 R=16 gate_consumer/aligned/bf16 O0/eager/hot: p50=198.832us
T=256 R=16 gate_consumer/aligned/bf16 O0/eager/cold: p50=145.712us
T=256 R=16 gate_consumer/aligned/bf16 O0/cuda_graph/hot: p50=40.800us
T=256 R=16 gate_consumer/aligned/bf16 O0/cuda_graph/cold: p50=47.792us
T=256 R=16 gate_consumer/segmented/bf16 O0/eager/hot: p50=214.352us
T=256 R=16 gate_consumer/segmented/bf16 O0/eager/cold: p50=159.344us
T=256 R=16 gate_consumer/segmented/bf16 O0/cuda_graph/hot: p50=71.152us
T=256 R=16 gate_consumer/segmented/bf16 O0/cuda_graph/cold: p50=76.944us
T=256 R=16 gate_consumer/bmm/bf16 O0/eager/hot: p50=191.472us
T=256 R=16 gate_consumer/bmm/bf16 O0/eager/cold: p50=139.376us
T=256 R=16 gate_consumer/bmm/bf16 O0/cuda_graph/hot: p50=63.216us
T=256 R=16 gate_consumer/bmm/bf16 O0/cuda_graph/cold: p50=69.024us
T=256 R=16 down_a/indexed/bf16 O0/eager/hot: p50=36.576us
T=256 R=16 down_a/indexed/bf16 O0/eager/cold: p50=16.768us
T=256 R=16 down_a/indexed/bf16 O0/cuda_graph/hot: p50=15.136us
T=256 R=16 down_a/indexed/bf16 O0/cuda_graph/cold: p50=16.496us
T=256 R=16 down_a/aligned/bf16 O0/eager/hot: p50=180.144us
T=256 R=16 down_a/aligned/bf16 O0/eager/cold: p50=126.272us
T=256 R=16 down_a/aligned/bf16 O0/cuda_graph/hot: p50=31.584us
T=256 R=16 down_a/aligned/bf16 O0/cuda_graph/cold: p50=37.856us
T=256 R=16 down_a/segmented/bf16 O0/eager/hot: p50=205.744us
T=256 R=16 down_a/segmented/bf16 O0/eager/cold: p50=152.416us
T=256 R=16 down_a/segmented/bf16 O0/cuda_graph/hot: p50=60.112us
T=256 R=16 down_a/segmented/bf16 O0/cuda_graph/cold: p50=66.784us
T=256 R=16 down_a/bmm/bf16 O0/eager/hot: p50=168.848us
T=256 R=16 down_a/bmm/bf16 O0/eager/cold: p50=111.840us
T=256 R=16 down_a/bmm/bf16 O0/cuda_graph/hot: p50=58.784us
T=256 R=16 down_a/bmm/bf16 O0/cuda_graph/cold: p50=65.792us
T=256 R=16 down_finalize/indexed/bf16 O0/eager/hot: p50=36.928us
T=256 R=16 down_finalize/indexed/bf16 O0/eager/cold: p50=34.192us
T=256 R=16 down_finalize/indexed/bf16 O0/cuda_graph/hot: p50=32.912us
T=256 R=16 down_finalize/indexed/bf16 O0/cuda_graph/cold: p50=34.112us
T=256 R=16 down_finalize/aligned/bf16 O0/eager/hot: p50=205.824us
T=256 R=16 down_finalize/aligned/bf16 O0/eager/cold: p50=152.192us
T=256 R=16 down_finalize/aligned/bf16 O0/cuda_graph/hot: p50=40.448us
T=256 R=16 down_finalize/aligned/bf16 O0/cuda_graph/cold: p50=48.112us
T=256 R=16 down_finalize/segmented/bf16 O0/eager/hot: p50=228.176us
T=256 R=16 down_finalize/segmented/bf16 O0/eager/cold: p50=174.544us
T=256 R=16 down_finalize/segmented/bf16 O0/cuda_graph/hot: p50=102.576us
T=256 R=16 down_finalize/segmented/bf16 O0/cuda_graph/cold: p50=109.936us
T=256 R=16 down_finalize/bmm/bf16 O0/eager/hot: p50=82.848us
T=256 R=16 down_finalize/bmm/bf16 O0/eager/cold: p50=44.144us
T=256 R=16 down_finalize/bmm/bf16 O0/cuda_graph/hot: p50=35.392us
T=256 R=16 down_finalize/bmm/bf16 O0/cuda_graph/cold: p50=39.056us
T=256 R=16 down_finalize/one_shot_bf16/bf16 O0/eager/hot: p50=382.624us
T=256 R=16 down_finalize/one_shot_bf16/bf16 O0/eager/cold: p50=385.328us
T=256 R=16 down_finalize/one_shot_bf16/bf16 O0/cuda_graph/hot: p50=380.960us
T=256 R=16 down_finalize/one_shot_bf16/bf16 O0/cuda_graph/cold: p50=383.600us
T=256 R=16 down_finalize/one_shot_fp32/bf16 O0/eager/hot: p50=360.560us
T=256 R=16 down_finalize/one_shot_fp32/bf16 O0/eager/cold: p50=364.896us
T=256 R=16 down_finalize/one_shot_fp32/bf16 O0/cuda_graph/hot: p50=359.056us
T=256 R=16 down_finalize/one_shot_fp32/bf16 O0/cuda_graph/cold: p50=361.520us
T=2048 R=16 gate_a/indexed/bf16 O0/eager/hot: p50=233.072us
T=2048 R=16 gate_a/indexed/bf16 O0/eager/cold: p50=235.104us
T=2048 R=16 gate_a/indexed/bf16 O0/cuda_graph/hot: p50=232.208us
T=2048 R=16 gate_a/indexed/bf16 O0/cuda_graph/cold: p50=233.888us
T=2048 R=16 gate_a/aligned/bf16 O0/eager/hot: p50=188.400us
T=2048 R=16 gate_a/aligned/bf16 O0/eager/cold: p50=134.944us
T=2048 R=16 gate_a/aligned/bf16 O0/cuda_graph/hot: p50=58.080us
T=2048 R=16 gate_a/aligned/bf16 O0/cuda_graph/cold: p50=63.760us
T=2048 R=16 gate_a/segmented/bf16 O0/eager/hot: p50=240.656us
T=2048 R=16 gate_a/segmented/bf16 O0/eager/cold: p50=186.064us
T=2048 R=16 gate_a/segmented/bf16 O0/cuda_graph/hot: p50=154.768us
T=2048 R=16 gate_a/segmented/bf16 O0/cuda_graph/cold: p50=162.112us
T=2048 R=16 gate_a/bmm/bf16 O0/eager/hot: p50=214.656us
T=2048 R=16 gate_a/bmm/bf16 O0/eager/cold: p50=178.816us
T=2048 R=16 gate_a/bmm/bf16 O0/cuda_graph/hot: p50=164.560us
T=2048 R=16 gate_a/bmm/bf16 O0/cuda_graph/cold: p50=163.328us
T=2048 R=16 gate_consumer/indexed/bf16 O0/eager/hot: p50=210.704us
T=2048 R=16 gate_consumer/indexed/bf16 O0/eager/cold: p50=211.328us
T=2048 R=16 gate_consumer/indexed/bf16 O0/cuda_graph/hot: p50=210.592us
T=2048 R=16 gate_consumer/indexed/bf16 O0/cuda_graph/cold: p50=210.848us
T=2048 R=16 gate_consumer/aligned/bf16 O0/eager/hot: p50=207.472us
T=2048 R=16 gate_consumer/aligned/bf16 O0/eager/cold: p50=153.072us
T=2048 R=16 gate_consumer/aligned/bf16 O0/cuda_graph/hot: p50=108.960us
T=2048 R=16 gate_consumer/aligned/bf16 O0/cuda_graph/cold: p50=112.128us
T=2048 R=16 gate_consumer/segmented/bf16 O0/eager/hot: p50=260.480us
T=2048 R=16 gate_consumer/segmented/bf16 O0/eager/cold: p50=262.816us
T=2048 R=16 gate_consumer/segmented/bf16 O0/cuda_graph/hot: p50=249.040us
T=2048 R=16 gate_consumer/segmented/bf16 O0/cuda_graph/cold: p50=248.960us
T=2048 R=16 gate_consumer/bmm/bf16 O0/eager/hot: p50=338.608us
T=2048 R=16 gate_consumer/bmm/bf16 O0/eager/cold: p50=340.320us
T=2048 R=16 gate_consumer/bmm/bf16 O0/cuda_graph/hot: p50=311.920us
T=2048 R=16 gate_consumer/bmm/bf16 O0/cuda_graph/cold: p50=311.456us
T=2048 R=16 down_a/indexed/bf16 O0/eager/hot: p50=69.904us
T=2048 R=16 down_a/indexed/bf16 O0/eager/cold: p50=72.080us
T=2048 R=16 down_a/indexed/bf16 O0/cuda_graph/hot: p50=69.376us
T=2048 R=16 down_a/indexed/bf16 O0/cuda_graph/cold: p50=71.712us
T=2048 R=16 down_a/aligned/bf16 O0/eager/hot: p50=183.248us
T=2048 R=16 down_a/aligned/bf16 O0/eager/cold: p50=130.560us
T=2048 R=16 down_a/aligned/bf16 O0/cuda_graph/hot: p50=42.240us
T=2048 R=16 down_a/aligned/bf16 O0/cuda_graph/cold: p50=48.240us
T=2048 R=16 down_a/segmented/bf16 O0/eager/hot: p50=239.984us
T=2048 R=16 down_a/segmented/bf16 O0/eager/cold: p50=188.128us
T=2048 R=16 down_a/segmented/bf16 O0/cuda_graph/hot: p50=126.240us
T=2048 R=16 down_a/segmented/bf16 O0/cuda_graph/cold: p50=132.992us
T=2048 R=16 down_a/bmm/bf16 O0/eager/hot: p50=205.840us
T=2048 R=16 down_a/bmm/bf16 O0/eager/cold: p50=149.440us
T=2048 R=16 down_a/bmm/bf16 O0/cuda_graph/hot: p50=131.360us
T=2048 R=16 down_a/bmm/bf16 O0/cuda_graph/cold: p50=132.304us
T=2048 R=16 down_finalize/indexed/bf16 O0/eager/hot: p50=223.456us
T=2048 R=16 down_finalize/indexed/bf16 O0/eager/cold: p50=224.464us
T=2048 R=16 down_finalize/indexed/bf16 O0/cuda_graph/hot: p50=223.744us
T=2048 R=16 down_finalize/indexed/bf16 O0/cuda_graph/cold: p50=224.272us
T=2048 R=16 down_finalize/aligned/bf16 O0/eager/hot: p50=214.464us
T=2048 R=16 down_finalize/aligned/bf16 O0/eager/cold: p50=160.288us
T=2048 R=16 down_finalize/aligned/bf16 O0/cuda_graph/hot: p50=140.304us
T=2048 R=16 down_finalize/aligned/bf16 O0/cuda_graph/cold: p50=140.048us
T=2048 R=16 down_finalize/segmented/bf16 O0/eager/hot: p50=555.504us
T=2048 R=16 down_finalize/segmented/bf16 O0/eager/cold: p50=555.328us
T=2048 R=16 down_finalize/segmented/bf16 O0/cuda_graph/hot: p50=542.240us
T=2048 R=16 down_finalize/segmented/bf16 O0/cuda_graph/cold: p50=540.480us
T=2048 R=16 down_finalize/bmm/bf16 O0/eager/hot: p50=218.928us
T=2048 R=16 down_finalize/bmm/bf16 O0/eager/cold: p50=220.224us
T=2048 R=16 down_finalize/bmm/bf16 O0/cuda_graph/hot: p50=213.856us
T=2048 R=16 down_finalize/bmm/bf16 O0/cuda_graph/cold: p50=214.448us
T=2048 R=16 down_finalize/one_shot_bf16/bf16 O0/eager/hot: p50=3012.736us
T=2048 R=16 down_finalize/one_shot_bf16/bf16 O0/eager/cold: p50=3012.416us
T=2048 R=16 down_finalize/one_shot_bf16/bf16 O0/cuda_graph/hot: p50=3011.248us
T=2048 R=16 down_finalize/one_shot_bf16/bf16 O0/cuda_graph/cold: p50=3013.744us
T=2048 R=16 down_finalize/one_shot_fp32/bf16 O0/eager/hot: p50=2838.448us
T=2048 R=16 down_finalize/one_shot_fp32/bf16 O0/eager/cold: p50=2841.392us
T=2048 R=16 down_finalize/one_shot_fp32/bf16 O0/cuda_graph/hot: p50=2836.496us
T=2048 R=16 down_finalize/one_shot_fp32/bf16 O0/cuda_graph/cold: p50=2835.440us
