T=1 R=16 gate_a/bmm/bf16 K0/cuda_graph/cold: p50=17.568us
T=1 R=16 gate_a/bmm/bf16 K0/cuda_graph/hot: p50=15.920us
T=1 R=16 gate_a/bmm/bf16 K0/eager/cold: p50=22.400us
T=1 R=16 gate_a/bmm/bf16 K0/eager/hot: p50=60.336us
T=1 R=16 gate_a/segmented/bf16 K0/cuda_graph/cold: p50=19.408us
T=1 R=16 gate_a/segmented/bf16 K0/cuda_graph/hot: p50=13.968us
T=1 R=16 gate_a/segmented/bf16 K0/eager/cold: p50=20.464us
T=1 R=16 gate_a/segmented/bf16 K0/eager/hot: p50=36.208us
T=1 R=16 gate_a/aligned/bf16 K0/cuda_graph/cold: p50=11.056us
T=1 R=16 gate_a/aligned/bf16 K0/cuda_graph/hot: p50=10.256us
T=1 R=16 gate_a/aligned/bf16 K0/eager/cold: p50=11.552us
T=1 R=16 gate_a/aligned/bf16 K0/eager/hot: p50=35.744us
T=1 R=16 gate_a/indexed/bf16 K0/cuda_graph/cold: p50=17.712us
T=1 R=16 gate_a/indexed/bf16 K0/cuda_graph/hot: p50=12.576us
T=1 R=16 gate_a/indexed/bf16 K0/eager/cold: p50=18.240us
T=1 R=16 gate_a/indexed/bf16 K0/eager/hot: p50=31.776us
T=1 R=16 gate_consumer/bmm/bf16 K0/cuda_graph/cold: p50=46.000us
T=1 R=16 gate_consumer/bmm/bf16 K0/cuda_graph/hot: p50=40.448us
T=1 R=16 gate_consumer/bmm/bf16 K0/eager/cold: p50=129.056us
T=1 R=16 gate_consumer/bmm/bf16 K0/eager/hot: p50=178.768us
T=1 R=16 gate_consumer/segmented/bf16 K0/cuda_graph/cold: p50=10.688us
T=1 R=16 gate_consumer/segmented/bf16 K0/cuda_graph/hot: p50=10.288us
T=1 R=16 gate_consumer/segmented/bf16 K0/eager/cold: p50=11.168us
T=1 R=16 gate_consumer/segmented/bf16 K0/eager/hot: p50=40.304us
T=1 R=16 gate_consumer/aligned/bf16 K0/cuda_graph/cold: p50=12.176us
T=1 R=16 gate_consumer/aligned/bf16 K0/cuda_graph/hot: p50=11.120us
T=1 R=16 gate_consumer/aligned/bf16 K0/eager/cold: p50=13.568us
T=1 R=16 gate_consumer/aligned/bf16 K0/eager/hot: p50=54.224us
T=1 R=16 gate_consumer/indexed/bf16 K0/cuda_graph/cold: p50=12.400us
T=1 R=16 gate_consumer/indexed/bf16 K0/cuda_graph/hot: p50=11.936us
T=1 R=16 gate_consumer/indexed/bf16 K0/eager/cold: p50=13.264us
T=1 R=16 gate_consumer/indexed/bf16 K0/eager/hot: p50=48.560us
T=1 R=16 down_a/bmm/bf16 K0/cuda_graph/cold: p50=14.288us
T=1 R=16 down_a/bmm/bf16 K0/cuda_graph/hot: p50=13.168us
T=1 R=16 down_a/bmm/bf16 K0/eager/cold: p50=17.408us
T=1 R=16 down_a/bmm/bf16 K0/eager/hot: p50=50.112us
T=1 R=16 down_a/segmented/bf16 K0/cuda_graph/cold: p50=10.848us
T=1 R=16 down_a/segmented/bf16 K0/cuda_graph/hot: p50=10.224us
T=1 R=16 down_a/segmented/bf16 K0/eager/cold: p50=10.960us
T=1 R=16 down_a/segmented/bf16 K0/eager/hot: p50=34.272us
T=1 R=16 down_a/aligned/bf16 K0/cuda_graph/cold: p50=8.512us
T=1 R=16 down_a/aligned/bf16 K0/cuda_graph/hot: p50=10.320us
T=1 R=16 down_a/aligned/bf16 K0/eager/cold: p50=8.896us
T=1 R=16 down_a/aligned/bf16 K0/eager/hot: p50=35.792us
T=1 R=16 down_a/indexed/bf16 K0/cuda_graph/cold: p50=9.392us
T=1 R=16 down_a/indexed/bf16 K0/cuda_graph/hot: p50=10.416us
T=1 R=16 down_a/indexed/bf16 K0/eager/cold: p50=9.856us
T=1 R=16 down_a/indexed/bf16 K0/eager/hot: p50=31.408us
T=1 R=16 down_finalize/bmm/bf16 K0/cuda_graph/cold: p50=17.488us
T=1 R=16 down_finalize/bmm/bf16 K0/cuda_graph/hot: p50=14.816us
T=1 R=16 down_finalize/bmm/bf16 K0/eager/cold: p50=26.176us
T=1 R=16 down_finalize/bmm/bf16 K0/eager/hot: p50=76.976us
T=1 R=16 down_finalize/segmented/bf16 K0/cuda_graph/cold: p50=10.960us
T=1 R=16 down_finalize/segmented/bf16 K0/cuda_graph/hot: p50=10.928us
T=1 R=16 down_finalize/segmented/bf16 K0/eager/cold: p50=11.600us
T=1 R=16 down_finalize/segmented/bf16 K0/eager/hot: p50=53.840us
T=1 R=16 down_finalize/aligned/bf16 K0/cuda_graph/cold: p50=10.576us
T=1 R=16 down_finalize/aligned/bf16 K0/cuda_graph/hot: p50=10.384us
T=1 R=16 down_finalize/aligned/bf16 K0/eager/cold: p50=11.568us
T=1 R=16 down_finalize/aligned/bf16 K0/eager/hot: p50=57.824us
T=1 R=16 down_finalize/indexed/bf16 K0/cuda_graph/cold: p50=8.496us
T=1 R=16 down_finalize/indexed/bf16 K0/cuda_graph/hot: p50=9.840us
T=1 R=16 down_finalize/indexed/bf16 K0/eager/cold: p50=8.400us
T=1 R=16 down_finalize/indexed/bf16 K0/eager/hot: p50=30.320us
T=1 R=16 down_finalize/one_shot_bf16/bf16 K0/cuda_graph/cold: p50=14.192us
T=1 R=16 down_finalize/one_shot_bf16/bf16 K0/cuda_graph/hot: p50=11.808us
T=1 R=16 down_finalize/one_shot_bf16/bf16 K0/eager/cold: p50=14.768us
T=1 R=16 down_finalize/one_shot_bf16/bf16 K0/eager/hot: p50=55.456us
T=1 R=16 down_finalize/one_shot_fp32/bf16 K0/cuda_graph/cold: p50=13.984us
T=1 R=16 down_finalize/one_shot_fp32/bf16 K0/cuda_graph/hot: p50=11.824us
T=1 R=16 down_finalize/one_shot_fp32/bf16 K0/eager/cold: p50=14.608us
T=1 R=16 down_finalize/one_shot_fp32/bf16 K0/eager/hot: p50=54.256us
T=32 R=16 gate_a/bmm/bf16 K0/cuda_graph/cold: p50=23.200us
T=32 R=16 gate_a/bmm/bf16 K0/cuda_graph/hot: p50=20.224us
T=32 R=16 gate_a/bmm/bf16 K0/eager/cold: p50=28.144us
T=32 R=16 gate_a/bmm/bf16 K0/eager/hot: p50=59.296us
T=32 R=16 gate_a/segmented/bf16 K0/cuda_graph/cold: p50=20.384us
T=32 R=16 gate_a/segmented/bf16 K0/cuda_graph/hot: p50=14.272us
T=32 R=16 gate_a/segmented/bf16 K0/eager/cold: p50=21.168us
T=32 R=16 gate_a/segmented/bf16 K0/eager/hot: p50=36.208us
T=32 R=16 gate_a/aligned/bf16 K0/cuda_graph/cold: p50=11.632us
T=32 R=16 gate_a/aligned/bf16 K0/cuda_graph/hot: p50=10.560us
T=32 R=16 gate_a/aligned/bf16 K0/eager/cold: p50=12.384us
T=32 R=16 gate_a/aligned/bf16 K0/eager/hot: p50=36.048us
T=32 R=16 gate_a/indexed/bf16 K0/cuda_graph/cold: p50=18.048us
T=32 R=16 gate_a/indexed/bf16 K0/cuda_graph/hot: p50=13.616us
T=32 R=16 gate_a/indexed/bf16 K0/eager/cold: p50=18.800us
T=32 R=16 gate_a/indexed/bf16 K0/eager/hot: p50=33.328us
T=32 R=16 gate_consumer/bmm/bf16 K0/cuda_graph/cold: p50=53.312us
T=32 R=16 gate_consumer/bmm/bf16 K0/cuda_graph/hot: p50=46.880us
T=32 R=16 gate_consumer/bmm/bf16 K0/eager/cold: p50=129.888us
T=32 R=16 gate_consumer/bmm/bf16 K0/eager/hot: p50=181.088us
T=32 R=16 gate_consumer/segmented/bf16 K0/cuda_graph/cold: p50=13.280us
T=32 R=16 gate_consumer/segmented/bf16 K0/cuda_graph/hot: p50=12.416us
T=32 R=16 gate_consumer/segmented/bf16 K0/eager/cold: p50=13.872us
T=32 R=16 gate_consumer/segmented/bf16 K0/eager/hot: p50=41.856us
T=32 R=16 gate_consumer/aligned/bf16 K0/cuda_graph/cold: p50=15.664us
T=32 R=16 gate_consumer/aligned/bf16 K0/cuda_graph/hot: p50=14.400us
T=32 R=16 gate_consumer/aligned/bf16 K0/eager/cold: p50=16.672us
T=32 R=16 gate_consumer/aligned/bf16 K0/eager/hot: p50=54.176us
T=32 R=16 gate_consumer/indexed/bf16 K0/cuda_graph/cold: p50=14.912us
T=32 R=16 gate_consumer/indexed/bf16 K0/cuda_graph/hot: p50=13.248us
T=32 R=16 gate_consumer/indexed/bf16 K0/eager/cold: p50=15.536us
T=32 R=16 gate_consumer/indexed/bf16 K0/eager/hot: p50=48.512us
T=32 R=16 down_a/bmm/bf16 K0/cuda_graph/cold: p50=16.864us
T=32 R=16 down_a/bmm/bf16 K0/cuda_graph/hot: p50=14.400us
T=32 R=16 down_a/bmm/bf16 K0/eager/cold: p50=20.080us
T=32 R=16 down_a/bmm/bf16 K0/eager/hot: p50=50.480us
T=32 R=16 down_a/segmented/bf16 K0/cuda_graph/cold: p50=11.152us
T=32 R=16 down_a/segmented/bf16 K0/cuda_graph/hot: p50=10.224us
T=32 R=16 down_a/segmented/bf16 K0/eager/cold: p50=11.504us
T=32 R=16 down_a/segmented/bf16 K0/eager/hot: p50=34.128us
T=32 R=16 down_a/aligned/bf16 K0/cuda_graph/cold: p50=9.024us
T=32 R=16 down_a/aligned/bf16 K0/cuda_graph/hot: p50=10.400us
T=32 R=16 down_a/aligned/bf16 K0/eager/cold: p50=9.392us
T=32 R=16 down_a/aligned/bf16 K0/eager/hot: p50=37.152us
T=32 R=16 down_a/indexed/bf16 K0/cuda_graph/cold: p50=10.176us
T=32 R=16 down_a/indexed/bf16 K0/cuda_graph/hot: p50=10.528us
T=32 R=16 down_a/indexed/bf16 K0/eager/cold: p50=10.592us
T=32 R=16 down_a/indexed/bf16 K0/eager/hot: p50=31.968us
T=32 R=16 down_finalize/bmm/bf16 K0/cuda_graph/cold: p50=21.616us
T=32 R=16 down_finalize/bmm/bf16 K0/cuda_graph/hot: p50=18.176us
T=32 R=16 down_finalize/bmm/bf16 K0/eager/cold: p50=26.320us
T=32 R=16 down_finalize/bmm/bf16 K0/eager/hot: p50=77.280us
T=32 R=16 down_finalize/segmented/bf16 K0/cuda_graph/cold: p50=15.248us
T=32 R=16 down_finalize/segmented/bf16 K0/cuda_graph/hot: p50=13.936us
T=32 R=16 down_finalize/segmented/bf16 K0/eager/cold: p50=17.904us
T=32 R=16 down_finalize/segmented/bf16 K0/eager/hot: p50=53.728us
T=32 R=16 down_finalize/aligned/bf16 K0/cuda_graph/cold: p50=11.968us
T=32 R=16 down_finalize/aligned/bf16 K0/cuda_graph/hot: p50=11.328us
T=32 R=16 down_finalize/aligned/bf16 K0/eager/cold: p50=13.408us
T=32 R=16 down_finalize/aligned/bf16 K0/eager/hot: p50=58.224us
T=32 R=16 down_finalize/indexed/bf16 K0/cuda_graph/cold: p50=9.888us
T=32 R=16 down_finalize/indexed/bf16 K0/cuda_graph/hot: p50=10.656us
T=32 R=16 down_finalize/indexed/bf16 K0/eager/cold: p50=10.128us
T=32 R=16 down_finalize/indexed/bf16 K0/eager/hot: p50=30.800us
T=32 R=16 down_finalize/one_shot_bf16/bf16 K0/cuda_graph/cold: p50=57.760us
T=32 R=16 down_finalize/one_shot_bf16/bf16 K0/cuda_graph/hot: p50=56.864us
T=32 R=16 down_finalize/one_shot_bf16/bf16 K0/eager/cold: p50=60.848us
T=32 R=16 down_finalize/one_shot_bf16/bf16 K0/eager/hot: p50=59.792us
T=32 R=16 down_finalize/one_shot_fp32/bf16 K0/cuda_graph/cold: p50=54.864us
T=32 R=16 down_finalize/one_shot_fp32/bf16 K0/cuda_graph/hot: p50=53.968us
T=32 R=16 down_finalize/one_shot_fp32/bf16 K0/eager/cold: p50=56.208us
T=32 R=16 down_finalize/one_shot_fp32/bf16 K0/eager/hot: p50=59.536us
T=256 R=16 gate_a/bmm/bf16 K0/cuda_graph/cold: p50=26.144us
T=256 R=16 gate_a/bmm/bf16 K0/cuda_graph/hot: p50=22.672us
T=256 R=16 gate_a/bmm/bf16 K0/eager/cold: p50=31.552us
T=256 R=16 gate_a/bmm/bf16 K0/eager/hot: p50=58.192us
T=256 R=16 gate_a/segmented/bf16 K0/cuda_graph/cold: p50=21.408us
T=256 R=16 gate_a/segmented/bf16 K0/cuda_graph/hot: p50=16.688us
T=256 R=16 gate_a/segmented/bf16 K0/eager/cold: p50=22.096us
T=256 R=16 gate_a/segmented/bf16 K0/eager/hot: p50=38.032us
T=256 R=16 gate_a/aligned/bf16 K0/cuda_graph/cold: p50=14.608us
T=256 R=16 gate_a/aligned/bf16 K0/cuda_graph/hot: p50=12.640us
T=256 R=16 gate_a/aligned/bf16 K0/eager/cold: p50=15.488us
T=256 R=16 gate_a/aligned/bf16 K0/eager/hot: p50=36.928us
T=256 R=16 gate_a/indexed/bf16 K0/cuda_graph/cold: p50=36.896us
T=256 R=16 gate_a/indexed/bf16 K0/cuda_graph/hot: p50=36.432us
T=256 R=16 gate_a/indexed/bf16 K0/eager/cold: p50=37.728us
T=256 R=16 gate_a/indexed/bf16 K0/eager/hot: p50=37.568us
T=256 R=16 gate_consumer/bmm/bf16 K0/cuda_graph/cold: p50=69.120us
T=256 R=16 gate_consumer/bmm/bf16 K0/cuda_graph/hot: p50=64.176us
T=256 R=16 gate_consumer/bmm/bf16 K0/eager/cold: p50=127.744us
T=256 R=16 gate_consumer/bmm/bf16 K0/eager/hot: p50=178.272us
T=256 R=16 gate_consumer/segmented/bf16 K0/cuda_graph/cold: p50=22.240us
T=256 R=16 gate_consumer/segmented/bf16 K0/cuda_graph/hot: p50=19.952us
T=256 R=16 gate_consumer/segmented/bf16 K0/eager/cold: p50=23.040us
T=256 R=16 gate_consumer/segmented/bf16 K0/eager/hot: p50=45.552us
T=256 R=16 gate_consumer/aligned/bf16 K0/cuda_graph/cold: p50=20.368us
T=256 R=16 gate_consumer/aligned/bf16 K0/cuda_graph/hot: p50=16.576us
T=256 R=16 gate_consumer/aligned/bf16 K0/eager/cold: p50=21.520us
T=256 R=16 gate_consumer/aligned/bf16 K0/eager/hot: p50=56.288us
T=256 R=16 gate_consumer/indexed/bf16 K0/cuda_graph/cold: p50=33.904us
T=256 R=16 gate_consumer/indexed/bf16 K0/cuda_graph/hot: p50=32.864us
T=256 R=16 gate_consumer/indexed/bf16 K0/eager/cold: p50=34.288us
T=256 R=16 gate_consumer/indexed/bf16 K0/eager/hot: p50=53.056us
T=256 R=16 down_a/bmm/bf16 K0/cuda_graph/cold: p50=18.176us
T=256 R=16 down_a/bmm/bf16 K0/cuda_graph/hot: p50=15.792us
T=256 R=16 down_a/bmm/bf16 K0/eager/cold: p50=21.904us
T=256 R=16 down_a/bmm/bf16 K0/eager/hot: p50=50.256us
T=256 R=16 down_a/segmented/bf16 K0/cuda_graph/cold: p50=11.888us
T=256 R=16 down_a/segmented/bf16 K0/cuda_graph/hot: p50=10.960us
T=256 R=16 down_a/segmented/bf16 K0/eager/cold: p50=12.208us
T=256 R=16 down_a/segmented/bf16 K0/eager/hot: p50=34.048us
T=256 R=16 down_a/aligned/bf16 K0/cuda_graph/cold: p50=10.064us
T=256 R=16 down_a/aligned/bf16 K0/cuda_graph/hot: p50=10.352us
T=256 R=16 down_a/aligned/bf16 K0/eager/cold: p50=10.960us
T=256 R=16 down_a/aligned/bf16 K0/eager/hot: p50=36.160us
T=256 R=16 down_a/indexed/bf16 K0/cuda_graph/cold: p50=16.368us
T=256 R=16 down_a/indexed/bf16 K0/cuda_graph/hot: p50=15.104us
T=256 R=16 down_a/indexed/bf16 K0/eager/cold: p50=17.120us
T=256 R=16 down_a/indexed/bf16 K0/eager/hot: p50=35.376us
T=256 R=16 down_finalize/bmm/bf16 K0/cuda_graph/cold: p50=39.936us
T=256 R=16 down_finalize/bmm/bf16 K0/cuda_graph/hot: p50=36.192us
T=256 R=16 down_finalize/bmm/bf16 K0/eager/cold: p50=45.216us
T=256 R=16 down_finalize/bmm/bf16 K0/eager/hot: p50=77.008us
T=256 R=16 down_finalize/segmented/bf16 K0/cuda_graph/cold: p50=54.816us
T=256 R=16 down_finalize/segmented/bf16 K0/cuda_graph/hot: p50=52.272us
T=256 R=16 down_finalize/segmented/bf16 K0/eager/cold: p50=57.856us
T=256 R=16 down_finalize/segmented/bf16 K0/eager/hot: p50=59.120us
T=256 R=16 down_finalize/aligned/bf16 K0/cuda_graph/cold: p50=20.496us
T=256 R=16 down_finalize/aligned/bf16 K0/cuda_graph/hot: p50=17.280us
T=256 R=16 down_finalize/aligned/bf16 K0/eager/cold: p50=22.368us
T=256 R=16 down_finalize/aligned/bf16 K0/eager/hot: p50=58.144us
T=256 R=16 down_finalize/indexed/bf16 K0/cuda_graph/cold: p50=34.800us
T=256 R=16 down_finalize/indexed/bf16 K0/cuda_graph/hot: p50=32.880us
T=256 R=16 down_finalize/indexed/bf16 K0/eager/cold: p50=34.416us
T=256 R=16 down_finalize/indexed/bf16 K0/eager/hot: p50=33.904us
T=256 R=16 down_finalize/one_shot_bf16/bf16 K0/cuda_graph/cold: p50=383.936us
T=256 R=16 down_finalize/one_shot_bf16/bf16 K0/cuda_graph/hot: p50=381.776us
T=256 R=16 down_finalize/one_shot_bf16/bf16 K0/eager/cold: p50=386.400us
T=256 R=16 down_finalize/one_shot_bf16/bf16 K0/eager/hot: p50=382.784us
T=256 R=16 down_finalize/one_shot_fp32/bf16 K0/cuda_graph/cold: p50=361.920us
T=256 R=16 down_finalize/one_shot_fp32/bf16 K0/cuda_graph/hot: p50=359.584us
T=256 R=16 down_finalize/one_shot_fp32/bf16 K0/eager/cold: p50=363.072us
T=256 R=16 down_finalize/one_shot_fp32/bf16 K0/eager/hot: p50=361.056us
T=2048 R=16 gate_a/bmm/bf16 K0/cuda_graph/cold: p50=61.008us
T=2048 R=16 gate_a/bmm/bf16 K0/cuda_graph/hot: p50=60.384us
T=2048 R=16 gate_a/bmm/bf16 K0/eager/cold: p50=66.608us
T=2048 R=16 gate_a/bmm/bf16 K0/eager/hot: p50=64.736us
T=2048 R=16 gate_a/segmented/bf16 K0/cuda_graph/cold: p50=50.624us
T=2048 R=16 gate_a/segmented/bf16 K0/cuda_graph/hot: p50=49.440us
T=2048 R=16 gate_a/segmented/bf16 K0/eager/cold: p50=51.792us
T=2048 R=16 gate_a/segmented/bf16 K0/eager/hot: p50=50.336us
T=2048 R=16 gate_a/aligned/bf16 K0/cuda_graph/cold: p50=30.128us
T=2048 R=16 gate_a/aligned/bf16 K0/cuda_graph/hot: p50=29.024us
T=2048 R=16 gate_a/aligned/bf16 K0/eager/cold: p50=30.800us
T=2048 R=16 gate_a/aligned/bf16 K0/eager/hot: p50=40.768us
T=2048 R=16 gate_a/indexed/bf16 K0/cuda_graph/cold: p50=233.312us
T=2048 R=16 gate_a/indexed/bf16 K0/cuda_graph/hot: p50=231.504us
T=2048 R=16 gate_a/indexed/bf16 K0/eager/cold: p50=235.472us
T=2048 R=16 gate_a/indexed/bf16 K0/eager/hot: p50=232.624us
T=2048 R=16 gate_consumer/bmm/bf16 K0/cuda_graph/cold: p50=311.952us
T=2048 R=16 gate_consumer/bmm/bf16 K0/cuda_graph/hot: p50=311.312us
T=2048 R=16 gate_consumer/bmm/bf16 K0/eager/cold: p50=341.712us
T=2048 R=16 gate_consumer/bmm/bf16 K0/eager/hot: p50=342.288us
T=2048 R=16 gate_consumer/segmented/bf16 K0/cuda_graph/cold: p50=137.856us
T=2048 R=16 gate_consumer/segmented/bf16 K0/cuda_graph/hot: p50=136.272us
T=2048 R=16 gate_consumer/segmented/bf16 K0/eager/cold: p50=138.608us
T=2048 R=16 gate_consumer/segmented/bf16 K0/eager/hot: p50=136.544us
T=2048 R=16 gate_consumer/aligned/bf16 K0/cuda_graph/cold: p50=79.008us
T=2048 R=16 gate_consumer/aligned/bf16 K0/cuda_graph/hot: p50=75.760us
T=2048 R=16 gate_consumer/aligned/bf16 K0/eager/cold: p50=79.680us
T=2048 R=16 gate_consumer/aligned/bf16 K0/eager/hot: p50=76.128us
T=2048 R=16 gate_consumer/indexed/bf16 K0/cuda_graph/cold: p50=211.392us
T=2048 R=16 gate_consumer/indexed/bf16 K0/cuda_graph/hot: p50=210.992us
T=2048 R=16 gate_consumer/indexed/bf16 K0/eager/cold: p50=211.296us
T=2048 R=16 gate_consumer/indexed/bf16 K0/eager/hot: p50=210.640us
T=2048 R=16 down_a/bmm/bf16 K0/cuda_graph/cold: p50=29.088us
T=2048 R=16 down_a/bmm/bf16 K0/cuda_graph/hot: p50=26.976us
T=2048 R=16 down_a/bmm/bf16 K0/eager/cold: p50=33.232us
T=2048 R=16 down_a/bmm/bf16 K0/eager/hot: p50=50.112us
T=2048 R=16 down_a/segmented/bf16 K0/cuda_graph/cold: p50=21.184us
T=2048 R=16 down_a/segmented/bf16 K0/cuda_graph/hot: p50=21.056us
T=2048 R=16 down_a/segmented/bf16 K0/eager/cold: p50=22.000us
T=2048 R=16 down_a/segmented/bf16 K0/eager/hot: p50=38.096us
T=2048 R=16 down_a/aligned/bf16 K0/cuda_graph/cold: p50=15.136us
T=2048 R=16 down_a/aligned/bf16 K0/cuda_graph/hot: p50=13.376us
T=2048 R=16 down_a/aligned/bf16 K0/eager/cold: p50=15.632us
T=2048 R=16 down_a/aligned/bf16 K0/eager/hot: p50=37.264us
T=2048 R=16 down_a/indexed/bf16 K0/cuda_graph/cold: p50=71.904us
T=2048 R=16 down_a/indexed/bf16 K0/cuda_graph/hot: p50=69.472us
T=2048 R=16 down_a/indexed/bf16 K0/eager/cold: p50=72.256us
T=2048 R=16 down_a/indexed/bf16 K0/eager/hot: p50=70.160us
T=2048 R=16 down_finalize/bmm/bf16 K0/cuda_graph/cold: p50=214.800us
T=2048 R=16 down_finalize/bmm/bf16 K0/cuda_graph/hot: p50=214.464us
T=2048 R=16 down_finalize/bmm/bf16 K0/eager/cold: p50=221.040us
T=2048 R=16 down_finalize/bmm/bf16 K0/eager/hot: p50=219.616us
T=2048 R=16 down_finalize/segmented/bf16 K0/cuda_graph/cold: p50=429.520us
T=2048 R=16 down_finalize/segmented/bf16 K0/cuda_graph/hot: p50=429.696us
T=2048 R=16 down_finalize/segmented/bf16 K0/eager/cold: p50=432.160us
T=2048 R=16 down_finalize/segmented/bf16 K0/eager/hot: p50=432.448us
T=2048 R=16 down_finalize/aligned/bf16 K0/cuda_graph/cold: p50=106.496us
T=2048 R=16 down_finalize/aligned/bf16 K0/cuda_graph/hot: p50=106.480us
T=2048 R=16 down_finalize/aligned/bf16 K0/eager/cold: p50=110.928us
T=2048 R=16 down_finalize/aligned/bf16 K0/eager/hot: p50=109.280us
T=2048 R=16 down_finalize/indexed/bf16 K0/cuda_graph/cold: p50=223.744us
T=2048 R=16 down_finalize/indexed/bf16 K0/cuda_graph/hot: p50=223.232us
T=2048 R=16 down_finalize/indexed/bf16 K0/eager/cold: p50=224.032us
T=2048 R=16 down_finalize/indexed/bf16 K0/eager/hot: p50=223.120us
T=2048 R=16 down_finalize/one_shot_bf16/bf16 K0/cuda_graph/cold: p50=3010.576us
T=2048 R=16 down_finalize/one_shot_bf16/bf16 K0/cuda_graph/hot: p50=3010.624us
T=2048 R=16 down_finalize/one_shot_bf16/bf16 K0/eager/cold: p50=3014.896us
T=2048 R=16 down_finalize/one_shot_bf16/bf16 K0/eager/hot: p50=3015.808us
T=2048 R=16 down_finalize/one_shot_fp32/bf16 K0/cuda_graph/cold: p50=2837.376us
T=2048 R=16 down_finalize/one_shot_fp32/bf16 K0/cuda_graph/hot: p50=2839.472us
T=2048 R=16 down_finalize/one_shot_fp32/bf16 K0/eager/cold: p50=2839.232us
T=2048 R=16 down_finalize/one_shot_fp32/bf16 K0/eager/hot: p50=2839.024us
T=1 R=16 gate_a/bmm/bf16 O0/cuda_graph/cold: p50=36.176us
T=1 R=16 gate_a/bmm/bf16 O0/cuda_graph/hot: p50=33.840us
T=1 R=16 gate_a/bmm/bf16 O0/eager/cold: p50=123.776us
T=1 R=16 gate_a/bmm/bf16 O0/eager/hot: p50=175.008us
T=1 R=16 gate_a/segmented/bf16 O0/cuda_graph/cold: p50=44.496us
T=1 R=16 gate_a/segmented/bf16 O0/cuda_graph/hot: p50=42.464us
T=1 R=16 gate_a/segmented/bf16 O0/eager/cold: p50=154.048us
T=1 R=16 gate_a/segmented/bf16 O0/eager/hot: p50=201.728us
T=1 R=16 gate_a/aligned/bf16 O0/cuda_graph/cold: p50=34.128us
T=1 R=16 gate_a/aligned/bf16 O0/cuda_graph/hot: p50=27.888us
T=1 R=16 gate_a/aligned/bf16 O0/eager/cold: p50=126.480us
T=1 R=16 gate_a/aligned/bf16 O0/eager/hot: p50=179.776us
T=1 R=16 gate_a/indexed/bf16 O0/cuda_graph/cold: p50=17.376us
T=1 R=16 gate_a/indexed/bf16 O0/cuda_graph/hot: p50=13.104us
T=1 R=16 gate_a/indexed/bf16 O0/eager/cold: p50=18.096us
T=1 R=16 gate_a/indexed/bf16 O0/eager/hot: p50=33.392us
T=1 R=16 gate_consumer/bmm/bf16 O0/cuda_graph/cold: p50=46.240us
T=1 R=16 gate_consumer/bmm/bf16 O0/cuda_graph/hot: p50=40.000us
T=1 R=16 gate_consumer/bmm/bf16 O0/eager/cold: p50=139.440us
T=1 R=16 gate_consumer/bmm/bf16 O0/eager/hot: p50=187.440us
T=1 R=16 gate_consumer/segmented/bf16 O0/cuda_graph/cold: p50=43.904us
T=1 R=16 gate_consumer/segmented/bf16 O0/cuda_graph/hot: p50=37.280us
T=1 R=16 gate_consumer/segmented/bf16 O0/eager/cold: p50=157.616us
T=1 R=16 gate_consumer/segmented/bf16 O0/eager/hot: p50=209.152us
T=1 R=16 gate_consumer/aligned/bf16 O0/cuda_graph/cold: p50=35.872us
T=1 R=16 gate_consumer/aligned/bf16 O0/cuda_graph/hot: p50=29.696us
T=1 R=16 gate_consumer/aligned/bf16 O0/eager/cold: p50=144.048us
T=1 R=16 gate_consumer/aligned/bf16 O0/eager/hot: p50=195.104us
T=1 R=16 gate_consumer/indexed/bf16 O0/cuda_graph/cold: p50=12.880us
T=1 R=16 gate_consumer/indexed/bf16 O0/cuda_graph/hot: p50=12.704us
T=1 R=16 gate_consumer/indexed/bf16 O0/eager/cold: p50=13.152us
T=1 R=16 gate_consumer/indexed/bf16 O0/eager/hot: p50=49.408us
T=1 R=16 down_a/bmm/bf16 O0/cuda_graph/cold: p50=37.632us
T=1 R=16 down_a/bmm/bf16 O0/cuda_graph/hot: p50=32.928us
T=1 R=16 down_a/bmm/bf16 O0/eager/cold: p50=110.848us
T=1 R=16 down_a/bmm/bf16 O0/eager/hot: p50=162.448us
T=1 R=16 down_a/segmented/bf16 O0/cuda_graph/cold: p50=43.216us
T=1 R=16 down_a/segmented/bf16 O0/cuda_graph/hot: p50=37.440us
T=1 R=16 down_a/segmented/bf16 O0/eager/cold: p50=150.912us
T=1 R=16 down_a/segmented/bf16 O0/eager/hot: p50=200.944us
T=1 R=16 down_a/aligned/bf16 O0/cuda_graph/cold: p50=31.600us
T=1 R=16 down_a/aligned/bf16 O0/cuda_graph/hot: p50=26.992us
T=1 R=16 down_a/aligned/bf16 O0/eager/cold: p50=125.408us
T=1 R=16 down_a/aligned/bf16 O0/eager/hot: p50=176.464us
T=1 R=16 down_a/indexed/bf16 O0/cuda_graph/cold: p50=9.568us
T=1 R=16 down_a/indexed/bf16 O0/cuda_graph/hot: p50=10.928us
T=1 R=16 down_a/indexed/bf16 O0/eager/cold: p50=9.600us
T=1 R=16 down_a/indexed/bf16 O0/eager/hot: p50=32.496us
T=1 R=16 down_finalize/bmm/bf16 O0/cuda_graph/cold: p50=17.632us
T=1 R=16 down_finalize/bmm/bf16 O0/cuda_graph/hot: p50=14.992us
T=1 R=16 down_finalize/bmm/bf16 O0/eager/cold: p50=29.264us
T=1 R=16 down_finalize/bmm/bf16 O0/eager/hot: p50=82.336us
T=1 R=16 down_finalize/segmented/bf16 O0/cuda_graph/cold: p50=43.648us
T=1 R=16 down_finalize/segmented/bf16 O0/cuda_graph/hot: p50=37.584us
T=1 R=16 down_finalize/segmented/bf16 O0/eager/cold: p50=170.608us
T=1 R=16 down_finalize/segmented/bf16 O0/eager/hot: p50=221.600us
T=1 R=16 down_finalize/aligned/bf16 O0/cuda_graph/cold: p50=33.824us
T=1 R=16 down_finalize/aligned/bf16 O0/cuda_graph/hot: p50=28.160us
T=1 R=16 down_finalize/aligned/bf16 O0/eager/cold: p50=149.776us
T=1 R=16 down_finalize/aligned/bf16 O0/eager/hot: p50=201.472us
T=1 R=16 down_finalize/indexed/bf16 O0/cuda_graph/cold: p50=8.800us
T=1 R=16 down_finalize/indexed/bf16 O0/cuda_graph/hot: p50=10.304us
T=1 R=16 down_finalize/indexed/bf16 O0/eager/cold: p50=8.336us
T=1 R=16 down_finalize/indexed/bf16 O0/eager/hot: p50=30.128us
T=1 R=16 down_finalize/one_shot_bf16/bf16 O0/cuda_graph/cold: p50=13.216us
T=1 R=16 down_finalize/one_shot_bf16/bf16 O0/cuda_graph/hot: p50=11.984us
T=1 R=16 down_finalize/one_shot_bf16/bf16 O0/eager/cold: p50=14.016us
T=1 R=16 down_finalize/one_shot_bf16/bf16 O0/eager/hot: p50=55.376us
T=1 R=16 down_finalize/one_shot_fp32/bf16 O0/cuda_graph/cold: p50=13.008us
T=1 R=16 down_finalize/one_shot_fp32/bf16 O0/cuda_graph/hot: p50=11.920us
T=1 R=16 down_finalize/one_shot_fp32/bf16 O0/eager/cold: p50=14.080us
T=1 R=16 down_finalize/one_shot_fp32/bf16 O0/eager/hot: p50=56.720us
T=32 R=16 gate_a/bmm/bf16 O0/cuda_graph/cold: p50=66.560us
T=32 R=16 gate_a/bmm/bf16 O0/cuda_graph/hot: p50=60.128us
T=32 R=16 gate_a/bmm/bf16 O0/eager/cold: p50=125.216us
T=32 R=16 gate_a/bmm/bf16 O0/eager/hot: p50=175.056us
T=32 R=16 gate_a/segmented/bf16 O0/cuda_graph/cold: p50=72.640us
T=32 R=16 gate_a/segmented/bf16 O0/cuda_graph/hot: p50=62.176us
T=32 R=16 gate_a/segmented/bf16 O0/eager/cold: p50=156.960us
T=32 R=16 gate_a/segmented/bf16 O0/eager/hot: p50=202.352us
T=32 R=16 gate_a/aligned/bf16 O0/cuda_graph/cold: p50=37.664us
T=32 R=16 gate_a/aligned/bf16 O0/cuda_graph/hot: p50=31.680us
T=32 R=16 gate_a/aligned/bf16 O0/eager/cold: p50=128.160us
T=32 R=16 gate_a/aligned/bf16 O0/eager/hot: p50=178.480us
T=32 R=16 gate_a/indexed/bf16 O0/cuda_graph/cold: p50=17.824us
T=32 R=16 gate_a/indexed/bf16 O0/cuda_graph/hot: p50=14.224us
T=32 R=16 gate_a/indexed/bf16 O0/eager/cold: p50=18.592us
T=32 R=16 gate_a/indexed/bf16 O0/eager/hot: p50=33.616us
T=32 R=16 gate_consumer/bmm/bf16 O0/cuda_graph/cold: p50=53.792us
T=32 R=16 gate_consumer/bmm/bf16 O0/cuda_graph/hot: p50=47.008us
T=32 R=16 gate_consumer/bmm/bf16 O0/eager/cold: p50=137.056us
T=32 R=16 gate_consumer/bmm/bf16 O0/eager/hot: p50=188.608us
T=32 R=16 gate_consumer/segmented/bf16 O0/cuda_graph/cold: p50=65.088us
T=32 R=16 gate_consumer/segmented/bf16 O0/cuda_graph/hot: p50=59.408us
T=32 R=16 gate_consumer/segmented/bf16 O0/eager/cold: p50=162.128us
T=32 R=16 gate_consumer/segmented/bf16 O0/eager/hot: p50=209.616us
T=32 R=16 gate_consumer/aligned/bf16 O0/cuda_graph/cold: p50=41.744us
T=32 R=16 gate_consumer/aligned/bf16 O0/cuda_graph/hot: p50=36.544us
T=32 R=16 gate_consumer/aligned/bf16 O0/eager/cold: p50=144.864us
T=32 R=16 gate_consumer/aligned/bf16 O0/eager/hot: p50=195.776us
T=32 R=16 gate_consumer/indexed/bf16 O0/cuda_graph/cold: p50=14.800us
T=32 R=16 gate_consumer/indexed/bf16 O0/cuda_graph/hot: p50=14.096us
T=32 R=16 gate_consumer/indexed/bf16 O0/eager/cold: p50=15.536us
T=32 R=16 gate_consumer/indexed/bf16 O0/eager/hot: p50=50.048us
T=32 R=16 down_a/bmm/bf16 O0/cuda_graph/cold: p50=60.048us
T=32 R=16 down_a/bmm/bf16 O0/cuda_graph/hot: p50=54.016us
T=32 R=16 down_a/bmm/bf16 O0/eager/cold: p50=112.880us
T=32 R=16 down_a/bmm/bf16 O0/eager/hot: p50=164.480us
T=32 R=16 down_a/segmented/bf16 O0/cuda_graph/cold: p50=62.880us
T=32 R=16 down_a/segmented/bf16 O0/cuda_graph/hot: p50=56.832us
T=32 R=16 down_a/segmented/bf16 O0/eager/cold: p50=151.872us
T=32 R=16 down_a/segmented/bf16 O0/eager/hot: p50=200.640us
T=32 R=16 down_a/aligned/bf16 O0/cuda_graph/cold: p50=35.584us
T=32 R=16 down_a/aligned/bf16 O0/cuda_graph/hot: p50=30.224us
T=32 R=16 down_a/aligned/bf16 O0/eager/cold: p50=126.288us
T=32 R=16 down_a/aligned/bf16 O0/eager/hot: p50=177.840us
T=32 R=16 down_a/indexed/bf16 O0/cuda_graph/cold: p50=9.856us
T=32 R=16 down_a/indexed/bf16 O0/cuda_graph/hot: p50=10.816us
T=32 R=16 down_a/indexed/bf16 O0/eager/cold: p50=10.192us
T=32 R=16 down_a/indexed/bf16 O0/eager/hot: p50=33.200us
T=32 R=16 down_finalize/bmm/bf16 O0/cuda_graph/cold: p50=21.120us
T=32 R=16 down_finalize/bmm/bf16 O0/cuda_graph/hot: p50=18.368us
T=32 R=16 down_finalize/bmm/bf16 O0/eager/cold: p50=30.608us
T=32 R=16 down_finalize/bmm/bf16 O0/eager/hot: p50=80.304us
T=32 R=16 down_finalize/segmented/bf16 O0/cuda_graph/cold: p50=67.088us
T=32 R=16 down_finalize/segmented/bf16 O0/cuda_graph/hot: p50=61.840us
T=32 R=16 down_finalize/segmented/bf16 O0/eager/cold: p50=169.520us
T=32 R=16 down_finalize/segmented/bf16 O0/eager/hot: p50=218.608us
T=32 R=16 down_finalize/aligned/bf16 O0/cuda_graph/cold: p50=37.856us
T=32 R=16 down_finalize/aligned/bf16 O0/cuda_graph/hot: p50=32.768us
T=32 R=16 down_finalize/aligned/bf16 O0/eager/cold: p50=152.032us
T=32 R=16 down_finalize/aligned/bf16 O0/eager/hot: p50=202.848us
T=32 R=16 down_finalize/indexed/bf16 O0/cuda_graph/cold: p50=9.904us
T=32 R=16 down_finalize/indexed/bf16 O0/cuda_graph/hot: p50=10.992us
T=32 R=16 down_finalize/indexed/bf16 O0/eager/cold: p50=9.968us
T=32 R=16 down_finalize/indexed/bf16 O0/eager/hot: p50=31.232us
T=32 R=16 down_finalize/one_shot_bf16/bf16 O0/cuda_graph/cold: p50=57.168us
T=32 R=16 down_finalize/one_shot_bf16/bf16 O0/cuda_graph/hot: p50=56.192us
T=32 R=16 down_finalize/one_shot_bf16/bf16 O0/eager/cold: p50=60.592us
T=32 R=16 down_finalize/one_shot_bf16/bf16 O0/eager/hot: p50=61.120us
T=32 R=16 down_finalize/one_shot_fp32/bf16 O0/cuda_graph/cold: p50=55.008us
T=32 R=16 down_finalize/one_shot_fp32/bf16 O0/cuda_graph/hot: p50=53.888us
T=32 R=16 down_finalize/one_shot_fp32/bf16 O0/eager/cold: p50=55.584us
T=32 R=16 down_finalize/one_shot_fp32/bf16 O0/eager/hot: p50=62.784us
T=256 R=16 gate_a/bmm/bf16 O0/cuda_graph/cold: p50=73.280us
T=256 R=16 gate_a/bmm/bf16 O0/cuda_graph/hot: p50=66.128us
T=256 R=16 gate_a/bmm/bf16 O0/eager/cold: p50=125.968us
T=256 R=16 gate_a/bmm/bf16 O0/eager/hot: p50=176.640us
T=256 R=16 gate_a/segmented/bf16 O0/cuda_graph/cold: p50=75.808us
T=256 R=16 gate_a/segmented/bf16 O0/cuda_graph/hot: p50=67.984us
T=256 R=16 gate_a/segmented/bf16 O0/eager/cold: p50=166.224us
T=256 R=16 gate_a/segmented/bf16 O0/eager/hot: p50=203.136us
T=256 R=16 gate_a/aligned/bf16 O0/cuda_graph/cold: p50=42.672us
T=256 R=16 gate_a/aligned/bf16 O0/cuda_graph/hot: p50=35.680us
T=256 R=16 gate_a/aligned/bf16 O0/eager/cold: p50=127.136us
T=256 R=16 gate_a/aligned/bf16 O0/eager/hot: p50=178.960us
T=256 R=16 gate_a/indexed/bf16 O0/cuda_graph/cold: p50=37.120us
T=256 R=16 gate_a/indexed/bf16 O0/cuda_graph/hot: p50=36.176us
T=256 R=16 gate_a/indexed/bf16 O0/eager/cold: p50=37.808us
T=256 R=16 gate_a/indexed/bf16 O0/eager/hot: p50=37.968us
T=256 R=16 gate_consumer/bmm/bf16 O0/cuda_graph/cold: p50=69.360us
T=256 R=16 gate_consumer/bmm/bf16 O0/cuda_graph/hot: p50=63.456us
T=256 R=16 gate_consumer/bmm/bf16 O0/eager/cold: p50=139.280us
T=256 R=16 gate_consumer/bmm/bf16 O0/eager/hot: p50=189.040us
T=256 R=16 gate_consumer/segmented/bf16 O0/cuda_graph/cold: p50=77.296us
T=256 R=16 gate_consumer/segmented/bf16 O0/cuda_graph/hot: p50=70.864us
T=256 R=16 gate_consumer/segmented/bf16 O0/eager/cold: p50=167.600us
T=256 R=16 gate_consumer/segmented/bf16 O0/eager/hot: p50=213.648us
T=256 R=16 gate_consumer/aligned/bf16 O0/cuda_graph/cold: p50=48.352us
T=256 R=16 gate_consumer/aligned/bf16 O0/cuda_graph/hot: p50=40.224us
T=256 R=16 gate_consumer/aligned/bf16 O0/eager/cold: p50=149.632us
T=256 R=16 gate_consumer/aligned/bf16 O0/eager/hot: p50=198.832us
T=256 R=16 gate_consumer/indexed/bf16 O0/cuda_graph/cold: p50=33.920us
T=256 R=16 gate_consumer/indexed/bf16 O0/cuda_graph/hot: p50=32.928us
T=256 R=16 gate_consumer/indexed/bf16 O0/eager/cold: p50=34.096us
T=256 R=16 gate_consumer/indexed/bf16 O0/eager/hot: p50=55.120us
T=256 R=16 down_a/bmm/bf16 O0/cuda_graph/cold: p50=65.344us
T=256 R=16 down_a/bmm/bf16 O0/cuda_graph/hot: p50=59.392us
T=256 R=16 down_a/bmm/bf16 O0/eager/cold: p50=113.088us
T=256 R=16 down_a/bmm/bf16 O0/eager/hot: p50=166.368us
T=256 R=16 down_a/segmented/bf16 O0/cuda_graph/cold: p50=66.608us
T=256 R=16 down_a/segmented/bf16 O0/cuda_graph/hot: p50=60.672us
T=256 R=16 down_a/segmented/bf16 O0/eager/cold: p50=156.160us
T=256 R=16 down_a/segmented/bf16 O0/eager/hot: p50=204.112us
T=256 R=16 down_a/aligned/bf16 O0/cuda_graph/cold: p50=37.424us
T=256 R=16 down_a/aligned/bf16 O0/cuda_graph/hot: p50=32.128us
T=256 R=16 down_a/aligned/bf16 O0/eager/cold: p50=126.416us
T=256 R=16 down_a/aligned/bf16 O0/eager/hot: p50=178.912us
T=256 R=16 down_a/indexed/bf16 O0/cuda_graph/cold: p50=16.368us
T=256 R=16 down_a/indexed/bf16 O0/cuda_graph/hot: p50=15.184us
T=256 R=16 down_a/indexed/bf16 O0/eager/cold: p50=16.736us
T=256 R=16 down_a/indexed/bf16 O0/eager/hot: p50=35.728us
T=256 R=16 down_finalize/bmm/bf16 O0/cuda_graph/cold: p50=39.616us
T=256 R=16 down_finalize/bmm/bf16 O0/cuda_graph/hot: p50=35.136us
T=256 R=16 down_finalize/bmm/bf16 O0/eager/cold: p50=43.776us
T=256 R=16 down_finalize/bmm/bf16 O0/eager/hot: p50=81.600us
T=256 R=16 down_finalize/segmented/bf16 O0/cuda_graph/cold: p50=109.856us
T=256 R=16 down_finalize/segmented/bf16 O0/cuda_graph/hot: p50=102.688us
T=256 R=16 down_finalize/segmented/bf16 O0/eager/cold: p50=178.976us
T=256 R=16 down_finalize/segmented/bf16 O0/eager/hot: p50=228.736us
T=256 R=16 down_finalize/aligned/bf16 O0/cuda_graph/cold: p50=48.240us
T=256 R=16 down_finalize/aligned/bf16 O0/cuda_graph/hot: p50=40.560us
T=256 R=16 down_finalize/aligned/bf16 O0/eager/cold: p50=155.712us
T=256 R=16 down_finalize/aligned/bf16 O0/eager/hot: p50=203.824us
T=256 R=16 down_finalize/indexed/bf16 O0/cuda_graph/cold: p50=34.128us
T=256 R=16 down_finalize/indexed/bf16 O0/cuda_graph/hot: p50=32.832us
T=256 R=16 down_finalize/indexed/bf16 O0/eager/cold: p50=34.720us
T=256 R=16 down_finalize/indexed/bf16 O0/eager/hot: p50=35.152us
T=256 R=16 down_finalize/one_shot_bf16/bf16 O0/cuda_graph/cold: p50=384.256us
T=256 R=16 down_finalize/one_shot_bf16/bf16 O0/cuda_graph/hot: p50=381.616us
T=256 R=16 down_finalize/one_shot_bf16/bf16 O0/eager/cold: p50=386.752us
T=256 R=16 down_finalize/one_shot_bf16/bf16 O0/eager/hot: p50=382.656us
T=256 R=16 down_finalize/one_shot_fp32/bf16 O0/cuda_graph/cold: p50=362.352us
T=256 R=16 down_finalize/one_shot_fp32/bf16 O0/cuda_graph/hot: p50=359.424us
T=256 R=16 down_finalize/one_shot_fp32/bf16 O0/eager/cold: p50=362.752us
T=256 R=16 down_finalize/one_shot_fp32/bf16 O0/eager/hot: p50=360.592us
T=2048 R=16 gate_a/bmm/bf16 O0/cuda_graph/cold: p50=164.848us
T=2048 R=16 gate_a/bmm/bf16 O0/cuda_graph/hot: p50=165.632us
T=2048 R=16 gate_a/bmm/bf16 O0/eager/cold: p50=179.152us
T=2048 R=16 gate_a/bmm/bf16 O0/eager/hot: p50=213.296us
T=2048 R=16 gate_a/segmented/bf16 O0/cuda_graph/cold: p50=163.568us
T=2048 R=16 gate_a/segmented/bf16 O0/cuda_graph/hot: p50=155.552us
T=2048 R=16 gate_a/segmented/bf16 O0/eager/cold: p50=191.152us
T=2048 R=16 gate_a/segmented/bf16 O0/eager/hot: p50=240.736us
T=2048 R=16 gate_a/aligned/bf16 O0/cuda_graph/cold: p50=64.528us
T=2048 R=16 gate_a/aligned/bf16 O0/cuda_graph/hot: p50=58.272us
T=2048 R=16 gate_a/aligned/bf16 O0/eager/cold: p50=135.776us
T=2048 R=16 gate_a/aligned/bf16 O0/eager/hot: p50=186.608us
T=2048 R=16 gate_a/indexed/bf16 O0/cuda_graph/cold: p50=233.840us
T=2048 R=16 gate_a/indexed/bf16 O0/cuda_graph/hot: p50=231.632us
T=2048 R=16 gate_a/indexed/bf16 O0/eager/cold: p50=234.288us
T=2048 R=16 gate_a/indexed/bf16 O0/eager/hot: p50=231.760us
T=2048 R=16 gate_consumer/bmm/bf16 O0/cuda_graph/cold: p50=311.920us
T=2048 R=16 gate_consumer/bmm/bf16 O0/cuda_graph/hot: p50=311.136us
T=2048 R=16 gate_consumer/bmm/bf16 O0/eager/cold: p50=339.952us
T=2048 R=16 gate_consumer/bmm/bf16 O0/eager/hot: p50=338.064us
T=2048 R=16 gate_consumer/segmented/bf16 O0/cuda_graph/cold: p50=250.272us
T=2048 R=16 gate_consumer/segmented/bf16 O0/cuda_graph/hot: p50=252.960us
T=2048 R=16 gate_consumer/segmented/bf16 O0/eager/cold: p50=261.216us
T=2048 R=16 gate_consumer/segmented/bf16 O0/eager/hot: p50=259.632us
T=2048 R=16 gate_consumer/aligned/bf16 O0/cuda_graph/cold: p50=112.592us
T=2048 R=16 gate_consumer/aligned/bf16 O0/cuda_graph/hot: p50=108.720us
T=2048 R=16 gate_consumer/aligned/bf16 O0/eager/cold: p50=154.512us
T=2048 R=16 gate_consumer/aligned/bf16 O0/eager/hot: p50=205.792us
T=2048 R=16 gate_consumer/indexed/bf16 O0/cuda_graph/cold: p50=211.136us
T=2048 R=16 gate_consumer/indexed/bf16 O0/cuda_graph/hot: p50=210.864us
T=2048 R=16 gate_consumer/indexed/bf16 O0/eager/cold: p50=211.504us
T=2048 R=16 gate_consumer/indexed/bf16 O0/eager/hot: p50=210.912us
T=2048 R=16 down_a/bmm/bf16 O0/cuda_graph/cold: p50=133.296us
T=2048 R=16 down_a/bmm/bf16 O0/cuda_graph/hot: p50=130.016us
T=2048 R=16 down_a/bmm/bf16 O0/eager/cold: p50=154.368us
T=2048 R=16 down_a/bmm/bf16 O0/eager/hot: p50=206.144us
T=2048 R=16 down_a/segmented/bf16 O0/cuda_graph/cold: p50=134.064us
T=2048 R=16 down_a/segmented/bf16 O0/cuda_graph/hot: p50=127.168us
T=2048 R=16 down_a/segmented/bf16 O0/eager/cold: p50=190.944us
T=2048 R=16 down_a/segmented/bf16 O0/eager/hot: p50=242.976us
T=2048 R=16 down_a/aligned/bf16 O0/cuda_graph/cold: p50=49.104us
T=2048 R=16 down_a/aligned/bf16 O0/cuda_graph/hot: p50=42.272us
T=2048 R=16 down_a/aligned/bf16 O0/eager/cold: p50=130.176us
T=2048 R=16 down_a/aligned/bf16 O0/eager/hot: p50=180.576us
T=2048 R=16 down_a/indexed/bf16 O0/cuda_graph/cold: p50=71.840us
T=2048 R=16 down_a/indexed/bf16 O0/cuda_graph/hot: p50=69.440us
T=2048 R=16 down_a/indexed/bf16 O0/eager/cold: p50=72.048us
T=2048 R=16 down_a/indexed/bf16 O0/eager/hot: p50=69.952us
T=2048 R=16 down_finalize/bmm/bf16 O0/cuda_graph/cold: p50=214.672us
T=2048 R=16 down_finalize/bmm/bf16 O0/cuda_graph/hot: p50=214.208us
T=2048 R=16 down_finalize/bmm/bf16 O0/eager/cold: p50=220.528us
T=2048 R=16 down_finalize/bmm/bf16 O0/eager/hot: p50=220.144us
T=2048 R=16 down_finalize/segmented/bf16 O0/cuda_graph/cold: p50=544.288us
T=2048 R=16 down_finalize/segmented/bf16 O0/cuda_graph/hot: p50=543.760us
T=2048 R=16 down_finalize/segmented/bf16 O0/eager/cold: p50=556.400us
T=2048 R=16 down_finalize/segmented/bf16 O0/eager/hot: p50=557.312us
T=2048 R=16 down_finalize/aligned/bf16 O0/cuda_graph/cold: p50=140.112us
T=2048 R=16 down_finalize/aligned/bf16 O0/cuda_graph/hot: p50=140.464us
T=2048 R=16 down_finalize/aligned/bf16 O0/eager/cold: p50=161.920us
T=2048 R=16 down_finalize/aligned/bf16 O0/eager/hot: p50=211.632us
T=2048 R=16 down_finalize/indexed/bf16 O0/cuda_graph/cold: p50=224.080us
T=2048 R=16 down_finalize/indexed/bf16 O0/cuda_graph/hot: p50=223.424us
T=2048 R=16 down_finalize/indexed/bf16 O0/eager/cold: p50=223.968us
T=2048 R=16 down_finalize/indexed/bf16 O0/eager/hot: p50=223.008us
T=2048 R=16 down_finalize/one_shot_bf16/bf16 O0/cuda_graph/cold: p50=3010.928us
T=2048 R=16 down_finalize/one_shot_bf16/bf16 O0/cuda_graph/hot: p50=3012.384us
T=2048 R=16 down_finalize/one_shot_bf16/bf16 O0/eager/cold: p50=3015.136us
T=2048 R=16 down_finalize/one_shot_bf16/bf16 O0/eager/hot: p50=3012.368us
T=2048 R=16 down_finalize/one_shot_fp32/bf16 O0/cuda_graph/cold: p50=2836.496us
T=2048 R=16 down_finalize/one_shot_fp32/bf16 O0/cuda_graph/hot: p50=2839.424us
T=2048 R=16 down_finalize/one_shot_fp32/bf16 O0/eager/cold: p50=2838.224us
T=2048 R=16 down_finalize/one_shot_fp32/bf16 O0/eager/hot: p50=2838.384us
