T=1 R=32 gate_a/indexed/bf16 K0/eager/hot: p50=35.968us
T=1 R=32 gate_a/indexed/bf16 K0/eager/cold: p50=17.856us
T=1 R=32 gate_a/indexed/bf16 K0/cuda_graph/hot: p50=12.496us
T=1 R=32 gate_a/indexed/bf16 K0/cuda_graph/cold: p50=17.008us
T=1 R=32 gate_a/aligned/bf16 K0/eager/hot: p50=38.800us
T=1 R=32 gate_a/aligned/bf16 K0/eager/cold: p50=11.552us
T=1 R=32 gate_a/aligned/bf16 K0/cuda_graph/hot: p50=10.704us
T=1 R=32 gate_a/aligned/bf16 K0/cuda_graph/cold: p50=11.184us
T=1 R=32 gate_a/segmented/bf16 K0/eager/hot: p50=37.312us
T=1 R=32 gate_a/segmented/bf16 K0/eager/cold: p50=20.864us
T=1 R=32 gate_a/segmented/bf16 K0/cuda_graph/hot: p50=14.320us
T=1 R=32 gate_a/segmented/bf16 K0/cuda_graph/cold: p50=20.624us
T=1 R=32 gate_a/bmm/bf16 K0/eager/hot: p50=60.224us
T=1 R=32 gate_a/bmm/bf16 K0/eager/cold: p50=24.272us
T=1 R=32 gate_a/bmm/bf16 K0/cuda_graph/hot: p50=17.856us
T=1 R=32 gate_a/bmm/bf16 K0/cuda_graph/cold: p50=20.768us
T=1 R=32 gate_consumer/indexed/bf16 K0/eager/hot: p50=50.224us
T=1 R=32 gate_consumer/indexed/bf16 K0/eager/cold: p50=13.664us
T=1 R=32 gate_consumer/indexed/bf16 K0/cuda_graph/hot: p50=12.272us
T=1 R=32 gate_consumer/indexed/bf16 K0/cuda_graph/cold: p50=13.024us
T=1 R=32 gate_consumer/aligned/bf16 K0/eager/hot: p50=57.200us
T=1 R=32 gate_consumer/aligned/bf16 K0/eager/cold: p50=11.360us
T=1 R=32 gate_consumer/aligned/bf16 K0/cuda_graph/hot: p50=10.672us
T=1 R=32 gate_consumer/aligned/bf16 K0/cuda_graph/cold: p50=10.608us
T=1 R=32 gate_consumer/segmented/bf16 K0/eager/hot: p50=43.232us
T=1 R=32 gate_consumer/segmented/bf16 K0/eager/cold: p50=10.416us
T=1 R=32 gate_consumer/segmented/bf16 K0/cuda_graph/hot: p50=10.640us
T=1 R=32 gate_consumer/segmented/bf16 K0/cuda_graph/cold: p50=10.160us
T=1 R=32 gate_consumer/bmm/bf16 K0/eager/hot: p50=191.616us
T=1 R=32 gate_consumer/bmm/bf16 K0/eager/cold: p50=133.552us
T=1 R=32 gate_consumer/bmm/bf16 K0/cuda_graph/hot: p50=40.608us
T=1 R=32 gate_consumer/bmm/bf16 K0/cuda_graph/cold: p50=45.408us
T=1 R=32 down_a/indexed/bf16 K0/eager/hot: p50=33.248us
T=1 R=32 down_a/indexed/bf16 K0/eager/cold: p50=9.840us
T=1 R=32 down_a/indexed/bf16 K0/cuda_graph/hot: p50=10.640us
T=1 R=32 down_a/indexed/bf16 K0/cuda_graph/cold: p50=9.328us
T=1 R=32 down_a/aligned/bf16 K0/eager/hot: p50=38.400us
T=1 R=32 down_a/aligned/bf16 K0/eager/cold: p50=8.832us
T=1 R=32 down_a/aligned/bf16 K0/cuda_graph/hot: p50=10.576us
T=1 R=32 down_a/aligned/bf16 K0/cuda_graph/cold: p50=8.480us
T=1 R=32 down_a/segmented/bf16 K0/eager/hot: p50=36.288us
T=1 R=32 down_a/segmented/bf16 K0/eager/cold: p50=11.072us
T=1 R=32 down_a/segmented/bf16 K0/cuda_graph/hot: p50=10.672us
T=1 R=32 down_a/segmented/bf16 K0/cuda_graph/cold: p50=10.912us
T=1 R=32 down_a/bmm/bf16 K0/eager/hot: p50=51.120us
T=1 R=32 down_a/bmm/bf16 K0/eager/cold: p50=17.472us
T=1 R=32 down_a/bmm/bf16 K0/cuda_graph/hot: p50=13.872us
T=1 R=32 down_a/bmm/bf16 K0/cuda_graph/cold: p50=15.056us
T=1 R=32 down_finalize/indexed/bf16 K0/eager/hot: p50=31.824us
T=1 R=32 down_finalize/indexed/bf16 K0/eager/cold: p50=9.952us
T=1 R=32 down_finalize/indexed/bf16 K0/cuda_graph/hot: p50=10.576us
T=1 R=32 down_finalize/indexed/bf16 K0/cuda_graph/cold: p50=10.000us
T=1 R=32 down_finalize/aligned/bf16 K0/eager/hot: p50=59.584us
T=1 R=32 down_finalize/aligned/bf16 K0/eager/cold: p50=11.920us
T=1 R=32 down_finalize/aligned/bf16 K0/cuda_graph/hot: p50=10.656us
T=1 R=32 down_finalize/aligned/bf16 K0/cuda_graph/cold: p50=10.848us
T=1 R=32 down_finalize/segmented/bf16 K0/eager/hot: p50=54.096us
T=1 R=32 down_finalize/segmented/bf16 K0/eager/cold: p50=11.616us
T=1 R=32 down_finalize/segmented/bf16 K0/cuda_graph/hot: p50=10.688us
T=1 R=32 down_finalize/segmented/bf16 K0/cuda_graph/cold: p50=10.736us
T=1 R=32 down_finalize/bmm/bf16 K0/eager/hot: p50=82.080us
T=1 R=32 down_finalize/bmm/bf16 K0/eager/cold: p50=30.400us
T=1 R=32 down_finalize/bmm/bf16 K0/cuda_graph/hot: p50=15.392us
T=1 R=32 down_finalize/bmm/bf16 K0/cuda_graph/cold: p50=17.616us
T=1 R=32 down_finalize/one_shot_bf16/bf16 K0/eager/hot: p50=57.984us
T=1 R=32 down_finalize/one_shot_bf16/bf16 K0/eager/cold: p50=16.576us
T=1 R=32 down_finalize/one_shot_bf16/bf16 K0/cuda_graph/hot: p50=12.688us
T=1 R=32 down_finalize/one_shot_bf16/bf16 K0/cuda_graph/cold: p50=14.656us
T=1 R=32 down_finalize/one_shot_fp32/bf16 K0/eager/hot: p50=58.016us
T=1 R=32 down_finalize/one_shot_fp32/bf16 K0/eager/cold: p50=16.464us
T=1 R=32 down_finalize/one_shot_fp32/bf16 K0/cuda_graph/hot: p50=12.576us
T=1 R=32 down_finalize/one_shot_fp32/bf16 K0/cuda_graph/cold: p50=14.768us
T=32 R=32 gate_a/indexed/bf16 K0/eager/hot: p50=36.688us
T=32 R=32 gate_a/indexed/bf16 K0/eager/cold: p50=19.856us
T=32 R=32 gate_a/indexed/bf16 K0/cuda_graph/hot: p50=15.456us
T=32 R=32 gate_a/indexed/bf16 K0/cuda_graph/cold: p50=19.088us
T=32 R=32 gate_a/aligned/bf16 K0/eager/hot: p50=38.432us
T=32 R=32 gate_a/aligned/bf16 K0/eager/cold: p50=13.280us
T=32 R=32 gate_a/aligned/bf16 K0/cuda_graph/hot: p50=11.392us
T=32 R=32 gate_a/aligned/bf16 K0/cuda_graph/cold: p50=12.576us
T=32 R=32 gate_a/segmented/bf16 K0/eager/hot: p50=37.680us
T=32 R=32 gate_a/segmented/bf16 K0/eager/cold: p50=22.288us
T=32 R=32 gate_a/segmented/bf16 K0/cuda_graph/hot: p50=14.240us
T=32 R=32 gate_a/segmented/bf16 K0/cuda_graph/cold: p50=21.904us
T=32 R=32 gate_a/bmm/bf16 K0/eager/hot: p50=60.288us
T=32 R=32 gate_a/bmm/bf16 K0/eager/cold: p50=28.576us
T=32 R=32 gate_a/bmm/bf16 K0/cuda_graph/hot: p50=20.208us
T=32 R=32 gate_a/bmm/bf16 K0/cuda_graph/cold: p50=24.624us
T=32 R=32 gate_consumer/indexed/bf16 K0/eager/hot: p50=51.136us
T=32 R=32 gate_consumer/indexed/bf16 K0/eager/cold: p50=15.776us
T=32 R=32 gate_consumer/indexed/bf16 K0/cuda_graph/hot: p50=13.728us
T=32 R=32 gate_consumer/indexed/bf16 K0/cuda_graph/cold: p50=15.424us
T=32 R=32 gate_consumer/aligned/bf16 K0/eager/hot: p50=56.576us
T=32 R=32 gate_consumer/aligned/bf16 K0/eager/cold: p50=14.080us
T=32 R=32 gate_consumer/aligned/bf16 K0/cuda_graph/hot: p50=11.600us
T=32 R=32 gate_consumer/aligned/bf16 K0/cuda_graph/cold: p50=12.544us
T=32 R=32 gate_consumer/segmented/bf16 K0/eager/hot: p50=43.664us
T=32 R=32 gate_consumer/segmented/bf16 K0/eager/cold: p50=11.824us
T=32 R=32 gate_consumer/segmented/bf16 K0/cuda_graph/hot: p50=11.088us
T=32 R=32 gate_consumer/segmented/bf16 K0/cuda_graph/cold: p50=11.152us
T=32 R=32 gate_consumer/bmm/bf16 K0/eager/hot: p50=186.672us
T=32 R=32 gate_consumer/bmm/bf16 K0/eager/cold: p50=135.984us
T=32 R=32 gate_consumer/bmm/bf16 K0/cuda_graph/hot: p50=47.536us
T=32 R=32 gate_consumer/bmm/bf16 K0/cuda_graph/cold: p50=54.192us
T=32 R=32 down_a/indexed/bf16 K0/eager/hot: p50=33.264us
T=32 R=32 down_a/indexed/bf16 K0/eager/cold: p50=10.464us
T=32 R=32 down_a/indexed/bf16 K0/cuda_graph/hot: p50=10.688us
T=32 R=32 down_a/indexed/bf16 K0/cuda_graph/cold: p50=9.744us
T=32 R=32 down_a/aligned/bf16 K0/eager/hot: p50=37.856us
T=32 R=32 down_a/aligned/bf16 K0/eager/cold: p50=9.456us
T=32 R=32 down_a/aligned/bf16 K0/cuda_graph/hot: p50=10.752us
T=32 R=32 down_a/aligned/bf16 K0/cuda_graph/cold: p50=8.784us
T=32 R=32 down_a/segmented/bf16 K0/eager/hot: p50=35.808us
T=32 R=32 down_a/segmented/bf16 K0/eager/cold: p50=11.664us
T=32 R=32 down_a/segmented/bf16 K0/cuda_graph/hot: p50=10.576us
T=32 R=32 down_a/segmented/bf16 K0/cuda_graph/cold: p50=11.008us
T=32 R=32 down_a/bmm/bf16 K0/eager/hot: p50=50.416us
T=32 R=32 down_a/bmm/bf16 K0/eager/cold: p50=20.464us
T=32 R=32 down_a/bmm/bf16 K0/cuda_graph/hot: p50=14.720us
T=32 R=32 down_a/bmm/bf16 K0/cuda_graph/cold: p50=17.456us
T=32 R=32 down_finalize/indexed/bf16 K0/eager/hot: p50=31.824us
T=32 R=32 down_finalize/indexed/bf16 K0/eager/cold: p50=11.696us
T=32 R=32 down_finalize/indexed/bf16 K0/cuda_graph/hot: p50=12.272us
T=32 R=32 down_finalize/indexed/bf16 K0/cuda_graph/cold: p50=11.984us
T=32 R=32 down_finalize/aligned/bf16 K0/eager/hot: p50=59.408us
T=32 R=32 down_finalize/aligned/bf16 K0/eager/cold: p50=14.832us
T=32 R=32 down_finalize/aligned/bf16 K0/cuda_graph/hot: p50=11.792us
T=32 R=32 down_finalize/aligned/bf16 K0/cuda_graph/cold: p50=12.864us
T=32 R=32 down_finalize/segmented/bf16 K0/eager/hot: p50=54.960us
T=32 R=32 down_finalize/segmented/bf16 K0/eager/cold: p50=16.048us
T=32 R=32 down_finalize/segmented/bf16 K0/cuda_graph/hot: p50=14.112us
T=32 R=32 down_finalize/segmented/bf16 K0/cuda_graph/cold: p50=15.232us
T=32 R=32 down_finalize/bmm/bf16 K0/eager/hot: p50=82.304us
T=32 R=32 down_finalize/bmm/bf16 K0/eager/cold: p50=29.744us
T=32 R=32 down_finalize/bmm/bf16 K0/cuda_graph/hot: p50=18.624us
T=32 R=32 down_finalize/bmm/bf16 K0/cuda_graph/cold: p50=22.672us
T=32 R=32 down_finalize/one_shot_bf16/bf16 K0/eager/hot: p50=80.912us
T=32 R=32 down_finalize/one_shot_bf16/bf16 K0/eager/cold: p50=81.344us
T=32 R=32 down_finalize/one_shot_bf16/bf16 K0/cuda_graph/hot: p50=80.160us
T=32 R=32 down_finalize/one_shot_bf16/bf16 K0/cuda_graph/cold: p50=80.768us
T=32 R=32 down_finalize/one_shot_fp32/bf16 K0/eager/hot: p50=80.176us
T=32 R=32 down_finalize/one_shot_fp32/bf16 K0/eager/cold: p50=82.432us
T=32 R=32 down_finalize/one_shot_fp32/bf16 K0/cuda_graph/hot: p50=78.624us
T=32 R=32 down_finalize/one_shot_fp32/bf16 K0/cuda_graph/cold: p50=79.680us
T=256 R=32 gate_a/indexed/bf16 K0/eager/hot: p50=65.760us
T=256 R=32 gate_a/indexed/bf16 K0/eager/cold: p50=66.240us
T=256 R=32 gate_a/indexed/bf16 K0/cuda_graph/hot: p50=65.376us
T=256 R=32 gate_a/indexed/bf16 K0/cuda_graph/cold: p50=65.600us
T=256 R=32 gate_a/aligned/bf16 K0/eager/hot: p50=39.856us
T=256 R=32 gate_a/aligned/bf16 K0/eager/cold: p50=16.544us
T=256 R=32 gate_a/aligned/bf16 K0/cuda_graph/hot: p50=14.032us
T=256 R=32 gate_a/aligned/bf16 K0/cuda_graph/cold: p50=15.904us
T=256 R=32 gate_a/segmented/bf16 K0/eager/hot: p50=40.224us
T=256 R=32 gate_a/segmented/bf16 K0/eager/cold: p50=23.920us
T=256 R=32 gate_a/segmented/bf16 K0/cuda_graph/hot: p50=16.416us
T=256 R=32 gate_a/segmented/bf16 K0/cuda_graph/cold: p50=21.760us
T=256 R=32 gate_a/bmm/bf16 K0/eager/hot: p50=59.744us
T=256 R=32 gate_a/bmm/bf16 K0/eager/cold: p50=32.192us
T=256 R=32 gate_a/bmm/bf16 K0/cuda_graph/hot: p50=22.704us
T=256 R=32 gate_a/bmm/bf16 K0/cuda_graph/cold: p50=28.080us
T=256 R=32 gate_consumer/indexed/bf16 K0/eager/hot: p50=55.424us
T=256 R=32 gate_consumer/indexed/bf16 K0/eager/cold: p50=44.848us
T=256 R=32 gate_consumer/indexed/bf16 K0/cuda_graph/hot: p50=43.712us
T=256 R=32 gate_consumer/indexed/bf16 K0/cuda_graph/cold: p50=44.336us
T=256 R=32 gate_consumer/aligned/bf16 K0/eager/hot: p50=56.720us
T=256 R=32 gate_consumer/aligned/bf16 K0/eager/cold: p50=15.584us
T=256 R=32 gate_consumer/aligned/bf16 K0/cuda_graph/hot: p50=12.912us
T=256 R=32 gate_consumer/aligned/bf16 K0/cuda_graph/cold: p50=14.208us
T=256 R=32 gate_consumer/segmented/bf16 K0/eager/hot: p50=45.760us
T=256 R=32 gate_consumer/segmented/bf16 K0/eager/cold: p50=18.848us
T=256 R=32 gate_consumer/segmented/bf16 K0/cuda_graph/hot: p50=16.656us
T=256 R=32 gate_consumer/segmented/bf16 K0/cuda_graph/cold: p50=18.224us
T=256 R=32 gate_consumer/bmm/bf16 K0/eager/hot: p50=186.112us
T=256 R=32 gate_consumer/bmm/bf16 K0/eager/cold: p50=132.496us
T=256 R=32 gate_consumer/bmm/bf16 K0/cuda_graph/hot: p50=65.344us
T=256 R=32 gate_consumer/bmm/bf16 K0/cuda_graph/cold: p50=70.640us
T=256 R=32 down_a/indexed/bf16 K0/eager/hot: p50=36.480us
T=256 R=32 down_a/indexed/bf16 K0/eager/cold: p50=17.056us
T=256 R=32 down_a/indexed/bf16 K0/cuda_graph/hot: p50=15.392us
T=256 R=32 down_a/indexed/bf16 K0/cuda_graph/cold: p50=16.992us
T=256 R=32 down_a/aligned/bf16 K0/eager/hot: p50=39.232us
T=256 R=32 down_a/aligned/bf16 K0/eager/cold: p50=10.640us
T=256 R=32 down_a/aligned/bf16 K0/cuda_graph/hot: p50=10.688us
T=256 R=32 down_a/aligned/bf16 K0/cuda_graph/cold: p50=10.320us
T=256 R=32 down_a/segmented/bf16 K0/eager/hot: p50=36.096us
T=256 R=32 down_a/segmented/bf16 K0/eager/cold: p50=12.176us
T=256 R=32 down_a/segmented/bf16 K0/cuda_graph/hot: p50=11.376us
T=256 R=32 down_a/segmented/bf16 K0/cuda_graph/cold: p50=11.840us
T=256 R=32 down_a/bmm/bf16 K0/eager/hot: p50=50.592us
T=256 R=32 down_a/bmm/bf16 K0/eager/cold: p50=21.728us
T=256 R=32 down_a/bmm/bf16 K0/cuda_graph/hot: p50=15.872us
T=256 R=32 down_a/bmm/bf16 K0/cuda_graph/cold: p50=18.192us
T=256 R=32 down_finalize/indexed/bf16 K0/eager/hot: p50=47.104us
T=256 R=32 down_finalize/indexed/bf16 K0/eager/cold: p50=48.608us
T=256 R=32 down_finalize/indexed/bf16 K0/cuda_graph/hot: p50=47.008us
T=256 R=32 down_finalize/indexed/bf16 K0/cuda_graph/cold: p50=48.768us
T=256 R=32 down_finalize/aligned/bf16 K0/eager/hot: p50=60.000us
T=256 R=32 down_finalize/aligned/bf16 K0/eager/cold: p50=24.736us
T=256 R=32 down_finalize/aligned/bf16 K0/cuda_graph/hot: p50=18.432us
T=256 R=32 down_finalize/aligned/bf16 K0/cuda_graph/cold: p50=22.816us
T=256 R=32 down_finalize/segmented/bf16 K0/eager/hot: p50=61.072us
T=256 R=32 down_finalize/segmented/bf16 K0/eager/cold: p50=56.272us
T=256 R=32 down_finalize/segmented/bf16 K0/cuda_graph/hot: p50=52.544us
T=256 R=32 down_finalize/segmented/bf16 K0/cuda_graph/cold: p50=55.008us
T=256 R=32 down_finalize/bmm/bf16 K0/eager/hot: p50=84.112us
T=256 R=32 down_finalize/bmm/bf16 K0/eager/cold: p50=45.168us
T=256 R=32 down_finalize/bmm/bf16 K0/cuda_graph/hot: p50=36.384us
T=256 R=32 down_finalize/bmm/bf16 K0/cuda_graph/cold: p50=40.464us
T=256 R=32 down_finalize/one_shot_bf16/bf16 K0/eager/hot: p50=568.016us
T=256 R=32 down_finalize/one_shot_bf16/bf16 K0/eager/cold: p50=569.968us
T=256 R=32 down_finalize/one_shot_bf16/bf16 K0/cuda_graph/hot: p50=566.480us
T=256 R=32 down_finalize/one_shot_bf16/bf16 K0/cuda_graph/cold: p50=568.336us
T=256 R=32 down_finalize/one_shot_fp32/bf16 K0/eager/hot: p50=562.192us
T=256 R=32 down_finalize/one_shot_fp32/bf16 K0/eager/cold: p50=565.456us
T=256 R=32 down_finalize/one_shot_fp32/bf16 K0/cuda_graph/hot: p50=560.016us
T=256 R=32 down_finalize/one_shot_fp32/bf16 K0/cuda_graph/cold: p50=562.240us
T=2048 R=32 gate_a/indexed/bf16 K0/eager/hot: p50=461.728us
T=2048 R=32 gate_a/indexed/bf16 K0/eager/cold: p50=464.944us
T=2048 R=32 gate_a/indexed/bf16 K0/cuda_graph/hot: p50=461.696us
T=2048 R=32 gate_a/indexed/bf16 K0/cuda_graph/cold: p50=463.696us
T=2048 R=32 gate_a/aligned/bf16 K0/eager/hot: p50=44.000us
T=2048 R=32 gate_a/aligned/bf16 K0/eager/cold: p50=40.848us
T=2048 R=32 gate_a/aligned/bf16 K0/cuda_graph/hot: p50=38.144us
T=2048 R=32 gate_a/aligned/bf16 K0/cuda_graph/cold: p50=40.480us
T=2048 R=32 gate_a/segmented/bf16 K0/eager/hot: p50=44.912us
T=2048 R=32 gate_a/segmented/bf16 K0/eager/cold: p50=45.792us
T=2048 R=32 gate_a/segmented/bf16 K0/cuda_graph/hot: p50=43.984us
T=2048 R=32 gate_a/segmented/bf16 K0/cuda_graph/cold: p50=44.896us
T=2048 R=32 gate_a/bmm/bf16 K0/eager/hot: p50=69.328us
T=2048 R=32 gate_a/bmm/bf16 K0/eager/cold: p50=71.184us
T=2048 R=32 gate_a/bmm/bf16 K0/cuda_graph/hot: p50=64.928us
T=2048 R=32 gate_a/bmm/bf16 K0/cuda_graph/cold: p50=65.424us
T=2048 R=32 gate_consumer/indexed/bf16 K0/eager/hot: p50=293.744us
T=2048 R=32 gate_consumer/indexed/bf16 K0/eager/cold: p50=294.176us
T=2048 R=32 gate_consumer/indexed/bf16 K0/cuda_graph/hot: p50=293.216us
T=2048 R=32 gate_consumer/indexed/bf16 K0/cuda_graph/cold: p50=293.632us
T=2048 R=32 gate_consumer/aligned/bf16 K0/eager/hot: p50=61.152us
T=2048 R=32 gate_consumer/aligned/bf16 K0/eager/cold: p50=50.320us
T=2048 R=32 gate_consumer/aligned/bf16 K0/cuda_graph/hot: p50=46.160us
T=2048 R=32 gate_consumer/aligned/bf16 K0/cuda_graph/cold: p50=49.280us
T=2048 R=32 gate_consumer/segmented/bf16 K0/eager/hot: p50=99.712us
T=2048 R=32 gate_consumer/segmented/bf16 K0/eager/cold: p50=99.968us
T=2048 R=32 gate_consumer/segmented/bf16 K0/cuda_graph/hot: p50=99.808us
T=2048 R=32 gate_consumer/segmented/bf16 K0/cuda_graph/cold: p50=99.504us
T=2048 R=32 gate_consumer/bmm/bf16 K0/eager/hot: p50=340.608us
T=2048 R=32 gate_consumer/bmm/bf16 K0/eager/cold: p50=341.136us
T=2048 R=32 gate_consumer/bmm/bf16 K0/cuda_graph/hot: p50=312.688us
T=2048 R=32 gate_consumer/bmm/bf16 K0/cuda_graph/cold: p50=313.744us
T=2048 R=32 down_a/indexed/bf16 K0/eager/hot: p50=70.448us
T=2048 R=32 down_a/indexed/bf16 K0/eager/cold: p50=74.288us
T=2048 R=32 down_a/indexed/bf16 K0/cuda_graph/hot: p50=69.680us
T=2048 R=32 down_a/indexed/bf16 K0/cuda_graph/cold: p50=73.568us
T=2048 R=32 down_a/aligned/bf16 K0/eager/hot: p50=40.096us
T=2048 R=32 down_a/aligned/bf16 K0/eager/cold: p50=16.160us
T=2048 R=32 down_a/aligned/bf16 K0/cuda_graph/hot: p50=13.840us
T=2048 R=32 down_a/aligned/bf16 K0/cuda_graph/cold: p50=15.328us
T=2048 R=32 down_a/segmented/bf16 K0/eager/hot: p50=41.376us
T=2048 R=32 down_a/segmented/bf16 K0/eager/cold: p50=21.904us
T=2048 R=32 down_a/segmented/bf16 K0/cuda_graph/hot: p50=20.928us
T=2048 R=32 down_a/segmented/bf16 K0/cuda_graph/cold: p50=21.136us
T=2048 R=32 down_a/bmm/bf16 K0/eager/hot: p50=50.304us
T=2048 R=32 down_a/bmm/bf16 K0/eager/cold: p50=32.976us
T=2048 R=32 down_a/bmm/bf16 K0/cuda_graph/hot: p50=27.504us
T=2048 R=32 down_a/bmm/bf16 K0/cuda_graph/cold: p50=29.488us
T=2048 R=32 down_finalize/indexed/bf16 K0/eager/hot: p50=331.840us
T=2048 R=32 down_finalize/indexed/bf16 K0/eager/cold: p50=332.416us
T=2048 R=32 down_finalize/indexed/bf16 K0/cuda_graph/hot: p50=331.936us
T=2048 R=32 down_finalize/indexed/bf16 K0/cuda_graph/cold: p50=332.336us
T=2048 R=32 down_finalize/aligned/bf16 K0/eager/hot: p50=120.512us
T=2048 R=32 down_finalize/aligned/bf16 K0/eager/cold: p50=122.144us
T=2048 R=32 down_finalize/aligned/bf16 K0/cuda_graph/hot: p50=118.304us
T=2048 R=32 down_finalize/aligned/bf16 K0/cuda_graph/cold: p50=118.176us
T=2048 R=32 down_finalize/segmented/bf16 K0/eager/hot: p50=434.912us
T=2048 R=32 down_finalize/segmented/bf16 K0/eager/cold: p50=434.096us
T=2048 R=32 down_finalize/segmented/bf16 K0/cuda_graph/hot: p50=432.688us
T=2048 R=32 down_finalize/segmented/bf16 K0/cuda_graph/cold: p50=432.032us
T=2048 R=32 down_finalize/bmm/bf16 K0/eager/hot: p50=219.104us
T=2048 R=32 down_finalize/bmm/bf16 K0/eager/cold: p50=220.384us
T=2048 R=32 down_finalize/bmm/bf16 K0/cuda_graph/hot: p50=214.240us
T=2048 R=32 down_finalize/bmm/bf16 K0/cuda_graph/cold: p50=214.256us
T=2048 R=32 down_finalize/one_shot_bf16/bf16 K0/eager/hot: p50=4484.992us
T=2048 R=32 down_finalize/one_shot_bf16/bf16 K0/eager/cold: p50=4493.024us
T=2048 R=32 down_finalize/one_shot_bf16/bf16 K0/cuda_graph/hot: p50=4483.216us
T=2048 R=32 down_finalize/one_shot_bf16/bf16 K0/cuda_graph/cold: p50=4484.624us
T=2048 R=32 down_finalize/one_shot_fp32/bf16 K0/eager/hot: p50=4445.424us
T=2048 R=32 down_finalize/one_shot_fp32/bf16 K0/eager/cold: p50=4443.616us
T=2048 R=32 down_finalize/one_shot_fp32/bf16 K0/cuda_graph/hot: p50=4444.688us
T=2048 R=32 down_finalize/one_shot_fp32/bf16 K0/cuda_graph/cold: p50=4438.928us
T=1 R=32 gate_a/indexed/bf16 O0/eager/hot: p50=54.544us
T=1 R=32 gate_a/indexed/bf16 O0/eager/cold: p50=18.992us
T=1 R=32 gate_a/indexed/bf16 O0/cuda_graph/hot: p50=17.216us
T=1 R=32 gate_a/indexed/bf16 O0/cuda_graph/cold: p50=17.136us
T=1 R=32 gate_a/aligned/bf16 O0/eager/hot: p50=311.104us
T=1 R=32 gate_a/aligned/bf16 O0/eager/cold: p50=283.392us
T=1 R=32 gate_a/aligned/bf16 O0/cuda_graph/hot: p50=26.512us
T=1 R=32 gate_a/aligned/bf16 O0/cuda_graph/cold: p50=36.048us
T=1 R=32 gate_a/segmented/bf16 O0/eager/hot: p50=348.720us
T=1 R=32 gate_a/segmented/bf16 O0/eager/cold: p50=332.944us
T=1 R=32 gate_a/segmented/bf16 O0/cuda_graph/hot: p50=43.632us
T=1 R=32 gate_a/segmented/bf16 O0/cuda_graph/cold: p50=53.520us
T=1 R=32 gate_a/bmm/bf16 O0/eager/hot: p50=292.432us
T=1 R=32 gate_a/bmm/bf16 O0/eager/cold: p50=309.872us
T=1 R=32 gate_a/bmm/bf16 O0/cuda_graph/hot: p50=39.488us
T=1 R=32 gate_a/bmm/bf16 O0/cuda_graph/cold: p50=45.584us
T=1 R=32 gate_consumer/indexed/bf16 O0/eager/hot: p50=76.736us
T=1 R=32 gate_consumer/indexed/bf16 O0/eager/cold: p50=36.960us
T=1 R=32 gate_consumer/indexed/bf16 O0/cuda_graph/hot: p50=16.368us
T=1 R=32 gate_consumer/indexed/bf16 O0/cuda_graph/cold: p50=13.120us
T=1 R=32 gate_consumer/aligned/bf16 O0/eager/hot: p50=342.816us
T=1 R=32 gate_consumer/aligned/bf16 O0/eager/cold: p50=330.448us
T=1 R=32 gate_consumer/aligned/bf16 O0/cuda_graph/hot: p50=29.504us
T=1 R=32 gate_consumer/aligned/bf16 O0/cuda_graph/cold: p50=36.064us
T=1 R=32 gate_consumer/segmented/bf16 O0/eager/hot: p50=205.024us
T=1 R=32 gate_consumer/segmented/bf16 O0/eager/cold: p50=153.712us
T=1 R=32 gate_consumer/segmented/bf16 O0/cuda_graph/hot: p50=37.536us
T=1 R=32 gate_consumer/segmented/bf16 O0/cuda_graph/cold: p50=43.328us
T=1 R=32 gate_consumer/bmm/bf16 O0/eager/hot: p50=184.816us
T=1 R=32 gate_consumer/bmm/bf16 O0/eager/cold: p50=132.912us
T=1 R=32 gate_consumer/bmm/bf16 O0/cuda_graph/hot: p50=40.416us
T=1 R=32 gate_consumer/bmm/bf16 O0/cuda_graph/cold: p50=46.208us
T=1 R=32 down_a/indexed/bf16 O0/eager/hot: p50=32.528us
T=1 R=32 down_a/indexed/bf16 O0/eager/cold: p50=9.984us
T=1 R=32 down_a/indexed/bf16 O0/cuda_graph/hot: p50=11.024us
T=1 R=32 down_a/indexed/bf16 O0/cuda_graph/cold: p50=9.360us
T=1 R=32 down_a/aligned/bf16 O0/eager/hot: p50=172.528us
T=1 R=32 down_a/aligned/bf16 O0/eager/cold: p50=118.384us
T=1 R=32 down_a/aligned/bf16 O0/cuda_graph/hot: p50=28.064us
T=1 R=32 down_a/aligned/bf16 O0/cuda_graph/cold: p50=33.424us
T=1 R=32 down_a/segmented/bf16 O0/eager/hot: p50=198.272us
T=1 R=32 down_a/segmented/bf16 O0/eager/cold: p50=143.568us
T=1 R=32 down_a/segmented/bf16 O0/cuda_graph/hot: p50=37.824us
T=1 R=32 down_a/segmented/bf16 O0/cuda_graph/cold: p50=44.208us
T=1 R=32 down_a/bmm/bf16 O0/eager/hot: p50=159.840us
T=1 R=32 down_a/bmm/bf16 O0/eager/cold: p50=104.208us
T=1 R=32 down_a/bmm/bf16 O0/cuda_graph/hot: p50=34.592us
T=1 R=32 down_a/bmm/bf16 O0/cuda_graph/cold: p50=40.176us
T=1 R=32 down_finalize/indexed/bf16 O0/eager/hot: p50=30.576us
T=1 R=32 down_finalize/indexed/bf16 O0/eager/cold: p50=10.464us
T=1 R=32 down_finalize/indexed/bf16 O0/cuda_graph/hot: p50=11.024us
T=1 R=32 down_finalize/indexed/bf16 O0/cuda_graph/cold: p50=10.208us
T=1 R=32 down_finalize/aligned/bf16 O0/eager/hot: p50=197.872us
T=1 R=32 down_finalize/aligned/bf16 O0/eager/cold: p50=145.488us
T=1 R=32 down_finalize/aligned/bf16 O0/cuda_graph/hot: p50=29.568us
T=1 R=32 down_finalize/aligned/bf16 O0/cuda_graph/cold: p50=35.584us
T=1 R=32 down_finalize/segmented/bf16 O0/eager/hot: p50=214.400us
T=1 R=32 down_finalize/segmented/bf16 O0/eager/cold: p50=162.160us
T=1 R=32 down_finalize/segmented/bf16 O0/cuda_graph/hot: p50=38.176us
T=1 R=32 down_finalize/segmented/bf16 O0/cuda_graph/cold: p50=44.112us
T=1 R=32 down_finalize/bmm/bf16 O0/eager/hot: p50=79.936us
T=1 R=32 down_finalize/bmm/bf16 O0/eager/cold: p50=27.744us
T=1 R=32 down_finalize/bmm/bf16 O0/cuda_graph/hot: p50=15.104us
T=1 R=32 down_finalize/bmm/bf16 O0/cuda_graph/cold: p50=18.144us
T=1 R=32 down_finalize/one_shot_bf16/bf16 O0/eager/hot: p50=55.488us
T=1 R=32 down_finalize/one_shot_bf16/bf16 O0/eager/cold: p50=16.448us
T=1 R=32 down_finalize/one_shot_bf16/bf16 O0/cuda_graph/hot: p50=12.992us
T=1 R=32 down_finalize/one_shot_bf16/bf16 O0/cuda_graph/cold: p50=14.656us
T=1 R=32 down_finalize/one_shot_fp32/bf16 O0/eager/hot: p50=56.992us
T=1 R=32 down_finalize/one_shot_fp32/bf16 O0/eager/cold: p50=16.320us
T=1 R=32 down_finalize/one_shot_fp32/bf16 O0/cuda_graph/hot: p50=12.464us
T=1 R=32 down_finalize/one_shot_fp32/bf16 O0/cuda_graph/cold: p50=14.768us
T=32 R=32 gate_a/indexed/bf16 O0/eager/hot: p50=35.952us
T=32 R=32 gate_a/indexed/bf16 O0/eager/cold: p50=19.840us
T=32 R=32 gate_a/indexed/bf16 O0/cuda_graph/hot: p50=15.488us
T=32 R=32 gate_a/indexed/bf16 O0/cuda_graph/cold: p50=19.232us
T=32 R=32 gate_a/aligned/bf16 O0/eager/hot: p50=175.328us
T=32 R=32 gate_a/aligned/bf16 O0/eager/cold: p50=124.512us
T=32 R=32 gate_a/aligned/bf16 O0/cuda_graph/hot: p50=32.016us
T=32 R=32 gate_a/aligned/bf16 O0/cuda_graph/cold: p50=37.744us
T=32 R=32 gate_a/segmented/bf16 O0/eager/hot: p50=199.360us
T=32 R=32 gate_a/segmented/bf16 O0/eager/cold: p50=147.968us
T=32 R=32 gate_a/segmented/bf16 O0/cuda_graph/hot: p50=61.952us
T=32 R=32 gate_a/segmented/bf16 O0/cuda_graph/cold: p50=73.056us
T=32 R=32 gate_a/bmm/bf16 O0/eager/hot: p50=169.824us
T=32 R=32 gate_a/bmm/bf16 O0/eager/cold: p50=117.200us
T=32 R=32 gate_a/bmm/bf16 O0/cuda_graph/hot: p50=60.064us
T=32 R=32 gate_a/bmm/bf16 O0/cuda_graph/cold: p50=67.136us
T=32 R=32 gate_consumer/indexed/bf16 O0/eager/hot: p50=50.352us
T=32 R=32 gate_consumer/indexed/bf16 O0/eager/cold: p50=15.968us
T=32 R=32 gate_consumer/indexed/bf16 O0/cuda_graph/hot: p50=14.512us
T=32 R=32 gate_consumer/indexed/bf16 O0/cuda_graph/cold: p50=15.664us
T=32 R=32 gate_consumer/aligned/bf16 O0/eager/hot: p50=192.256us
T=32 R=32 gate_consumer/aligned/bf16 O0/eager/cold: p50=139.696us
T=32 R=32 gate_consumer/aligned/bf16 O0/cuda_graph/hot: p50=32.320us
T=32 R=32 gate_consumer/aligned/bf16 O0/cuda_graph/cold: p50=38.256us
T=32 R=32 gate_consumer/segmented/bf16 O0/eager/hot: p50=204.320us
T=32 R=32 gate_consumer/segmented/bf16 O0/eager/cold: p50=150.592us
T=32 R=32 gate_consumer/segmented/bf16 O0/cuda_graph/hot: p50=57.424us
T=32 R=32 gate_consumer/segmented/bf16 O0/cuda_graph/cold: p50=62.672us
T=32 R=32 gate_consumer/bmm/bf16 O0/eager/hot: p50=184.400us
T=32 R=32 gate_consumer/bmm/bf16 O0/eager/cold: p50=131.616us
T=32 R=32 gate_consumer/bmm/bf16 O0/cuda_graph/hot: p50=47.360us
T=32 R=32 gate_consumer/bmm/bf16 O0/cuda_graph/cold: p50=54.544us
T=32 R=32 down_a/indexed/bf16 O0/eager/hot: p50=32.256us
T=32 R=32 down_a/indexed/bf16 O0/eager/cold: p50=10.512us
T=32 R=32 down_a/indexed/bf16 O0/cuda_graph/hot: p50=11.168us
T=32 R=32 down_a/indexed/bf16 O0/cuda_graph/cold: p50=10.048us
T=32 R=32 down_a/aligned/bf16 O0/eager/hot: p50=174.752us
T=32 R=32 down_a/aligned/bf16 O0/eager/cold: p50=118.944us
T=32 R=32 down_a/aligned/bf16 O0/cuda_graph/hot: p50=29.472us
T=32 R=32 down_a/aligned/bf16 O0/cuda_graph/cold: p50=33.664us
T=32 R=32 down_a/segmented/bf16 O0/eager/hot: p50=196.688us
T=32 R=32 down_a/segmented/bf16 O0/eager/cold: p50=144.208us
T=32 R=32 down_a/segmented/bf16 O0/cuda_graph/hot: p50=56.384us
T=32 R=32 down_a/segmented/bf16 O0/cuda_graph/cold: p50=62.336us
T=32 R=32 down_a/bmm/bf16 O0/eager/hot: p50=160.352us
T=32 R=32 down_a/bmm/bf16 O0/eager/cold: p50=104.640us
T=32 R=32 down_a/bmm/bf16 O0/cuda_graph/hot: p50=54.880us
T=32 R=32 down_a/bmm/bf16 O0/cuda_graph/cold: p50=59.856us
T=32 R=32 down_finalize/indexed/bf16 O0/eager/hot: p50=32.528us
T=32 R=32 down_finalize/indexed/bf16 O0/eager/cold: p50=11.968us
T=32 R=32 down_finalize/indexed/bf16 O0/cuda_graph/hot: p50=12.608us
T=32 R=32 down_finalize/indexed/bf16 O0/cuda_graph/cold: p50=11.776us
T=32 R=32 down_finalize/aligned/bf16 O0/eager/hot: p50=199.584us
T=32 R=32 down_finalize/aligned/bf16 O0/eager/cold: p50=145.840us
T=32 R=32 down_finalize/aligned/bf16 O0/cuda_graph/hot: p50=32.224us
T=32 R=32 down_finalize/aligned/bf16 O0/cuda_graph/cold: p50=37.520us
T=32 R=32 down_finalize/segmented/bf16 O0/eager/hot: p50=216.352us
T=32 R=32 down_finalize/segmented/bf16 O0/eager/cold: p50=164.592us
T=32 R=32 down_finalize/segmented/bf16 O0/cuda_graph/hot: p50=61.664us
T=32 R=32 down_finalize/segmented/bf16 O0/cuda_graph/cold: p50=66.688us
T=32 R=32 down_finalize/bmm/bf16 O0/eager/hot: p50=80.240us
T=32 R=32 down_finalize/bmm/bf16 O0/eager/cold: p50=27.952us
T=32 R=32 down_finalize/bmm/bf16 O0/cuda_graph/hot: p50=18.976us
T=32 R=32 down_finalize/bmm/bf16 O0/cuda_graph/cold: p50=22.800us
T=32 R=32 down_finalize/one_shot_bf16/bf16 O0/eager/hot: p50=81.040us
T=32 R=32 down_finalize/one_shot_bf16/bf16 O0/eager/cold: p50=82.832us
T=32 R=32 down_finalize/one_shot_bf16/bf16 O0/cuda_graph/hot: p50=80.128us
T=32 R=32 down_finalize/one_shot_bf16/bf16 O0/cuda_graph/cold: p50=81.168us
T=32 R=32 down_finalize/one_shot_fp32/bf16 O0/eager/hot: p50=80.304us
T=32 R=32 down_finalize/one_shot_fp32/bf16 O0/eager/cold: p50=83.104us
T=32 R=32 down_finalize/one_shot_fp32/bf16 O0/cuda_graph/hot: p50=79.296us
T=32 R=32 down_finalize/one_shot_fp32/bf16 O0/cuda_graph/cold: p50=80.512us
T=256 R=32 gate_a/indexed/bf16 O0/eager/hot: p50=65.696us
T=256 R=32 gate_a/indexed/bf16 O0/eager/cold: p50=66.336us
T=256 R=32 gate_a/indexed/bf16 O0/cuda_graph/hot: p50=65.152us
T=256 R=32 gate_a/indexed/bf16 O0/cuda_graph/cold: p50=65.888us
T=256 R=32 gate_a/aligned/bf16 O0/eager/hot: p50=175.856us
T=256 R=32 gate_a/aligned/bf16 O0/eager/cold: p50=121.728us
T=256 R=32 gate_a/aligned/bf16 O0/cuda_graph/hot: p50=37.248us
T=256 R=32 gate_a/aligned/bf16 O0/cuda_graph/cold: p50=43.696us
T=256 R=32 gate_a/segmented/bf16 O0/eager/hot: p50=199.984us
T=256 R=32 gate_a/segmented/bf16 O0/eager/cold: p50=148.448us
T=256 R=32 gate_a/segmented/bf16 O0/cuda_graph/hot: p50=67.264us
T=256 R=32 gate_a/segmented/bf16 O0/cuda_graph/cold: p50=77.024us
T=256 R=32 gate_a/bmm/bf16 O0/eager/hot: p50=170.368us
T=256 R=32 gate_a/bmm/bf16 O0/eager/cold: p50=116.128us
T=256 R=32 gate_a/bmm/bf16 O0/cuda_graph/hot: p50=67.552us
T=256 R=32 gate_a/bmm/bf16 O0/cuda_graph/cold: p50=75.728us
T=256 R=32 gate_consumer/indexed/bf16 O0/eager/hot: p50=54.864us
T=256 R=32 gate_consumer/indexed/bf16 O0/eager/cold: p50=45.056us
T=256 R=32 gate_consumer/indexed/bf16 O0/cuda_graph/hot: p50=43.232us
T=256 R=32 gate_consumer/indexed/bf16 O0/cuda_graph/cold: p50=44.192us
T=256 R=32 gate_consumer/aligned/bf16 O0/eager/hot: p50=196.016us
T=256 R=32 gate_consumer/aligned/bf16 O0/eager/cold: p50=139.680us
T=256 R=32 gate_consumer/aligned/bf16 O0/cuda_graph/hot: p50=35.616us
T=256 R=32 gate_consumer/aligned/bf16 O0/cuda_graph/cold: p50=41.776us
T=256 R=32 gate_consumer/segmented/bf16 O0/eager/hot: p50=206.848us
T=256 R=32 gate_consumer/segmented/bf16 O0/eager/cold: p50=152.784us
T=256 R=32 gate_consumer/segmented/bf16 O0/cuda_graph/hot: p50=67.216us
T=256 R=32 gate_consumer/segmented/bf16 O0/cuda_graph/cold: p50=73.344us
T=256 R=32 gate_consumer/bmm/bf16 O0/eager/hot: p50=184.496us
T=256 R=32 gate_consumer/bmm/bf16 O0/eager/cold: p50=132.432us
T=256 R=32 gate_consumer/bmm/bf16 O0/cuda_graph/hot: p50=68.704us
T=256 R=32 gate_consumer/bmm/bf16 O0/cuda_graph/cold: p50=70.320us
T=256 R=32 down_a/indexed/bf16 O0/eager/hot: p50=35.936us
T=256 R=32 down_a/indexed/bf16 O0/eager/cold: p50=17.184us
T=256 R=32 down_a/indexed/bf16 O0/cuda_graph/hot: p50=15.248us
T=256 R=32 down_a/indexed/bf16 O0/cuda_graph/cold: p50=16.896us
T=256 R=32 down_a/aligned/bf16 O0/eager/hot: p50=174.512us
T=256 R=32 down_a/aligned/bf16 O0/eager/cold: p50=120.208us
T=256 R=32 down_a/aligned/bf16 O0/cuda_graph/hot: p50=31.968us
T=256 R=32 down_a/aligned/bf16 O0/cuda_graph/cold: p50=38.224us
T=256 R=32 down_a/segmented/bf16 O0/eager/hot: p50=199.584us
T=256 R=32 down_a/segmented/bf16 O0/eager/cold: p50=145.552us
T=256 R=32 down_a/segmented/bf16 O0/cuda_graph/hot: p50=60.064us
T=256 R=32 down_a/segmented/bf16 O0/cuda_graph/cold: p50=66.688us
T=256 R=32 down_a/bmm/bf16 O0/eager/hot: p50=161.184us
T=256 R=32 down_a/bmm/bf16 O0/eager/cold: p50=107.104us
T=256 R=32 down_a/bmm/bf16 O0/cuda_graph/hot: p50=58.976us
T=256 R=32 down_a/bmm/bf16 O0/cuda_graph/cold: p50=65.920us
T=256 R=32 down_finalize/indexed/bf16 O0/eager/hot: p50=47.280us
T=256 R=32 down_finalize/indexed/bf16 O0/eager/cold: p50=48.720us
T=256 R=32 down_finalize/indexed/bf16 O0/cuda_graph/hot: p50=46.896us
T=256 R=32 down_finalize/indexed/bf16 O0/cuda_graph/cold: p50=48.800us
T=256 R=32 down_finalize/aligned/bf16 O0/eager/hot: p50=200.384us
T=256 R=32 down_finalize/aligned/bf16 O0/eager/cold: p50=147.968us
T=256 R=32 down_finalize/aligned/bf16 O0/cuda_graph/hot: p50=41.328us
T=256 R=32 down_finalize/aligned/bf16 O0/cuda_graph/cold: p50=50.528us
T=256 R=32 down_finalize/segmented/bf16 O0/eager/hot: p50=222.944us
T=256 R=32 down_finalize/segmented/bf16 O0/eager/cold: p50=171.088us
T=256 R=32 down_finalize/segmented/bf16 O0/cuda_graph/hot: p50=102.336us
T=256 R=32 down_finalize/segmented/bf16 O0/cuda_graph/cold: p50=109.824us
T=256 R=32 down_finalize/bmm/bf16 O0/eager/hot: p50=80.512us
T=256 R=32 down_finalize/bmm/bf16 O0/eager/cold: p50=45.136us
T=256 R=32 down_finalize/bmm/bf16 O0/cuda_graph/hot: p50=36.560us
T=256 R=32 down_finalize/bmm/bf16 O0/cuda_graph/cold: p50=40.352us
T=256 R=32 down_finalize/one_shot_bf16/bf16 O0/eager/hot: p50=567.776us
T=256 R=32 down_finalize/one_shot_bf16/bf16 O0/eager/cold: p50=570.432us
T=256 R=32 down_finalize/one_shot_bf16/bf16 O0/cuda_graph/hot: p50=566.336us
T=256 R=32 down_finalize/one_shot_bf16/bf16 O0/cuda_graph/cold: p50=568.496us
T=256 R=32 down_finalize/one_shot_fp32/bf16 O0/eager/hot: p50=562.144us
T=256 R=32 down_finalize/one_shot_fp32/bf16 O0/eager/cold: p50=569.728us
T=256 R=32 down_finalize/one_shot_fp32/bf16 O0/cuda_graph/hot: p50=560.768us
T=256 R=32 down_finalize/one_shot_fp32/bf16 O0/cuda_graph/cold: p50=563.296us
T=2048 R=32 gate_a/indexed/bf16 O0/eager/hot: p50=462.176us
T=2048 R=32 gate_a/indexed/bf16 O0/eager/cold: p50=464.352us
T=2048 R=32 gate_a/indexed/bf16 O0/cuda_graph/hot: p50=461.840us
T=2048 R=32 gate_a/indexed/bf16 O0/cuda_graph/cold: p50=463.152us
T=2048 R=32 gate_a/aligned/bf16 O0/eager/hot: p50=182.448us
T=2048 R=32 gate_a/aligned/bf16 O0/eager/cold: p50=129.488us
T=2048 R=32 gate_a/aligned/bf16 O0/cuda_graph/hot: p50=66.976us
T=2048 R=32 gate_a/aligned/bf16 O0/cuda_graph/cold: p50=73.760us
T=2048 R=32 gate_a/segmented/bf16 O0/eager/hot: p50=238.816us
T=2048 R=32 gate_a/segmented/bf16 O0/eager/cold: p50=181.344us
T=2048 R=32 gate_a/segmented/bf16 O0/cuda_graph/hot: p50=152.624us
T=2048 R=32 gate_a/segmented/bf16 O0/cuda_graph/cold: p50=158.784us
T=2048 R=32 gate_a/bmm/bf16 O0/eager/hot: p50=209.408us
T=2048 R=32 gate_a/bmm/bf16 O0/eager/cold: p50=184.048us
T=2048 R=32 gate_a/bmm/bf16 O0/cuda_graph/hot: p50=170.592us
T=2048 R=32 gate_a/bmm/bf16 O0/cuda_graph/cold: p50=169.376us
T=2048 R=32 gate_consumer/indexed/bf16 O0/eager/hot: p50=293.360us
T=2048 R=32 gate_consumer/indexed/bf16 O0/eager/cold: p50=294.112us
T=2048 R=32 gate_consumer/indexed/bf16 O0/cuda_graph/hot: p50=293.104us
T=2048 R=32 gate_consumer/indexed/bf16 O0/cuda_graph/cold: p50=293.872us
T=2048 R=32 gate_consumer/aligned/bf16 O0/eager/hot: p50=202.576us
T=2048 R=32 gate_consumer/aligned/bf16 O0/eager/cold: p50=150.096us
T=2048 R=32 gate_consumer/aligned/bf16 O0/cuda_graph/hot: p50=79.392us
T=2048 R=32 gate_consumer/aligned/bf16 O0/cuda_graph/cold: p50=82.768us
T=2048 R=32 gate_consumer/segmented/bf16 O0/eager/hot: p50=242.928us
T=2048 R=32 gate_consumer/segmented/bf16 O0/eager/cold: p50=227.984us
T=2048 R=32 gate_consumer/segmented/bf16 O0/cuda_graph/hot: p50=216.160us
T=2048 R=32 gate_consumer/segmented/bf16 O0/cuda_graph/cold: p50=214.944us
T=2048 R=32 gate_consumer/bmm/bf16 O0/eager/hot: p50=340.752us
T=2048 R=32 gate_consumer/bmm/bf16 O0/eager/cold: p50=342.000us
T=2048 R=32 gate_consumer/bmm/bf16 O0/cuda_graph/hot: p50=313.728us
T=2048 R=32 gate_consumer/bmm/bf16 O0/cuda_graph/cold: p50=313.264us
T=2048 R=32 down_a/indexed/bf16 O0/eager/hot: p50=70.496us
T=2048 R=32 down_a/indexed/bf16 O0/eager/cold: p50=75.040us
T=2048 R=32 down_a/indexed/bf16 O0/cuda_graph/hot: p50=69.712us
T=2048 R=32 down_a/indexed/bf16 O0/cuda_graph/cold: p50=74.192us
T=2048 R=32 down_a/aligned/bf16 O0/eager/hot: p50=177.968us
T=2048 R=32 down_a/aligned/bf16 O0/eager/cold: p50=123.648us
T=2048 R=32 down_a/aligned/bf16 O0/cuda_graph/hot: p50=43.088us
T=2048 R=32 down_a/aligned/bf16 O0/cuda_graph/cold: p50=49.408us
T=2048 R=32 down_a/segmented/bf16 O0/eager/hot: p50=236.864us
T=2048 R=32 down_a/segmented/bf16 O0/eager/cold: p50=182.928us
T=2048 R=32 down_a/segmented/bf16 O0/cuda_graph/hot: p50=128.704us
T=2048 R=32 down_a/segmented/bf16 O0/cuda_graph/cold: p50=135.856us
T=2048 R=32 down_a/bmm/bf16 O0/eager/hot: p50=200.432us
T=2048 R=32 down_a/bmm/bf16 O0/eager/cold: p50=147.504us
T=2048 R=32 down_a/bmm/bf16 O0/cuda_graph/hot: p50=126.288us
T=2048 R=32 down_a/bmm/bf16 O0/cuda_graph/cold: p50=133.088us
T=2048 R=32 down_finalize/indexed/bf16 O0/eager/hot: p50=331.696us
T=2048 R=32 down_finalize/indexed/bf16 O0/eager/cold: p50=332.496us
T=2048 R=32 down_finalize/indexed/bf16 O0/cuda_graph/hot: p50=331.696us
T=2048 R=32 down_finalize/indexed/bf16 O0/cuda_graph/cold: p50=332.224us
T=2048 R=32 down_finalize/aligned/bf16 O0/eager/hot: p50=208.560us
T=2048 R=32 down_finalize/aligned/bf16 O0/eager/cold: p50=166.192us
T=2048 R=32 down_finalize/aligned/bf16 O0/cuda_graph/hot: p50=152.160us
T=2048 R=32 down_finalize/aligned/bf16 O0/cuda_graph/cold: p50=151.872us
T=2048 R=32 down_finalize/segmented/bf16 O0/eager/hot: p50=561.072us
T=2048 R=32 down_finalize/segmented/bf16 O0/eager/cold: p50=560.864us
T=2048 R=32 down_finalize/segmented/bf16 O0/cuda_graph/hot: p50=546.960us
T=2048 R=32 down_finalize/segmented/bf16 O0/cuda_graph/cold: p50=546.448us
T=2048 R=32 down_finalize/bmm/bf16 O0/eager/hot: p50=219.664us
T=2048 R=32 down_finalize/bmm/bf16 O0/eager/cold: p50=221.168us
T=2048 R=32 down_finalize/bmm/bf16 O0/cuda_graph/hot: p50=214.016us
T=2048 R=32 down_finalize/bmm/bf16 O0/cuda_graph/cold: p50=214.736us
T=2048 R=32 down_finalize/one_shot_bf16/bf16 O0/eager/hot: p50=4485.792us
T=2048 R=32 down_finalize/one_shot_bf16/bf16 O0/eager/cold: p50=4486.384us
T=2048 R=32 down_finalize/one_shot_bf16/bf16 O0/cuda_graph/hot: p50=4490.928us
T=2048 R=32 down_finalize/one_shot_bf16/bf16 O0/cuda_graph/cold: p50=4489.664us
T=2048 R=32 down_finalize/one_shot_fp32/bf16 O0/eager/hot: p50=4440.864us
T=2048 R=32 down_finalize/one_shot_fp32/bf16 O0/eager/cold: p50=4447.440us
T=2048 R=32 down_finalize/one_shot_fp32/bf16 O0/cuda_graph/hot: p50=4440.704us
T=2048 R=32 down_finalize/one_shot_fp32/bf16 O0/cuda_graph/cold: p50=4441.872us
