T=1 R=32 gate_a/bmm/bf16 K0/cuda_graph/cold: p50=17.968us
T=1 R=32 gate_a/bmm/bf16 K0/cuda_graph/hot: p50=16.480us
T=1 R=32 gate_a/bmm/bf16 K0/eager/cold: p50=23.568us
T=1 R=32 gate_a/bmm/bf16 K0/eager/hot: p50=60.224us
T=1 R=32 gate_a/segmented/bf16 K0/cuda_graph/cold: p50=19.760us
T=1 R=32 gate_a/segmented/bf16 K0/cuda_graph/hot: p50=14.176us
T=1 R=32 gate_a/segmented/bf16 K0/eager/cold: p50=20.960us
T=1 R=32 gate_a/segmented/bf16 K0/eager/hot: p50=36.976us
T=1 R=32 gate_a/aligned/bf16 K0/cuda_graph/cold: p50=11.184us
T=1 R=32 gate_a/aligned/bf16 K0/cuda_graph/hot: p50=10.640us
T=1 R=32 gate_a/aligned/bf16 K0/eager/cold: p50=11.632us
T=1 R=32 gate_a/aligned/bf16 K0/eager/hot: p50=36.480us
T=1 R=32 gate_a/indexed/bf16 K0/cuda_graph/cold: p50=17.744us
T=1 R=32 gate_a/indexed/bf16 K0/cuda_graph/hot: p50=12.736us
T=1 R=32 gate_a/indexed/bf16 K0/eager/cold: p50=18.352us
T=1 R=32 gate_a/indexed/bf16 K0/eager/hot: p50=31.584us
T=1 R=32 gate_consumer/bmm/bf16 K0/cuda_graph/cold: p50=45.968us
T=1 R=32 gate_consumer/bmm/bf16 K0/cuda_graph/hot: p50=40.704us
T=1 R=32 gate_consumer/bmm/bf16 K0/eager/cold: p50=127.696us
T=1 R=32 gate_consumer/bmm/bf16 K0/eager/hot: p50=177.968us
T=1 R=32 gate_consumer/segmented/bf16 K0/cuda_graph/cold: p50=10.080us
T=1 R=32 gate_consumer/segmented/bf16 K0/cuda_graph/hot: p50=10.496us
T=1 R=32 gate_consumer/segmented/bf16 K0/eager/cold: p50=10.640us
T=1 R=32 gate_consumer/segmented/bf16 K0/eager/hot: p50=41.440us
T=1 R=32 gate_consumer/aligned/bf16 K0/cuda_graph/cold: p50=10.352us
T=1 R=32 gate_consumer/aligned/bf16 K0/cuda_graph/hot: p50=10.416us
T=1 R=32 gate_consumer/aligned/bf16 K0/eager/cold: p50=11.568us
T=1 R=32 gate_consumer/aligned/bf16 K0/eager/hot: p50=54.144us
T=1 R=32 gate_consumer/indexed/bf16 K0/cuda_graph/cold: p50=12.784us
T=1 R=32 gate_consumer/indexed/bf16 K0/cuda_graph/hot: p50=12.112us
T=1 R=32 gate_consumer/indexed/bf16 K0/eager/cold: p50=13.360us
T=1 R=32 gate_consumer/indexed/bf16 K0/eager/hot: p50=48.016us
T=1 R=32 down_a/bmm/bf16 K0/cuda_graph/cold: p50=14.656us
T=1 R=32 down_a/bmm/bf16 K0/cuda_graph/hot: p50=13.696us
T=1 R=32 down_a/bmm/bf16 K0/eager/cold: p50=17.280us
T=1 R=32 down_a/bmm/bf16 K0/eager/hot: p50=50.432us
T=1 R=32 down_a/segmented/bf16 K0/cuda_graph/cold: p50=10.784us
T=1 R=32 down_a/segmented/bf16 K0/cuda_graph/hot: p50=10.432us
T=1 R=32 down_a/segmented/bf16 K0/eager/cold: p50=11.008us
T=1 R=32 down_a/segmented/bf16 K0/eager/hot: p50=34.416us
T=1 R=32 down_a/aligned/bf16 K0/cuda_graph/cold: p50=8.640us
T=1 R=32 down_a/aligned/bf16 K0/cuda_graph/hot: p50=10.608us
T=1 R=32 down_a/aligned/bf16 K0/eager/cold: p50=8.768us
T=1 R=32 down_a/aligned/bf16 K0/eager/hot: p50=36.656us
T=1 R=32 down_a/indexed/bf16 K0/cuda_graph/cold: p50=9.360us
T=1 R=32 down_a/indexed/bf16 K0/cuda_graph/hot: p50=10.448us
T=1 R=32 down_a/indexed/bf16 K0/eager/cold: p50=9.920us
T=1 R=32 down_a/indexed/bf16 K0/eager/hot: p50=32.160us
T=1 R=32 down_finalize/bmm/bf16 K0/cuda_graph/cold: p50=17.376us
T=1 R=32 down_finalize/bmm/bf16 K0/cuda_graph/hot: p50=14.816us
T=1 R=32 down_finalize/bmm/bf16 K0/eager/cold: p50=25.728us
T=1 R=32 down_finalize/bmm/bf16 K0/eager/hot: p50=77.056us
T=1 R=32 down_finalize/segmented/bf16 K0/cuda_graph/cold: p50=10.544us
T=1 R=32 down_finalize/segmented/bf16 K0/cuda_graph/hot: p50=10.928us
T=1 R=32 down_finalize/segmented/bf16 K0/eager/cold: p50=11.264us
T=1 R=32 down_finalize/segmented/bf16 K0/eager/hot: p50=54.224us
T=1 R=32 down_finalize/aligned/bf16 K0/cuda_graph/cold: p50=10.880us
T=1 R=32 down_finalize/aligned/bf16 K0/cuda_graph/hot: p50=10.512us
T=1 R=32 down_finalize/aligned/bf16 K0/eager/cold: p50=11.824us
T=1 R=32 down_finalize/aligned/bf16 K0/eager/hot: p50=58.800us
T=1 R=32 down_finalize/indexed/bf16 K0/cuda_graph/cold: p50=9.856us
T=1 R=32 down_finalize/indexed/bf16 K0/cuda_graph/hot: p50=10.448us
T=1 R=32 down_finalize/indexed/bf16 K0/eager/cold: p50=10.160us
T=1 R=32 down_finalize/indexed/bf16 K0/eager/hot: p50=29.824us
T=1 R=32 down_finalize/one_shot_bf16/bf16 K0/cuda_graph/cold: p50=14.544us
T=1 R=32 down_finalize/one_shot_bf16/bf16 K0/cuda_graph/hot: p50=12.592us
T=1 R=32 down_finalize/one_shot_bf16/bf16 K0/eager/cold: p50=14.912us
T=1 R=32 down_finalize/one_shot_bf16/bf16 K0/eager/hot: p50=55.296us
T=1 R=32 down_finalize/one_shot_fp32/bf16 K0/cuda_graph/cold: p50=14.560us
T=1 R=32 down_finalize/one_shot_fp32/bf16 K0/cuda_graph/hot: p50=12.512us
T=1 R=32 down_finalize/one_shot_fp32/bf16 K0/eager/cold: p50=15.008us
T=1 R=32 down_finalize/one_shot_fp32/bf16 K0/eager/hot: p50=55.824us
T=32 R=32 gate_a/bmm/bf16 K0/cuda_graph/cold: p50=24.240us
T=32 R=32 gate_a/bmm/bf16 K0/cuda_graph/hot: p50=19.968us
T=32 R=32 gate_a/bmm/bf16 K0/eager/cold: p50=28.944us
T=32 R=32 gate_a/bmm/bf16 K0/eager/hot: p50=58.880us
T=32 R=32 gate_a/segmented/bf16 K0/cuda_graph/cold: p50=21.648us
T=32 R=32 gate_a/segmented/bf16 K0/cuda_graph/hot: p50=14.208us
T=32 R=32 gate_a/segmented/bf16 K0/eager/cold: p50=22.544us
T=32 R=32 gate_a/segmented/bf16 K0/eager/hot: p50=35.408us
T=32 R=32 gate_a/aligned/bf16 K0/cuda_graph/cold: p50=12.816us
T=32 R=32 gate_a/aligned/bf16 K0/cuda_graph/hot: p50=11.456us
T=32 R=32 gate_a/aligned/bf16 K0/eager/cold: p50=13.408us
T=32 R=32 gate_a/aligned/bf16 K0/eager/hot: p50=37.344us
T=32 R=32 gate_a/indexed/bf16 K0/cuda_graph/cold: p50=19.200us
T=32 R=32 gate_a/indexed/bf16 K0/cuda_graph/hot: p50=15.520us
T=32 R=32 gate_a/indexed/bf16 K0/eager/cold: p50=19.552us
T=32 R=32 gate_a/indexed/bf16 K0/eager/hot: p50=36.160us
T=32 R=32 gate_consumer/bmm/bf16 K0/cuda_graph/cold: p50=54.192us
T=32 R=32 gate_consumer/bmm/bf16 K0/cuda_graph/hot: p50=47.232us
T=32 R=32 gate_consumer/bmm/bf16 K0/eager/cold: p50=130.544us
T=32 R=32 gate_consumer/bmm/bf16 K0/eager/hot: p50=179.600us
T=32 R=32 gate_consumer/segmented/bf16 K0/cuda_graph/cold: p50=11.248us
T=32 R=32 gate_consumer/segmented/bf16 K0/cuda_graph/hot: p50=11.232us
T=32 R=32 gate_consumer/segmented/bf16 K0/eager/cold: p50=11.840us
T=32 R=32 gate_consumer/segmented/bf16 K0/eager/hot: p50=41.168us
T=32 R=32 gate_consumer/aligned/bf16 K0/cuda_graph/cold: p50=12.656us
T=32 R=32 gate_consumer/aligned/bf16 K0/cuda_graph/hot: p50=11.504us
T=32 R=32 gate_consumer/aligned/bf16 K0/eager/cold: p50=13.808us
T=32 R=32 gate_consumer/aligned/bf16 K0/eager/hot: p50=54.128us
T=32 R=32 gate_consumer/indexed/bf16 K0/cuda_graph/cold: p50=15.088us
T=32 R=32 gate_consumer/indexed/bf16 K0/cuda_graph/hot: p50=13.840us
T=32 R=32 gate_consumer/indexed/bf16 K0/eager/cold: p50=15.888us
T=32 R=32 gate_consumer/indexed/bf16 K0/eager/hot: p50=49.504us
T=32 R=32 down_a/bmm/bf16 K0/cuda_graph/cold: p50=16.800us
T=32 R=32 down_a/bmm/bf16 K0/cuda_graph/hot: p50=14.592us
T=32 R=32 down_a/bmm/bf16 K0/eager/cold: p50=20.560us
T=32 R=32 down_a/bmm/bf16 K0/eager/hot: p50=49.616us
T=32 R=32 down_a/segmented/bf16 K0/cuda_graph/cold: p50=10.768us
T=32 R=32 down_a/segmented/bf16 K0/cuda_graph/hot: p50=10.544us
T=32 R=32 down_a/segmented/bf16 K0/eager/cold: p50=11.440us
T=32 R=32 down_a/segmented/bf16 K0/eager/hot: p50=34.144us
T=32 R=32 down_a/aligned/bf16 K0/cuda_graph/cold: p50=8.832us
T=32 R=32 down_a/aligned/bf16 K0/cuda_graph/hot: p50=10.400us
T=32 R=32 down_a/aligned/bf16 K0/eager/cold: p50=9.376us
T=32 R=32 down_a/aligned/bf16 K0/eager/hot: p50=36.832us
T=32 R=32 down_a/indexed/bf16 K0/cuda_graph/cold: p50=9.856us
T=32 R=32 down_a/indexed/bf16 K0/cuda_graph/hot: p50=10.464us
T=32 R=32 down_a/indexed/bf16 K0/eager/cold: p50=10.352us
T=32 R=32 down_a/indexed/bf16 K0/eager/hot: p50=32.272us
T=32 R=32 down_finalize/bmm/bf16 K0/cuda_graph/cold: p50=22.400us
T=32 R=32 down_finalize/bmm/bf16 K0/cuda_graph/hot: p50=18.464us
T=32 R=32 down_finalize/bmm/bf16 K0/eager/cold: p50=27.376us
T=32 R=32 down_finalize/bmm/bf16 K0/eager/hot: p50=77.376us
T=32 R=32 down_finalize/segmented/bf16 K0/cuda_graph/cold: p50=14.992us
T=32 R=32 down_finalize/segmented/bf16 K0/cuda_graph/hot: p50=14.048us
T=32 R=32 down_finalize/segmented/bf16 K0/eager/cold: p50=17.376us
T=32 R=32 down_finalize/segmented/bf16 K0/eager/hot: p50=54.272us
T=32 R=32 down_finalize/aligned/bf16 K0/cuda_graph/cold: p50=12.800us
T=32 R=32 down_finalize/aligned/bf16 K0/cuda_graph/hot: p50=11.648us
T=32 R=32 down_finalize/aligned/bf16 K0/eager/cold: p50=14.240us
T=32 R=32 down_finalize/aligned/bf16 K0/eager/hot: p50=59.088us
T=32 R=32 down_finalize/indexed/bf16 K0/cuda_graph/cold: p50=11.792us
T=32 R=32 down_finalize/indexed/bf16 K0/cuda_graph/hot: p50=12.256us
T=32 R=32 down_finalize/indexed/bf16 K0/eager/cold: p50=11.824us
T=32 R=32 down_finalize/indexed/bf16 K0/eager/hot: p50=31.040us
T=32 R=32 down_finalize/one_shot_bf16/bf16 K0/cuda_graph/cold: p50=80.640us
T=32 R=32 down_finalize/one_shot_bf16/bf16 K0/cuda_graph/hot: p50=79.504us
T=32 R=32 down_finalize/one_shot_bf16/bf16 K0/eager/cold: p50=82.992us
T=32 R=32 down_finalize/one_shot_bf16/bf16 K0/eager/hot: p50=80.448us
T=32 R=32 down_finalize/one_shot_fp32/bf16 K0/cuda_graph/cold: p50=79.472us
T=32 R=32 down_finalize/one_shot_fp32/bf16 K0/cuda_graph/hot: p50=78.672us
T=32 R=32 down_finalize/one_shot_fp32/bf16 K0/eager/cold: p50=80.288us
T=32 R=32 down_finalize/one_shot_fp32/bf16 K0/eager/hot: p50=80.000us
T=256 R=32 gate_a/bmm/bf16 K0/cuda_graph/cold: p50=27.984us
T=256 R=32 gate_a/bmm/bf16 K0/cuda_graph/hot: p50=23.680us
T=256 R=32 gate_a/bmm/bf16 K0/eager/cold: p50=32.272us
T=256 R=32 gate_a/bmm/bf16 K0/eager/hot: p50=58.976us
T=256 R=32 gate_a/segmented/bf16 K0/cuda_graph/cold: p50=22.672us
T=256 R=32 gate_a/segmented/bf16 K0/cuda_graph/hot: p50=16.480us
T=256 R=32 gate_a/segmented/bf16 K0/eager/cold: p50=23.088us
T=256 R=32 gate_a/segmented/bf16 K0/eager/hot: p50=38.320us
T=256 R=32 gate_a/aligned/bf16 K0/cuda_graph/cold: p50=15.904us
T=256 R=32 gate_a/aligned/bf16 K0/cuda_graph/hot: p50=13.952us
T=256 R=32 gate_a/aligned/bf16 K0/eager/cold: p50=16.576us
T=256 R=32 gate_a/aligned/bf16 K0/eager/hot: p50=38.064us
T=256 R=32 gate_a/indexed/bf16 K0/cuda_graph/cold: p50=65.696us
T=256 R=32 gate_a/indexed/bf16 K0/cuda_graph/hot: p50=65.392us
T=256 R=32 gate_a/indexed/bf16 K0/eager/cold: p50=66.480us
T=256 R=32 gate_a/indexed/bf16 K0/eager/hot: p50=65.584us
T=256 R=32 gate_consumer/bmm/bf16 K0/cuda_graph/cold: p50=70.560us
T=256 R=32 gate_consumer/bmm/bf16 K0/cuda_graph/hot: p50=65.152us
T=256 R=32 gate_consumer/bmm/bf16 K0/eager/cold: p50=128.240us
T=256 R=32 gate_consumer/bmm/bf16 K0/eager/hot: p50=179.888us
T=256 R=32 gate_consumer/segmented/bf16 K0/cuda_graph/cold: p50=18.096us
T=256 R=32 gate_consumer/segmented/bf16 K0/cuda_graph/hot: p50=16.528us
T=256 R=32 gate_consumer/segmented/bf16 K0/eager/cold: p50=18.752us
T=256 R=32 gate_consumer/segmented/bf16 K0/eager/hot: p50=44.656us
T=256 R=32 gate_consumer/aligned/bf16 K0/cuda_graph/cold: p50=14.080us
T=256 R=32 gate_consumer/aligned/bf16 K0/cuda_graph/hot: p50=12.592us
T=256 R=32 gate_consumer/aligned/bf16 K0/eager/cold: p50=15.328us
T=256 R=32 gate_consumer/aligned/bf16 K0/eager/hot: p50=54.496us
T=256 R=32 gate_consumer/indexed/bf16 K0/cuda_graph/cold: p50=43.968us
T=256 R=32 gate_consumer/indexed/bf16 K0/cuda_graph/hot: p50=43.200us
T=256 R=32 gate_consumer/indexed/bf16 K0/eager/cold: p50=44.800us
T=256 R=32 gate_consumer/indexed/bf16 K0/eager/hot: p50=52.976us
T=256 R=32 down_a/bmm/bf16 K0/cuda_graph/cold: p50=18.640us
T=256 R=32 down_a/bmm/bf16 K0/cuda_graph/hot: p50=15.984us
T=256 R=32 down_a/bmm/bf16 K0/eager/cold: p50=22.224us
T=256 R=32 down_a/bmm/bf16 K0/eager/hot: p50=50.272us
T=256 R=32 down_a/segmented/bf16 K0/cuda_graph/cold: p50=11.232us
T=256 R=32 down_a/segmented/bf16 K0/cuda_graph/hot: p50=11.248us
T=256 R=32 down_a/segmented/bf16 K0/eager/cold: p50=11.984us
T=256 R=32 down_a/segmented/bf16 K0/eager/hot: p50=35.088us
T=256 R=32 down_a/aligned/bf16 K0/cuda_graph/cold: p50=9.888us
T=256 R=32 down_a/aligned/bf16 K0/cuda_graph/hot: p50=10.384us
T=256 R=32 down_a/aligned/bf16 K0/eager/cold: p50=10.656us
T=256 R=32 down_a/aligned/bf16 K0/eager/hot: p50=37.536us
T=256 R=32 down_a/indexed/bf16 K0/cuda_graph/cold: p50=16.112us
T=256 R=32 down_a/indexed/bf16 K0/cuda_graph/hot: p50=15.024us
T=256 R=32 down_a/indexed/bf16 K0/eager/cold: p50=17.072us
T=256 R=32 down_a/indexed/bf16 K0/eager/hot: p50=34.416us
T=256 R=32 down_finalize/bmm/bf16 K0/cuda_graph/cold: p50=40.512us
T=256 R=32 down_finalize/bmm/bf16 K0/cuda_graph/hot: p50=36.944us
T=256 R=32 down_finalize/bmm/bf16 K0/eager/cold: p50=45.360us
T=256 R=32 down_finalize/bmm/bf16 K0/eager/hot: p50=76.320us
T=256 R=32 down_finalize/segmented/bf16 K0/cuda_graph/cold: p50=54.960us
T=256 R=32 down_finalize/segmented/bf16 K0/cuda_graph/hot: p50=52.064us
T=256 R=32 down_finalize/segmented/bf16 K0/eager/cold: p50=58.656us
T=256 R=32 down_finalize/segmented/bf16 K0/eager/hot: p50=59.824us
T=256 R=32 down_finalize/aligned/bf16 K0/cuda_graph/cold: p50=22.528us
T=256 R=32 down_finalize/aligned/bf16 K0/cuda_graph/hot: p50=17.920us
T=256 R=32 down_finalize/aligned/bf16 K0/eager/cold: p50=24.000us
T=256 R=32 down_finalize/aligned/bf16 K0/eager/hot: p50=58.816us
T=256 R=32 down_finalize/indexed/bf16 K0/cuda_graph/cold: p50=48.944us
T=256 R=32 down_finalize/indexed/bf16 K0/cuda_graph/hot: p50=46.784us
T=256 R=32 down_finalize/indexed/bf16 K0/eager/cold: p50=48.656us
T=256 R=32 down_finalize/indexed/bf16 K0/eager/hot: p50=47.008us
T=256 R=32 down_finalize/one_shot_bf16/bf16 K0/cuda_graph/cold: p50=568.592us
T=256 R=32 down_finalize/one_shot_bf16/bf16 K0/cuda_graph/hot: p50=566.496us
T=256 R=32 down_finalize/one_shot_bf16/bf16 K0/eager/cold: p50=571.264us
T=256 R=32 down_finalize/one_shot_bf16/bf16 K0/eager/hot: p50=568.032us
T=256 R=32 down_finalize/one_shot_fp32/bf16 K0/cuda_graph/cold: p50=562.128us
T=256 R=32 down_finalize/one_shot_fp32/bf16 K0/cuda_graph/hot: p50=559.888us
T=256 R=32 down_finalize/one_shot_fp32/bf16 K0/eager/cold: p50=563.344us
T=256 R=32 down_finalize/one_shot_fp32/bf16 K0/eager/hot: p50=565.584us
T=2048 R=32 gate_a/bmm/bf16 K0/cuda_graph/cold: p50=65.888us
T=2048 R=32 gate_a/bmm/bf16 K0/cuda_graph/hot: p50=65.584us
T=2048 R=32 gate_a/bmm/bf16 K0/eager/cold: p50=71.168us
T=2048 R=32 gate_a/bmm/bf16 K0/eager/hot: p50=70.112us
T=2048 R=32 gate_a/segmented/bf16 K0/cuda_graph/cold: p50=44.832us
T=2048 R=32 gate_a/segmented/bf16 K0/cuda_graph/hot: p50=44.032us
T=2048 R=32 gate_a/segmented/bf16 K0/eager/cold: p50=45.696us
T=2048 R=32 gate_a/segmented/bf16 K0/eager/hot: p50=44.688us
T=2048 R=32 gate_a/aligned/bf16 K0/cuda_graph/cold: p50=39.568us
T=2048 R=32 gate_a/aligned/bf16 K0/cuda_graph/hot: p50=38.080us
T=2048 R=32 gate_a/aligned/bf16 K0/eager/cold: p50=40.736us
T=2048 R=32 gate_a/aligned/bf16 K0/eager/hot: p50=41.760us
T=2048 R=32 gate_a/indexed/bf16 K0/cuda_graph/cold: p50=462.992us
T=2048 R=32 gate_a/indexed/bf16 K0/cuda_graph/hot: p50=461.760us
T=2048 R=32 gate_a/indexed/bf16 K0/eager/cold: p50=463.856us
T=2048 R=32 gate_a/indexed/bf16 K0/eager/hot: p50=462.288us
T=2048 R=32 gate_consumer/bmm/bf16 K0/cuda_graph/cold: p50=312.512us
T=2048 R=32 gate_consumer/bmm/bf16 K0/cuda_graph/hot: p50=312.000us
T=2048 R=32 gate_consumer/bmm/bf16 K0/eager/cold: p50=341.216us
T=2048 R=32 gate_consumer/bmm/bf16 K0/eager/hot: p50=340.736us
T=2048 R=32 gate_consumer/segmented/bf16 K0/cuda_graph/cold: p50=99.296us
T=2048 R=32 gate_consumer/segmented/bf16 K0/cuda_graph/hot: p50=99.488us
T=2048 R=32 gate_consumer/segmented/bf16 K0/eager/cold: p50=99.728us
T=2048 R=32 gate_consumer/segmented/bf16 K0/eager/hot: p50=99.456us
T=2048 R=32 gate_consumer/aligned/bf16 K0/cuda_graph/cold: p50=49.200us
T=2048 R=32 gate_consumer/aligned/bf16 K0/cuda_graph/hot: p50=46.032us
T=2048 R=32 gate_consumer/aligned/bf16 K0/eager/cold: p50=49.696us
T=2048 R=32 gate_consumer/aligned/bf16 K0/eager/hot: p50=59.248us
T=2048 R=32 gate_consumer/indexed/bf16 K0/cuda_graph/cold: p50=293.856us
T=2048 R=32 gate_consumer/indexed/bf16 K0/cuda_graph/hot: p50=293.456us
T=2048 R=32 gate_consumer/indexed/bf16 K0/eager/cold: p50=294.064us
T=2048 R=32 gate_consumer/indexed/bf16 K0/eager/hot: p50=293.056us
T=2048 R=32 down_a/bmm/bf16 K0/cuda_graph/cold: p50=29.136us
T=2048 R=32 down_a/bmm/bf16 K0/cuda_graph/hot: p50=27.440us
T=2048 R=32 down_a/bmm/bf16 K0/eager/cold: p50=33.328us
T=2048 R=32 down_a/bmm/bf16 K0/eager/hot: p50=50.016us
T=2048 R=32 down_a/segmented/bf16 K0/cuda_graph/cold: p50=21.216us
T=2048 R=32 down_a/segmented/bf16 K0/cuda_graph/hot: p50=20.880us
T=2048 R=32 down_a/segmented/bf16 K0/eager/cold: p50=21.696us
T=2048 R=32 down_a/segmented/bf16 K0/eager/hot: p50=38.576us
T=2048 R=32 down_a/aligned/bf16 K0/cuda_graph/cold: p50=15.488us
T=2048 R=32 down_a/aligned/bf16 K0/cuda_graph/hot: p50=14.080us
T=2048 R=32 down_a/aligned/bf16 K0/eager/cold: p50=16.160us
T=2048 R=32 down_a/aligned/bf16 K0/eager/hot: p50=38.160us
T=2048 R=32 down_a/indexed/bf16 K0/cuda_graph/cold: p50=73.712us
T=2048 R=32 down_a/indexed/bf16 K0/cuda_graph/hot: p50=69.728us
T=2048 R=32 down_a/indexed/bf16 K0/eager/cold: p50=74.752us
T=2048 R=32 down_a/indexed/bf16 K0/eager/hot: p50=70.880us
T=2048 R=32 down_finalize/bmm/bf16 K0/cuda_graph/cold: p50=215.232us
T=2048 R=32 down_finalize/bmm/bf16 K0/cuda_graph/hot: p50=214.416us
T=2048 R=32 down_finalize/bmm/bf16 K0/eager/cold: p50=220.816us
T=2048 R=32 down_finalize/bmm/bf16 K0/eager/hot: p50=219.392us
T=2048 R=32 down_finalize/segmented/bf16 K0/cuda_graph/cold: p50=431.312us
T=2048 R=32 down_finalize/segmented/bf16 K0/cuda_graph/hot: p50=432.480us
T=2048 R=32 down_finalize/segmented/bf16 K0/eager/cold: p50=433.760us
T=2048 R=32 down_finalize/segmented/bf16 K0/eager/hot: p50=433.984us
T=2048 R=32 down_finalize/aligned/bf16 K0/cuda_graph/cold: p50=117.984us
T=2048 R=32 down_finalize/aligned/bf16 K0/cuda_graph/hot: p50=118.320us
T=2048 R=32 down_finalize/aligned/bf16 K0/eager/cold: p50=121.728us
T=2048 R=32 down_finalize/aligned/bf16 K0/eager/hot: p50=120.528us
T=2048 R=32 down_finalize/indexed/bf16 K0/cuda_graph/cold: p50=332.000us
T=2048 R=32 down_finalize/indexed/bf16 K0/cuda_graph/hot: p50=331.536us
T=2048 R=32 down_finalize/indexed/bf16 K0/eager/cold: p50=332.288us
T=2048 R=32 down_finalize/indexed/bf16 K0/eager/hot: p50=331.456us
T=2048 R=32 down_finalize/one_shot_bf16/bf16 K0/cuda_graph/cold: p50=4484.272us
T=2048 R=32 down_finalize/one_shot_bf16/bf16 K0/cuda_graph/hot: p50=4484.400us
T=2048 R=32 down_finalize/one_shot_bf16/bf16 K0/eager/cold: p50=4491.616us
T=2048 R=32 down_finalize/one_shot_bf16/bf16 K0/eager/hot: p50=4486.640us
T=2048 R=32 down_finalize/one_shot_fp32/bf16 K0/cuda_graph/cold: p50=4438.928us
T=2048 R=32 down_finalize/one_shot_fp32/bf16 K0/cuda_graph/hot: p50=4444.112us
T=2048 R=32 down_finalize/one_shot_fp32/bf16 K0/eager/cold: p50=4440.656us
T=2048 R=32 down_finalize/one_shot_fp32/bf16 K0/eager/hot: p50=4445.216us
T=1 R=32 gate_a/bmm/bf16 O0/cuda_graph/cold: p50=38.832us
T=1 R=32 gate_a/bmm/bf16 O0/cuda_graph/hot: p50=36.000us
T=1 R=32 gate_a/bmm/bf16 O0/eager/cold: p50=130.384us
T=1 R=32 gate_a/bmm/bf16 O0/eager/hot: p50=181.296us
T=1 R=32 gate_a/segmented/bf16 O0/cuda_graph/cold: p50=46.336us
T=1 R=32 gate_a/segmented/bf16 O0/cuda_graph/hot: p50=43.408us
T=1 R=32 gate_a/segmented/bf16 O0/eager/cold: p50=161.152us
T=1 R=32 gate_a/segmented/bf16 O0/eager/hot: p50=212.096us
T=1 R=32 gate_a/aligned/bf16 O0/cuda_graph/cold: p50=36.912us
T=1 R=32 gate_a/aligned/bf16 O0/cuda_graph/hot: p50=29.632us
T=1 R=32 gate_a/aligned/bf16 O0/eager/cold: p50=133.184us
T=1 R=32 gate_a/aligned/bf16 O0/eager/hot: p50=183.808us
T=1 R=32 gate_a/indexed/bf16 O0/cuda_graph/cold: p50=18.112us
T=1 R=32 gate_a/indexed/bf16 O0/cuda_graph/hot: p50=13.248us
T=1 R=32 gate_a/indexed/bf16 O0/eager/cold: p50=18.864us
T=1 R=32 gate_a/indexed/bf16 O0/eager/hot: p50=33.312us
T=1 R=32 gate_consumer/bmm/bf16 O0/cuda_graph/cold: p50=46.688us
T=1 R=32 gate_consumer/bmm/bf16 O0/cuda_graph/hot: p50=40.416us
T=1 R=32 gate_consumer/bmm/bf16 O0/eager/cold: p50=147.152us
T=1 R=32 gate_consumer/bmm/bf16 O0/eager/hot: p50=195.808us
T=1 R=32 gate_consumer/segmented/bf16 O0/cuda_graph/cold: p50=43.856us
T=1 R=32 gate_consumer/segmented/bf16 O0/cuda_graph/hot: p50=37.216us
T=1 R=32 gate_consumer/segmented/bf16 O0/eager/cold: p50=163.376us
T=1 R=32 gate_consumer/segmented/bf16 O0/eager/hot: p50=215.040us
T=1 R=32 gate_consumer/aligned/bf16 O0/cuda_graph/cold: p50=36.512us
T=1 R=32 gate_consumer/aligned/bf16 O0/cuda_graph/hot: p50=29.344us
T=1 R=32 gate_consumer/aligned/bf16 O0/eager/cold: p50=151.824us
T=1 R=32 gate_consumer/aligned/bf16 O0/eager/hot: p50=203.120us
T=1 R=32 gate_consumer/indexed/bf16 O0/cuda_graph/cold: p50=13.216us
T=1 R=32 gate_consumer/indexed/bf16 O0/cuda_graph/hot: p50=12.720us
T=1 R=32 gate_consumer/indexed/bf16 O0/eager/cold: p50=13.936us
T=1 R=32 gate_consumer/indexed/bf16 O0/eager/hot: p50=50.832us
T=1 R=32 down_a/bmm/bf16 O0/cuda_graph/cold: p50=39.808us
T=1 R=32 down_a/bmm/bf16 O0/cuda_graph/hot: p50=34.416us
T=1 R=32 down_a/bmm/bf16 O0/eager/cold: p50=119.792us
T=1 R=32 down_a/bmm/bf16 O0/eager/hot: p50=170.192us
T=1 R=32 down_a/segmented/bf16 O0/cuda_graph/cold: p50=44.336us
T=1 R=32 down_a/segmented/bf16 O0/cuda_graph/hot: p50=38.304us
T=1 R=32 down_a/segmented/bf16 O0/eager/cold: p50=158.496us
T=1 R=32 down_a/segmented/bf16 O0/eager/hot: p50=207.264us
T=1 R=32 down_a/aligned/bf16 O0/cuda_graph/cold: p50=27.376us
T=1 R=32 down_a/aligned/bf16 O0/cuda_graph/hot: p50=25.168us
T=1 R=32 down_a/aligned/bf16 O0/eager/cold: p50=132.176us
T=1 R=32 down_a/aligned/bf16 O0/eager/hot: p50=183.648us
T=1 R=32 down_a/indexed/bf16 O0/cuda_graph/cold: p50=9.120us
T=1 R=32 down_a/indexed/bf16 O0/cuda_graph/hot: p50=10.816us
T=1 R=32 down_a/indexed/bf16 O0/eager/cold: p50=10.352us
T=1 R=32 down_a/indexed/bf16 O0/eager/hot: p50=32.960us
T=1 R=32 down_finalize/bmm/bf16 O0/cuda_graph/cold: p50=17.824us
T=1 R=32 down_finalize/bmm/bf16 O0/cuda_graph/hot: p50=14.960us
T=1 R=32 down_finalize/bmm/bf16 O0/eager/cold: p50=35.728us
T=1 R=32 down_finalize/bmm/bf16 O0/eager/hot: p50=86.624us
T=1 R=32 down_finalize/segmented/bf16 O0/cuda_graph/cold: p50=44.560us
T=1 R=32 down_finalize/segmented/bf16 O0/cuda_graph/hot: p50=38.240us
T=1 R=32 down_finalize/segmented/bf16 O0/eager/cold: p50=180.176us
T=1 R=32 down_finalize/segmented/bf16 O0/eager/hot: p50=228.736us
T=1 R=32 down_finalize/aligned/bf16 O0/cuda_graph/cold: p50=36.544us
T=1 R=32 down_finalize/aligned/bf16 O0/cuda_graph/hot: p50=29.824us
T=1 R=32 down_finalize/aligned/bf16 O0/eager/cold: p50=155.776us
T=1 R=32 down_finalize/aligned/bf16 O0/eager/hot: p50=207.984us
T=1 R=32 down_finalize/indexed/bf16 O0/cuda_graph/cold: p50=10.352us
T=1 R=32 down_finalize/indexed/bf16 O0/cuda_graph/hot: p50=11.008us
T=1 R=32 down_finalize/indexed/bf16 O0/eager/cold: p50=10.432us
T=1 R=32 down_finalize/indexed/bf16 O0/eager/hot: p50=30.592us
T=1 R=32 down_finalize/one_shot_bf16/bf16 O0/cuda_graph/cold: p50=15.152us
T=1 R=32 down_finalize/one_shot_bf16/bf16 O0/cuda_graph/hot: p50=12.640us
T=1 R=32 down_finalize/one_shot_bf16/bf16 O0/eager/cold: p50=15.584us
T=1 R=32 down_finalize/one_shot_bf16/bf16 O0/eager/hot: p50=57.840us
T=1 R=32 down_finalize/one_shot_fp32/bf16 O0/cuda_graph/cold: p50=14.688us
T=1 R=32 down_finalize/one_shot_fp32/bf16 O0/cuda_graph/hot: p50=12.416us
T=1 R=32 down_finalize/one_shot_fp32/bf16 O0/eager/cold: p50=15.520us
T=1 R=32 down_finalize/one_shot_fp32/bf16 O0/eager/hot: p50=58.176us
T=32 R=32 gate_a/bmm/bf16 O0/cuda_graph/cold: p50=67.520us
T=32 R=32 gate_a/bmm/bf16 O0/cuda_graph/hot: p50=59.824us
T=32 R=32 gate_a/bmm/bf16 O0/eager/cold: p50=134.688us
T=32 R=32 gate_a/bmm/bf16 O0/eager/hot: p50=184.000us
T=32 R=32 gate_a/segmented/bf16 O0/cuda_graph/cold: p50=73.728us
T=32 R=32 gate_a/segmented/bf16 O0/cuda_graph/hot: p50=61.392us
T=32 R=32 gate_a/segmented/bf16 O0/eager/cold: p50=162.992us
T=32 R=32 gate_a/segmented/bf16 O0/eager/hot: p50=205.296us
T=32 R=32 gate_a/aligned/bf16 O0/cuda_graph/cold: p50=38.064us
T=32 R=32 gate_a/aligned/bf16 O0/cuda_graph/hot: p50=31.440us
T=32 R=32 gate_a/aligned/bf16 O0/eager/cold: p50=133.152us
T=32 R=32 gate_a/aligned/bf16 O0/eager/hot: p50=184.560us
T=32 R=32 gate_a/indexed/bf16 O0/cuda_graph/cold: p50=19.216us
T=32 R=32 gate_a/indexed/bf16 O0/cuda_graph/hot: p50=15.360us
T=32 R=32 gate_a/indexed/bf16 O0/eager/cold: p50=20.192us
T=32 R=32 gate_a/indexed/bf16 O0/eager/hot: p50=37.008us
T=32 R=32 gate_consumer/bmm/bf16 O0/cuda_graph/cold: p50=54.880us
T=32 R=32 gate_consumer/bmm/bf16 O0/cuda_graph/hot: p50=47.472us
T=32 R=32 gate_consumer/bmm/bf16 O0/eager/cold: p50=147.040us
T=32 R=32 gate_consumer/bmm/bf16 O0/eager/hot: p50=195.152us
T=32 R=32 gate_consumer/segmented/bf16 O0/cuda_graph/cold: p50=62.848us
T=32 R=32 gate_consumer/segmented/bf16 O0/cuda_graph/hot: p50=57.168us
T=32 R=32 gate_consumer/segmented/bf16 O0/eager/cold: p50=166.528us
T=32 R=32 gate_consumer/segmented/bf16 O0/eager/hot: p50=213.696us
T=32 R=32 gate_consumer/aligned/bf16 O0/cuda_graph/cold: p50=37.824us
T=32 R=32 gate_consumer/aligned/bf16 O0/cuda_graph/hot: p50=32.656us
T=32 R=32 gate_consumer/aligned/bf16 O0/eager/cold: p50=150.768us
T=32 R=32 gate_consumer/aligned/bf16 O0/eager/hot: p50=202.544us
T=32 R=32 gate_consumer/indexed/bf16 O0/cuda_graph/cold: p50=15.312us
T=32 R=32 gate_consumer/indexed/bf16 O0/cuda_graph/hot: p50=14.464us
T=32 R=32 gate_consumer/indexed/bf16 O0/eager/cold: p50=16.416us
T=32 R=32 gate_consumer/indexed/bf16 O0/eager/hot: p50=51.168us
T=32 R=32 down_a/bmm/bf16 O0/cuda_graph/cold: p50=60.336us
T=32 R=32 down_a/bmm/bf16 O0/cuda_graph/hot: p50=54.320us
T=32 R=32 down_a/bmm/bf16 O0/eager/cold: p50=117.264us
T=32 R=32 down_a/bmm/bf16 O0/eager/hot: p50=170.656us
T=32 R=32 down_a/segmented/bf16 O0/cuda_graph/cold: p50=62.480us
T=32 R=32 down_a/segmented/bf16 O0/cuda_graph/hot: p50=56.352us
T=32 R=32 down_a/segmented/bf16 O0/eager/cold: p50=156.640us
T=32 R=32 down_a/segmented/bf16 O0/eager/hot: p50=205.792us
T=32 R=32 down_a/aligned/bf16 O0/cuda_graph/cold: p50=34.896us
T=32 R=32 down_a/aligned/bf16 O0/cuda_graph/hot: p50=29.440us
T=32 R=32 down_a/aligned/bf16 O0/eager/cold: p50=132.912us
T=32 R=32 down_a/aligned/bf16 O0/eager/hot: p50=185.152us
T=32 R=32 down_a/indexed/bf16 O0/cuda_graph/cold: p50=10.080us
T=32 R=32 down_a/indexed/bf16 O0/cuda_graph/hot: p50=10.960us
T=32 R=32 down_a/indexed/bf16 O0/eager/cold: p50=10.736us
T=32 R=32 down_a/indexed/bf16 O0/eager/hot: p50=33.040us
T=32 R=32 down_finalize/bmm/bf16 O0/cuda_graph/cold: p50=22.160us
T=32 R=32 down_finalize/bmm/bf16 O0/cuda_graph/hot: p50=18.688us
T=32 R=32 down_finalize/bmm/bf16 O0/eager/cold: p50=36.240us
T=32 R=32 down_finalize/bmm/bf16 O0/eager/hot: p50=86.528us
T=32 R=32 down_finalize/segmented/bf16 O0/cuda_graph/cold: p50=66.800us
T=32 R=32 down_finalize/segmented/bf16 O0/cuda_graph/hot: p50=61.456us
T=32 R=32 down_finalize/segmented/bf16 O0/eager/cold: p50=178.576us
T=32 R=32 down_finalize/segmented/bf16 O0/eager/hot: p50=226.272us
T=32 R=32 down_finalize/aligned/bf16 O0/cuda_graph/cold: p50=37.968us
T=32 R=32 down_finalize/aligned/bf16 O0/cuda_graph/hot: p50=32.304us
T=32 R=32 down_finalize/aligned/bf16 O0/eager/cold: p50=157.952us
T=32 R=32 down_finalize/aligned/bf16 O0/eager/hot: p50=208.976us
T=32 R=32 down_finalize/indexed/bf16 O0/cuda_graph/cold: p50=11.856us
T=32 R=32 down_finalize/indexed/bf16 O0/cuda_graph/hot: p50=12.528us
T=32 R=32 down_finalize/indexed/bf16 O0/eager/cold: p50=12.160us
T=32 R=32 down_finalize/indexed/bf16 O0/eager/hot: p50=32.640us
T=32 R=32 down_finalize/one_shot_bf16/bf16 O0/cuda_graph/cold: p50=80.752us
T=32 R=32 down_finalize/one_shot_bf16/bf16 O0/cuda_graph/hot: p50=79.200us
T=32 R=32 down_finalize/one_shot_bf16/bf16 O0/eager/cold: p50=83.856us
T=32 R=32 down_finalize/one_shot_bf16/bf16 O0/eager/hot: p50=81.008us
T=32 R=32 down_finalize/one_shot_fp32/bf16 O0/cuda_graph/cold: p50=80.112us
T=32 R=32 down_finalize/one_shot_fp32/bf16 O0/cuda_graph/hot: p50=78.928us
T=32 R=32 down_finalize/one_shot_fp32/bf16 O0/eager/cold: p50=81.280us
T=32 R=32 down_finalize/one_shot_fp32/bf16 O0/eager/hot: p50=80.368us
T=256 R=32 gate_a/bmm/bf16 O0/cuda_graph/cold: p50=75.696us
T=256 R=32 gate_a/bmm/bf16 O0/cuda_graph/hot: p50=67.712us
T=256 R=32 gate_a/bmm/bf16 O0/eager/cold: p50=132.272us
T=256 R=32 gate_a/bmm/bf16 O0/eager/hot: p50=183.056us
T=256 R=32 gate_a/segmented/bf16 O0/cuda_graph/cold: p50=76.976us
T=256 R=32 gate_a/segmented/bf16 O0/cuda_graph/hot: p50=67.200us
T=256 R=32 gate_a/segmented/bf16 O0/eager/cold: p50=163.472us
T=256 R=32 gate_a/segmented/bf16 O0/eager/hot: p50=208.848us
T=256 R=32 gate_a/aligned/bf16 O0/cuda_graph/cold: p50=45.152us
T=256 R=32 gate_a/aligned/bf16 O0/cuda_graph/hot: p50=38.432us
T=256 R=32 gate_a/aligned/bf16 O0/eager/cold: p50=133.888us
T=256 R=32 gate_a/aligned/bf16 O0/eager/hot: p50=186.368us
T=256 R=32 gate_a/indexed/bf16 O0/cuda_graph/cold: p50=65.952us
T=256 R=32 gate_a/indexed/bf16 O0/cuda_graph/hot: p50=65.280us
T=256 R=32 gate_a/indexed/bf16 O0/eager/cold: p50=66.640us
T=256 R=32 gate_a/indexed/bf16 O0/eager/hot: p50=66.160us
T=256 R=32 gate_consumer/bmm/bf16 O0/cuda_graph/cold: p50=71.024us
T=256 R=32 gate_consumer/bmm/bf16 O0/cuda_graph/hot: p50=68.992us
T=256 R=32 gate_consumer/bmm/bf16 O0/eager/cold: p50=148.016us
T=256 R=32 gate_consumer/bmm/bf16 O0/eager/hot: p50=196.608us
T=256 R=32 gate_consumer/segmented/bf16 O0/cuda_graph/cold: p50=73.232us
T=256 R=32 gate_consumer/segmented/bf16 O0/cuda_graph/hot: p50=66.864us
T=256 R=32 gate_consumer/segmented/bf16 O0/eager/cold: p50=168.048us
T=256 R=32 gate_consumer/segmented/bf16 O0/eager/hot: p50=217.296us
T=256 R=32 gate_consumer/aligned/bf16 O0/cuda_graph/cold: p50=42.976us
T=256 R=32 gate_consumer/aligned/bf16 O0/cuda_graph/hot: p50=35.904us
T=256 R=32 gate_consumer/aligned/bf16 O0/eager/cold: p50=155.440us
T=256 R=32 gate_consumer/aligned/bf16 O0/eager/hot: p50=205.120us
T=256 R=32 gate_consumer/indexed/bf16 O0/cuda_graph/cold: p50=44.512us
T=256 R=32 gate_consumer/indexed/bf16 O0/cuda_graph/hot: p50=43.616us
T=256 R=32 gate_consumer/indexed/bf16 O0/eager/cold: p50=45.472us
T=256 R=32 gate_consumer/indexed/bf16 O0/eager/hot: p50=56.944us
T=256 R=32 down_a/bmm/bf16 O0/cuda_graph/cold: p50=66.464us
T=256 R=32 down_a/bmm/bf16 O0/cuda_graph/hot: p50=60.304us
T=256 R=32 down_a/bmm/bf16 O0/eager/cold: p50=119.824us
T=256 R=32 down_a/bmm/bf16 O0/eager/hot: p50=172.000us
T=256 R=32 down_a/segmented/bf16 O0/cuda_graph/cold: p50=65.824us
T=256 R=32 down_a/segmented/bf16 O0/cuda_graph/hot: p50=60.160us
T=256 R=32 down_a/segmented/bf16 O0/eager/cold: p50=160.768us
T=256 R=32 down_a/segmented/bf16 O0/eager/hot: p50=210.576us
T=256 R=32 down_a/aligned/bf16 O0/cuda_graph/cold: p50=38.384us
T=256 R=32 down_a/aligned/bf16 O0/cuda_graph/hot: p50=33.136us
T=256 R=32 down_a/aligned/bf16 O0/eager/cold: p50=133.792us
T=256 R=32 down_a/aligned/bf16 O0/eager/hot: p50=184.928us
T=256 R=32 down_a/indexed/bf16 O0/cuda_graph/cold: p50=16.880us
T=256 R=32 down_a/indexed/bf16 O0/cuda_graph/hot: p50=15.472us
T=256 R=32 down_a/indexed/bf16 O0/eager/cold: p50=17.616us
T=256 R=32 down_a/indexed/bf16 O0/eager/hot: p50=36.304us
T=256 R=32 down_finalize/bmm/bf16 O0/cuda_graph/cold: p50=40.624us
T=256 R=32 down_finalize/bmm/bf16 O0/cuda_graph/hot: p50=37.408us
T=256 R=32 down_finalize/bmm/bf16 O0/eager/cold: p50=45.936us
T=256 R=32 down_finalize/bmm/bf16 O0/eager/hot: p50=85.904us
T=256 R=32 down_finalize/segmented/bf16 O0/cuda_graph/cold: p50=109.600us
T=256 R=32 down_finalize/segmented/bf16 O0/cuda_graph/hot: p50=102.144us
T=256 R=32 down_finalize/segmented/bf16 O0/eager/cold: p50=186.384us
T=256 R=32 down_finalize/segmented/bf16 O0/eager/hot: p50=234.752us
T=256 R=32 down_finalize/aligned/bf16 O0/cuda_graph/cold: p50=50.976us
T=256 R=32 down_finalize/aligned/bf16 O0/cuda_graph/hot: p50=42.096us
T=256 R=32 down_finalize/aligned/bf16 O0/eager/cold: p50=162.672us
T=256 R=32 down_finalize/aligned/bf16 O0/eager/hot: p50=210.400us
T=256 R=32 down_finalize/indexed/bf16 O0/cuda_graph/cold: p50=48.784us
T=256 R=32 down_finalize/indexed/bf16 O0/cuda_graph/hot: p50=47.360us
T=256 R=32 down_finalize/indexed/bf16 O0/eager/cold: p50=49.296us
T=256 R=32 down_finalize/indexed/bf16 O0/eager/hot: p50=47.136us
T=256 R=32 down_finalize/one_shot_bf16/bf16 O0/cuda_graph/cold: p50=568.304us
T=256 R=32 down_finalize/one_shot_bf16/bf16 O0/cuda_graph/hot: p50=566.624us
T=256 R=32 down_finalize/one_shot_bf16/bf16 O0/eager/cold: p50=571.744us
T=256 R=32 down_finalize/one_shot_bf16/bf16 O0/eager/hot: p50=567.792us
T=256 R=32 down_finalize/one_shot_fp32/bf16 O0/cuda_graph/cold: p50=563.392us
T=256 R=32 down_finalize/one_shot_fp32/bf16 O0/cuda_graph/hot: p50=560.384us
T=256 R=32 down_finalize/one_shot_fp32/bf16 O0/eager/cold: p50=563.984us
T=256 R=32 down_finalize/one_shot_fp32/bf16 O0/eager/hot: p50=562.272us
T=2048 R=32 gate_a/bmm/bf16 O0/cuda_graph/cold: p50=168.016us
T=2048 R=32 gate_a/bmm/bf16 O0/cuda_graph/hot: p50=169.616us
T=2048 R=32 gate_a/bmm/bf16 O0/eager/cold: p50=188.576us
T=2048 R=32 gate_a/bmm/bf16 O0/eager/hot: p50=218.976us
T=2048 R=32 gate_a/segmented/bf16 O0/cuda_graph/cold: p50=157.248us
T=2048 R=32 gate_a/segmented/bf16 O0/cuda_graph/hot: p50=156.528us
T=2048 R=32 gate_a/segmented/bf16 O0/eager/cold: p50=197.872us
T=2048 R=32 gate_a/segmented/bf16 O0/eager/hot: p50=249.616us
T=2048 R=32 gate_a/aligned/bf16 O0/cuda_graph/cold: p50=74.048us
T=2048 R=32 gate_a/aligned/bf16 O0/cuda_graph/hot: p50=70.304us
T=2048 R=32 gate_a/aligned/bf16 O0/eager/cold: p50=142.192us
T=2048 R=32 gate_a/aligned/bf16 O0/eager/hot: p50=193.968us
T=2048 R=32 gate_a/indexed/bf16 O0/cuda_graph/cold: p50=463.344us
T=2048 R=32 gate_a/indexed/bf16 O0/cuda_graph/hot: p50=462.048us
T=2048 R=32 gate_a/indexed/bf16 O0/eager/cold: p50=464.720us
T=2048 R=32 gate_a/indexed/bf16 O0/eager/hot: p50=462.416us
T=2048 R=32 gate_consumer/bmm/bf16 O0/cuda_graph/cold: p50=312.944us
T=2048 R=32 gate_consumer/bmm/bf16 O0/cuda_graph/hot: p50=312.736us
T=2048 R=32 gate_consumer/bmm/bf16 O0/eager/cold: p50=343.872us
T=2048 R=32 gate_consumer/bmm/bf16 O0/eager/hot: p50=342.928us
T=2048 R=32 gate_consumer/segmented/bf16 O0/cuda_graph/cold: p50=213.152us
T=2048 R=32 gate_consumer/segmented/bf16 O0/cuda_graph/hot: p50=214.624us
T=2048 R=32 gate_consumer/segmented/bf16 O0/eager/cold: p50=230.384us
T=2048 R=32 gate_consumer/segmented/bf16 O0/eager/hot: p50=252.176us
T=2048 R=32 gate_consumer/aligned/bf16 O0/cuda_graph/cold: p50=83.904us
T=2048 R=32 gate_consumer/aligned/bf16 O0/cuda_graph/hot: p50=79.440us
T=2048 R=32 gate_consumer/aligned/bf16 O0/eager/cold: p50=160.912us
T=2048 R=32 gate_consumer/aligned/bf16 O0/eager/hot: p50=216.480us
T=2048 R=32 gate_consumer/indexed/bf16 O0/cuda_graph/cold: p50=293.968us
T=2048 R=32 gate_consumer/indexed/bf16 O0/cuda_graph/hot: p50=293.120us
T=2048 R=32 gate_consumer/indexed/bf16 O0/eager/cold: p50=295.280us
T=2048 R=32 gate_consumer/indexed/bf16 O0/eager/hot: p50=293.568us
T=2048 R=32 down_a/bmm/bf16 O0/cuda_graph/cold: p50=133.152us
T=2048 R=32 down_a/bmm/bf16 O0/cuda_graph/hot: p50=125.472us
T=2048 R=32 down_a/bmm/bf16 O0/eager/cold: p50=157.616us
T=2048 R=32 down_a/bmm/bf16 O0/eager/hot: p50=209.872us
T=2048 R=32 down_a/segmented/bf16 O0/cuda_graph/cold: p50=134.160us
T=2048 R=32 down_a/segmented/bf16 O0/cuda_graph/hot: p50=127.584us
T=2048 R=32 down_a/segmented/bf16 O0/eager/cold: p50=194.688us
T=2048 R=32 down_a/segmented/bf16 O0/eager/hot: p50=246.192us
T=2048 R=32 down_a/aligned/bf16 O0/cuda_graph/cold: p50=49.360us
T=2048 R=32 down_a/aligned/bf16 O0/cuda_graph/hot: p50=42.528us
T=2048 R=32 down_a/aligned/bf16 O0/eager/cold: p50=135.472us
T=2048 R=32 down_a/aligned/bf16 O0/eager/hot: p50=186.384us
T=2048 R=32 down_a/indexed/bf16 O0/cuda_graph/cold: p50=73.840us
T=2048 R=32 down_a/indexed/bf16 O0/cuda_graph/hot: p50=69.952us
T=2048 R=32 down_a/indexed/bf16 O0/eager/cold: p50=75.360us
T=2048 R=32 down_a/indexed/bf16 O0/eager/hot: p50=71.072us
T=2048 R=32 down_finalize/bmm/bf16 O0/cuda_graph/cold: p50=215.264us
T=2048 R=32 down_finalize/bmm/bf16 O0/cuda_graph/hot: p50=214.208us
T=2048 R=32 down_finalize/bmm/bf16 O0/eager/cold: p50=221.664us
T=2048 R=32 down_finalize/bmm/bf16 O0/eager/hot: p50=221.856us
T=2048 R=32 down_finalize/segmented/bf16 O0/cuda_graph/cold: p50=543.120us
T=2048 R=32 down_finalize/segmented/bf16 O0/cuda_graph/hot: p50=546.112us
T=2048 R=32 down_finalize/segmented/bf16 O0/eager/cold: p50=563.888us
T=2048 R=32 down_finalize/segmented/bf16 O0/eager/hot: p50=564.128us
T=2048 R=32 down_finalize/aligned/bf16 O0/cuda_graph/cold: p50=152.128us
T=2048 R=32 down_finalize/aligned/bf16 O0/cuda_graph/hot: p50=152.064us
T=2048 R=32 down_finalize/aligned/bf16 O0/eager/cold: p50=169.024us
T=2048 R=32 down_finalize/aligned/bf16 O0/eager/hot: p50=217.248us
T=2048 R=32 down_finalize/indexed/bf16 O0/cuda_graph/cold: p50=332.256us
T=2048 R=32 down_finalize/indexed/bf16 O0/cuda_graph/hot: p50=331.552us
T=2048 R=32 down_finalize/indexed/bf16 O0/eager/cold: p50=332.528us
T=2048 R=32 down_finalize/indexed/bf16 O0/eager/hot: p50=331.616us
T=2048 R=32 down_finalize/one_shot_bf16/bf16 O0/cuda_graph/cold: p50=4483.472us
T=2048 R=32 down_finalize/one_shot_bf16/bf16 O0/cuda_graph/hot: p50=4484.464us
T=2048 R=32 down_finalize/one_shot_bf16/bf16 O0/eager/cold: p50=4487.664us
T=2048 R=32 down_finalize/one_shot_bf16/bf16 O0/eager/hot: p50=4490.000us
T=2048 R=32 down_finalize/one_shot_fp32/bf16 O0/cuda_graph/cold: p50=4442.880us
T=2048 R=32 down_finalize/one_shot_fp32/bf16 O0/cuda_graph/hot: p50=4438.352us
T=2048 R=32 down_finalize/one_shot_fp32/bf16 O0/eager/cold: p50=4445.248us
T=2048 R=32 down_finalize/one_shot_fp32/bf16 O0/eager/hot: p50=4442.496us
