T=1 R=64 gate_a/indexed/bf16 K0/eager/hot: p50=35.088us
T=1 R=64 gate_a/indexed/bf16 K0/eager/cold: p50=18.624us
T=1 R=64 gate_a/indexed/bf16 K0/cuda_graph/hot: p50=12.384us
T=1 R=64 gate_a/indexed/bf16 K0/cuda_graph/cold: p50=17.872us
T=1 R=64 gate_a/aligned/bf16 K0/eager/hot: p50=37.984us
T=1 R=64 gate_a/aligned/bf16 K0/eager/cold: p50=11.888us
T=1 R=64 gate_a/aligned/bf16 K0/cuda_graph/hot: p50=10.528us
T=1 R=64 gate_a/aligned/bf16 K0/cuda_graph/cold: p50=11.760us
T=1 R=64 gate_a/segmented/bf16 K0/eager/hot: p50=36.464us
T=1 R=64 gate_a/segmented/bf16 K0/eager/cold: p50=21.424us
T=1 R=64 gate_a/segmented/bf16 K0/cuda_graph/hot: p50=14.144us
T=1 R=64 gate_a/segmented/bf16 K0/cuda_graph/cold: p50=21.344us
T=1 R=64 gate_a/bmm/bf16 K0/eager/hot: p50=58.928us
T=1 R=64 gate_a/bmm/bf16 K0/eager/cold: p50=30.064us
T=1 R=64 gate_a/bmm/bf16 K0/cuda_graph/hot: p50=23.440us
T=1 R=64 gate_a/bmm/bf16 K0/cuda_graph/cold: p50=26.384us
T=1 R=64 gate_consumer/indexed/bf16 K0/eager/hot: p50=49.104us
T=1 R=64 gate_consumer/indexed/bf16 K0/eager/cold: p50=14.656us
T=1 R=64 gate_consumer/indexed/bf16 K0/cuda_graph/hot: p50=12.704us
T=1 R=64 gate_consumer/indexed/bf16 K0/cuda_graph/cold: p50=13.728us
T=1 R=64 gate_consumer/aligned/bf16 K0/eager/hot: p50=55.520us
T=1 R=64 gate_consumer/aligned/bf16 K0/eager/cold: p50=12.000us
T=1 R=64 gate_consumer/aligned/bf16 K0/cuda_graph/hot: p50=10.688us
T=1 R=64 gate_consumer/aligned/bf16 K0/cuda_graph/cold: p50=11.088us
T=1 R=64 gate_consumer/segmented/bf16 K0/eager/hot: p50=42.880us
T=1 R=64 gate_consumer/segmented/bf16 K0/eager/cold: p50=11.200us
T=1 R=64 gate_consumer/segmented/bf16 K0/cuda_graph/hot: p50=10.448us
T=1 R=64 gate_consumer/segmented/bf16 K0/cuda_graph/cold: p50=10.448us
T=1 R=64 gate_consumer/bmm/bf16 K0/eager/hot: p50=181.344us
T=1 R=64 gate_consumer/bmm/bf16 K0/eager/cold: p50=128.432us
T=1 R=64 gate_consumer/bmm/bf16 K0/cuda_graph/hot: p50=42.144us
T=1 R=64 gate_consumer/bmm/bf16 K0/cuda_graph/cold: p50=47.168us
T=1 R=64 down_a/indexed/bf16 K0/eager/hot: p50=32.032us
T=1 R=64 down_a/indexed/bf16 K0/eager/cold: p50=9.968us
T=1 R=64 down_a/indexed/bf16 K0/cuda_graph/hot: p50=10.576us
T=1 R=64 down_a/indexed/bf16 K0/cuda_graph/cold: p50=9.648us
T=1 R=64 down_a/aligned/bf16 K0/eager/hot: p50=37.328us
T=1 R=64 down_a/aligned/bf16 K0/eager/cold: p50=9.152us
T=1 R=64 down_a/aligned/bf16 K0/cuda_graph/hot: p50=10.752us
T=1 R=64 down_a/aligned/bf16 K0/cuda_graph/cold: p50=8.768us
T=1 R=64 down_a/segmented/bf16 K0/eager/hot: p50=35.328us
T=1 R=64 down_a/segmented/bf16 K0/eager/cold: p50=11.296us
T=1 R=64 down_a/segmented/bf16 K0/cuda_graph/hot: p50=10.576us
T=1 R=64 down_a/segmented/bf16 K0/cuda_graph/cold: p50=11.168us
T=1 R=64 down_a/bmm/bf16 K0/eager/hot: p50=51.024us
T=1 R=64 down_a/bmm/bf16 K0/eager/cold: p50=18.176us
T=1 R=64 down_a/bmm/bf16 K0/cuda_graph/hot: p50=14.304us
T=1 R=64 down_a/bmm/bf16 K0/cuda_graph/cold: p50=16.464us
T=1 R=64 down_finalize/indexed/bf16 K0/eager/hot: p50=31.840us
T=1 R=64 down_finalize/indexed/bf16 K0/eager/cold: p50=11.376us
T=1 R=64 down_finalize/indexed/bf16 K0/cuda_graph/hot: p50=10.576us
T=1 R=64 down_finalize/indexed/bf16 K0/cuda_graph/cold: p50=11.488us
T=1 R=64 down_finalize/aligned/bf16 K0/eager/hot: p50=60.384us
T=1 R=64 down_finalize/aligned/bf16 K0/eager/cold: p50=12.512us
T=1 R=64 down_finalize/aligned/bf16 K0/cuda_graph/hot: p50=10.656us
T=1 R=64 down_finalize/aligned/bf16 K0/cuda_graph/cold: p50=11.664us
T=1 R=64 down_finalize/segmented/bf16 K0/eager/hot: p50=53.232us
T=1 R=64 down_finalize/segmented/bf16 K0/eager/cold: p50=12.000us
T=1 R=64 down_finalize/segmented/bf16 K0/cuda_graph/hot: p50=10.608us
T=1 R=64 down_finalize/segmented/bf16 K0/cuda_graph/cold: p50=11.488us
T=1 R=64 down_finalize/bmm/bf16 K0/eager/hot: p50=79.696us
T=1 R=64 down_finalize/bmm/bf16 K0/eager/cold: p50=26.320us
T=1 R=64 down_finalize/bmm/bf16 K0/cuda_graph/hot: p50=15.552us
T=1 R=64 down_finalize/bmm/bf16 K0/cuda_graph/cold: p50=18.656us
T=1 R=64 down_finalize/one_shot_bf16/bf16 K0/eager/hot: p50=55.904us
T=1 R=64 down_finalize/one_shot_bf16/bf16 K0/eager/cold: p50=23.536us
T=1 R=64 down_finalize/one_shot_bf16/bf16 K0/cuda_graph/hot: p50=14.688us
T=1 R=64 down_finalize/one_shot_bf16/bf16 K0/cuda_graph/cold: p50=22.320us
T=1 R=64 down_finalize/one_shot_fp32/bf16 K0/eager/hot: p50=56.320us
T=1 R=64 down_finalize/one_shot_fp32/bf16 K0/eager/cold: p50=23.456us
T=1 R=64 down_finalize/one_shot_fp32/bf16 K0/cuda_graph/hot: p50=14.640us
T=1 R=64 down_finalize/one_shot_fp32/bf16 K0/cuda_graph/cold: p50=21.952us
T=32 R=64 gate_a/indexed/bf16 K0/eager/hot: p50=37.312us
T=32 R=64 gate_a/indexed/bf16 K0/eager/cold: p50=23.616us
T=32 R=64 gate_a/indexed/bf16 K0/cuda_graph/hot: p50=22.368us
T=32 R=64 gate_a/indexed/bf16 K0/cuda_graph/cold: p50=22.848us
T=32 R=64 gate_a/aligned/bf16 K0/eager/hot: p50=51.408us
T=32 R=64 gate_a/aligned/bf16 K0/eager/cold: p50=15.456us
T=32 R=64 gate_a/aligned/bf16 K0/cuda_graph/hot: p50=14.544us
T=32 R=64 gate_a/aligned/bf16 K0/cuda_graph/cold: p50=14.432us
T=32 R=64 gate_a/segmented/bf16 K0/eager/hot: p50=49.696us
T=32 R=64 gate_a/segmented/bf16 K0/eager/cold: p50=24.496us
T=32 R=64 gate_a/segmented/bf16 K0/cuda_graph/hot: p50=18.288us
T=32 R=64 gate_a/segmented/bf16 K0/cuda_graph/cold: p50=23.552us
T=32 R=64 gate_a/bmm/bf16 K0/eager/hot: p50=77.104us
T=32 R=64 gate_a/bmm/bf16 K0/eager/cold: p50=33.616us
T=32 R=64 gate_a/bmm/bf16 K0/cuda_graph/hot: p50=25.280us
T=32 R=64 gate_a/bmm/bf16 K0/cuda_graph/cold: p50=30.640us
T=32 R=64 gate_consumer/indexed/bf16 K0/eager/hot: p50=50.960us
T=32 R=64 gate_consumer/indexed/bf16 K0/eager/cold: p50=18.272us
T=32 R=64 gate_consumer/indexed/bf16 K0/cuda_graph/hot: p50=15.808us
T=32 R=64 gate_consumer/indexed/bf16 K0/cuda_graph/cold: p50=17.520us
T=32 R=64 gate_consumer/aligned/bf16 K0/eager/hot: p50=54.672us
T=32 R=64 gate_consumer/aligned/bf16 K0/eager/cold: p50=15.440us
T=32 R=64 gate_consumer/aligned/bf16 K0/cuda_graph/hot: p50=13.216us
T=32 R=64 gate_consumer/aligned/bf16 K0/cuda_graph/cold: p50=14.288us
T=32 R=64 gate_consumer/segmented/bf16 K0/eager/hot: p50=42.912us
T=32 R=64 gate_consumer/segmented/bf16 K0/eager/cold: p50=13.520us
T=32 R=64 gate_consumer/segmented/bf16 K0/cuda_graph/hot: p50=11.696us
T=32 R=64 gate_consumer/segmented/bf16 K0/cuda_graph/cold: p50=12.720us
T=32 R=64 gate_consumer/bmm/bf16 K0/eager/hot: p50=182.256us
T=32 R=64 gate_consumer/bmm/bf16 K0/eager/cold: p50=136.128us
T=32 R=64 gate_consumer/bmm/bf16 K0/cuda_graph/hot: p50=47.856us
T=32 R=64 gate_consumer/bmm/bf16 K0/cuda_graph/cold: p50=55.488us
T=32 R=64 down_a/indexed/bf16 K0/eager/hot: p50=32.608us
T=32 R=64 down_a/indexed/bf16 K0/eager/cold: p50=10.912us
T=32 R=64 down_a/indexed/bf16 K0/cuda_graph/hot: p50=10.624us
T=32 R=64 down_a/indexed/bf16 K0/cuda_graph/cold: p50=10.400us
T=32 R=64 down_a/aligned/bf16 K0/eager/hot: p50=37.200us
T=32 R=64 down_a/aligned/bf16 K0/eager/cold: p50=10.112us
T=32 R=64 down_a/aligned/bf16 K0/cuda_graph/hot: p50=10.640us
T=32 R=64 down_a/aligned/bf16 K0/cuda_graph/cold: p50=9.568us
T=32 R=64 down_a/segmented/bf16 K0/eager/hot: p50=34.368us
T=32 R=64 down_a/segmented/bf16 K0/eager/cold: p50=12.112us
T=32 R=64 down_a/segmented/bf16 K0/cuda_graph/hot: p50=10.672us
T=32 R=64 down_a/segmented/bf16 K0/cuda_graph/cold: p50=11.632us
T=32 R=64 down_a/bmm/bf16 K0/eager/hot: p50=49.600us
T=32 R=64 down_a/bmm/bf16 K0/eager/cold: p50=20.944us
T=32 R=64 down_a/bmm/bf16 K0/cuda_graph/hot: p50=14.528us
T=32 R=64 down_a/bmm/bf16 K0/cuda_graph/cold: p50=17.568us
T=32 R=64 down_finalize/indexed/bf16 K0/eager/hot: p50=33.984us
T=32 R=64 down_finalize/indexed/bf16 K0/eager/cold: p50=18.752us
T=32 R=64 down_finalize/indexed/bf16 K0/cuda_graph/hot: p50=14.832us
T=32 R=64 down_finalize/indexed/bf16 K0/cuda_graph/cold: p50=18.704us
T=32 R=64 down_finalize/aligned/bf16 K0/eager/hot: p50=58.832us
T=32 R=64 down_finalize/aligned/bf16 K0/eager/cold: p50=16.176us
T=32 R=64 down_finalize/aligned/bf16 K0/cuda_graph/hot: p50=12.704us
T=32 R=64 down_finalize/aligned/bf16 K0/cuda_graph/cold: p50=13.280us
T=32 R=64 down_finalize/segmented/bf16 K0/eager/hot: p50=54.576us
T=32 R=64 down_finalize/segmented/bf16 K0/eager/cold: p50=15.616us
T=32 R=64 down_finalize/segmented/bf16 K0/cuda_graph/hot: p50=14.144us
T=32 R=64 down_finalize/segmented/bf16 K0/cuda_graph/cold: p50=14.240us
T=32 R=64 down_finalize/bmm/bf16 K0/eager/hot: p50=77.776us
T=32 R=64 down_finalize/bmm/bf16 K0/eager/cold: p50=27.936us
T=32 R=64 down_finalize/bmm/bf16 K0/cuda_graph/hot: p50=19.600us
T=32 R=64 down_finalize/bmm/bf16 K0/cuda_graph/cold: p50=24.896us
T=32 R=64 down_finalize/one_shot_bf16/bf16 K0/eager/hot: p50=126.208us
T=32 R=64 down_finalize/one_shot_bf16/bf16 K0/eager/cold: p50=131.024us
T=32 R=64 down_finalize/one_shot_bf16/bf16 K0/cuda_graph/hot: p50=125.328us
T=32 R=64 down_finalize/one_shot_bf16/bf16 K0/cuda_graph/cold: p50=129.088us
T=32 R=64 down_finalize/one_shot_fp32/bf16 K0/eager/hot: p50=125.712us
T=32 R=64 down_finalize/one_shot_fp32/bf16 K0/eager/cold: p50=130.912us
T=32 R=64 down_finalize/one_shot_fp32/bf16 K0/cuda_graph/hot: p50=124.224us
T=32 R=64 down_finalize/one_shot_fp32/bf16 K0/cuda_graph/cold: p50=127.936us
T=256 R=64 gate_a/indexed/bf16 K0/eager/hot: p50=121.056us
T=256 R=64 gate_a/indexed/bf16 K0/eager/cold: p50=122.112us
T=256 R=64 gate_a/indexed/bf16 K0/cuda_graph/hot: p50=120.720us
T=256 R=64 gate_a/indexed/bf16 K0/cuda_graph/cold: p50=121.616us
T=256 R=64 gate_a/aligned/bf16 K0/eager/hot: p50=42.592us
T=256 R=64 gate_a/aligned/bf16 K0/eager/cold: p50=20.832us
T=256 R=64 gate_a/aligned/bf16 K0/cuda_graph/hot: p50=19.248us
T=256 R=64 gate_a/aligned/bf16 K0/cuda_graph/cold: p50=20.112us
T=256 R=64 gate_a/segmented/bf16 K0/eager/hot: p50=40.576us
T=256 R=64 gate_a/segmented/bf16 K0/eager/cold: p50=24.848us
T=256 R=64 gate_a/segmented/bf16 K0/cuda_graph/hot: p50=22.912us
T=256 R=64 gate_a/segmented/bf16 K0/cuda_graph/cold: p50=24.384us
T=256 R=64 gate_a/bmm/bf16 K0/eager/hot: p50=58.240us
T=256 R=64 gate_a/bmm/bf16 K0/eager/cold: p50=38.672us
T=256 R=64 gate_a/bmm/bf16 K0/cuda_graph/hot: p50=31.552us
T=256 R=64 gate_a/bmm/bf16 K0/cuda_graph/cold: p50=34.448us
T=256 R=64 gate_consumer/indexed/bf16 K0/eager/hot: p50=67.728us
T=256 R=64 gate_consumer/indexed/bf16 K0/eager/cold: p50=69.008us
T=256 R=64 gate_consumer/indexed/bf16 K0/cuda_graph/hot: p50=66.720us
T=256 R=64 gate_consumer/indexed/bf16 K0/cuda_graph/cold: p50=68.464us
T=256 R=64 gate_consumer/aligned/bf16 K0/eager/hot: p50=56.112us
T=256 R=64 gate_consumer/aligned/bf16 K0/eager/cold: p50=17.232us
T=256 R=64 gate_consumer/aligned/bf16 K0/cuda_graph/hot: p50=14.208us
T=256 R=64 gate_consumer/aligned/bf16 K0/cuda_graph/cold: p50=16.304us
T=256 R=64 gate_consumer/segmented/bf16 K0/eager/hot: p50=48.832us
T=256 R=64 gate_consumer/segmented/bf16 K0/eager/cold: p50=20.832us
T=256 R=64 gate_consumer/segmented/bf16 K0/cuda_graph/hot: p50=18.528us
T=256 R=64 gate_consumer/segmented/bf16 K0/cuda_graph/cold: p50=20.272us
T=256 R=64 gate_consumer/bmm/bf16 K0/eager/hot: p50=179.072us
T=256 R=64 gate_consumer/bmm/bf16 K0/eager/cold: p50=127.440us
T=256 R=64 gate_consumer/bmm/bf16 K0/cuda_graph/hot: p50=69.552us
T=256 R=64 gate_consumer/bmm/bf16 K0/cuda_graph/cold: p50=71.904us
T=256 R=64 down_a/indexed/bf16 K0/eager/hot: p50=37.984us
T=256 R=64 down_a/indexed/bf16 K0/eager/cold: p50=24.992us
T=256 R=64 down_a/indexed/bf16 K0/cuda_graph/hot: p50=23.552us
T=256 R=64 down_a/indexed/bf16 K0/cuda_graph/cold: p50=24.560us
T=256 R=64 down_a/aligned/bf16 K0/eager/hot: p50=37.840us
T=256 R=64 down_a/aligned/bf16 K0/eager/cold: p50=11.536us
T=256 R=64 down_a/aligned/bf16 K0/cuda_graph/hot: p50=11.056us
T=256 R=64 down_a/aligned/bf16 K0/cuda_graph/cold: p50=10.896us
T=256 R=64 down_a/segmented/bf16 K0/eager/hot: p50=34.608us
T=256 R=64 down_a/segmented/bf16 K0/eager/cold: p50=12.768us
T=256 R=64 down_a/segmented/bf16 K0/cuda_graph/hot: p50=11.200us
T=256 R=64 down_a/segmented/bf16 K0/cuda_graph/cold: p50=12.000us
T=256 R=64 down_a/bmm/bf16 K0/eager/hot: p50=49.664us
T=256 R=64 down_a/bmm/bf16 K0/eager/cold: p50=21.952us
T=256 R=64 down_a/bmm/bf16 K0/cuda_graph/hot: p50=16.032us
T=256 R=64 down_a/bmm/bf16 K0/cuda_graph/cold: p50=18.608us
T=256 R=64 down_finalize/indexed/bf16 K0/eager/hot: p50=75.808us
T=256 R=64 down_finalize/indexed/bf16 K0/eager/cold: p50=82.144us
T=256 R=64 down_finalize/indexed/bf16 K0/cuda_graph/hot: p50=75.792us
T=256 R=64 down_finalize/indexed/bf16 K0/cuda_graph/cold: p50=82.080us
T=256 R=64 down_finalize/aligned/bf16 K0/eager/hot: p50=59.648us
T=256 R=64 down_finalize/aligned/bf16 K0/eager/cold: p50=28.560us
T=256 R=64 down_finalize/aligned/bf16 K0/cuda_graph/hot: p50=20.928us
T=256 R=64 down_finalize/aligned/bf16 K0/cuda_graph/cold: p50=26.864us
T=256 R=64 down_finalize/segmented/bf16 K0/eager/hot: p50=60.208us
T=256 R=64 down_finalize/segmented/bf16 K0/eager/cold: p50=56.896us
T=256 R=64 down_finalize/segmented/bf16 K0/cuda_graph/hot: p50=52.576us
T=256 R=64 down_finalize/segmented/bf16 K0/cuda_graph/cold: p50=55.584us
T=256 R=64 down_finalize/bmm/bf16 K0/eager/hot: p50=80.544us
T=256 R=64 down_finalize/bmm/bf16 K0/eager/cold: p50=47.632us
T=256 R=64 down_finalize/bmm/bf16 K0/cuda_graph/hot: p50=40.912us
T=256 R=64 down_finalize/bmm/bf16 K0/cuda_graph/cold: p50=42.368us
T=256 R=64 down_finalize/one_shot_bf16/bf16 K0/eager/hot: p50=923.744us
T=256 R=64 down_finalize/one_shot_bf16/bf16 K0/eager/cold: p50=930.272us
T=256 R=64 down_finalize/one_shot_bf16/bf16 K0/cuda_graph/hot: p50=924.496us
T=256 R=64 down_finalize/one_shot_bf16/bf16 K0/cuda_graph/cold: p50=929.328us
T=256 R=64 down_finalize/one_shot_fp32/bf16 K0/eager/hot: p50=926.256us
T=256 R=64 down_finalize/one_shot_fp32/bf16 K0/eager/cold: p50=925.776us
T=256 R=64 down_finalize/one_shot_fp32/bf16 K0/cuda_graph/hot: p50=917.744us
T=256 R=64 down_finalize/one_shot_fp32/bf16 K0/cuda_graph/cold: p50=922.608us
T=2048 R=64 gate_a/indexed/bf16 K0/eager/hot: p50=909.872us
T=2048 R=64 gate_a/indexed/bf16 K0/eager/cold: p50=911.968us
T=2048 R=64 gate_a/indexed/bf16 K0/cuda_graph/hot: p50=909.120us
T=2048 R=64 gate_a/indexed/bf16 K0/cuda_graph/cold: p50=910.480us
T=2048 R=64 gate_a/aligned/bf16 K0/eager/hot: p50=67.968us
T=2048 R=64 gate_a/aligned/bf16 K0/eager/cold: p50=69.584us
T=2048 R=64 gate_a/aligned/bf16 K0/cuda_graph/hot: p50=67.840us
T=2048 R=64 gate_a/aligned/bf16 K0/cuda_graph/cold: p50=68.624us
T=2048 R=64 gate_a/segmented/bf16 K0/eager/hot: p50=70.864us
T=2048 R=64 gate_a/segmented/bf16 K0/eager/cold: p50=73.920us
T=2048 R=64 gate_a/segmented/bf16 K0/cuda_graph/hot: p50=70.544us
T=2048 R=64 gate_a/segmented/bf16 K0/cuda_graph/cold: p50=73.120us
T=2048 R=64 gate_a/bmm/bf16 K0/eager/hot: p50=81.968us
T=2048 R=64 gate_a/bmm/bf16 K0/eager/cold: p50=82.944us
T=2048 R=64 gate_a/bmm/bf16 K0/cuda_graph/hot: p50=76.688us
T=2048 R=64 gate_a/bmm/bf16 K0/cuda_graph/cold: p50=77.040us
T=2048 R=64 gate_consumer/indexed/bf16 K0/eager/hot: p50=477.776us
T=2048 R=64 gate_consumer/indexed/bf16 K0/eager/cold: p50=478.864us
T=2048 R=64 gate_consumer/indexed/bf16 K0/cuda_graph/hot: p50=476.752us
T=2048 R=64 gate_consumer/indexed/bf16 K0/cuda_graph/cold: p50=478.080us
T=2048 R=64 gate_consumer/aligned/bf16 K0/eager/hot: p50=64.720us
T=2048 R=64 gate_consumer/aligned/bf16 K0/eager/cold: p50=67.408us
T=2048 R=64 gate_consumer/aligned/bf16 K0/cuda_graph/hot: p50=63.616us
T=2048 R=64 gate_consumer/aligned/bf16 K0/cuda_graph/cold: p50=66.912us
T=2048 R=64 gate_consumer/segmented/bf16 K0/eager/hot: p50=117.136us
T=2048 R=64 gate_consumer/segmented/bf16 K0/eager/cold: p50=118.656us
T=2048 R=64 gate_consumer/segmented/bf16 K0/cuda_graph/hot: p50=116.800us
T=2048 R=64 gate_consumer/segmented/bf16 K0/cuda_graph/cold: p50=118.336us
T=2048 R=64 gate_consumer/bmm/bf16 K0/eager/hot: p50=343.136us
T=2048 R=64 gate_consumer/bmm/bf16 K0/eager/cold: p50=343.728us
T=2048 R=64 gate_consumer/bmm/bf16 K0/cuda_graph/hot: p50=316.992us
T=2048 R=64 gate_consumer/bmm/bf16 K0/cuda_graph/cold: p50=317.040us
T=2048 R=64 down_a/indexed/bf16 K0/eager/hot: p50=133.456us
T=2048 R=64 down_a/indexed/bf16 K0/eager/cold: p50=137.232us
T=2048 R=64 down_a/indexed/bf16 K0/cuda_graph/hot: p50=132.608us
T=2048 R=64 down_a/indexed/bf16 K0/cuda_graph/cold: p50=136.528us
T=2048 R=64 down_a/aligned/bf16 K0/eager/hot: p50=40.832us
T=2048 R=64 down_a/aligned/bf16 K0/eager/cold: p50=18.672us
T=2048 R=64 down_a/aligned/bf16 K0/cuda_graph/hot: p50=16.624us
T=2048 R=64 down_a/aligned/bf16 K0/cuda_graph/cold: p50=18.112us
T=2048 R=64 down_a/segmented/bf16 K0/eager/hot: p50=39.984us
T=2048 R=64 down_a/segmented/bf16 K0/eager/cold: p50=21.792us
T=2048 R=64 down_a/segmented/bf16 K0/cuda_graph/hot: p50=20.480us
T=2048 R=64 down_a/segmented/bf16 K0/cuda_graph/cold: p50=20.768us
T=2048 R=64 down_a/bmm/bf16 K0/eager/hot: p50=51.040us
T=2048 R=64 down_a/bmm/bf16 K0/eager/cold: p50=35.216us
T=2048 R=64 down_a/bmm/bf16 K0/cuda_graph/hot: p50=30.928us
T=2048 R=64 down_a/bmm/bf16 K0/cuda_graph/cold: p50=31.776us
T=2048 R=64 down_finalize/indexed/bf16 K0/eager/hot: p50=575.568us
T=2048 R=64 down_finalize/indexed/bf16 K0/eager/cold: p50=578.672us
T=2048 R=64 down_finalize/indexed/bf16 K0/cuda_graph/hot: p50=576.080us
T=2048 R=64 down_finalize/indexed/bf16 K0/cuda_graph/cold: p50=578.624us
T=2048 R=64 down_finalize/aligned/bf16 K0/eager/hot: p50=139.200us
T=2048 R=64 down_finalize/aligned/bf16 K0/eager/cold: p50=140.576us
T=2048 R=64 down_finalize/aligned/bf16 K0/cuda_graph/hot: p50=137.648us
T=2048 R=64 down_finalize/aligned/bf16 K0/cuda_graph/cold: p50=137.792us
T=2048 R=64 down_finalize/segmented/bf16 K0/eager/hot: p50=432.336us
T=2048 R=64 down_finalize/segmented/bf16 K0/eager/cold: p50=431.696us
T=2048 R=64 down_finalize/segmented/bf16 K0/cuda_graph/hot: p50=429.984us
T=2048 R=64 down_finalize/segmented/bf16 K0/cuda_graph/cold: p50=428.320us
T=2048 R=64 down_finalize/bmm/bf16 K0/eager/hot: p50=221.120us
T=2048 R=64 down_finalize/bmm/bf16 K0/eager/cold: p50=223.440us
T=2048 R=64 down_finalize/bmm/bf16 K0/cuda_graph/hot: p50=216.448us
T=2048 R=64 down_finalize/bmm/bf16 K0/cuda_graph/cold: p50=215.152us
T=2048 R=64 down_finalize/one_shot_bf16/bf16 K0/eager/hot: p50=7355.632us
T=2048 R=64 down_finalize/one_shot_bf16/bf16 K0/eager/cold: p50=7368.944us
T=2048 R=64 down_finalize/one_shot_bf16/bf16 K0/cuda_graph/hot: p50=7357.024us
T=2048 R=64 down_finalize/one_shot_bf16/bf16 K0/cuda_graph/cold: p50=7335.200us
T=2048 R=64 down_finalize/one_shot_fp32/bf16 K0/eager/hot: p50=7333.520us
T=2048 R=64 down_finalize/one_shot_fp32/bf16 K0/eager/cold: p50=7335.824us
T=2048 R=64 down_finalize/one_shot_fp32/bf16 K0/cuda_graph/hot: p50=7332.944us
T=2048 R=64 down_finalize/one_shot_fp32/bf16 K0/cuda_graph/cold: p50=8930.272us
T=1 R=64 gate_a/indexed/bf16 O0/eager/hot: p50=34.496us
T=1 R=64 gate_a/indexed/bf16 O0/eager/cold: p50=18.288us
T=1 R=64 gate_a/indexed/bf16 O0/cuda_graph/hot: p50=12.496us
T=1 R=64 gate_a/indexed/bf16 O0/cuda_graph/cold: p50=17.456us
T=1 R=64 gate_a/aligned/bf16 O0/eager/hot: p50=170.896us
T=1 R=64 gate_a/aligned/bf16 O0/eager/cold: p50=116.992us
T=1 R=64 gate_a/aligned/bf16 O0/cuda_graph/hot: p50=26.464us
T=1 R=64 gate_a/aligned/bf16 O0/cuda_graph/cold: p50=36.384us
T=1 R=64 gate_a/segmented/bf16 O0/eager/hot: p50=194.288us
T=1 R=64 gate_a/segmented/bf16 O0/eager/cold: p50=140.656us
T=1 R=64 gate_a/segmented/bf16 O0/cuda_graph/hot: p50=43.616us
T=1 R=64 gate_a/segmented/bf16 O0/cuda_graph/cold: p50=54.112us
T=1 R=64 gate_a/bmm/bf16 O0/eager/hot: p50=162.704us
T=1 R=64 gate_a/bmm/bf16 O0/eager/cold: p50=107.744us
T=1 R=64 gate_a/bmm/bf16 O0/cuda_graph/hot: p50=44.464us
T=1 R=64 gate_a/bmm/bf16 O0/cuda_graph/cold: p50=50.576us
T=1 R=64 gate_consumer/indexed/bf16 O0/eager/hot: p50=48.672us
T=1 R=64 gate_consumer/indexed/bf16 O0/eager/cold: p50=14.448us
T=1 R=64 gate_consumer/indexed/bf16 O0/cuda_graph/hot: p50=12.832us
T=1 R=64 gate_consumer/indexed/bf16 O0/cuda_graph/cold: p50=13.600us
T=1 R=64 gate_consumer/aligned/bf16 O0/eager/hot: p50=186.064us
T=1 R=64 gate_consumer/aligned/bf16 O0/eager/cold: p50=133.328us
T=1 R=64 gate_consumer/aligned/bf16 O0/cuda_graph/hot: p50=29.952us
T=1 R=64 gate_consumer/aligned/bf16 O0/cuda_graph/cold: p50=37.184us
T=1 R=64 gate_consumer/segmented/bf16 O0/eager/hot: p50=199.936us
T=1 R=64 gate_consumer/segmented/bf16 O0/eager/cold: p50=144.336us
T=1 R=64 gate_consumer/segmented/bf16 O0/cuda_graph/hot: p50=37.824us
T=1 R=64 gate_consumer/segmented/bf16 O0/cuda_graph/cold: p50=43.616us
T=1 R=64 gate_consumer/bmm/bf16 O0/eager/hot: p50=179.888us
T=1 R=64 gate_consumer/bmm/bf16 O0/eager/cold: p50=128.512us
T=1 R=64 gate_consumer/bmm/bf16 O0/cuda_graph/hot: p50=41.824us
T=1 R=64 gate_consumer/bmm/bf16 O0/cuda_graph/cold: p50=47.632us
T=1 R=64 down_a/indexed/bf16 O0/eager/hot: p50=32.272us
T=1 R=64 down_a/indexed/bf16 O0/eager/cold: p50=10.064us
T=1 R=64 down_a/indexed/bf16 O0/cuda_graph/hot: p50=10.464us
T=1 R=64 down_a/indexed/bf16 O0/cuda_graph/cold: p50=9.344us
T=1 R=64 down_a/aligned/bf16 O0/eager/hot: p50=167.888us
T=1 R=64 down_a/aligned/bf16 O0/eager/cold: p50=113.824us
T=1 R=64 down_a/aligned/bf16 O0/cuda_graph/hot: p50=28.624us
T=1 R=64 down_a/aligned/bf16 O0/cuda_graph/cold: p50=34.048us
T=1 R=64 down_a/segmented/bf16 O0/eager/hot: p50=191.424us
T=1 R=64 down_a/segmented/bf16 O0/eager/cold: p50=138.000us
T=1 R=64 down_a/segmented/bf16 O0/cuda_graph/hot: p50=37.888us
T=1 R=64 down_a/segmented/bf16 O0/cuda_graph/cold: p50=44.352us
T=1 R=64 down_a/bmm/bf16 O0/eager/hot: p50=153.056us
T=1 R=64 down_a/bmm/bf16 O0/eager/cold: p50=99.408us
T=1 R=64 down_a/bmm/bf16 O0/cuda_graph/hot: p50=35.648us
T=1 R=64 down_a/bmm/bf16 O0/cuda_graph/cold: p50=40.928us
T=1 R=64 down_finalize/indexed/bf16 O0/eager/hot: p50=29.200us
T=1 R=64 down_finalize/indexed/bf16 O0/eager/cold: p50=11.472us
T=1 R=64 down_finalize/indexed/bf16 O0/cuda_graph/hot: p50=10.272us
T=1 R=64 down_finalize/indexed/bf16 O0/cuda_graph/cold: p50=11.120us
T=1 R=64 down_finalize/aligned/bf16 O0/eager/hot: p50=192.352us
T=1 R=64 down_finalize/aligned/bf16 O0/eager/cold: p50=139.744us
T=1 R=64 down_finalize/aligned/bf16 O0/cuda_graph/hot: p50=29.888us
T=1 R=64 down_finalize/aligned/bf16 O0/cuda_graph/cold: p50=36.672us
T=1 R=64 down_finalize/segmented/bf16 O0/eager/hot: p50=208.592us
T=1 R=64 down_finalize/segmented/bf16 O0/eager/cold: p50=155.456us
T=1 R=64 down_finalize/segmented/bf16 O0/cuda_graph/hot: p50=38.352us
T=1 R=64 down_finalize/segmented/bf16 O0/cuda_graph/cold: p50=44.208us
T=1 R=64 down_finalize/bmm/bf16 O0/eager/hot: p50=78.784us
T=1 R=64 down_finalize/bmm/bf16 O0/eager/cold: p50=24.880us
T=1 R=64 down_finalize/bmm/bf16 O0/cuda_graph/hot: p50=15.536us
T=1 R=64 down_finalize/bmm/bf16 O0/cuda_graph/cold: p50=18.720us
T=1 R=64 down_finalize/one_shot_bf16/bf16 O0/eager/hot: p50=55.888us
T=1 R=64 down_finalize/one_shot_bf16/bf16 O0/eager/cold: p50=24.032us
T=1 R=64 down_finalize/one_shot_bf16/bf16 O0/cuda_graph/hot: p50=14.560us
T=1 R=64 down_finalize/one_shot_bf16/bf16 O0/cuda_graph/cold: p50=21.552us
T=1 R=64 down_finalize/one_shot_fp32/bf16 O0/eager/hot: p50=54.576us
T=1 R=64 down_finalize/one_shot_fp32/bf16 O0/eager/cold: p50=23.664us
T=1 R=64 down_finalize/one_shot_fp32/bf16 O0/cuda_graph/hot: p50=14.288us
T=1 R=64 down_finalize/one_shot_fp32/bf16 O0/cuda_graph/cold: p50=21.536us
T=32 R=64 gate_a/indexed/bf16 O0/eager/hot: p50=36.704us
T=32 R=64 gate_a/indexed/bf16 O0/eager/cold: p50=23.200us
T=32 R=64 gate_a/indexed/bf16 O0/cuda_graph/hot: p50=22.176us
T=32 R=64 gate_a/indexed/bf16 O0/cuda_graph/cold: p50=22.896us
T=32 R=64 gate_a/aligned/bf16 O0/eager/hot: p50=168.064us
T=32 R=64 gate_a/aligned/bf16 O0/eager/cold: p50=116.080us
T=32 R=64 gate_a/aligned/bf16 O0/cuda_graph/hot: p50=33.904us
T=32 R=64 gate_a/aligned/bf16 O0/cuda_graph/cold: p50=39.664us
T=32 R=64 gate_a/segmented/bf16 O0/eager/hot: p50=192.976us
T=32 R=64 gate_a/segmented/bf16 O0/eager/cold: p50=143.520us
T=32 R=64 gate_a/segmented/bf16 O0/cuda_graph/hot: p50=64.656us
T=32 R=64 gate_a/segmented/bf16 O0/cuda_graph/cold: p50=75.424us
T=32 R=64 gate_a/bmm/bf16 O0/eager/hot: p50=163.168us
T=32 R=64 gate_a/bmm/bf16 O0/eager/cold: p50=109.920us
T=32 R=64 gate_a/bmm/bf16 O0/cuda_graph/hot: p50=66.736us
T=32 R=64 gate_a/bmm/bf16 O0/cuda_graph/cold: p50=73.200us
T=32 R=64 gate_consumer/indexed/bf16 O0/eager/hot: p50=50.016us
T=32 R=64 gate_consumer/indexed/bf16 O0/eager/cold: p50=18.224us
T=32 R=64 gate_consumer/indexed/bf16 O0/cuda_graph/hot: p50=15.904us
T=32 R=64 gate_consumer/indexed/bf16 O0/cuda_graph/cold: p50=17.952us
T=32 R=64 gate_consumer/aligned/bf16 O0/eager/hot: p50=187.584us
T=32 R=64 gate_consumer/aligned/bf16 O0/eager/cold: p50=133.552us
T=32 R=64 gate_consumer/aligned/bf16 O0/cuda_graph/hot: p50=34.096us
T=32 R=64 gate_consumer/aligned/bf16 O0/cuda_graph/cold: p50=39.680us
T=32 R=64 gate_consumer/segmented/bf16 O0/eager/hot: p50=199.696us
T=32 R=64 gate_consumer/segmented/bf16 O0/eager/cold: p50=147.216us
T=32 R=64 gate_consumer/segmented/bf16 O0/cuda_graph/hot: p50=58.960us
T=32 R=64 gate_consumer/segmented/bf16 O0/cuda_graph/cold: p50=64.896us
T=32 R=64 gate_consumer/bmm/bf16 O0/eager/hot: p50=180.576us
T=32 R=64 gate_consumer/bmm/bf16 O0/eager/cold: p50=127.616us
T=32 R=64 gate_consumer/bmm/bf16 O0/cuda_graph/hot: p50=47.872us
T=32 R=64 gate_consumer/bmm/bf16 O0/cuda_graph/cold: p50=55.600us
T=32 R=64 down_a/indexed/bf16 O0/eager/hot: p50=31.264us
T=32 R=64 down_a/indexed/bf16 O0/eager/cold: p50=10.944us
T=32 R=64 down_a/indexed/bf16 O0/cuda_graph/hot: p50=10.496us
T=32 R=64 down_a/indexed/bf16 O0/cuda_graph/cold: p50=10.384us
T=32 R=64 down_a/aligned/bf16 O0/eager/hot: p50=168.272us
T=32 R=64 down_a/aligned/bf16 O0/eager/cold: p50=114.048us
T=32 R=64 down_a/aligned/bf16 O0/cuda_graph/hot: p50=30.016us
T=32 R=64 down_a/aligned/bf16 O0/cuda_graph/cold: p50=34.816us
T=32 R=64 down_a/segmented/bf16 O0/eager/hot: p50=191.024us
T=32 R=64 down_a/segmented/bf16 O0/eager/cold: p50=136.736us
T=32 R=64 down_a/segmented/bf16 O0/cuda_graph/hot: p50=56.768us
T=32 R=64 down_a/segmented/bf16 O0/cuda_graph/cold: p50=63.760us
T=32 R=64 down_a/bmm/bf16 O0/eager/hot: p50=153.600us
T=32 R=64 down_a/bmm/bf16 O0/eager/cold: p50=98.080us
T=32 R=64 down_a/bmm/bf16 O0/cuda_graph/hot: p50=54.528us
T=32 R=64 down_a/bmm/bf16 O0/cuda_graph/cold: p50=59.776us
T=32 R=64 down_finalize/indexed/bf16 O0/eager/hot: p50=34.192us
T=32 R=64 down_finalize/indexed/bf16 O0/eager/cold: p50=18.720us
T=32 R=64 down_finalize/indexed/bf16 O0/cuda_graph/hot: p50=14.816us
T=32 R=64 down_finalize/indexed/bf16 O0/cuda_graph/cold: p50=18.656us
T=32 R=64 down_finalize/aligned/bf16 O0/eager/hot: p50=192.768us
T=32 R=64 down_finalize/aligned/bf16 O0/eager/cold: p50=138.672us
T=32 R=64 down_finalize/aligned/bf16 O0/cuda_graph/hot: p50=33.200us
T=32 R=64 down_finalize/aligned/bf16 O0/cuda_graph/cold: p50=39.056us
T=32 R=64 down_finalize/segmented/bf16 O0/eager/hot: p50=207.408us
T=32 R=64 down_finalize/segmented/bf16 O0/eager/cold: p50=155.104us
T=32 R=64 down_finalize/segmented/bf16 O0/cuda_graph/hot: p50=61.776us
T=32 R=64 down_finalize/segmented/bf16 O0/cuda_graph/cold: p50=67.392us
T=32 R=64 down_finalize/bmm/bf16 O0/eager/hot: p50=78.944us
T=32 R=64 down_finalize/bmm/bf16 O0/eager/cold: p50=28.368us
T=32 R=64 down_finalize/bmm/bf16 O0/cuda_graph/hot: p50=20.144us
T=32 R=64 down_finalize/bmm/bf16 O0/cuda_graph/cold: p50=24.992us
T=32 R=64 down_finalize/one_shot_bf16/bf16 O0/eager/hot: p50=126.016us
T=32 R=64 down_finalize/one_shot_bf16/bf16 O0/eager/cold: p50=130.720us
T=32 R=64 down_finalize/one_shot_bf16/bf16 O0/cuda_graph/hot: p50=125.152us
T=32 R=64 down_finalize/one_shot_bf16/bf16 O0/cuda_graph/cold: p50=128.560us
T=32 R=64 down_finalize/one_shot_fp32/bf16 O0/eager/hot: p50=125.408us
T=32 R=64 down_finalize/one_shot_fp32/bf16 O0/eager/cold: p50=131.056us
T=32 R=64 down_finalize/one_shot_fp32/bf16 O0/cuda_graph/hot: p50=123.792us
T=32 R=64 down_finalize/one_shot_fp32/bf16 O0/cuda_graph/cold: p50=126.832us
T=256 R=64 gate_a/indexed/bf16 O0/eager/hot: p50=121.072us
T=256 R=64 gate_a/indexed/bf16 O0/eager/cold: p50=121.440us
T=256 R=64 gate_a/indexed/bf16 O0/cuda_graph/hot: p50=120.320us
T=256 R=64 gate_a/indexed/bf16 O0/cuda_graph/cold: p50=121.152us
T=256 R=64 gate_a/aligned/bf16 O0/eager/hot: p50=171.600us
T=256 R=64 gate_a/aligned/bf16 O0/eager/cold: p50=119.472us
T=256 R=64 gate_a/aligned/bf16 O0/cuda_graph/hot: p50=43.888us
T=256 R=64 gate_a/aligned/bf16 O0/cuda_graph/cold: p50=49.104us
T=256 R=64 gate_a/segmented/bf16 O0/eager/hot: p50=197.952us
T=256 R=64 gate_a/segmented/bf16 O0/eager/cold: p50=151.344us
T=256 R=64 gate_a/segmented/bf16 O0/cuda_graph/hot: p50=73.072us
T=256 R=64 gate_a/segmented/bf16 O0/cuda_graph/cold: p50=78.976us
T=256 R=64 gate_a/bmm/bf16 O0/eager/hot: p50=166.160us
T=256 R=64 gate_a/bmm/bf16 O0/eager/cold: p50=110.688us
T=256 R=64 gate_a/bmm/bf16 O0/cuda_graph/hot: p50=79.296us
T=256 R=64 gate_a/bmm/bf16 O0/cuda_graph/cold: p50=81.552us
T=256 R=64 gate_consumer/indexed/bf16 O0/eager/hot: p50=67.216us
T=256 R=64 gate_consumer/indexed/bf16 O0/eager/cold: p50=68.352us
T=256 R=64 gate_consumer/indexed/bf16 O0/cuda_graph/hot: p50=66.336us
T=256 R=64 gate_consumer/indexed/bf16 O0/cuda_graph/cold: p50=68.032us
T=256 R=64 gate_consumer/aligned/bf16 O0/eager/hot: p50=188.896us
T=256 R=64 gate_consumer/aligned/bf16 O0/eager/cold: p50=135.552us
T=256 R=64 gate_consumer/aligned/bf16 O0/cuda_graph/hot: p50=38.656us
T=256 R=64 gate_consumer/aligned/bf16 O0/cuda_graph/cold: p50=44.304us
T=256 R=64 gate_consumer/segmented/bf16 O0/eager/hot: p50=203.744us
T=256 R=64 gate_consumer/segmented/bf16 O0/eager/cold: p50=152.272us
T=256 R=64 gate_consumer/segmented/bf16 O0/cuda_graph/hot: p50=69.088us
T=256 R=64 gate_consumer/segmented/bf16 O0/cuda_graph/cold: p50=74.896us
T=256 R=64 gate_consumer/bmm/bf16 O0/eager/hot: p50=179.648us
T=256 R=64 gate_consumer/bmm/bf16 O0/eager/cold: p50=125.360us
T=256 R=64 gate_consumer/bmm/bf16 O0/cuda_graph/hot: p50=70.976us
T=256 R=64 gate_consumer/bmm/bf16 O0/cuda_graph/cold: p50=71.200us
T=256 R=64 down_a/indexed/bf16 O0/eager/hot: p50=35.872us
T=256 R=64 down_a/indexed/bf16 O0/eager/cold: p50=24.816us
T=256 R=64 down_a/indexed/bf16 O0/cuda_graph/hot: p50=23.344us
T=256 R=64 down_a/indexed/bf16 O0/cuda_graph/cold: p50=24.384us
T=256 R=64 down_a/aligned/bf16 O0/eager/hot: p50=169.216us
T=256 R=64 down_a/aligned/bf16 O0/eager/cold: p50=116.624us
T=256 R=64 down_a/aligned/bf16 O0/cuda_graph/hot: p50=33.712us
T=256 R=64 down_a/aligned/bf16 O0/cuda_graph/cold: p50=40.176us
T=256 R=64 down_a/segmented/bf16 O0/eager/hot: p50=194.656us
T=256 R=64 down_a/segmented/bf16 O0/eager/cold: p50=140.016us
T=256 R=64 down_a/segmented/bf16 O0/cuda_graph/hot: p50=59.952us
T=256 R=64 down_a/segmented/bf16 O0/cuda_graph/cold: p50=67.184us
T=256 R=64 down_a/bmm/bf16 O0/eager/hot: p50=156.400us
T=256 R=64 down_a/bmm/bf16 O0/eager/cold: p50=99.456us
T=256 R=64 down_a/bmm/bf16 O0/cuda_graph/hot: p50=60.208us
T=256 R=64 down_a/bmm/bf16 O0/cuda_graph/cold: p50=66.944us
T=256 R=64 down_finalize/indexed/bf16 O0/eager/hot: p50=75.456us
T=256 R=64 down_finalize/indexed/bf16 O0/eager/cold: p50=82.288us
T=256 R=64 down_finalize/indexed/bf16 O0/cuda_graph/hot: p50=75.584us
T=256 R=64 down_finalize/indexed/bf16 O0/cuda_graph/cold: p50=82.144us
T=256 R=64 down_finalize/aligned/bf16 O0/eager/hot: p50=193.488us
T=256 R=64 down_finalize/aligned/bf16 O0/eager/cold: p50=142.528us
T=256 R=64 down_finalize/aligned/bf16 O0/cuda_graph/hot: p50=45.728us
T=256 R=64 down_finalize/aligned/bf16 O0/cuda_graph/cold: p50=55.184us
T=256 R=64 down_finalize/segmented/bf16 O0/eager/hot: p50=216.960us
T=256 R=64 down_finalize/segmented/bf16 O0/eager/cold: p50=163.968us
T=256 R=64 down_finalize/segmented/bf16 O0/cuda_graph/hot: p50=102.192us
T=256 R=64 down_finalize/segmented/bf16 O0/cuda_graph/cold: p50=110.048us
T=256 R=64 down_finalize/bmm/bf16 O0/eager/hot: p50=79.056us
T=256 R=64 down_finalize/bmm/bf16 O0/eager/cold: p50=47.312us
T=256 R=64 down_finalize/bmm/bf16 O0/cuda_graph/hot: p50=41.056us
T=256 R=64 down_finalize/bmm/bf16 O0/cuda_graph/cold: p50=42.608us
T=256 R=64 down_finalize/one_shot_bf16/bf16 O0/eager/hot: p50=923.728us
T=256 R=64 down_finalize/one_shot_bf16/bf16 O0/eager/cold: p50=928.800us
T=256 R=64 down_finalize/one_shot_bf16/bf16 O0/cuda_graph/hot: p50=923.024us
T=256 R=64 down_finalize/one_shot_bf16/bf16 O0/cuda_graph/cold: p50=927.440us
T=256 R=64 down_finalize/one_shot_fp32/bf16 O0/eager/hot: p50=919.600us
T=256 R=64 down_finalize/one_shot_fp32/bf16 O0/eager/cold: p50=925.552us
T=256 R=64 down_finalize/one_shot_fp32/bf16 O0/cuda_graph/hot: p50=918.176us
T=256 R=64 down_finalize/one_shot_fp32/bf16 O0/cuda_graph/cold: p50=922.000us
T=2048 R=64 gate_a/indexed/bf16 O0/eager/hot: p50=910.496us
T=2048 R=64 gate_a/indexed/bf16 O0/eager/cold: p50=911.632us
T=2048 R=64 gate_a/indexed/bf16 O0/cuda_graph/hot: p50=909.120us
T=2048 R=64 gate_a/indexed/bf16 O0/cuda_graph/cold: p50=910.832us
T=2048 R=64 gate_a/aligned/bf16 O0/eager/hot: p50=175.760us
T=2048 R=64 gate_a/aligned/bf16 O0/eager/cold: p50=123.440us
T=2048 R=64 gate_a/aligned/bf16 O0/cuda_graph/hot: p50=98.224us
T=2048 R=64 gate_a/aligned/bf16 O0/cuda_graph/cold: p50=102.832us
T=2048 R=64 gate_a/segmented/bf16 O0/eager/hot: p50=226.864us
T=2048 R=64 gate_a/segmented/bf16 O0/eager/cold: p50=198.096us
T=2048 R=64 gate_a/segmented/bf16 O0/cuda_graph/hot: p50=181.936us
T=2048 R=64 gate_a/segmented/bf16 O0/cuda_graph/cold: p50=187.216us
T=2048 R=64 gate_a/bmm/bf16 O0/eager/hot: p50=198.432us
T=2048 R=64 gate_a/bmm/bf16 O0/eager/cold: p50=193.776us
T=2048 R=64 gate_a/bmm/bf16 O0/cuda_graph/hot: p50=181.216us
T=2048 R=64 gate_a/bmm/bf16 O0/cuda_graph/cold: p50=179.376us
T=2048 R=64 gate_consumer/indexed/bf16 O0/eager/hot: p50=477.424us
T=2048 R=64 gate_consumer/indexed/bf16 O0/eager/cold: p50=478.336us
T=2048 R=64 gate_consumer/indexed/bf16 O0/cuda_graph/hot: p50=477.312us
T=2048 R=64 gate_consumer/indexed/bf16 O0/cuda_graph/cold: p50=478.160us
T=2048 R=64 gate_consumer/aligned/bf16 O0/eager/hot: p50=197.408us
T=2048 R=64 gate_consumer/aligned/bf16 O0/eager/cold: p50=142.400us
T=2048 R=64 gate_consumer/aligned/bf16 O0/cuda_graph/hot: p50=97.104us
T=2048 R=64 gate_consumer/aligned/bf16 O0/cuda_graph/cold: p50=100.528us
T=2048 R=64 gate_consumer/segmented/bf16 O0/eager/hot: p50=242.512us
T=2048 R=64 gate_consumer/segmented/bf16 O0/eager/cold: p50=244.480us
T=2048 R=64 gate_consumer/segmented/bf16 O0/cuda_graph/hot: p50=233.552us
T=2048 R=64 gate_consumer/segmented/bf16 O0/cuda_graph/cold: p50=233.568us
T=2048 R=64 gate_consumer/bmm/bf16 O0/eager/hot: p50=343.088us
T=2048 R=64 gate_consumer/bmm/bf16 O0/eager/cold: p50=345.232us
T=2048 R=64 gate_consumer/bmm/bf16 O0/cuda_graph/hot: p50=316.400us
T=2048 R=64 gate_consumer/bmm/bf16 O0/cuda_graph/cold: p50=316.096us
T=2048 R=64 down_a/indexed/bf16 O0/eager/hot: p50=133.568us
T=2048 R=64 down_a/indexed/bf16 O0/eager/cold: p50=136.320us
T=2048 R=64 down_a/indexed/bf16 O0/cuda_graph/hot: p50=132.384us
T=2048 R=64 down_a/indexed/bf16 O0/cuda_graph/cold: p50=135.680us
T=2048 R=64 down_a/aligned/bf16 O0/eager/hot: p50=172.640us
T=2048 R=64 down_a/aligned/bf16 O0/eager/cold: p50=119.056us
T=2048 R=64 down_a/aligned/bf16 O0/cuda_graph/hot: p50=46.112us
T=2048 R=64 down_a/aligned/bf16 O0/cuda_graph/cold: p50=52.032us
T=2048 R=64 down_a/segmented/bf16 O0/eager/hot: p50=224.272us
T=2048 R=64 down_a/segmented/bf16 O0/eager/cold: p50=172.128us
T=2048 R=64 down_a/segmented/bf16 O0/cuda_graph/hot: p50=129.600us
T=2048 R=64 down_a/segmented/bf16 O0/cuda_graph/cold: p50=136.800us
T=2048 R=64 down_a/bmm/bf16 O0/eager/hot: p50=187.792us
T=2048 R=64 down_a/bmm/bf16 O0/eager/cold: p50=147.104us
T=2048 R=64 down_a/bmm/bf16 O0/cuda_graph/hot: p50=134.240us
T=2048 R=64 down_a/bmm/bf16 O0/cuda_graph/cold: p50=134.368us
T=2048 R=64 down_finalize/indexed/bf16 O0/eager/hot: p50=576.288us
T=2048 R=64 down_finalize/indexed/bf16 O0/eager/cold: p50=579.072us
T=2048 R=64 down_finalize/indexed/bf16 O0/cuda_graph/hot: p50=575.872us
T=2048 R=64 down_finalize/indexed/bf16 O0/cuda_graph/cold: p50=578.656us
T=2048 R=64 down_finalize/aligned/bf16 O0/eager/hot: p50=202.032us
T=2048 R=64 down_finalize/aligned/bf16 O0/eager/cold: p50=183.632us
T=2048 R=64 down_finalize/aligned/bf16 O0/cuda_graph/hot: p50=170.912us
T=2048 R=64 down_finalize/aligned/bf16 O0/cuda_graph/cold: p50=170.768us
T=2048 R=64 down_finalize/segmented/bf16 O0/eager/hot: p50=557.536us
T=2048 R=64 down_finalize/segmented/bf16 O0/eager/cold: p50=557.760us
T=2048 R=64 down_finalize/segmented/bf16 O0/cuda_graph/hot: p50=546.992us
T=2048 R=64 down_finalize/segmented/bf16 O0/cuda_graph/cold: p50=543.632us
T=2048 R=64 down_finalize/bmm/bf16 O0/eager/hot: p50=220.944us
T=2048 R=64 down_finalize/bmm/bf16 O0/eager/cold: p50=223.888us
T=2048 R=64 down_finalize/bmm/bf16 O0/cuda_graph/hot: p50=215.456us
T=2048 R=64 down_finalize/bmm/bf16 O0/cuda_graph/cold: p50=217.152us
T=2048 R=64 down_finalize/one_shot_bf16/bf16 O0/eager/hot: p50=7335.616us
T=2048 R=64 down_finalize/one_shot_bf16/bf16 O0/eager/cold: p50=7369.728us
T=2048 R=64 down_finalize/one_shot_bf16/bf16 O0/cuda_graph/hot: p50=7368.224us
T=2048 R=64 down_finalize/one_shot_bf16/bf16 O0/cuda_graph/cold: p50=7387.200us
T=2048 R=64 down_finalize/one_shot_fp32/bf16 O0/eager/hot: p50=8883.312us
T=2048 R=64 down_finalize/one_shot_fp32/bf16 O0/eager/cold: p50=7459.424us
T=2048 R=64 down_finalize/one_shot_fp32/bf16 O0/cuda_graph/hot: p50=7381.920us
T=2048 R=64 down_finalize/one_shot_fp32/bf16 O0/cuda_graph/cold: p50=7350.304us
