T=1 R=64 gate_a/bmm/bf16 K0/cuda_graph/cold: p50=25.104us
T=1 R=64 gate_a/bmm/bf16 K0/cuda_graph/hot: p50=22.304us
T=1 R=64 gate_a/bmm/bf16 K0/eager/cold: p50=29.232us
T=1 R=64 gate_a/bmm/bf16 K0/eager/hot: p50=62.848us
T=1 R=64 gate_a/segmented/bf16 K0/cuda_graph/cold: p50=20.176us
T=1 R=64 gate_a/segmented/bf16 K0/cuda_graph/hot: p50=14.224us
T=1 R=64 gate_a/segmented/bf16 K0/eager/cold: p50=21.312us
T=1 R=64 gate_a/segmented/bf16 K0/eager/hot: p50=37.312us
T=1 R=64 gate_a/aligned/bf16 K0/cuda_graph/cold: p50=11.520us
T=1 R=64 gate_a/aligned/bf16 K0/cuda_graph/hot: p50=10.528us
T=1 R=64 gate_a/aligned/bf16 K0/eager/cold: p50=12.160us
T=1 R=64 gate_a/aligned/bf16 K0/eager/hot: p50=37.696us
T=1 R=64 gate_a/indexed/bf16 K0/cuda_graph/cold: p50=18.272us
T=1 R=64 gate_a/indexed/bf16 K0/cuda_graph/hot: p50=12.912us
T=1 R=64 gate_a/indexed/bf16 K0/eager/cold: p50=18.848us
T=1 R=64 gate_a/indexed/bf16 K0/eager/hot: p50=33.488us
T=1 R=64 gate_consumer/bmm/bf16 K0/cuda_graph/cold: p50=47.328us
T=1 R=64 gate_consumer/bmm/bf16 K0/cuda_graph/hot: p50=42.080us
T=1 R=64 gate_consumer/bmm/bf16 K0/eager/cold: p50=145.904us
T=1 R=64 gate_consumer/bmm/bf16 K0/eager/hot: p50=195.248us
T=1 R=64 gate_consumer/segmented/bf16 K0/cuda_graph/cold: p50=10.960us
T=1 R=64 gate_consumer/segmented/bf16 K0/cuda_graph/hot: p50=10.688us
T=1 R=64 gate_consumer/segmented/bf16 K0/eager/cold: p50=11.328us
T=1 R=64 gate_consumer/segmented/bf16 K0/eager/hot: p50=42.816us
T=1 R=64 gate_consumer/aligned/bf16 K0/cuda_graph/cold: p50=11.040us
T=1 R=64 gate_consumer/aligned/bf16 K0/cuda_graph/hot: p50=10.416us
T=1 R=64 gate_consumer/aligned/bf16 K0/eager/cold: p50=12.432us
T=1 R=64 gate_consumer/aligned/bf16 K0/eager/hot: p50=56.896us
T=1 R=64 gate_consumer/indexed/bf16 K0/cuda_graph/cold: p50=13.904us
T=1 R=64 gate_consumer/indexed/bf16 K0/cuda_graph/hot: p50=13.072us
T=1 R=64 gate_consumer/indexed/bf16 K0/eager/cold: p50=14.672us
T=1 R=64 gate_consumer/indexed/bf16 K0/eager/hot: p50=50.496us
T=1 R=64 down_a/bmm/bf16 K0/cuda_graph/cold: p50=16.080us
T=1 R=64 down_a/bmm/bf16 K0/cuda_graph/hot: p50=14.128us
T=1 R=64 down_a/bmm/bf16 K0/eager/cold: p50=18.400us
T=1 R=64 down_a/bmm/bf16 K0/eager/hot: p50=51.344us
T=1 R=64 down_a/segmented/bf16 K0/cuda_graph/cold: p50=11.264us
T=1 R=64 down_a/segmented/bf16 K0/cuda_graph/hot: p50=10.560us
T=1 R=64 down_a/segmented/bf16 K0/eager/cold: p50=11.360us
T=1 R=64 down_a/segmented/bf16 K0/eager/hot: p50=36.000us
T=1 R=64 down_a/aligned/bf16 K0/cuda_graph/cold: p50=9.168us
T=1 R=64 down_a/aligned/bf16 K0/cuda_graph/hot: p50=10.416us
T=1 R=64 down_a/aligned/bf16 K0/eager/cold: p50=9.152us
T=1 R=64 down_a/aligned/bf16 K0/eager/hot: p50=37.872us
T=1 R=64 down_a/indexed/bf16 K0/cuda_graph/cold: p50=9.888us
T=1 R=64 down_a/indexed/bf16 K0/cuda_graph/hot: p50=10.496us
T=1 R=64 down_a/indexed/bf16 K0/eager/cold: p50=10.160us
T=1 R=64 down_a/indexed/bf16 K0/eager/hot: p50=33.968us
T=1 R=64 down_finalize/bmm/bf16 K0/cuda_graph/cold: p50=18.496us
T=1 R=64 down_finalize/bmm/bf16 K0/cuda_graph/hot: p50=15.296us
T=1 R=64 down_finalize/bmm/bf16 K0/eager/cold: p50=35.376us
T=1 R=64 down_finalize/bmm/bf16 K0/eager/hot: p50=85.888us
T=1 R=64 down_finalize/segmented/bf16 K0/cuda_graph/cold: p50=11.280us
T=1 R=64 down_finalize/segmented/bf16 K0/cuda_graph/hot: p50=10.992us
T=1 R=64 down_finalize/segmented/bf16 K0/eager/cold: p50=11.616us
T=1 R=64 down_finalize/segmented/bf16 K0/eager/hot: p50=56.144us
T=1 R=64 down_finalize/aligned/bf16 K0/cuda_graph/cold: p50=11.680us
T=1 R=64 down_finalize/aligned/bf16 K0/cuda_graph/hot: p50=10.736us
T=1 R=64 down_finalize/aligned/bf16 K0/eager/cold: p50=12.656us
T=1 R=64 down_finalize/aligned/bf16 K0/eager/hot: p50=61.136us
T=1 R=64 down_finalize/indexed/bf16 K0/cuda_graph/cold: p50=11.248us
T=1 R=64 down_finalize/indexed/bf16 K0/cuda_graph/hot: p50=10.464us
T=1 R=64 down_finalize/indexed/bf16 K0/eager/cold: p50=11.232us
T=1 R=64 down_finalize/indexed/bf16 K0/eager/hot: p50=30.016us
T=1 R=64 down_finalize/one_shot_bf16/bf16 K0/cuda_graph/cold: p50=22.016us
T=1 R=64 down_finalize/one_shot_bf16/bf16 K0/cuda_graph/hot: p50=14.688us
T=1 R=64 down_finalize/one_shot_bf16/bf16 K0/eager/cold: p50=22.496us
T=1 R=64 down_finalize/one_shot_bf16/bf16 K0/eager/hot: p50=57.856us
T=1 R=64 down_finalize/one_shot_fp32/bf16 K0/cuda_graph/cold: p50=21.824us
T=1 R=64 down_finalize/one_shot_fp32/bf16 K0/cuda_graph/hot: p50=14.688us
T=1 R=64 down_finalize/one_shot_fp32/bf16 K0/eager/cold: p50=22.528us
T=1 R=64 down_finalize/one_shot_fp32/bf16 K0/eager/hot: p50=57.440us
T=32 R=64 gate_a/bmm/bf16 K0/cuda_graph/cold: p50=30.336us
T=32 R=64 gate_a/bmm/bf16 K0/cuda_graph/hot: p50=24.000us
T=32 R=64 gate_a/bmm/bf16 K0/eager/cold: p50=34.608us
T=32 R=64 gate_a/bmm/bf16 K0/eager/hot: p50=61.664us
T=32 R=64 gate_a/segmented/bf16 K0/cuda_graph/cold: p50=23.504us
T=32 R=64 gate_a/segmented/bf16 K0/cuda_graph/hot: p50=16.608us
T=32 R=64 gate_a/segmented/bf16 K0/eager/cold: p50=24.080us
T=32 R=64 gate_a/segmented/bf16 K0/eager/hot: p50=39.232us
T=32 R=64 gate_a/aligned/bf16 K0/cuda_graph/cold: p50=14.736us
T=32 R=64 gate_a/aligned/bf16 K0/cuda_graph/hot: p50=12.064us
T=32 R=64 gate_a/aligned/bf16 K0/eager/cold: p50=15.024us
T=32 R=64 gate_a/aligned/bf16 K0/eager/hot: p50=38.448us
T=32 R=64 gate_a/indexed/bf16 K0/cuda_graph/cold: p50=22.912us
T=32 R=64 gate_a/indexed/bf16 K0/cuda_graph/hot: p50=22.528us
T=32 R=64 gate_a/indexed/bf16 K0/eager/cold: p50=23.664us
T=32 R=64 gate_a/indexed/bf16 K0/eager/hot: p50=37.536us
T=32 R=64 gate_consumer/bmm/bf16 K0/cuda_graph/cold: p50=55.504us
T=32 R=64 gate_consumer/bmm/bf16 K0/cuda_graph/hot: p50=47.808us
T=32 R=64 gate_consumer/bmm/bf16 K0/eager/cold: p50=147.056us
T=32 R=64 gate_consumer/bmm/bf16 K0/eager/hot: p50=194.560us
T=32 R=64 gate_consumer/segmented/bf16 K0/cuda_graph/cold: p50=13.488us
T=32 R=64 gate_consumer/segmented/bf16 K0/cuda_graph/hot: p50=12.000us
T=32 R=64 gate_consumer/segmented/bf16 K0/eager/cold: p50=13.808us
T=32 R=64 gate_consumer/segmented/bf16 K0/eager/hot: p50=42.960us
T=32 R=64 gate_consumer/aligned/bf16 K0/cuda_graph/cold: p50=14.640us
T=32 R=64 gate_consumer/aligned/bf16 K0/cuda_graph/hot: p50=13.392us
T=32 R=64 gate_consumer/aligned/bf16 K0/eager/cold: p50=15.520us
T=32 R=64 gate_consumer/aligned/bf16 K0/eager/hot: p50=56.816us
T=32 R=64 gate_consumer/indexed/bf16 K0/cuda_graph/cold: p50=17.760us
T=32 R=64 gate_consumer/indexed/bf16 K0/cuda_graph/hot: p50=15.840us
T=32 R=64 gate_consumer/indexed/bf16 K0/eager/cold: p50=18.128us
T=32 R=64 gate_consumer/indexed/bf16 K0/eager/hot: p50=52.240us
T=32 R=64 down_a/bmm/bf16 K0/cuda_graph/cold: p50=17.184us
T=32 R=64 down_a/bmm/bf16 K0/cuda_graph/hot: p50=14.368us
T=32 R=64 down_a/bmm/bf16 K0/eager/cold: p50=20.960us
T=32 R=64 down_a/bmm/bf16 K0/eager/hot: p50=51.760us
T=32 R=64 down_a/segmented/bf16 K0/cuda_graph/cold: p50=11.648us
T=32 R=64 down_a/segmented/bf16 K0/cuda_graph/hot: p50=10.624us
T=32 R=64 down_a/segmented/bf16 K0/eager/cold: p50=12.064us
T=32 R=64 down_a/segmented/bf16 K0/eager/hot: p50=35.520us
T=32 R=64 down_a/aligned/bf16 K0/cuda_graph/cold: p50=9.744us
T=32 R=64 down_a/aligned/bf16 K0/cuda_graph/hot: p50=10.480us
T=32 R=64 down_a/aligned/bf16 K0/eager/cold: p50=10.032us
T=32 R=64 down_a/aligned/bf16 K0/eager/hot: p50=38.624us
T=32 R=64 down_a/indexed/bf16 K0/cuda_graph/cold: p50=10.720us
T=32 R=64 down_a/indexed/bf16 K0/cuda_graph/hot: p50=10.912us
T=32 R=64 down_a/indexed/bf16 K0/eager/cold: p50=11.328us
T=32 R=64 down_a/indexed/bf16 K0/eager/hot: p50=33.872us
T=32 R=64 down_finalize/bmm/bf16 K0/cuda_graph/cold: p50=25.088us
T=32 R=64 down_finalize/bmm/bf16 K0/cuda_graph/hot: p50=19.760us
T=32 R=64 down_finalize/bmm/bf16 K0/eager/cold: p50=36.352us
T=32 R=64 down_finalize/bmm/bf16 K0/eager/hot: p50=86.368us
T=32 R=64 down_finalize/segmented/bf16 K0/cuda_graph/cold: p50=15.376us
T=32 R=64 down_finalize/segmented/bf16 K0/cuda_graph/hot: p50=14.192us
T=32 R=64 down_finalize/segmented/bf16 K0/eager/cold: p50=17.632us
T=32 R=64 down_finalize/segmented/bf16 K0/eager/hot: p50=55.888us
T=32 R=64 down_finalize/aligned/bf16 K0/cuda_graph/cold: p50=14.160us
T=32 R=64 down_finalize/aligned/bf16 K0/cuda_graph/hot: p50=12.960us
T=32 R=64 down_finalize/aligned/bf16 K0/eager/cold: p50=15.648us
T=32 R=64 down_finalize/aligned/bf16 K0/eager/hot: p50=60.208us
T=32 R=64 down_finalize/indexed/bf16 K0/cuda_graph/cold: p50=18.944us
T=32 R=64 down_finalize/indexed/bf16 K0/cuda_graph/hot: p50=14.976us
T=32 R=64 down_finalize/indexed/bf16 K0/eager/cold: p50=19.008us
T=32 R=64 down_finalize/indexed/bf16 K0/eager/hot: p50=34.880us
T=32 R=64 down_finalize/one_shot_bf16/bf16 K0/cuda_graph/cold: p50=128.688us
T=32 R=64 down_finalize/one_shot_bf16/bf16 K0/cuda_graph/hot: p50=125.264us
T=32 R=64 down_finalize/one_shot_bf16/bf16 K0/eager/cold: p50=131.952us
T=32 R=64 down_finalize/one_shot_bf16/bf16 K0/eager/hot: p50=126.304us
T=32 R=64 down_finalize/one_shot_fp32/bf16 K0/cuda_graph/cold: p50=127.920us
T=32 R=64 down_finalize/one_shot_fp32/bf16 K0/cuda_graph/hot: p50=124.400us
T=32 R=64 down_finalize/one_shot_fp32/bf16 K0/eager/cold: p50=129.024us
T=32 R=64 down_finalize/one_shot_fp32/bf16 K0/eager/hot: p50=125.696us
T=256 R=64 gate_a/bmm/bf16 K0/cuda_graph/cold: p50=34.144us
T=256 R=64 gate_a/bmm/bf16 K0/cuda_graph/hot: p50=31.600us
T=256 R=64 gate_a/bmm/bf16 K0/eager/cold: p50=39.136us
T=256 R=64 gate_a/bmm/bf16 K0/eager/hot: p50=61.520us
T=256 R=64 gate_a/segmented/bf16 K0/cuda_graph/cold: p50=24.464us
T=256 R=64 gate_a/segmented/bf16 K0/cuda_graph/hot: p50=22.912us
T=256 R=64 gate_a/segmented/bf16 K0/eager/cold: p50=25.184us
T=256 R=64 gate_a/segmented/bf16 K0/eager/hot: p50=40.480us
T=256 R=64 gate_a/aligned/bf16 K0/cuda_graph/cold: p50=20.192us
T=256 R=64 gate_a/aligned/bf16 K0/cuda_graph/hot: p50=19.264us
T=256 R=64 gate_a/aligned/bf16 K0/eager/cold: p50=20.768us
T=256 R=64 gate_a/aligned/bf16 K0/eager/hot: p50=43.760us
T=256 R=64 gate_a/indexed/bf16 K0/cuda_graph/cold: p50=121.504us
T=256 R=64 gate_a/indexed/bf16 K0/cuda_graph/hot: p50=121.776us
T=256 R=64 gate_a/indexed/bf16 K0/eager/cold: p50=122.624us
T=256 R=64 gate_a/indexed/bf16 K0/eager/hot: p50=122.208us
T=256 R=64 gate_consumer/bmm/bf16 K0/cuda_graph/cold: p50=71.888us
T=256 R=64 gate_consumer/bmm/bf16 K0/cuda_graph/hot: p50=70.192us
T=256 R=64 gate_consumer/bmm/bf16 K0/eager/cold: p50=146.944us
T=256 R=64 gate_consumer/bmm/bf16 K0/eager/hot: p50=194.400us
T=256 R=64 gate_consumer/segmented/bf16 K0/cuda_graph/cold: p50=20.304us
T=256 R=64 gate_consumer/segmented/bf16 K0/cuda_graph/hot: p50=18.720us
T=256 R=64 gate_consumer/segmented/bf16 K0/eager/cold: p50=20.816us
T=256 R=64 gate_consumer/segmented/bf16 K0/eager/hot: p50=47.920us
T=256 R=64 gate_consumer/aligned/bf16 K0/cuda_graph/cold: p50=16.208us
T=256 R=64 gate_consumer/aligned/bf16 K0/cuda_graph/hot: p50=14.128us
T=256 R=64 gate_consumer/aligned/bf16 K0/eager/cold: p50=17.648us
T=256 R=64 gate_consumer/aligned/bf16 K0/eager/hot: p50=57.184us
T=256 R=64 gate_consumer/indexed/bf16 K0/cuda_graph/cold: p50=68.800us
T=256 R=64 gate_consumer/indexed/bf16 K0/cuda_graph/hot: p50=67.072us
T=256 R=64 gate_consumer/indexed/bf16 K0/eager/cold: p50=68.656us
T=256 R=64 gate_consumer/indexed/bf16 K0/eager/hot: p50=67.232us
T=256 R=64 down_a/bmm/bf16 K0/cuda_graph/cold: p50=19.056us
T=256 R=64 down_a/bmm/bf16 K0/cuda_graph/hot: p50=16.256us
T=256 R=64 down_a/bmm/bf16 K0/eager/cold: p50=22.480us
T=256 R=64 down_a/bmm/bf16 K0/eager/hot: p50=51.968us
T=256 R=64 down_a/segmented/bf16 K0/cuda_graph/cold: p50=12.112us
T=256 R=64 down_a/segmented/bf16 K0/cuda_graph/hot: p50=11.104us
T=256 R=64 down_a/segmented/bf16 K0/eager/cold: p50=12.704us
T=256 R=64 down_a/segmented/bf16 K0/eager/hot: p50=35.584us
T=256 R=64 down_a/aligned/bf16 K0/cuda_graph/cold: p50=10.896us
T=256 R=64 down_a/aligned/bf16 K0/cuda_graph/hot: p50=11.088us
T=256 R=64 down_a/aligned/bf16 K0/eager/cold: p50=11.376us
T=256 R=64 down_a/aligned/bf16 K0/eager/hot: p50=38.768us
T=256 R=64 down_a/indexed/bf16 K0/cuda_graph/cold: p50=24.368us
T=256 R=64 down_a/indexed/bf16 K0/cuda_graph/hot: p50=23.360us
T=256 R=64 down_a/indexed/bf16 K0/eager/cold: p50=24.848us
T=256 R=64 down_a/indexed/bf16 K0/eager/hot: p50=38.688us
T=256 R=64 down_finalize/bmm/bf16 K0/cuda_graph/cold: p50=43.088us
T=256 R=64 down_finalize/bmm/bf16 K0/cuda_graph/hot: p50=41.648us
T=256 R=64 down_finalize/bmm/bf16 K0/eager/cold: p50=47.456us
T=256 R=64 down_finalize/bmm/bf16 K0/eager/hot: p50=85.888us
T=256 R=64 down_finalize/segmented/bf16 K0/cuda_graph/cold: p50=55.680us
T=256 R=64 down_finalize/segmented/bf16 K0/cuda_graph/hot: p50=52.384us
T=256 R=64 down_finalize/segmented/bf16 K0/eager/cold: p50=59.104us
T=256 R=64 down_finalize/segmented/bf16 K0/eager/hot: p50=62.016us
T=256 R=64 down_finalize/aligned/bf16 K0/cuda_graph/cold: p50=26.672us
T=256 R=64 down_finalize/aligned/bf16 K0/cuda_graph/hot: p50=20.912us
T=256 R=64 down_finalize/aligned/bf16 K0/eager/cold: p50=28.720us
T=256 R=64 down_finalize/aligned/bf16 K0/eager/hot: p50=59.664us
T=256 R=64 down_finalize/indexed/bf16 K0/cuda_graph/cold: p50=82.176us
T=256 R=64 down_finalize/indexed/bf16 K0/cuda_graph/hot: p50=75.888us
T=256 R=64 down_finalize/indexed/bf16 K0/eager/cold: p50=82.192us
T=256 R=64 down_finalize/indexed/bf16 K0/eager/hot: p50=75.856us
T=256 R=64 down_finalize/one_shot_bf16/bf16 K0/cuda_graph/cold: p50=928.128us
T=256 R=64 down_finalize/one_shot_bf16/bf16 K0/cuda_graph/hot: p50=929.728us
T=256 R=64 down_finalize/one_shot_bf16/bf16 K0/eager/cold: p50=930.128us
T=256 R=64 down_finalize/one_shot_bf16/bf16 K0/eager/hot: p50=923.904us
T=256 R=64 down_finalize/one_shot_fp32/bf16 K0/cuda_graph/cold: p50=921.840us
T=256 R=64 down_finalize/one_shot_fp32/bf16 K0/cuda_graph/hot: p50=917.984us
T=256 R=64 down_finalize/one_shot_fp32/bf16 K0/eager/cold: p50=923.136us
T=256 R=64 down_finalize/one_shot_fp32/bf16 K0/eager/hot: p50=919.184us
T=2048 R=64 gate_a/bmm/bf16 K0/cuda_graph/cold: p50=76.960us
T=2048 R=64 gate_a/bmm/bf16 K0/cuda_graph/hot: p50=77.040us
T=2048 R=64 gate_a/bmm/bf16 K0/eager/cold: p50=82.784us
T=2048 R=64 gate_a/bmm/bf16 K0/eager/hot: p50=81.520us
T=2048 R=64 gate_a/segmented/bf16 K0/cuda_graph/cold: p50=73.008us
T=2048 R=64 gate_a/segmented/bf16 K0/cuda_graph/hot: p50=70.576us
T=2048 R=64 gate_a/segmented/bf16 K0/eager/cold: p50=73.840us
T=2048 R=64 gate_a/segmented/bf16 K0/eager/hot: p50=70.944us
T=2048 R=64 gate_a/aligned/bf16 K0/cuda_graph/cold: p50=68.496us
T=2048 R=64 gate_a/aligned/bf16 K0/cuda_graph/hot: p50=67.312us
T=2048 R=64 gate_a/aligned/bf16 K0/eager/cold: p50=69.376us
T=2048 R=64 gate_a/aligned/bf16 K0/eager/hot: p50=67.984us
T=2048 R=64 gate_a/indexed/bf16 K0/cuda_graph/cold: p50=912.816us
T=2048 R=64 gate_a/indexed/bf16 K0/cuda_graph/hot: p50=911.456us
T=2048 R=64 gate_a/indexed/bf16 K0/eager/cold: p50=913.872us
T=2048 R=64 gate_a/indexed/bf16 K0/eager/hot: p50=911.408us
T=2048 R=64 gate_consumer/bmm/bf16 K0/cuda_graph/cold: p50=316.992us
T=2048 R=64 gate_consumer/bmm/bf16 K0/cuda_graph/hot: p50=316.544us
T=2048 R=64 gate_consumer/bmm/bf16 K0/eager/cold: p50=345.168us
T=2048 R=64 gate_consumer/bmm/bf16 K0/eager/hot: p50=344.672us
T=2048 R=64 gate_consumer/segmented/bf16 K0/cuda_graph/cold: p50=118.752us
T=2048 R=64 gate_consumer/segmented/bf16 K0/cuda_graph/hot: p50=117.104us
T=2048 R=64 gate_consumer/segmented/bf16 K0/eager/cold: p50=119.424us
T=2048 R=64 gate_consumer/segmented/bf16 K0/eager/hot: p50=117.056us
T=2048 R=64 gate_consumer/aligned/bf16 K0/cuda_graph/cold: p50=66.768us
T=2048 R=64 gate_consumer/aligned/bf16 K0/cuda_graph/hot: p50=64.096us
T=2048 R=64 gate_consumer/aligned/bf16 K0/eager/cold: p50=67.728us
T=2048 R=64 gate_consumer/aligned/bf16 K0/eager/hot: p50=64.560us
T=2048 R=64 gate_consumer/indexed/bf16 K0/cuda_graph/cold: p50=478.416us
T=2048 R=64 gate_consumer/indexed/bf16 K0/cuda_graph/hot: p50=476.864us
T=2048 R=64 gate_consumer/indexed/bf16 K0/eager/cold: p50=478.928us
T=2048 R=64 gate_consumer/indexed/bf16 K0/eager/hot: p50=476.784us
T=2048 R=64 down_a/bmm/bf16 K0/cuda_graph/cold: p50=31.616us
T=2048 R=64 down_a/bmm/bf16 K0/cuda_graph/hot: p50=30.144us
T=2048 R=64 down_a/bmm/bf16 K0/eager/cold: p50=35.184us
T=2048 R=64 down_a/bmm/bf16 K0/eager/hot: p50=51.264us
T=2048 R=64 down_a/segmented/bf16 K0/cuda_graph/cold: p50=20.928us
T=2048 R=64 down_a/segmented/bf16 K0/cuda_graph/hot: p50=20.480us
T=2048 R=64 down_a/segmented/bf16 K0/eager/cold: p50=21.744us
T=2048 R=64 down_a/segmented/bf16 K0/eager/hot: p50=40.048us
T=2048 R=64 down_a/aligned/bf16 K0/cuda_graph/cold: p50=18.384us
T=2048 R=64 down_a/aligned/bf16 K0/cuda_graph/hot: p50=16.848us
T=2048 R=64 down_a/aligned/bf16 K0/eager/cold: p50=18.976us
T=2048 R=64 down_a/aligned/bf16 K0/eager/hot: p50=41.712us
T=2048 R=64 down_a/indexed/bf16 K0/cuda_graph/cold: p50=136.320us
T=2048 R=64 down_a/indexed/bf16 K0/cuda_graph/hot: p50=132.976us
T=2048 R=64 down_a/indexed/bf16 K0/eager/cold: p50=137.648us
T=2048 R=64 down_a/indexed/bf16 K0/eager/hot: p50=133.168us
T=2048 R=64 down_finalize/bmm/bf16 K0/cuda_graph/cold: p50=218.896us
T=2048 R=64 down_finalize/bmm/bf16 K0/cuda_graph/hot: p50=217.264us
T=2048 R=64 down_finalize/bmm/bf16 K0/eager/cold: p50=223.808us
T=2048 R=64 down_finalize/bmm/bf16 K0/eager/hot: p50=221.600us
T=2048 R=64 down_finalize/segmented/bf16 K0/cuda_graph/cold: p50=427.936us
T=2048 R=64 down_finalize/segmented/bf16 K0/cuda_graph/hot: p50=429.184us
T=2048 R=64 down_finalize/segmented/bf16 K0/eager/cold: p50=430.336us
T=2048 R=64 down_finalize/segmented/bf16 K0/eager/hot: p50=430.880us
T=2048 R=64 down_finalize/aligned/bf16 K0/cuda_graph/cold: p50=137.152us
T=2048 R=64 down_finalize/aligned/bf16 K0/cuda_graph/hot: p50=136.944us
T=2048 R=64 down_finalize/aligned/bf16 K0/eager/cold: p50=140.880us
T=2048 R=64 down_finalize/aligned/bf16 K0/eager/hot: p50=140.032us
T=2048 R=64 down_finalize/indexed/bf16 K0/cuda_graph/cold: p50=578.816us
T=2048 R=64 down_finalize/indexed/bf16 K0/cuda_graph/hot: p50=576.080us
T=2048 R=64 down_finalize/indexed/bf16 K0/eager/cold: p50=579.568us
T=2048 R=64 down_finalize/indexed/bf16 K0/eager/hot: p50=576.112us
T=2048 R=64 down_finalize/one_shot_bf16/bf16 K0/cuda_graph/cold: p50=7344.320us
T=2048 R=64 down_finalize/one_shot_bf16/bf16 K0/cuda_graph/hot: p50=7349.296us
T=2048 R=64 down_finalize/one_shot_bf16/bf16 K0/eager/cold: p50=7373.808us
T=2048 R=64 down_finalize/one_shot_bf16/bf16 K0/eager/hot: p50=7404.048us
T=2048 R=64 down_finalize/one_shot_fp32/bf16 K0/cuda_graph/cold: p50=8125.680us
T=2048 R=64 down_finalize/one_shot_fp32/bf16 K0/cuda_graph/hot: p50=7434.912us
T=2048 R=64 down_finalize/one_shot_fp32/bf16 K0/eager/cold: p50=7361.312us
T=2048 R=64 down_finalize/one_shot_fp32/bf16 K0/eager/hot: p50=7338.320us
T=1 R=64 gate_a/bmm/bf16 O0/cuda_graph/cold: p50=43.504us
T=1 R=64 gate_a/bmm/bf16 O0/cuda_graph/hot: p50=40.928us
T=1 R=64 gate_a/bmm/bf16 O0/eager/cold: p50=122.544us
T=1 R=64 gate_a/bmm/bf16 O0/eager/hot: p50=171.600us
T=1 R=64 gate_a/segmented/bf16 O0/cuda_graph/cold: p50=46.592us
T=1 R=64 gate_a/segmented/bf16 O0/cuda_graph/hot: p50=43.328us
T=1 R=64 gate_a/segmented/bf16 O0/eager/cold: p50=155.584us
T=1 R=64 gate_a/segmented/bf16 O0/eager/hot: p50=197.568us
T=1 R=64 gate_a/aligned/bf16 O0/cuda_graph/cold: p50=37.488us
T=1 R=64 gate_a/aligned/bf16 O0/cuda_graph/hot: p50=29.680us
T=1 R=64 gate_a/aligned/bf16 O0/eager/cold: p50=123.728us
T=1 R=64 gate_a/aligned/bf16 O0/eager/hot: p50=173.936us
T=1 R=64 gate_a/indexed/bf16 O0/cuda_graph/cold: p50=17.968us
T=1 R=64 gate_a/indexed/bf16 O0/cuda_graph/hot: p50=13.216us
T=1 R=64 gate_a/indexed/bf16 O0/eager/cold: p50=18.720us
T=1 R=64 gate_a/indexed/bf16 O0/eager/hot: p50=32.864us
T=1 R=64 gate_consumer/bmm/bf16 O0/cuda_graph/cold: p50=40.688us
T=1 R=64 gate_consumer/bmm/bf16 O0/cuda_graph/hot: p50=38.560us
T=1 R=64 gate_consumer/bmm/bf16 O0/eager/cold: p50=135.344us
T=1 R=64 gate_consumer/bmm/bf16 O0/eager/hot: p50=183.904us
T=1 R=64 gate_consumer/segmented/bf16 O0/cuda_graph/cold: p50=37.008us
T=1 R=64 gate_consumer/segmented/bf16 O0/cuda_graph/hot: p50=37.760us
T=1 R=64 gate_consumer/segmented/bf16 O0/eager/cold: p50=153.648us
T=1 R=64 gate_consumer/segmented/bf16 O0/eager/hot: p50=204.704us
T=1 R=64 gate_consumer/aligned/bf16 O0/cuda_graph/cold: p50=36.352us
T=1 R=64 gate_consumer/aligned/bf16 O0/cuda_graph/hot: p50=29.744us
T=1 R=64 gate_consumer/aligned/bf16 O0/eager/cold: p50=147.296us
T=1 R=64 gate_consumer/aligned/bf16 O0/eager/hot: p50=192.928us
T=1 R=64 gate_consumer/indexed/bf16 O0/cuda_graph/cold: p50=14.416us
T=1 R=64 gate_consumer/indexed/bf16 O0/cuda_graph/hot: p50=13.712us
T=1 R=64 gate_consumer/indexed/bf16 O0/eager/cold: p50=14.656us
T=1 R=64 gate_consumer/indexed/bf16 O0/eager/hot: p50=48.736us
T=1 R=64 down_a/bmm/bf16 O0/cuda_graph/cold: p50=40.704us
T=1 R=64 down_a/bmm/bf16 O0/cuda_graph/hot: p50=35.552us
T=1 R=64 down_a/bmm/bf16 O0/eager/cold: p50=110.656us
T=1 R=64 down_a/bmm/bf16 O0/eager/hot: p50=166.000us
T=1 R=64 down_a/segmented/bf16 O0/cuda_graph/cold: p50=44.224us
T=1 R=64 down_a/segmented/bf16 O0/cuda_graph/hot: p50=38.304us
T=1 R=64 down_a/segmented/bf16 O0/eager/cold: p50=145.328us
T=1 R=64 down_a/segmented/bf16 O0/eager/hot: p50=198.112us
T=1 R=64 down_a/aligned/bf16 O0/cuda_graph/cold: p50=34.208us
T=1 R=64 down_a/aligned/bf16 O0/cuda_graph/hot: p50=28.896us
T=1 R=64 down_a/aligned/bf16 O0/eager/cold: p50=122.416us
T=1 R=64 down_a/aligned/bf16 O0/eager/hot: p50=174.864us
T=1 R=64 down_a/indexed/bf16 O0/cuda_graph/cold: p50=10.064us
T=1 R=64 down_a/indexed/bf16 O0/cuda_graph/hot: p50=10.912us
T=1 R=64 down_a/indexed/bf16 O0/eager/cold: p50=10.160us
T=1 R=64 down_a/indexed/bf16 O0/eager/hot: p50=32.384us
T=1 R=64 down_finalize/bmm/bf16 O0/cuda_graph/cold: p50=18.752us
T=1 R=64 down_finalize/bmm/bf16 O0/cuda_graph/hot: p50=15.328us
T=1 R=64 down_finalize/bmm/bf16 O0/eager/cold: p50=30.224us
T=1 R=64 down_finalize/bmm/bf16 O0/eager/hot: p50=80.272us
T=1 R=64 down_finalize/segmented/bf16 O0/cuda_graph/cold: p50=44.528us
T=1 R=64 down_finalize/segmented/bf16 O0/cuda_graph/hot: p50=38.304us
T=1 R=64 down_finalize/segmented/bf16 O0/eager/cold: p50=170.848us
T=1 R=64 down_finalize/segmented/bf16 O0/eager/hot: p50=218.400us
T=1 R=64 down_finalize/aligned/bf16 O0/cuda_graph/cold: p50=36.368us
T=1 R=64 down_finalize/aligned/bf16 O0/cuda_graph/hot: p50=30.016us
T=1 R=64 down_finalize/aligned/bf16 O0/eager/cold: p50=150.000us
T=1 R=64 down_finalize/aligned/bf16 O0/eager/hot: p50=200.080us
T=1 R=64 down_finalize/indexed/bf16 O0/cuda_graph/cold: p50=11.472us
T=1 R=64 down_finalize/indexed/bf16 O0/cuda_graph/hot: p50=10.816us
T=1 R=64 down_finalize/indexed/bf16 O0/eager/cold: p50=11.216us
T=1 R=64 down_finalize/indexed/bf16 O0/eager/hot: p50=29.808us
T=1 R=64 down_finalize/one_shot_bf16/bf16 O0/cuda_graph/cold: p50=22.016us
T=1 R=64 down_finalize/one_shot_bf16/bf16 O0/cuda_graph/hot: p50=14.512us
T=1 R=64 down_finalize/one_shot_bf16/bf16 O0/eager/cold: p50=22.224us
T=1 R=64 down_finalize/one_shot_bf16/bf16 O0/eager/hot: p50=55.984us
T=1 R=64 down_finalize/one_shot_fp32/bf16 O0/cuda_graph/cold: p50=21.744us
T=1 R=64 down_finalize/one_shot_fp32/bf16 O0/cuda_graph/hot: p50=14.752us
T=1 R=64 down_finalize/one_shot_fp32/bf16 O0/eager/cold: p50=22.304us
T=1 R=64 down_finalize/one_shot_fp32/bf16 O0/eager/hot: p50=55.424us
T=32 R=64 gate_a/bmm/bf16 O0/cuda_graph/cold: p50=73.248us
T=32 R=64 gate_a/bmm/bf16 O0/cuda_graph/hot: p50=66.176us
T=32 R=64 gate_a/bmm/bf16 O0/eager/cold: p50=123.424us
T=32 R=64 gate_a/bmm/bf16 O0/eager/hot: p50=173.024us
T=32 R=64 gate_a/segmented/bf16 O0/cuda_graph/cold: p50=76.016us
T=32 R=64 gate_a/segmented/bf16 O0/cuda_graph/hot: p50=64.544us
T=32 R=64 gate_a/segmented/bf16 O0/eager/cold: p50=154.336us
T=32 R=64 gate_a/segmented/bf16 O0/eager/hot: p50=197.872us
T=32 R=64 gate_a/aligned/bf16 O0/cuda_graph/cold: p50=39.472us
T=32 R=64 gate_a/aligned/bf16 O0/cuda_graph/hot: p50=32.448us
T=32 R=64 gate_a/aligned/bf16 O0/eager/cold: p50=124.992us
T=32 R=64 gate_a/aligned/bf16 O0/eager/hot: p50=174.800us
T=32 R=64 gate_a/indexed/bf16 O0/cuda_graph/cold: p50=22.864us
T=32 R=64 gate_a/indexed/bf16 O0/cuda_graph/hot: p50=22.288us
T=32 R=64 gate_a/indexed/bf16 O0/eager/cold: p50=23.472us
T=32 R=64 gate_a/indexed/bf16 O0/eager/hot: p50=38.240us
T=32 R=64 gate_consumer/bmm/bf16 O0/cuda_graph/cold: p50=55.328us
T=32 R=64 gate_consumer/bmm/bf16 O0/cuda_graph/hot: p50=47.984us
T=32 R=64 gate_consumer/bmm/bf16 O0/eager/cold: p50=133.504us
T=32 R=64 gate_consumer/bmm/bf16 O0/eager/hot: p50=183.200us
T=32 R=64 gate_consumer/segmented/bf16 O0/cuda_graph/cold: p50=65.296us
T=32 R=64 gate_consumer/segmented/bf16 O0/cuda_graph/hot: p50=58.928us
T=32 R=64 gate_consumer/segmented/bf16 O0/eager/cold: p50=155.856us
T=32 R=64 gate_consumer/segmented/bf16 O0/eager/hot: p50=205.840us
T=32 R=64 gate_consumer/aligned/bf16 O0/cuda_graph/cold: p50=39.344us
T=32 R=64 gate_consumer/aligned/bf16 O0/cuda_graph/hot: p50=34.256us
T=32 R=64 gate_consumer/aligned/bf16 O0/eager/cold: p50=142.896us
T=32 R=64 gate_consumer/aligned/bf16 O0/eager/hot: p50=194.336us
T=32 R=64 gate_consumer/indexed/bf16 O0/cuda_graph/cold: p50=17.552us
T=32 R=64 gate_consumer/indexed/bf16 O0/cuda_graph/hot: p50=15.712us
T=32 R=64 gate_consumer/indexed/bf16 O0/eager/cold: p50=18.064us
T=32 R=64 gate_consumer/indexed/bf16 O0/eager/hot: p50=50.048us
T=32 R=64 down_a/bmm/bf16 O0/cuda_graph/cold: p50=59.840us
T=32 R=64 down_a/bmm/bf16 O0/cuda_graph/hot: p50=54.272us
T=32 R=64 down_a/bmm/bf16 O0/eager/cold: p50=108.528us
T=32 R=64 down_a/bmm/bf16 O0/eager/hot: p50=161.296us
T=32 R=64 down_a/segmented/bf16 O0/cuda_graph/cold: p50=63.296us
T=32 R=64 down_a/segmented/bf16 O0/cuda_graph/hot: p50=56.848us
T=32 R=64 down_a/segmented/bf16 O0/eager/cold: p50=148.672us
T=32 R=64 down_a/segmented/bf16 O0/eager/hot: p50=198.384us
T=32 R=64 down_a/aligned/bf16 O0/cuda_graph/cold: p50=34.592us
T=32 R=64 down_a/aligned/bf16 O0/cuda_graph/hot: p50=30.000us
T=32 R=64 down_a/aligned/bf16 O0/eager/cold: p50=124.144us
T=32 R=64 down_a/aligned/bf16 O0/eager/hot: p50=175.648us
T=32 R=64 down_a/indexed/bf16 O0/cuda_graph/cold: p50=10.352us
T=32 R=64 down_a/indexed/bf16 O0/cuda_graph/hot: p50=10.944us
T=32 R=64 down_a/indexed/bf16 O0/eager/cold: p50=11.328us
T=32 R=64 down_a/indexed/bf16 O0/eager/hot: p50=31.584us
T=32 R=64 down_finalize/bmm/bf16 O0/cuda_graph/cold: p50=24.768us
T=32 R=64 down_finalize/bmm/bf16 O0/cuda_graph/hot: p50=19.952us
T=32 R=64 down_finalize/bmm/bf16 O0/eager/cold: p50=30.544us
T=32 R=64 down_finalize/bmm/bf16 O0/eager/hot: p50=81.456us
T=32 R=64 down_finalize/segmented/bf16 O0/cuda_graph/cold: p50=67.424us
T=32 R=64 down_finalize/segmented/bf16 O0/cuda_graph/hot: p50=61.856us
T=32 R=64 down_finalize/segmented/bf16 O0/eager/cold: p50=167.840us
T=32 R=64 down_finalize/segmented/bf16 O0/eager/hot: p50=216.256us
T=32 R=64 down_finalize/aligned/bf16 O0/cuda_graph/cold: p50=38.800us
T=32 R=64 down_finalize/aligned/bf16 O0/cuda_graph/hot: p50=33.328us
T=32 R=64 down_finalize/aligned/bf16 O0/eager/cold: p50=150.240us
T=32 R=64 down_finalize/aligned/bf16 O0/eager/hot: p50=200.576us
T=32 R=64 down_finalize/indexed/bf16 O0/cuda_graph/cold: p50=19.056us
T=32 R=64 down_finalize/indexed/bf16 O0/cuda_graph/hot: p50=14.976us
T=32 R=64 down_finalize/indexed/bf16 O0/eager/cold: p50=19.008us
T=32 R=64 down_finalize/indexed/bf16 O0/eager/hot: p50=34.432us
T=32 R=64 down_finalize/one_shot_bf16/bf16 O0/cuda_graph/cold: p50=128.560us
T=32 R=64 down_finalize/one_shot_bf16/bf16 O0/cuda_graph/hot: p50=124.992us
T=32 R=64 down_finalize/one_shot_bf16/bf16 O0/eager/cold: p50=131.888us
T=32 R=64 down_finalize/one_shot_bf16/bf16 O0/eager/hot: p50=126.112us
T=32 R=64 down_finalize/one_shot_fp32/bf16 O0/cuda_graph/cold: p50=128.224us
T=32 R=64 down_finalize/one_shot_fp32/bf16 O0/cuda_graph/hot: p50=124.736us
T=32 R=64 down_finalize/one_shot_fp32/bf16 O0/eager/cold: p50=129.024us
T=32 R=64 down_finalize/one_shot_fp32/bf16 O0/eager/hot: p50=125.584us
T=256 R=64 gate_a/bmm/bf16 O0/cuda_graph/cold: p50=81.600us
T=256 R=64 gate_a/bmm/bf16 O0/cuda_graph/hot: p50=78.960us
T=256 R=64 gate_a/bmm/bf16 O0/eager/cold: p50=123.616us
T=256 R=64 gate_a/bmm/bf16 O0/eager/hot: p50=175.952us
T=256 R=64 gate_a/segmented/bf16 O0/cuda_graph/cold: p50=78.960us
T=256 R=64 gate_a/segmented/bf16 O0/cuda_graph/hot: p50=73.392us
T=256 R=64 gate_a/segmented/bf16 O0/eager/cold: p50=159.792us
T=256 R=64 gate_a/segmented/bf16 O0/eager/hot: p50=208.096us
T=256 R=64 gate_a/aligned/bf16 O0/cuda_graph/cold: p50=49.616us
T=256 R=64 gate_a/aligned/bf16 O0/cuda_graph/hot: p50=44.144us
T=256 R=64 gate_a/aligned/bf16 O0/eager/cold: p50=128.432us
T=256 R=64 gate_a/aligned/bf16 O0/eager/hot: p50=178.176us
T=256 R=64 gate_a/indexed/bf16 O0/cuda_graph/cold: p50=121.504us
T=256 R=64 gate_a/indexed/bf16 O0/cuda_graph/hot: p50=120.512us
T=256 R=64 gate_a/indexed/bf16 O0/eager/cold: p50=122.000us
T=256 R=64 gate_a/indexed/bf16 O0/eager/hot: p50=121.264us
T=256 R=64 gate_consumer/bmm/bf16 O0/cuda_graph/cold: p50=71.872us
T=256 R=64 gate_consumer/bmm/bf16 O0/cuda_graph/hot: p50=69.472us
T=256 R=64 gate_consumer/bmm/bf16 O0/eager/cold: p50=135.136us
T=256 R=64 gate_consumer/bmm/bf16 O0/eager/hot: p50=184.096us
T=256 R=64 gate_consumer/segmented/bf16 O0/cuda_graph/cold: p50=75.648us
T=256 R=64 gate_consumer/segmented/bf16 O0/cuda_graph/hot: p50=69.104us
T=256 R=64 gate_consumer/segmented/bf16 O0/eager/cold: p50=162.416us
T=256 R=64 gate_consumer/segmented/bf16 O0/eager/hot: p50=210.784us
T=256 R=64 gate_consumer/aligned/bf16 O0/cuda_graph/cold: p50=45.360us
T=256 R=64 gate_consumer/aligned/bf16 O0/cuda_graph/hot: p50=38.288us
T=256 R=64 gate_consumer/aligned/bf16 O0/eager/cold: p50=145.968us
T=256 R=64 gate_consumer/aligned/bf16 O0/eager/hot: p50=195.264us
T=256 R=64 gate_consumer/indexed/bf16 O0/cuda_graph/cold: p50=68.512us
T=256 R=64 gate_consumer/indexed/bf16 O0/cuda_graph/hot: p50=66.864us
T=256 R=64 gate_consumer/indexed/bf16 O0/eager/cold: p50=68.992us
T=256 R=64 gate_consumer/indexed/bf16 O0/eager/hot: p50=67.552us
T=256 R=64 down_a/bmm/bf16 O0/cuda_graph/cold: p50=66.800us
T=256 R=64 down_a/bmm/bf16 O0/cuda_graph/hot: p50=60.640us
T=256 R=64 down_a/bmm/bf16 O0/eager/cold: p50=112.032us
T=256 R=64 down_a/bmm/bf16 O0/eager/hot: p50=163.072us
T=256 R=64 down_a/segmented/bf16 O0/cuda_graph/cold: p50=66.624us
T=256 R=64 down_a/segmented/bf16 O0/cuda_graph/hot: p50=60.512us
T=256 R=64 down_a/segmented/bf16 O0/eager/cold: p50=150.544us
T=256 R=64 down_a/segmented/bf16 O0/eager/hot: p50=202.816us
T=256 R=64 down_a/aligned/bf16 O0/cuda_graph/cold: p50=39.344us
T=256 R=64 down_a/aligned/bf16 O0/cuda_graph/hot: p50=34.112us
T=256 R=64 down_a/aligned/bf16 O0/eager/cold: p50=125.328us
T=256 R=64 down_a/aligned/bf16 O0/eager/hot: p50=176.624us
T=256 R=64 down_a/indexed/bf16 O0/cuda_graph/cold: p50=24.640us
T=256 R=64 down_a/indexed/bf16 O0/cuda_graph/hot: p50=23.552us
T=256 R=64 down_a/indexed/bf16 O0/eager/cold: p50=25.008us
T=256 R=64 down_a/indexed/bf16 O0/eager/hot: p50=37.712us
T=256 R=64 down_finalize/bmm/bf16 O0/cuda_graph/cold: p50=43.072us
T=256 R=64 down_finalize/bmm/bf16 O0/cuda_graph/hot: p50=41.296us
T=256 R=64 down_finalize/bmm/bf16 O0/eager/cold: p50=48.144us
T=256 R=64 down_finalize/bmm/bf16 O0/eager/hot: p50=81.920us
T=256 R=64 down_finalize/segmented/bf16 O0/cuda_graph/cold: p50=110.560us
T=256 R=64 down_finalize/segmented/bf16 O0/cuda_graph/hot: p50=102.880us
T=256 R=64 down_finalize/segmented/bf16 O0/eager/cold: p50=177.632us
T=256 R=64 down_finalize/segmented/bf16 O0/eager/hot: p50=227.008us
T=256 R=64 down_finalize/aligned/bf16 O0/cuda_graph/cold: p50=55.280us
T=256 R=64 down_finalize/aligned/bf16 O0/cuda_graph/hot: p50=45.072us
T=256 R=64 down_finalize/aligned/bf16 O0/eager/cold: p50=154.240us
T=256 R=64 down_finalize/aligned/bf16 O0/eager/hot: p50=202.768us
T=256 R=64 down_finalize/indexed/bf16 O0/cuda_graph/cold: p50=82.080us
T=256 R=64 down_finalize/indexed/bf16 O0/cuda_graph/hot: p50=75.488us
T=256 R=64 down_finalize/indexed/bf16 O0/eager/cold: p50=82.240us
T=256 R=64 down_finalize/indexed/bf16 O0/eager/hot: p50=75.520us
T=256 R=64 down_finalize/one_shot_bf16/bf16 O0/cuda_graph/cold: p50=927.152us
T=256 R=64 down_finalize/one_shot_bf16/bf16 O0/cuda_graph/hot: p50=923.200us
T=256 R=64 down_finalize/one_shot_bf16/bf16 O0/eager/cold: p50=931.216us
T=256 R=64 down_finalize/one_shot_bf16/bf16 O0/eager/hot: p50=924.128us
T=256 R=64 down_finalize/one_shot_fp32/bf16 O0/cuda_graph/cold: p50=923.696us
T=256 R=64 down_finalize/one_shot_fp32/bf16 O0/cuda_graph/hot: p50=917.712us
T=256 R=64 down_finalize/one_shot_fp32/bf16 O0/eager/cold: p50=922.768us
T=256 R=64 down_finalize/one_shot_fp32/bf16 O0/eager/hot: p50=918.672us
T=2048 R=64 gate_a/bmm/bf16 O0/cuda_graph/cold: p50=180.576us
T=2048 R=64 gate_a/bmm/bf16 O0/cuda_graph/hot: p50=181.568us
T=2048 R=64 gate_a/bmm/bf16 O0/eager/cold: p50=195.024us
T=2048 R=64 gate_a/bmm/bf16 O0/eager/hot: p50=212.704us
T=2048 R=64 gate_a/segmented/bf16 O0/cuda_graph/cold: p50=187.936us
T=2048 R=64 gate_a/segmented/bf16 O0/cuda_graph/hot: p50=184.544us
T=2048 R=64 gate_a/segmented/bf16 O0/eager/cold: p50=198.256us
T=2048 R=64 gate_a/segmented/bf16 O0/eager/hot: p50=239.360us
T=2048 R=64 gate_a/aligned/bf16 O0/cuda_graph/cold: p50=103.168us
T=2048 R=64 gate_a/aligned/bf16 O0/cuda_graph/hot: p50=98.224us
T=2048 R=64 gate_a/aligned/bf16 O0/eager/cold: p50=133.296us
T=2048 R=64 gate_a/aligned/bf16 O0/eager/hot: p50=187.776us
T=2048 R=64 gate_a/indexed/bf16 O0/cuda_graph/cold: p50=912.960us
T=2048 R=64 gate_a/indexed/bf16 O0/cuda_graph/hot: p50=910.960us
T=2048 R=64 gate_a/indexed/bf16 O0/eager/cold: p50=913.040us
T=2048 R=64 gate_a/indexed/bf16 O0/eager/hot: p50=911.184us
T=2048 R=64 gate_consumer/bmm/bf16 O0/cuda_graph/cold: p50=316.336us
T=2048 R=64 gate_consumer/bmm/bf16 O0/cuda_graph/hot: p50=316.368us
T=2048 R=64 gate_consumer/bmm/bf16 O0/eager/cold: p50=343.920us
T=2048 R=64 gate_consumer/bmm/bf16 O0/eager/hot: p50=342.768us
T=2048 R=64 gate_consumer/segmented/bf16 O0/cuda_graph/cold: p50=234.528us
T=2048 R=64 gate_consumer/segmented/bf16 O0/cuda_graph/hot: p50=234.592us
T=2048 R=64 gate_consumer/segmented/bf16 O0/eager/cold: p50=244.992us
T=2048 R=64 gate_consumer/segmented/bf16 O0/eager/hot: p50=244.112us
T=2048 R=64 gate_consumer/aligned/bf16 O0/cuda_graph/cold: p50=100.880us
T=2048 R=64 gate_consumer/aligned/bf16 O0/cuda_graph/hot: p50=97.088us
T=2048 R=64 gate_consumer/aligned/bf16 O0/eager/cold: p50=153.040us
T=2048 R=64 gate_consumer/aligned/bf16 O0/eager/hot: p50=204.896us
T=2048 R=64 gate_consumer/indexed/bf16 O0/cuda_graph/cold: p50=477.504us
T=2048 R=64 gate_consumer/indexed/bf16 O0/cuda_graph/hot: p50=475.984us
T=2048 R=64 gate_consumer/indexed/bf16 O0/eager/cold: p50=477.920us
T=2048 R=64 gate_consumer/indexed/bf16 O0/eager/hot: p50=476.160us
T=2048 R=64 down_a/bmm/bf16 O0/cuda_graph/cold: p50=134.672us
T=2048 R=64 down_a/bmm/bf16 O0/cuda_graph/hot: p50=130.320us
T=2048 R=64 down_a/bmm/bf16 O0/eager/cold: p50=149.120us
T=2048 R=64 down_a/bmm/bf16 O0/eager/hot: p50=204.240us
T=2048 R=64 down_a/segmented/bf16 O0/cuda_graph/cold: p50=136.208us
T=2048 R=64 down_a/segmented/bf16 O0/cuda_graph/hot: p50=129.760us
T=2048 R=64 down_a/segmented/bf16 O0/eager/cold: p50=187.184us
T=2048 R=64 down_a/segmented/bf16 O0/eager/hot: p50=238.464us
T=2048 R=64 down_a/aligned/bf16 O0/cuda_graph/cold: p50=52.176us
T=2048 R=64 down_a/aligned/bf16 O0/cuda_graph/hot: p50=45.584us
T=2048 R=64 down_a/aligned/bf16 O0/eager/cold: p50=127.584us
T=2048 R=64 down_a/aligned/bf16 O0/eager/hot: p50=178.544us
T=2048 R=64 down_a/indexed/bf16 O0/cuda_graph/cold: p50=136.432us
T=2048 R=64 down_a/indexed/bf16 O0/cuda_graph/hot: p50=132.832us
T=2048 R=64 down_a/indexed/bf16 O0/eager/cold: p50=137.296us
T=2048 R=64 down_a/indexed/bf16 O0/eager/hot: p50=133.296us
T=2048 R=64 down_finalize/bmm/bf16 O0/cuda_graph/cold: p50=218.640us
T=2048 R=64 down_finalize/bmm/bf16 O0/cuda_graph/hot: p50=216.704us
T=2048 R=64 down_finalize/bmm/bf16 O0/eager/cold: p50=222.624us
T=2048 R=64 down_finalize/bmm/bf16 O0/eager/hot: p50=223.440us
T=2048 R=64 down_finalize/segmented/bf16 O0/cuda_graph/cold: p50=544.576us
T=2048 R=64 down_finalize/segmented/bf16 O0/cuda_graph/hot: p50=545.648us
T=2048 R=64 down_finalize/segmented/bf16 O0/eager/cold: p50=556.576us
T=2048 R=64 down_finalize/segmented/bf16 O0/eager/hot: p50=557.280us
T=2048 R=64 down_finalize/aligned/bf16 O0/cuda_graph/cold: p50=171.120us
T=2048 R=64 down_finalize/aligned/bf16 O0/cuda_graph/hot: p50=170.880us
T=2048 R=64 down_finalize/aligned/bf16 O0/eager/cold: p50=185.856us
T=2048 R=64 down_finalize/aligned/bf16 O0/eager/hot: p50=208.592us
T=2048 R=64 down_finalize/indexed/bf16 O0/cuda_graph/cold: p50=579.040us
T=2048 R=64 down_finalize/indexed/bf16 O0/cuda_graph/hot: p50=575.872us
T=2048 R=64 down_finalize/indexed/bf16 O0/eager/cold: p50=578.944us
T=2048 R=64 down_finalize/indexed/bf16 O0/eager/hot: p50=575.808us
T=2048 R=64 down_finalize/one_shot_bf16/bf16 O0/cuda_graph/cold: p50=7368.832us
T=2048 R=64 down_finalize/one_shot_bf16/bf16 O0/cuda_graph/hot: p50=7373.424us
T=2048 R=64 down_finalize/one_shot_bf16/bf16 O0/eager/cold: p50=7404.576us
T=2048 R=64 down_finalize/one_shot_bf16/bf16 O0/eager/hot: p50=7502.752us
T=2048 R=64 down_finalize/one_shot_fp32/bf16 O0/cuda_graph/cold: p50=8193.232us
T=2048 R=64 down_finalize/one_shot_fp32/bf16 O0/cuda_graph/hot: p50=7332.080us
T=2048 R=64 down_finalize/one_shot_fp32/bf16 O0/eager/cold: p50=7360.800us
T=2048 R=64 down_finalize/one_shot_fp32/bf16 O0/eager/hot: p50=7392.384us
