Warning: You are sending unauthenticated requests to the HF Hub. Please set a HF_TOKEN to enable higher rate limits and faster downloads.
max_running_requests_per_dp=4096
dp_size=1
skip_max_running_requests_threshold=4096
skip_token_capacity_threshold=303918
======== Warmup Begin ========
Warmup with batch_size=[16, 1, 32]
#Input tokens: 16384
#Output tokens: 256
batch size: 16
input_len: 1024
output_len: 16
latency: 0.31 s
input throughput: 83990.29 tok/s
output throughput: 2319.96 tok/s
last_ttft: 0.20 s
last generation throughput: 0.00 tok/s
#Input tokens: 1024
#Output tokens: 16
batch size: 1
input_len: 1024
output_len: 16
latency: 0.08 s
input throughput: 27600.26 tok/s
output throughput: 405.20 tok/s
last_ttft: 0.04 s
last generation throughput: 0.00 tok/s
#Input tokens: 32768
#Output tokens: 512
batch size: 32
input_len: 1024
output_len: 16
latency: 0.53 s
input throughput: 85224.52 tok/s
output throughput: 3634.55 tok/s
last_ttft: 0.38 s
last generation throughput: 0.00 tok/s
======== Warmup End   ========

#Input tokens: 128
#Output tokens: 32
batch size: 1
input_len: 128
output_len: 32
latency: 0.12 s
input throughput: 3455.89 tok/s
output throughput: 397.40 tok/s
last_ttft: 0.04 s
last generation throughput: 0.00 tok/s
#Input tokens: 2048
#Output tokens: 512
batch size: 16
input_len: 128
output_len: 32
latency: 0.24 s
input throughput: 49422.49 tok/s
output throughput: 2543.58 tok/s
last_ttft: 0.04 s
last generation throughput: 0.00 tok/s
#Input tokens: 4096
#Output tokens: 1024
batch size: 32
input_len: 128
output_len: 32
latency: 0.30 s
input throughput: 67385.21 tok/s
output throughput: 4208.72 tok/s
last_ttft: 0.06 s
last generation throughput: 0.00 tok/s

Results are saved to /workspace/artifacts/lifecycle_h200/results_v3/base_after_recycle.jsonl
