Warning: You are sending unauthenticated requests to the HF Hub. Please set a HF_TOKEN to enable higher rate limits and faster downloads.
max_running_requests_per_dp=4096
dp_size=1
skip_max_running_requests_threshold=4096
skip_token_capacity_threshold=303918
======== Warmup Begin ========
Warmup with batch_size=[16, 1, 32]
#Input tokens: 16384
#Output tokens: 256
batch size: 16
input_len: 1024
output_len: 16
latency: 0.32 s
input throughput: 78163.42 tok/s
output throughput: 2309.88 tok/s
last_ttft: 0.21 s
last generation throughput: 0.00 tok/s
#Input tokens: 1024
#Output tokens: 16
batch size: 1
input_len: 1024
output_len: 16
latency: 0.10 s
input throughput: 17148.71 tok/s
output throughput: 403.95 tok/s
last_ttft: 0.06 s
last generation throughput: 0.00 tok/s
#Input tokens: 32768
#Output tokens: 512
batch size: 32
input_len: 1024
output_len: 16
latency: 0.53 s
input throughput: 85148.04 tok/s
output throughput: 3634.13 tok/s
last_ttft: 0.38 s
last generation throughput: 0.00 tok/s
======== Warmup End   ========

#Input tokens: 128
#Output tokens: 32
batch size: 1
input_len: 128
output_len: 32
latency: 0.13 s
input throughput: 2728.24 tok/s
output throughput: 396.34 tok/s
last_ttft: 0.05 s
last generation throughput: 0.00 tok/s
#Input tokens: 2048
#Output tokens: 512
batch size: 16
input_len: 128
output_len: 32
latency: 0.25 s
input throughput: 47271.06 tok/s
output throughput: 2500.15 tok/s
last_ttft: 0.04 s
last generation throughput: 0.00 tok/s
#Input tokens: 4096
#Output tokens: 1024
batch size: 32
input_len: 128
output_len: 32
latency: 0.31 s
input throughput: 66172.02 tok/s
output throughput: 4144.07 tok/s
last_ttft: 0.06 s
last generation throughput: 0.00 tok/s

Results are saved to /workspace/artifacts/lifecycle_h200/results_v3/base_before.jsonl
