Warning: You are sending unauthenticated requests to the HF Hub. Please set a HF_TOKEN to enable higher rate limits and faster downloads.
max_running_requests_per_dp=4096
dp_size=1
skip_max_running_requests_threshold=4096
skip_token_capacity_threshold=303918
======== Warmup Begin ========
Warmup with batch_size=[16, 1, 32]
#Input tokens: 16384
#Output tokens: 256
batch size: 16
input_len: 1024
output_len: 16
latency: 0.33 s
input throughput: 80852.68 tok/s
output throughput: 2073.75 tok/s
last_ttft: 0.20 s
last generation throughput: 0.00 tok/s
#Input tokens: 1024
#Output tokens: 16
batch size: 1
input_len: 1024
output_len: 16
latency: 0.11 s
input throughput: 16078.75 tok/s
output throughput: 343.22 tok/s
last_ttft: 0.06 s
last generation throughput: 0.00 tok/s
#Input tokens: 32768
#Output tokens: 512
batch size: 32
input_len: 1024
output_len: 16
latency: 0.54 s
input throughput: 85150.21 tok/s
output throughput: 3221.59 tok/s
last_ttft: 0.38 s
last generation throughput: 0.00 tok/s
======== Warmup End   ========

#Input tokens: 128
#Output tokens: 32
batch size: 1
input_len: 128
output_len: 32
latency: 0.16 s
input throughput: 2304.03 tok/s
output throughput: 315.91 tok/s
last_ttft: 0.06 s
last generation throughput: 0.00 tok/s
#Input tokens: 2048
#Output tokens: 512
batch size: 16
input_len: 128
output_len: 32
latency: 0.29 s
input throughput: 35332.82 tok/s
output throughput: 2220.42 tok/s
last_ttft: 0.06 s
last generation throughput: 0.00 tok/s
#Input tokens: 4096
#Output tokens: 1024
batch size: 32
input_len: 128
output_len: 32
latency: 0.35 s
input throughput: 65172.33 tok/s
output throughput: 3620.64 tok/s
last_ttft: 0.06 s
last generation throughput: 0.00 tok/s

Results are saved to /workspace/artifacts/lifecycle_h200/results_v3/lora_a_first.jsonl
