Warning: You are sending unauthenticated requests to the HF Hub. Please set a HF_TOKEN to enable higher rate limits and faster downloads.
max_running_requests_per_dp=4096
dp_size=1
skip_max_running_requests_threshold=4096
skip_token_capacity_threshold=303918
======== Warmup Begin ========
Warmup with batch_size=[16, 1, 32]
#Input tokens: 16384
#Output tokens: 256
batch size: 16
input_len: 1024
output_len: 16
latency: 0.69 s
input throughput: 28687.04 tok/s
output throughput: 2072.90 tok/s
last_ttft: 0.57 s
last generation throughput: 0.00 tok/s
#Input tokens: 1024
#Output tokens: 16
batch size: 1
input_len: 1024
output_len: 16
latency: 0.10 s
input throughput: 18866.64 tok/s
output throughput: 320.68 tok/s
last_ttft: 0.05 s
last generation throughput: 0.00 tok/s
#Input tokens: 32768
#Output tokens: 512
batch size: 32
input_len: 1024
output_len: 16
latency: 0.55 s
input throughput: 84759.42 tok/s
output throughput: 3217.70 tok/s
last_ttft: 0.39 s
last generation throughput: 0.00 tok/s
======== Warmup End   ========

#Input tokens: 128
#Output tokens: 32
batch size: 1
input_len: 128
output_len: 32
latency: 0.15 s
input throughput: 2392.15 tok/s
output throughput: 319.07 tok/s
last_ttft: 0.05 s
last generation throughput: 0.00 tok/s
#Input tokens: 2048
#Output tokens: 512
batch size: 16
input_len: 128
output_len: 32
latency: 0.29 s
input throughput: 35505.52 tok/s
output throughput: 2240.85 tok/s
last_ttft: 0.06 s
last generation throughput: 0.00 tok/s
#Input tokens: 4096
#Output tokens: 1024
batch size: 32
input_len: 128
output_len: 32
latency: 0.34 s
input throughput: 64903.95 tok/s
output throughput: 3668.24 tok/s
last_ttft: 0.06 s
last generation throughput: 0.00 tok/s

Results are saved to /workspace/artifacts/lifecycle_h200/results_v3/lora_c_evict.jsonl
