T=1 R=128 gate_a/indexed/bf16 K0/eager/hot: p50=68.032us
T=1 R=128 gate_a/aligned/bf16 K0/eager/hot: p50=74.272us
T=1 R=128 gate_a/segmented/bf16 K0/eager/hot: p50=64.256us
T=1 R=128 gate_a/bmm/bf16 K0/eager/hot: p50=90.560us
T=1 R=128 gate_consumer/indexed/bf16 K0/eager/hot: p50=77.696us
T=1 R=128 gate_consumer/aligned/bf16 K0/eager/hot: p50=87.072us
T=1 R=128 gate_consumer/segmented/bf16 K0/eager/hot: p50=66.944us
T=1 R=128 gate_consumer/bmm/bf16 K0/eager/hot: p50=223.744us
T=1 R=128 down_a/indexed/bf16 K0/eager/hot: p50=53.120us
T=1 R=128 down_a/aligned/bf16 K0/eager/hot: p50=60.992us
T=1 R=128 down_a/segmented/bf16 K0/eager/hot: p50=56.896us
T=1 R=128 down_a/bmm/bf16 K0/eager/hot: p50=67.904us
T=1 R=128 down_finalize/indexed/bf16 K0/eager/hot: p50=52.000us
T=1 R=128 down_finalize/aligned/bf16 K0/eager/hot: p50=86.784us
T=1 R=128 down_finalize/segmented/bf16 K0/eager/hot: p50=74.240us
T=1 R=128 down_finalize/bmm/bf16 K0/eager/hot: p50=120.608us
T=1 R=128 down_finalize/one_shot_bf16/bf16 K0/eager/hot: p50=87.008us
T=1 R=128 down_finalize/one_shot_fp32/bf16 K0/eager/hot: p50=77.248us
T=32 R=128 gate_a/indexed/bf16 K0/eager/hot: p50=89.824us
T=32 R=128 gate_a/aligned/bf16 K0/eager/hot: p50=58.240us
T=32 R=128 gate_a/segmented/bf16 K0/eager/hot: p50=63.712us
T=32 R=128 gate_a/bmm/bf16 K0/eager/hot: p50=89.952us
T=32 R=128 gate_consumer/indexed/bf16 K0/eager/hot: p50=77.952us
T=32 R=128 gate_consumer/aligned/bf16 K0/eager/hot: p50=82.048us
T=32 R=128 gate_consumer/segmented/bf16 K0/eager/hot: p50=70.272us
T=32 R=128 gate_consumer/bmm/bf16 K0/eager/hot: p50=215.168us
T=32 R=128 down_a/indexed/bf16 K0/eager/hot: p50=55.136us
T=32 R=128 down_a/aligned/bf16 K0/eager/hot: p50=58.656us
T=32 R=128 down_a/segmented/bf16 K0/eager/hot: p50=56.032us
T=32 R=128 down_a/bmm/bf16 K0/eager/hot: p50=68.864us
T=32 R=128 down_finalize/indexed/bf16 K0/eager/hot: p50=58.720us
T=32 R=128 down_finalize/aligned/bf16 K0/eager/hot: p50=83.264us
T=32 R=128 down_finalize/segmented/bf16 K0/eager/hot: p50=70.432us
T=32 R=128 down_finalize/bmm/bf16 K0/eager/hot: p50=122.528us
T=32 R=128 down_finalize/one_shot_bf16/bf16 K0/eager/hot: p50=271.936us
T=32 R=128 down_finalize/one_shot_fp32/bf16 K0/eager/hot: p50=270.528us
T=256 R=128 gate_a/indexed/bf16 K0/eager/hot: p50=342.464us
T=256 R=128 gate_a/aligned/bf16 K0/eager/hot: p50=74.976us
T=256 R=128 gate_a/segmented/bf16 K0/eager/hot: p50=77.792us
T=256 R=128 gate_a/bmm/bf16 K0/eager/hot: p50=85.408us
T=256 R=128 gate_consumer/indexed/bf16 K0/eager/hot: p50=188.896us
T=256 R=128 gate_consumer/aligned/bf16 K0/eager/hot: p50=76.288us
T=256 R=128 gate_consumer/segmented/bf16 K0/eager/hot: p50=75.264us
T=256 R=128 gate_consumer/bmm/bf16 K0/eager/hot: p50=211.936us
T=256 R=128 down_a/indexed/bf16 K0/eager/hot: p50=85.728us
T=256 R=128 down_a/aligned/bf16 K0/eager/hot: p50=60.352us
T=256 R=128 down_a/segmented/bf16 K0/eager/hot: p50=50.912us
T=256 R=128 down_a/bmm/bf16 K0/eager/hot: p50=65.792us
T=256 R=128 down_finalize/indexed/bf16 K0/eager/hot: p50=193.152us
T=256 R=128 down_finalize/aligned/bf16 K0/eager/hot: p50=77.888us
T=256 R=128 down_finalize/segmented/bf16 K0/eager/hot: p50=129.408us
T=256 R=128 down_finalize/bmm/bf16 K0/eager/hot: p50=126.816us
T=256 R=128 down_finalize/one_shot_bf16/bf16 K0/eager/hot: p50=1833.920us
T=256 R=128 down_finalize/one_shot_fp32/bf16 K0/eager/hot: p50=1832.288us
T=2048 R=128 gate_a/indexed/bf16 K0/eager/hot: p50=2375.136us
T=2048 R=128 gate_a/aligned/bf16 K0/eager/hot: p50=201.504us
T=2048 R=128 gate_a/segmented/bf16 K0/eager/hot: p50=223.392us
T=2048 R=128 gate_a/bmm/bf16 K0/eager/hot: p50=121.024us
T=2048 R=128 gate_consumer/indexed/bf16 K0/eager/hot: p50=1099.712us
T=2048 R=128 gate_consumer/aligned/bf16 K0/eager/hot: p50=163.552us
T=2048 R=128 gate_consumer/segmented/bf16 K0/eager/hot: p50=288.928us
T=2048 R=128 gate_consumer/bmm/bf16 K0/eager/hot: p50=381.056us
T=2048 R=128 down_a/indexed/bf16 K0/eager/hot: p50=394.496us
T=2048 R=128 down_a/aligned/bf16 K0/eager/hot: p50=68.064us
T=2048 R=128 down_a/segmented/bf16 K0/eager/hot: p50=87.008us
T=2048 R=128 down_a/bmm/bf16 K0/eager/hot: p50=66.656us
T=2048 R=128 down_finalize/indexed/bf16 K0/eager/hot: p50=1279.936us
T=2048 R=128 down_finalize/aligned/bf16 K0/eager/hot: p50=224.160us
T=2048 R=128 down_finalize/segmented/bf16 K0/eager/hot: p50=769.824us
T=2048 R=128 down_finalize/bmm/bf16 K0/eager/hot: p50=272.896us
T=2048 R=128 down_finalize/one_shot_bf16/bf16 K0/eager/hot: p50=14406.304us
T=2048 R=128 down_finalize/one_shot_fp32/bf16 K0/eager/hot: p50=14396.672us
