T=1 R=16 gate_a/indexed/bf16 K0/eager/hot: p50=66.080us
T=1 R=16 gate_a/aligned/bf16 K0/eager/hot: p50=62.272us
T=1 R=16 gate_a/segmented/bf16 K0/eager/hot: p50=58.880us
T=1 R=16 gate_a/bmm/bf16 K0/eager/hot: p50=86.912us
T=1 R=16 gate_consumer/indexed/bf16 K0/eager/hot: p50=74.016us
T=1 R=16 gate_consumer/aligned/bf16 K0/eager/hot: p50=80.032us
T=1 R=16 gate_consumer/segmented/bf16 K0/eager/hot: p50=69.120us
T=1 R=16 gate_consumer/bmm/bf16 K0/eager/hot: p50=221.312us
T=1 R=16 down_a/indexed/bf16 K0/eager/hot: p50=53.728us
T=1 R=16 down_a/aligned/bf16 K0/eager/hot: p50=59.616us
T=1 R=16 down_a/segmented/bf16 K0/eager/hot: p50=69.568us
T=1 R=16 down_a/bmm/bf16 K0/eager/hot: p50=67.104us
T=1 R=16 down_finalize/indexed/bf16 K0/eager/hot: p50=52.096us
T=1 R=16 down_finalize/aligned/bf16 K0/eager/hot: p50=90.880us
T=1 R=16 down_finalize/segmented/bf16 K0/eager/hot: p50=70.112us
T=1 R=16 down_finalize/bmm/bf16 K0/eager/hot: p50=119.680us
T=1 R=16 down_finalize/one_shot_bf16/bf16 K0/eager/hot: p50=85.344us
T=1 R=16 down_finalize/one_shot_fp32/bf16 K0/eager/hot: p50=83.200us
T=32 R=16 gate_a/indexed/bf16 K0/eager/hot: p50=53.952us
T=32 R=16 gate_a/aligned/bf16 K0/eager/hot: p50=57.536us
T=32 R=16 gate_a/segmented/bf16 K0/eager/hot: p50=58.624us
T=32 R=16 gate_a/bmm/bf16 K0/eager/hot: p50=80.768us
T=32 R=16 gate_consumer/indexed/bf16 K0/eager/hot: p50=79.104us
T=32 R=16 gate_consumer/aligned/bf16 K0/eager/hot: p50=79.904us
T=32 R=16 gate_consumer/segmented/bf16 K0/eager/hot: p50=67.520us
T=32 R=16 gate_consumer/bmm/bf16 K0/eager/hot: p50=224.480us
T=32 R=16 down_a/indexed/bf16 K0/eager/hot: p50=54.112us
T=32 R=16 down_a/aligned/bf16 K0/eager/hot: p50=59.104us
T=32 R=16 down_a/segmented/bf16 K0/eager/hot: p50=56.864us
T=32 R=16 down_a/bmm/bf16 K0/eager/hot: p50=69.408us
T=32 R=16 down_finalize/indexed/bf16 K0/eager/hot: p50=48.064us
T=32 R=16 down_finalize/aligned/bf16 K0/eager/hot: p50=82.592us
T=32 R=16 down_finalize/segmented/bf16 K0/eager/hot: p50=75.456us
T=32 R=16 down_finalize/bmm/bf16 K0/eager/hot: p50=125.664us
T=32 R=16 down_finalize/one_shot_bf16/bf16 K0/eager/hot: p50=93.920us
T=32 R=16 down_finalize/one_shot_fp32/bf16 K0/eager/hot: p50=96.000us
T=256 R=16 gate_a/indexed/bf16 K0/eager/hot: p50=83.360us
T=256 R=16 gate_a/aligned/bf16 K0/eager/hot: p50=57.920us
T=256 R=16 gate_a/segmented/bf16 K0/eager/hot: p50=51.040us
T=256 R=16 gate_a/bmm/bf16 K0/eager/hot: p50=80.352us
T=256 R=16 gate_consumer/indexed/bf16 K0/eager/hot: p50=102.464us
T=256 R=16 gate_consumer/aligned/bf16 K0/eager/hot: p50=72.448us
T=256 R=16 gate_consumer/segmented/bf16 K0/eager/hot: p50=70.240us
T=256 R=16 gate_consumer/bmm/bf16 K0/eager/hot: p50=213.600us
T=256 R=16 down_a/indexed/bf16 K0/eager/hot: p50=50.464us
T=256 R=16 down_a/aligned/bf16 K0/eager/hot: p50=59.136us
T=256 R=16 down_a/segmented/bf16 K0/eager/hot: p50=51.616us
T=256 R=16 down_a/bmm/bf16 K0/eager/hot: p50=64.896us
T=256 R=16 down_finalize/indexed/bf16 K0/eager/hot: p50=89.248us
T=256 R=16 down_finalize/aligned/bf16 K0/eager/hot: p50=79.104us
T=256 R=16 down_finalize/segmented/bf16 K0/eager/hot: p50=126.912us
T=256 R=16 down_finalize/bmm/bf16 K0/eager/hot: p50=113.824us
T=256 R=16 down_finalize/one_shot_bf16/bf16 K0/eager/hot: p50=418.944us
T=256 R=16 down_finalize/one_shot_fp32/bf16 K0/eager/hot: p50=400.192us
T=2048 R=16 gate_a/indexed/bf16 K0/eager/hot: p50=342.496us
T=2048 R=16 gate_a/aligned/bf16 K0/eager/hot: p50=61.216us
T=2048 R=16 gate_a/segmented/bf16 K0/eager/hot: p50=72.768us
T=2048 R=16 gate_a/bmm/bf16 K0/eager/hot: p50=88.256us
T=2048 R=16 gate_consumer/indexed/bf16 K0/eager/hot: p50=396.544us
T=2048 R=16 gate_consumer/aligned/bf16 K0/eager/hot: p50=133.568us
T=2048 R=16 gate_consumer/segmented/bf16 K0/eager/hot: p50=260.224us
T=2048 R=16 gate_consumer/bmm/bf16 K0/eager/hot: p50=370.240us
T=2048 R=16 down_a/indexed/bf16 K0/eager/hot: p50=87.200us
T=2048 R=16 down_a/aligned/bf16 K0/eager/hot: p50=54.144us
T=2048 R=16 down_a/segmented/bf16 K0/eager/hot: p50=53.952us
T=2048 R=16 down_a/bmm/bf16 K0/eager/hot: p50=64.736us
T=2048 R=16 down_finalize/indexed/bf16 K0/eager/hot: p50=399.200us
T=2048 R=16 down_finalize/aligned/bf16 K0/eager/hot: p50=151.296us
T=2048 R=16 down_finalize/segmented/bf16 K0/eager/hot: p50=762.912us
T=2048 R=16 down_finalize/bmm/bf16 K0/eager/hot: p50=268.064us
T=2048 R=16 down_finalize/one_shot_bf16/bf16 K0/eager/hot: p50=3039.296us
T=2048 R=16 down_finalize/one_shot_fp32/bf16 K0/eager/hot: p50=2868.448us
