T=1 R=32 gate_a/indexed/bf16 K0/eager/hot: p50=68.544us
T=1 R=32 gate_a/aligned/bf16 K0/eager/hot: p50=61.984us
T=1 R=32 gate_a/segmented/bf16 K0/eager/hot: p50=61.376us
T=1 R=32 gate_a/bmm/bf16 K0/eager/hot: p50=95.616us
T=1 R=32 gate_consumer/indexed/bf16 K0/eager/hot: p50=77.824us
T=1 R=32 gate_consumer/aligned/bf16 K0/eager/hot: p50=82.432us
T=1 R=32 gate_consumer/segmented/bf16 K0/eager/hot: p50=67.520us
T=1 R=32 gate_consumer/bmm/bf16 K0/eager/hot: p50=226.272us
T=1 R=32 down_a/indexed/bf16 K0/eager/hot: p50=52.928us
T=1 R=32 down_a/aligned/bf16 K0/eager/hot: p50=62.144us
T=1 R=32 down_a/segmented/bf16 K0/eager/hot: p50=57.664us
T=1 R=32 down_a/bmm/bf16 K0/eager/hot: p50=70.784us
T=1 R=32 down_finalize/indexed/bf16 K0/eager/hot: p50=53.280us
T=1 R=32 down_finalize/aligned/bf16 K0/eager/hot: p50=87.072us
T=1 R=32 down_finalize/segmented/bf16 K0/eager/hot: p50=72.960us
T=1 R=32 down_finalize/bmm/bf16 K0/eager/hot: p50=137.088us
T=1 R=32 down_finalize/one_shot_bf16/bf16 K0/eager/hot: p50=85.664us
T=1 R=32 down_finalize/one_shot_fp32/bf16 K0/eager/hot: p50=80.064us
T=32 R=32 gate_a/indexed/bf16 K0/eager/hot: p50=56.256us
T=32 R=32 gate_a/aligned/bf16 K0/eager/hot: p50=57.920us
T=32 R=32 gate_a/segmented/bf16 K0/eager/hot: p50=56.736us
T=32 R=32 gate_a/bmm/bf16 K0/eager/hot: p50=89.792us
T=32 R=32 gate_consumer/indexed/bf16 K0/eager/hot: p50=78.720us
T=32 R=32 gate_consumer/aligned/bf16 K0/eager/hot: p50=77.984us
T=32 R=32 gate_consumer/segmented/bf16 K0/eager/hot: p50=68.448us
T=32 R=32 gate_consumer/bmm/bf16 K0/eager/hot: p50=220.416us
T=32 R=32 down_a/indexed/bf16 K0/eager/hot: p50=53.824us
T=32 R=32 down_a/aligned/bf16 K0/eager/hot: p50=61.984us
T=32 R=32 down_a/segmented/bf16 K0/eager/hot: p50=56.768us
T=32 R=32 down_a/bmm/bf16 K0/eager/hot: p50=69.312us
T=32 R=32 down_finalize/indexed/bf16 K0/eager/hot: p50=48.064us
T=32 R=32 down_finalize/aligned/bf16 K0/eager/hot: p50=84.128us
T=32 R=32 down_finalize/segmented/bf16 K0/eager/hot: p50=74.656us
T=32 R=32 down_finalize/bmm/bf16 K0/eager/hot: p50=122.944us
T=32 R=32 down_finalize/one_shot_bf16/bf16 K0/eager/hot: p50=118.464us
T=32 R=32 down_finalize/one_shot_fp32/bf16 K0/eager/hot: p50=122.720us
T=256 R=32 gate_a/indexed/bf16 K0/eager/hot: p50=121.824us
T=256 R=32 gate_a/aligned/bf16 K0/eager/hot: p50=64.032us
T=256 R=32 gate_a/segmented/bf16 K0/eager/hot: p50=51.936us
T=256 R=32 gate_a/bmm/bf16 K0/eager/hot: p50=88.896us
T=256 R=32 gate_consumer/indexed/bf16 K0/eager/hot: p50=108.064us
T=256 R=32 gate_consumer/aligned/bf16 K0/eager/hot: p50=72.864us
T=256 R=32 gate_consumer/segmented/bf16 K0/eager/hot: p50=70.304us
T=256 R=32 gate_consumer/bmm/bf16 K0/eager/hot: p50=226.848us
T=256 R=32 down_a/indexed/bf16 K0/eager/hot: p50=53.344us
T=256 R=32 down_a/aligned/bf16 K0/eager/hot: p50=59.104us
T=256 R=32 down_a/segmented/bf16 K0/eager/hot: p50=52.320us
T=256 R=32 down_a/bmm/bf16 K0/eager/hot: p50=69.568us
T=256 R=32 down_finalize/indexed/bf16 K0/eager/hot: p50=93.024us
T=256 R=32 down_finalize/aligned/bf16 K0/eager/hot: p50=78.816us
T=256 R=32 down_finalize/segmented/bf16 K0/eager/hot: p50=127.616us
T=256 R=32 down_finalize/bmm/bf16 K0/eager/hot: p50=119.840us
T=256 R=32 down_finalize/one_shot_bf16/bf16 K0/eager/hot: p50=606.720us
T=256 R=32 down_finalize/one_shot_fp32/bf16 K0/eager/hot: p50=597.440us
T=2048 R=32 gate_a/indexed/bf16 K0/eager/hot: p50=632.160us
T=2048 R=32 gate_a/aligned/bf16 K0/eager/hot: p50=82.048us
T=2048 R=32 gate_a/segmented/bf16 K0/eager/hot: p50=94.720us
T=2048 R=32 gate_a/bmm/bf16 K0/eager/hot: p50=89.536us
T=2048 R=32 gate_consumer/indexed/bf16 K0/eager/hot: p50=454.304us
T=2048 R=32 gate_consumer/aligned/bf16 K0/eager/hot: p50=104.032us
T=2048 R=32 gate_consumer/segmented/bf16 K0/eager/hot: p50=213.472us
T=2048 R=32 gate_consumer/bmm/bf16 K0/eager/hot: p50=369.824us
T=2048 R=32 down_a/indexed/bf16 K0/eager/hot: p50=130.688us
T=2048 R=32 down_a/aligned/bf16 K0/eager/hot: p50=50.560us
T=2048 R=32 down_a/segmented/bf16 K0/eager/hot: p50=54.112us
T=2048 R=32 down_a/bmm/bf16 K0/eager/hot: p50=67.616us
T=2048 R=32 down_finalize/indexed/bf16 K0/eager/hot: p50=475.584us
T=2048 R=32 down_finalize/aligned/bf16 K0/eager/hot: p50=163.904us
T=2048 R=32 down_finalize/segmented/bf16 K0/eager/hot: p50=764.320us
T=2048 R=32 down_finalize/bmm/bf16 K0/eager/hot: p50=266.944us
T=2048 R=32 down_finalize/one_shot_bf16/bf16 K0/eager/hot: p50=4518.976us
T=2048 R=32 down_finalize/one_shot_fp32/bf16 K0/eager/hot: p50=4476.320us
