T=1 R=64 gate_a/indexed/bf16 K0/eager/hot: p50=65.248us
T=1 R=64 gate_a/aligned/bf16 K0/eager/hot: p50=61.888us
T=1 R=64 gate_a/segmented/bf16 K0/eager/hot: p50=58.880us
T=1 R=64 gate_a/bmm/bf16 K0/eager/hot: p50=96.256us
T=1 R=64 gate_consumer/indexed/bf16 K0/eager/hot: p50=79.072us
T=1 R=64 gate_consumer/aligned/bf16 K0/eager/hot: p50=97.152us
T=1 R=64 gate_consumer/segmented/bf16 K0/eager/hot: p50=66.912us
T=1 R=64 gate_consumer/bmm/bf16 K0/eager/hot: p50=225.984us
T=1 R=64 down_a/indexed/bf16 K0/eager/hot: p50=54.304us
T=1 R=64 down_a/aligned/bf16 K0/eager/hot: p50=59.456us
T=1 R=64 down_a/segmented/bf16 K0/eager/hot: p50=56.992us
T=1 R=64 down_a/bmm/bf16 K0/eager/hot: p50=70.912us
T=1 R=64 down_finalize/indexed/bf16 K0/eager/hot: p50=54.304us
T=1 R=64 down_finalize/aligned/bf16 K0/eager/hot: p50=87.936us
T=1 R=64 down_finalize/segmented/bf16 K0/eager/hot: p50=72.064us
T=1 R=64 down_finalize/bmm/bf16 K0/eager/hot: p50=123.584us
T=1 R=64 down_finalize/one_shot_bf16/bf16 K0/eager/hot: p50=85.376us
T=1 R=64 down_finalize/one_shot_fp32/bf16 K0/eager/hot: p50=80.704us
T=32 R=64 gate_a/indexed/bf16 K0/eager/hot: p50=66.528us
T=32 R=64 gate_a/aligned/bf16 K0/eager/hot: p50=59.456us
T=32 R=64 gate_a/segmented/bf16 K0/eager/hot: p50=58.656us
T=32 R=64 gate_a/bmm/bf16 K0/eager/hot: p50=89.856us
T=32 R=64 gate_consumer/indexed/bf16 K0/eager/hot: p50=77.344us
T=32 R=64 gate_consumer/aligned/bf16 K0/eager/hot: p50=81.920us
T=32 R=64 gate_consumer/segmented/bf16 K0/eager/hot: p50=68.096us
T=32 R=64 gate_consumer/bmm/bf16 K0/eager/hot: p50=240.448us
T=32 R=64 down_a/indexed/bf16 K0/eager/hot: p50=55.296us
T=32 R=64 down_a/aligned/bf16 K0/eager/hot: p50=61.152us
T=32 R=64 down_a/segmented/bf16 K0/eager/hot: p50=56.256us
T=32 R=64 down_a/bmm/bf16 K0/eager/hot: p50=79.008us
T=32 R=64 down_finalize/indexed/bf16 K0/eager/hot: p50=49.024us
T=32 R=64 down_finalize/aligned/bf16 K0/eager/hot: p50=85.120us
T=32 R=64 down_finalize/segmented/bf16 K0/eager/hot: p50=76.992us
T=32 R=64 down_finalize/bmm/bf16 K0/eager/hot: p50=122.912us
T=32 R=64 down_finalize/one_shot_bf16/bf16 K0/eager/hot: p50=165.344us
T=32 R=64 down_finalize/one_shot_fp32/bf16 K0/eager/hot: p50=171.520us
T=256 R=64 gate_a/indexed/bf16 K0/eager/hot: p50=196.608us
T=256 R=64 gate_a/aligned/bf16 K0/eager/hot: p50=62.208us
T=256 R=64 gate_a/segmented/bf16 K0/eager/hot: p50=63.232us
T=256 R=64 gate_a/bmm/bf16 K0/eager/hot: p50=90.944us
T=256 R=64 gate_consumer/indexed/bf16 K0/eager/hot: p50=133.952us
T=256 R=64 gate_consumer/aligned/bf16 K0/eager/hot: p50=74.304us
T=256 R=64 gate_consumer/segmented/bf16 K0/eager/hot: p50=71.616us
T=256 R=64 gate_consumer/bmm/bf16 K0/eager/hot: p50=228.128us
T=256 R=64 down_a/indexed/bf16 K0/eager/hot: p50=64.384us
T=256 R=64 down_a/aligned/bf16 K0/eager/hot: p50=60.960us
T=256 R=64 down_a/segmented/bf16 K0/eager/hot: p50=51.360us
T=256 R=64 down_a/bmm/bf16 K0/eager/hot: p50=69.888us
T=256 R=64 down_finalize/indexed/bf16 K0/eager/hot: p50=122.112us
T=256 R=64 down_finalize/aligned/bf16 K0/eager/hot: p50=79.552us
T=256 R=64 down_finalize/segmented/bf16 K0/eager/hot: p50=133.504us
T=256 R=64 down_finalize/bmm/bf16 K0/eager/hot: p50=121.056us
T=256 R=64 down_finalize/one_shot_bf16/bf16 K0/eager/hot: p50=964.544us
T=256 R=64 down_finalize/one_shot_fp32/bf16 K0/eager/hot: p50=955.936us
T=2048 R=64 gate_a/indexed/bf16 K0/eager/hot: p50=1211.616us
T=2048 R=64 gate_a/aligned/bf16 K0/eager/hot: p50=121.088us
T=2048 R=64 gate_a/segmented/bf16 K0/eager/hot: p50=134.464us
T=2048 R=64 gate_a/bmm/bf16 K0/eager/hot: p50=99.424us
T=2048 R=64 gate_consumer/indexed/bf16 K0/eager/hot: p50=648.384us
T=2048 R=64 gate_consumer/aligned/bf16 K0/eager/hot: p50=118.752us
T=2048 R=64 gate_consumer/segmented/bf16 K0/eager/hot: p50=217.568us
T=2048 R=64 gate_consumer/bmm/bf16 K0/eager/hot: p50=377.024us
T=2048 R=64 down_a/indexed/bf16 K0/eager/hot: p50=219.648us
T=2048 R=64 down_a/aligned/bf16 K0/eager/hot: p50=54.240us
T=2048 R=64 down_a/segmented/bf16 K0/eager/hot: p50=64.608us
T=2048 R=64 down_a/bmm/bf16 K0/eager/hot: p50=68.064us
T=2048 R=64 down_finalize/indexed/bf16 K0/eager/hot: p50=702.816us
T=2048 R=64 down_finalize/aligned/bf16 K0/eager/hot: p50=182.112us
T=2048 R=64 down_finalize/segmented/bf16 K0/eager/hot: p50=763.712us
T=2048 R=64 down_finalize/bmm/bf16 K0/eager/hot: p50=269.824us
T=2048 R=64 down_finalize/one_shot_bf16/bf16 K0/eager/hot: p50=7364.416us
T=2048 R=64 down_finalize/one_shot_fp32/bf16 K0/eager/hot: p50=7325.824us
