{
  "compute_capability": [
    10,
    3
  ],
  "contract": {
    "activation": "swiglu",
    "borrowed_buffers": [
      "hidden_states",
      "topk_ids",
      "topk_weights",
      "packed_topk_ids",
      "base_weights"
    ],
    "gate_first": true,
    "gate_up_output_dtype": "torch.bfloat16",
    "gate_up_slices": [
      "gate",
      "up"
    ],
    "interleaved": false,
    "key": "cutedsl_nvfp4_w4a4",
    "lora_activation_dtype": "torch.bfloat16",
    "lora_delta_dtype": "torch.bfloat16",
    "packed_topk_policy": "preserve_if_present",
    "provider_owned_buffers": [
      "masked_m",
      "src2dst",
      "hidden_permuted_nvfp4",
      "hidden_scale",
      "activation_quant_nvfp4",
      "activation_scale"
    ],
    "row_domain": "expert_masked",
    "runner_owned_buffers": [
      "gate_up_output",
      "activation_bf16",
      "activation_lora_input",
      "down_output",
      "final_output"
    ],
    "supported_output_dtypes": [
      "torch.bfloat16",
      "torch.float32"
    ],
    "w2_input_dtype": "torch.uint8",
    "w2_scale_format": "nvfp4_e4m3_group16_swizzled",
    "weight_format": "nvfp4_e2m1_group16_canonical"
  },
  "correctness": {
    "active_delta_max_abs": 0.3484783470630646,
    "base_rows_vs_provider_n0_max_abs": 0.0,
    "base_tolerance": 0.08,
    "finite": true,
    "graph_tolerance": 0.16,
    "graph_vs_eager_max_abs": 0.024258077144622803
  },
  "device": "NVIDIA GB300",
  "execution": "cuda_graph",
  "iterations": 5,
  "latency_ms": {
    "plan_over_n0_ratio": 2.3446649434727993,
    "production_plan": 0.0763647973537445,
    "provider_matched_n0": 0.032569599151611325
  },
  "lora_pdl_policy": "auto",
  "output_dtype": "torch.float32",
  "plan": {
    "consumer_block_size_n": 64,
    "consumer_num_warps": 4,
    "consumer_schedule": "aligned",
    "finalize_block_size_h": 32,
    "finalize_num_warps": 4,
    "graph_mode": true,
    "has_base_rows": true,
    "path": "c0_serial",
    "phase": "decode",
    "provider_key": "cutedsl_nvfp4_w4a4",
    "reason": "cutedsl_nvfp4_w4a4 uses the provider-neutral serial topology; the fused tail is BF16-specific"
  },
  "provider": "nvfp4",
  "provider_setup_ms_excluded": 95.80707400164101,
  "python": "3.12.3",
  "schema": "sgl_lora_quantized_production_plan_v1",
  "semantics": {
    "activation_lora_bridge_dtype": "torch.bfloat16",
    "lora_arithmetic_dtype": "torch.bfloat16",
    "packed_topk_identity_preserved": true,
    "production_plan_entrypoint": "run_sgl_lora_moe_plan",
    "provider_w2_input_dtype": "torch.uint8",
    "virtual_experts": true
  },
  "shape": {
    "adapters": 2,
    "experts_local": 8,
    "hidden": 2048,
    "intermediate": 512,
    "occupancy": "mixed",
    "phase": "decode",
    "rank": 128,
    "tokens": 32,
    "top_k": 8
  },
  "status": "pass",
  "torch": "2.11.0+cu130",
  "wall_seconds": 3.1400930881500244,
  "warmups": 2
}
