T=1 R=16 down_finalize/indexed/fp32 K0/cuda_graph/hot: p50=10.528us
T=1 R=16 down_finalize/indexed/fp32 K0/cuda_graph/cold: p50=8.544us
T=1 R=16 down_finalize/aligned/fp32 K0/cuda_graph/hot: p50=10.672us
T=1 R=16 down_finalize/aligned/fp32 K0/cuda_graph/cold: p50=9.664us
T=1 R=16 down_finalize/segmented/fp32 K0/cuda_graph/hot: p50=10.496us
T=1 R=16 down_finalize/segmented/fp32 K0/cuda_graph/cold: p50=10.416us
T=1 R=16 down_finalize/bmm/fp32 K0/cuda_graph/hot: p50=17.456us
T=1 R=16 down_finalize/bmm/fp32 K0/cuda_graph/cold: p50=21.280us
T=1 R=16 down_finalize/one_shot_bf16/fp32 K0/cuda_graph/hot: p50=11.744us
T=1 R=16 down_finalize/one_shot_bf16/fp32 K0/cuda_graph/cold: p50=13.968us
T=1 R=16 down_finalize/one_shot_fp32/fp32 K0/cuda_graph/hot: p50=12.064us
T=1 R=16 down_finalize/one_shot_fp32/fp32 K0/cuda_graph/cold: p50=13.856us
T=1 R=32 down_finalize/indexed/fp32 K0/cuda_graph/hot: p50=10.560us
T=1 R=32 down_finalize/indexed/fp32 K0/cuda_graph/cold: p50=11.152us
T=1 R=32 down_finalize/aligned/fp32 K0/cuda_graph/hot: p50=10.512us
T=1 R=32 down_finalize/aligned/fp32 K0/cuda_graph/cold: p50=10.048us
T=1 R=32 down_finalize/segmented/fp32 K0/cuda_graph/hot: p50=10.576us
T=1 R=32 down_finalize/segmented/fp32 K0/cuda_graph/cold: p50=11.344us
T=1 R=32 down_finalize/bmm/fp32 K0/cuda_graph/hot: p50=20.064us
T=1 R=32 down_finalize/bmm/fp32 K0/cuda_graph/cold: p50=22.992us
T=1 R=32 down_finalize/one_shot_bf16/fp32 K0/cuda_graph/hot: p50=12.800us
T=1 R=32 down_finalize/one_shot_bf16/fp32 K0/cuda_graph/cold: p50=14.992us
T=1 R=32 down_finalize/one_shot_fp32/fp32 K0/cuda_graph/hot: p50=12.592us
T=1 R=32 down_finalize/one_shot_fp32/fp32 K0/cuda_graph/cold: p50=14.928us
T=1 R=64 down_finalize/indexed/fp32 K0/cuda_graph/hot: p50=11.056us
T=1 R=64 down_finalize/indexed/fp32 K0/cuda_graph/cold: p50=15.456us
T=1 R=64 down_finalize/aligned/fp32 K0/cuda_graph/hot: p50=10.928us
T=1 R=64 down_finalize/aligned/fp32 K0/cuda_graph/cold: p50=11.712us
T=1 R=64 down_finalize/segmented/fp32 K0/cuda_graph/hot: p50=11.120us
T=1 R=64 down_finalize/segmented/fp32 K0/cuda_graph/cold: p50=11.520us
T=1 R=64 down_finalize/bmm/fp32 K0/cuda_graph/hot: p50=23.216us
T=1 R=64 down_finalize/bmm/fp32 K0/cuda_graph/cold: p50=26.176us
T=1 R=64 down_finalize/one_shot_bf16/fp32 K0/cuda_graph/hot: p50=14.912us
T=1 R=64 down_finalize/one_shot_bf16/fp32 K0/cuda_graph/cold: p50=22.272us
T=1 R=64 down_finalize/one_shot_fp32/fp32 K0/cuda_graph/hot: p50=14.800us
T=1 R=64 down_finalize/one_shot_fp32/fp32 K0/cuda_graph/cold: p50=21.840us
T=1 R=128 down_finalize/indexed/fp32 K0/cuda_graph/hot: p50=11.200us
T=1 R=128 down_finalize/indexed/fp32 K0/cuda_graph/cold: p50=12.624us
T=1 R=128 down_finalize/aligned/fp32 K0/cuda_graph/hot: p50=11.376us
T=1 R=128 down_finalize/aligned/fp32 K0/cuda_graph/cold: p50=12.608us
T=1 R=128 down_finalize/segmented/fp32 K0/cuda_graph/hot: p50=11.392us
T=1 R=128 down_finalize/segmented/fp32 K0/cuda_graph/cold: p50=12.512us
T=1 R=128 down_finalize/bmm/fp32 K0/cuda_graph/hot: p50=25.808us
T=1 R=128 down_finalize/bmm/fp32 K0/cuda_graph/cold: p50=29.168us
T=1 R=128 down_finalize/one_shot_bf16/fp32 K0/cuda_graph/hot: p50=16.560us
T=1 R=128 down_finalize/one_shot_bf16/fp32 K0/cuda_graph/cold: p50=22.704us
T=1 R=128 down_finalize/one_shot_fp32/fp32 K0/cuda_graph/hot: p50=16.304us
T=1 R=128 down_finalize/one_shot_fp32/fp32 K0/cuda_graph/cold: p50=23.232us
T=32 R=16 down_finalize/indexed/fp32 K0/cuda_graph/hot: p50=10.640us
T=32 R=16 down_finalize/indexed/fp32 K0/cuda_graph/cold: p50=9.728us
T=32 R=16 down_finalize/aligned/fp32 K0/cuda_graph/hot: p50=11.760us
T=32 R=16 down_finalize/aligned/fp32 K0/cuda_graph/cold: p50=12.384us
T=32 R=16 down_finalize/segmented/fp32 K0/cuda_graph/hot: p50=14.944us
T=32 R=16 down_finalize/segmented/fp32 K0/cuda_graph/cold: p50=16.000us
T=32 R=16 down_finalize/bmm/fp32 K0/cuda_graph/hot: p50=29.280us
T=32 R=16 down_finalize/bmm/fp32 K0/cuda_graph/cold: p50=32.192us
T=32 R=16 down_finalize/one_shot_bf16/fp32 K0/cuda_graph/hot: p50=56.368us
T=32 R=16 down_finalize/one_shot_bf16/fp32 K0/cuda_graph/cold: p50=57.440us
T=32 R=16 down_finalize/one_shot_fp32/fp32 K0/cuda_graph/hot: p50=54.528us
T=32 R=16 down_finalize/one_shot_fp32/fp32 K0/cuda_graph/cold: p50=55.056us
T=32 R=32 down_finalize/indexed/fp32 K0/cuda_graph/hot: p50=12.400us
T=32 R=32 down_finalize/indexed/fp32 K0/cuda_graph/cold: p50=12.192us
T=32 R=32 down_finalize/aligned/fp32 K0/cuda_graph/hot: p50=12.432us
T=32 R=32 down_finalize/aligned/fp32 K0/cuda_graph/cold: p50=13.376us
T=32 R=32 down_finalize/segmented/fp32 K0/cuda_graph/hot: p50=14.640us
T=32 R=32 down_finalize/segmented/fp32 K0/cuda_graph/cold: p50=16.016us
T=32 R=32 down_finalize/bmm/fp32 K0/cuda_graph/hot: p50=35.120us
T=32 R=32 down_finalize/bmm/fp32 K0/cuda_graph/cold: p50=39.408us
T=32 R=32 down_finalize/one_shot_bf16/fp32 K0/cuda_graph/hot: p50=79.712us
T=32 R=32 down_finalize/one_shot_bf16/fp32 K0/cuda_graph/cold: p50=80.480us
T=32 R=32 down_finalize/one_shot_fp32/fp32 K0/cuda_graph/hot: p50=79.008us
T=32 R=32 down_finalize/one_shot_fp32/fp32 K0/cuda_graph/cold: p50=79.904us
T=32 R=64 down_finalize/indexed/fp32 K0/cuda_graph/hot: p50=16.704us
T=32 R=64 down_finalize/indexed/fp32 K0/cuda_graph/cold: p50=24.704us
T=32 R=64 down_finalize/aligned/fp32 K0/cuda_graph/hot: p50=13.664us
T=32 R=64 down_finalize/aligned/fp32 K0/cuda_graph/cold: p50=15.200us
T=32 R=64 down_finalize/segmented/fp32 K0/cuda_graph/hot: p50=14.544us
T=32 R=64 down_finalize/segmented/fp32 K0/cuda_graph/cold: p50=16.304us
T=32 R=64 down_finalize/bmm/fp32 K0/cuda_graph/hot: p50=49.904us
T=32 R=64 down_finalize/bmm/fp32 K0/cuda_graph/cold: p50=53.376us
T=32 R=64 down_finalize/one_shot_bf16/fp32 K0/cuda_graph/hot: p50=125.264us
T=32 R=64 down_finalize/one_shot_bf16/fp32 K0/cuda_graph/cold: p50=128.736us
T=32 R=64 down_finalize/one_shot_fp32/fp32 K0/cuda_graph/hot: p50=124.944us
T=32 R=64 down_finalize/one_shot_fp32/fp32 K0/cuda_graph/cold: p50=128.640us
T=32 R=128 down_finalize/indexed/fp32 K0/cuda_graph/hot: p50=24.560us
T=32 R=128 down_finalize/indexed/fp32 K0/cuda_graph/cold: p50=29.520us
T=32 R=128 down_finalize/aligned/fp32 K0/cuda_graph/hot: p50=15.088us
T=32 R=128 down_finalize/aligned/fp32 K0/cuda_graph/cold: p50=19.952us
T=32 R=128 down_finalize/segmented/fp32 K0/cuda_graph/hot: p50=15.520us
T=32 R=128 down_finalize/segmented/fp32 K0/cuda_graph/cold: p50=18.352us
T=32 R=128 down_finalize/bmm/fp32 K0/cuda_graph/hot: p50=79.536us
T=32 R=128 down_finalize/bmm/fp32 K0/cuda_graph/cold: p50=80.336us
T=32 R=128 down_finalize/one_shot_bf16/fp32 K0/cuda_graph/hot: p50=230.096us
T=32 R=128 down_finalize/one_shot_bf16/fp32 K0/cuda_graph/cold: p50=230.160us
T=32 R=128 down_finalize/one_shot_fp32/fp32 K0/cuda_graph/hot: p50=229.472us
T=32 R=128 down_finalize/one_shot_fp32/fp32 K0/cuda_graph/cold: p50=229.952us
T=256 R=16 down_finalize/indexed/fp32 K0/cuda_graph/hot: p50=32.640us
T=256 R=16 down_finalize/indexed/fp32 K0/cuda_graph/cold: p50=34.464us
T=256 R=16 down_finalize/aligned/fp32 K0/cuda_graph/hot: p50=20.864us
T=256 R=16 down_finalize/aligned/fp32 K0/cuda_graph/cold: p50=23.360us
T=256 R=16 down_finalize/segmented/fp32 K0/cuda_graph/hot: p50=53.984us
T=256 R=16 down_finalize/segmented/fp32 K0/cuda_graph/cold: p50=56.224us
T=256 R=16 down_finalize/bmm/fp32 K0/cuda_graph/hot: p50=53.312us
T=256 R=16 down_finalize/bmm/fp32 K0/cuda_graph/cold: p50=53.184us
T=256 R=16 down_finalize/one_shot_bf16/fp32 K0/cuda_graph/hot: p50=381.840us
T=256 R=16 down_finalize/one_shot_bf16/fp32 K0/cuda_graph/cold: p50=383.824us
T=256 R=16 down_finalize/one_shot_fp32/fp32 K0/cuda_graph/hot: p50=359.872us
T=256 R=16 down_finalize/one_shot_fp32/fp32 K0/cuda_graph/cold: p50=362.032us
T=256 R=32 down_finalize/indexed/fp32 K0/cuda_graph/hot: p50=46.192us
T=256 R=32 down_finalize/indexed/fp32 K0/cuda_graph/cold: p50=47.776us
T=256 R=32 down_finalize/aligned/fp32 K0/cuda_graph/hot: p50=22.080us
T=256 R=32 down_finalize/aligned/fp32 K0/cuda_graph/cold: p50=25.184us
T=256 R=32 down_finalize/segmented/fp32 K0/cuda_graph/hot: p50=54.496us
T=256 R=32 down_finalize/segmented/fp32 K0/cuda_graph/cold: p50=56.432us
T=256 R=32 down_finalize/bmm/fp32 K0/cuda_graph/hot: p50=60.048us
T=256 R=32 down_finalize/bmm/fp32 K0/cuda_graph/cold: p50=60.224us
T=256 R=32 down_finalize/one_shot_bf16/fp32 K0/cuda_graph/hot: p50=566.240us
T=256 R=32 down_finalize/one_shot_bf16/fp32 K0/cuda_graph/cold: p50=567.824us
T=256 R=32 down_finalize/one_shot_fp32/fp32 K0/cuda_graph/hot: p50=560.752us
T=256 R=32 down_finalize/one_shot_fp32/fp32 K0/cuda_graph/cold: p50=562.960us
T=256 R=64 down_finalize/indexed/fp32 K0/cuda_graph/hot: p50=73.984us
T=256 R=64 down_finalize/indexed/fp32 K0/cuda_graph/cold: p50=89.552us
T=256 R=64 down_finalize/aligned/fp32 K0/cuda_graph/hot: p50=25.184us
T=256 R=64 down_finalize/aligned/fp32 K0/cuda_graph/cold: p50=28.336us
T=256 R=64 down_finalize/segmented/fp32 K0/cuda_graph/hot: p50=54.960us
T=256 R=64 down_finalize/segmented/fp32 K0/cuda_graph/cold: p50=57.120us
T=256 R=64 down_finalize/bmm/fp32 K0/cuda_graph/hot: p50=72.368us
T=256 R=64 down_finalize/bmm/fp32 K0/cuda_graph/cold: p50=73.104us
T=256 R=64 down_finalize/one_shot_bf16/fp32 K0/cuda_graph/hot: p50=922.608us
T=256 R=64 down_finalize/one_shot_bf16/fp32 K0/cuda_graph/cold: p50=926.288us
T=256 R=64 down_finalize/one_shot_fp32/fp32 K0/cuda_graph/hot: p50=917.600us
T=256 R=64 down_finalize/one_shot_fp32/fp32 K0/cuda_graph/cold: p50=921.744us
T=256 R=128 down_finalize/indexed/fp32 K0/cuda_graph/hot: p50=155.216us
T=256 R=128 down_finalize/indexed/fp32 K0/cuda_graph/cold: p50=161.408us
T=256 R=128 down_finalize/aligned/fp32 K0/cuda_graph/hot: p50=35.664us
T=256 R=128 down_finalize/aligned/fp32 K0/cuda_graph/cold: p50=38.224us
T=256 R=128 down_finalize/segmented/fp32 K0/cuda_graph/hot: p50=57.056us
T=256 R=128 down_finalize/segmented/fp32 K0/cuda_graph/cold: p50=57.408us
T=256 R=128 down_finalize/bmm/fp32 K0/cuda_graph/hot: p50=100.928us
T=256 R=128 down_finalize/bmm/fp32 K0/cuda_graph/cold: p50=101.968us
T=256 R=128 down_finalize/one_shot_bf16/fp32 K0/cuda_graph/hot: p50=1798.112us
T=256 R=128 down_finalize/one_shot_bf16/fp32 K0/cuda_graph/cold: p50=1796.528us
T=256 R=128 down_finalize/one_shot_fp32/fp32 K0/cuda_graph/hot: p50=1795.104us
T=256 R=128 down_finalize/one_shot_fp32/fp32 K0/cuda_graph/cold: p50=1795.712us
T=2048 R=16 down_finalize/indexed/fp32 K0/cuda_graph/hot: p50=221.776us
T=2048 R=16 down_finalize/indexed/fp32 K0/cuda_graph/cold: p50=222.608us
T=2048 R=16 down_finalize/aligned/fp32 K0/cuda_graph/hot: p50=135.520us
T=2048 R=16 down_finalize/aligned/fp32 K0/cuda_graph/cold: p50=135.264us
T=2048 R=16 down_finalize/segmented/fp32 K0/cuda_graph/hot: p50=463.120us
T=2048 R=16 down_finalize/segmented/fp32 K0/cuda_graph/cold: p50=462.672us
T=2048 R=16 down_finalize/bmm/fp32 K0/cuda_graph/hot: p50=299.680us
T=2048 R=16 down_finalize/bmm/fp32 K0/cuda_graph/cold: p50=300.624us
T=2048 R=16 down_finalize/one_shot_bf16/fp32 K0/cuda_graph/hot: p50=3011.200us
T=2048 R=16 down_finalize/one_shot_bf16/fp32 K0/cuda_graph/cold: p50=3010.720us
T=2048 R=16 down_finalize/one_shot_fp32/fp32 K0/cuda_graph/hot: p50=2837.872us
T=2048 R=16 down_finalize/one_shot_fp32/fp32 K0/cuda_graph/cold: p50=2836.096us
T=2048 R=32 down_finalize/indexed/fp32 K0/cuda_graph/hot: p50=323.520us
T=2048 R=32 down_finalize/indexed/fp32 K0/cuda_graph/cold: p50=324.048us
T=2048 R=32 down_finalize/aligned/fp32 K0/cuda_graph/hot: p50=147.088us
T=2048 R=32 down_finalize/aligned/fp32 K0/cuda_graph/cold: p50=147.168us
T=2048 R=32 down_finalize/segmented/fp32 K0/cuda_graph/hot: p50=464.480us
T=2048 R=32 down_finalize/segmented/fp32 K0/cuda_graph/cold: p50=464.080us
T=2048 R=32 down_finalize/bmm/fp32 K0/cuda_graph/hot: p50=333.728us
T=2048 R=32 down_finalize/bmm/fp32 K0/cuda_graph/cold: p50=334.048us
T=2048 R=32 down_finalize/one_shot_bf16/fp32 K0/cuda_graph/hot: p50=4483.696us
T=2048 R=32 down_finalize/one_shot_bf16/fp32 K0/cuda_graph/cold: p50=4484.864us
T=2048 R=32 down_finalize/one_shot_fp32/fp32 K0/cuda_graph/hot: p50=4437.216us
T=2048 R=32 down_finalize/one_shot_fp32/fp32 K0/cuda_graph/cold: p50=4436.640us
T=2048 R=64 down_finalize/indexed/fp32 K0/cuda_graph/hot: p50=556.784us
T=2048 R=64 down_finalize/indexed/fp32 K0/cuda_graph/cold: p50=561.296us
T=2048 R=64 down_finalize/aligned/fp32 K0/cuda_graph/hot: p50=166.688us
T=2048 R=64 down_finalize/aligned/fp32 K0/cuda_graph/cold: p50=167.312us
T=2048 R=64 down_finalize/segmented/fp32 K0/cuda_graph/hot: p50=460.272us
T=2048 R=64 down_finalize/segmented/fp32 K0/cuda_graph/cold: p50=459.568us
T=2048 R=64 down_finalize/bmm/fp32 K0/cuda_graph/hot: p50=375.296us
T=2048 R=64 down_finalize/bmm/fp32 K0/cuda_graph/cold: p50=378.960us
T=2048 R=64 down_finalize/one_shot_bf16/fp32 K0/cuda_graph/hot: p50=7394.768us
T=2048 R=64 down_finalize/one_shot_bf16/fp32 K0/cuda_graph/cold: p50=7397.328us
T=2048 R=64 down_finalize/one_shot_fp32/fp32 K0/cuda_graph/hot: p50=7360.128us
T=2048 R=64 down_finalize/one_shot_fp32/fp32 K0/cuda_graph/cold: p50=7391.792us
T=2048 R=128 down_finalize/indexed/fp32 K0/cuda_graph/hot: p50=1343.776us
T=2048 R=128 down_finalize/indexed/fp32 K0/cuda_graph/cold: p50=1247.968us
T=2048 R=128 down_finalize/aligned/fp32 K0/cuda_graph/hot: p50=212.912us
T=2048 R=128 down_finalize/aligned/fp32 K0/cuda_graph/cold: p50=212.800us
T=2048 R=128 down_finalize/segmented/fp32 K0/cuda_graph/hot: p50=478.768us
T=2048 R=128 down_finalize/segmented/fp32 K0/cuda_graph/cold: p50=479.136us
T=2048 R=128 down_finalize/bmm/fp32 K0/cuda_graph/hot: p50=479.776us
T=2048 R=128 down_finalize/bmm/fp32 K0/cuda_graph/cold: p50=480.816us
T=2048 R=128 down_finalize/one_shot_bf16/fp32 K0/cuda_graph/hot: p50=14421.856us
T=2048 R=128 down_finalize/one_shot_bf16/fp32 K0/cuda_graph/cold: p50=14406.704us
T=2048 R=128 down_finalize/one_shot_fp32/fp32 K0/cuda_graph/hot: p50=14484.432us
T=2048 R=128 down_finalize/one_shot_fp32/fp32 K0/cuda_graph/cold: p50=14392.640us
