T=32 R=64 gate_a/indexed/bf16 K0/eager/hot: p50=41.120us
T=32 R=64 gate_a/indexed/bf16 K0/eager/cold: p50=30.928us
T=32 R=64 gate_a/indexed/bf16 K0/cuda_graph/hot: p50=25.904us
T=32 R=64 gate_a/indexed/bf16 K0/cuda_graph/cold: p50=30.272us
T=32 R=64 gate_a/aligned/bf16 K0/eager/hot: p50=44.720us
T=32 R=64 gate_a/aligned/bf16 K0/eager/cold: p50=27.664us
T=32 R=64 gate_a/aligned/bf16 K0/cuda_graph/hot: p50=21.776us
T=32 R=64 gate_a/aligned/bf16 K0/cuda_graph/cold: p50=27.344us
T=32 R=64 gate_a/segmented/bf16 K0/eager/hot: p50=40.864us
T=32 R=64 gate_a/segmented/bf16 K0/eager/cold: p50=34.224us
T=32 R=64 gate_a/segmented/bf16 K0/cuda_graph/hot: p50=26.352us
T=32 R=64 gate_a/segmented/bf16 K0/cuda_graph/cold: p50=33.696us
T=32 R=64 gate_a/bmm/bf16: BMM_DISQUALIFIED:nonuniform_M_g
T=32 R=64 gate_consumer/indexed/bf16 K0/eager/hot: p50=53.152us
T=32 R=64 gate_consumer/indexed/bf16 K0/eager/cold: p50=21.040us
T=32 R=64 gate_consumer/indexed/bf16 K0/cuda_graph/hot: p50=15.536us
T=32 R=64 gate_consumer/indexed/bf16 K0/cuda_graph/cold: p50=19.904us
T=32 R=64 gate_consumer/aligned/bf16 K0/eager/hot: p50=78.320us
T=32 R=64 gate_consumer/aligned/bf16 K0/eager/cold: p50=30.352us
T=32 R=64 gate_consumer/aligned/bf16 K0/cuda_graph/hot: p50=15.152us
T=32 R=64 gate_consumer/aligned/bf16 K0/cuda_graph/cold: p50=19.872us
T=32 R=64 gate_consumer/segmented/bf16 K0/eager/hot: p50=62.576us
T=32 R=64 gate_consumer/segmented/bf16 K0/eager/cold: p50=21.936us
T=32 R=64 gate_consumer/segmented/bf16 K0/cuda_graph/hot: p50=15.408us
T=32 R=64 gate_consumer/segmented/bf16 K0/cuda_graph/cold: p50=20.128us
T=32 R=64 gate_consumer/bmm/bf16: BMM_DISQUALIFIED:nonuniform_M_g
T=32 R=64 down_a/indexed/bf16 K0/eager/hot: p50=33.680us
T=32 R=64 down_a/indexed/bf16 K0/eager/cold: p50=12.000us
T=32 R=64 down_a/indexed/bf16 K0/cuda_graph/hot: p50=10.448us
T=32 R=64 down_a/indexed/bf16 K0/cuda_graph/cold: p50=11.520us
T=32 R=64 down_a/aligned/bf16 K0/eager/hot: p50=40.608us
T=32 R=64 down_a/aligned/bf16 K0/eager/cold: p50=12.160us
T=32 R=64 down_a/aligned/bf16 K0/cuda_graph/hot: p50=10.528us
T=32 R=64 down_a/aligned/bf16 K0/cuda_graph/cold: p50=11.280us
T=32 R=64 down_a/segmented/bf16 K0/eager/hot: p50=35.696us
T=32 R=64 down_a/segmented/bf16 K0/eager/cold: p50=13.072us
T=32 R=64 down_a/segmented/bf16 K0/cuda_graph/hot: p50=10.528us
T=32 R=64 down_a/segmented/bf16 K0/cuda_graph/cold: p50=12.560us
T=32 R=64 down_a/bmm/bf16: BMM_DISQUALIFIED:nonuniform_M_g
T=32 R=64 down_finalize/indexed/bf16 K0/eager/hot: p50=36.048us
T=32 R=64 down_finalize/indexed/bf16 K0/eager/cold: p50=22.256us
T=32 R=64 down_finalize/indexed/bf16 K0/cuda_graph/hot: p50=16.272us
T=32 R=64 down_finalize/indexed/bf16 K0/cuda_graph/cold: p50=22.016us
T=32 R=64 down_finalize/aligned/bf16 K0/eager/hot: p50=61.616us
T=32 R=64 down_finalize/aligned/bf16 K0/eager/cold: p50=23.360us
T=32 R=64 down_finalize/aligned/bf16 K0/cuda_graph/hot: p50=15.328us
T=32 R=64 down_finalize/aligned/bf16 K0/cuda_graph/cold: p50=22.096us
T=32 R=64 down_finalize/segmented/bf16 K0/eager/hot: p50=57.360us
T=32 R=64 down_finalize/segmented/bf16 K0/eager/cold: p50=23.344us
T=32 R=64 down_finalize/segmented/bf16 K0/cuda_graph/hot: p50=18.352us
T=32 R=64 down_finalize/segmented/bf16 K0/cuda_graph/cold: p50=21.216us
T=32 R=64 down_finalize/bmm/bf16: BMM_DISQUALIFIED:nonuniform_M_g
T=32 R=64 down_finalize/one_shot_bf16/bf16 K0/eager/hot: p50=126.496us
T=32 R=64 down_finalize/one_shot_bf16/bf16 K0/eager/cold: p50=129.408us
T=32 R=64 down_finalize/one_shot_bf16/bf16 K0/cuda_graph/hot: p50=124.976us
T=32 R=64 down_finalize/one_shot_bf16/bf16 K0/cuda_graph/cold: p50=127.424us
T=32 R=64 down_finalize/one_shot_fp32/bf16 K0/eager/hot: p50=126.384us
T=32 R=64 down_finalize/one_shot_fp32/bf16 K0/eager/cold: p50=130.128us
T=32 R=64 down_finalize/one_shot_fp32/bf16 K0/cuda_graph/hot: p50=124.592us
T=32 R=64 down_finalize/one_shot_fp32/bf16 K0/cuda_graph/cold: p50=127.152us
T=256 R=64 gate_a/indexed/bf16 K0/eager/hot: p50=117.008us
T=256 R=64 gate_a/indexed/bf16 K0/eager/cold: p50=118.976us
T=256 R=64 gate_a/indexed/bf16 K0/cuda_graph/hot: p50=117.008us
T=256 R=64 gate_a/indexed/bf16 K0/cuda_graph/cold: p50=118.384us
T=256 R=64 gate_a/aligned/bf16 K0/eager/hot: p50=43.920us
T=256 R=64 gate_a/aligned/bf16 K0/eager/cold: p50=31.536us
T=256 R=64 gate_a/aligned/bf16 K0/cuda_graph/hot: p50=25.456us
T=256 R=64 gate_a/aligned/bf16 K0/cuda_graph/cold: p50=30.736us
T=256 R=64 gate_a/segmented/bf16 K0/eager/hot: p50=40.656us
T=256 R=64 gate_a/segmented/bf16 K0/eager/cold: p50=36.432us
T=256 R=64 gate_a/segmented/bf16 K0/cuda_graph/hot: p50=29.168us
T=256 R=64 gate_a/segmented/bf16 K0/cuda_graph/cold: p50=36.016us
T=256 R=64 gate_a/bmm/bf16: BMM_DISQUALIFIED:nonuniform_M_g
T=256 R=64 gate_consumer/indexed/bf16 K0/eager/hot: p50=68.240us
T=256 R=64 gate_consumer/indexed/bf16 K0/eager/cold: p50=69.728us
T=256 R=64 gate_consumer/indexed/bf16 K0/cuda_graph/hot: p50=67.392us
T=256 R=64 gate_consumer/indexed/bf16 K0/cuda_graph/cold: p50=69.152us
T=256 R=64 gate_consumer/aligned/bf16 K0/eager/hot: p50=79.552us
T=256 R=64 gate_consumer/aligned/bf16 K0/eager/cold: p50=37.088us
T=256 R=64 gate_consumer/aligned/bf16 K0/cuda_graph/hot: p50=27.280us
T=256 R=64 gate_consumer/aligned/bf16 K0/cuda_graph/cold: p50=33.792us
T=256 R=64 gate_consumer/segmented/bf16 K0/eager/hot: p50=66.880us
T=256 R=64 gate_consumer/segmented/bf16 K0/eager/cold: p50=34.752us
T=256 R=64 gate_consumer/segmented/bf16 K0/cuda_graph/hot: p50=30.544us
T=256 R=64 gate_consumer/segmented/bf16 K0/cuda_graph/cold: p50=33.072us
T=256 R=64 gate_consumer/bmm/bf16: BMM_DISQUALIFIED:nonuniform_M_g
T=256 R=64 down_a/indexed/bf16 K0/eager/hot: p50=38.496us
T=256 R=64 down_a/indexed/bf16 K0/eager/cold: p50=25.120us
T=256 R=64 down_a/indexed/bf16 K0/cuda_graph/hot: p50=23.120us
T=256 R=64 down_a/indexed/bf16 K0/cuda_graph/cold: p50=24.256us
T=256 R=64 down_a/aligned/bf16 K0/eager/hot: p50=38.720us
T=256 R=64 down_a/aligned/bf16 K0/eager/cold: p50=12.992us
T=256 R=64 down_a/aligned/bf16 K0/cuda_graph/hot: p50=11.264us
T=256 R=64 down_a/aligned/bf16 K0/cuda_graph/cold: p50=12.048us
T=256 R=64 down_a/segmented/bf16 K0/eager/hot: p50=36.576us
T=256 R=64 down_a/segmented/bf16 K0/eager/cold: p50=14.016us
T=256 R=64 down_a/segmented/bf16 K0/cuda_graph/hot: p50=11.120us
T=256 R=64 down_a/segmented/bf16 K0/cuda_graph/cold: p50=13.376us
T=256 R=64 down_a/bmm/bf16: BMM_DISQUALIFIED:nonuniform_M_g
T=256 R=64 down_finalize/indexed/bf16 K0/eager/hot: p50=79.808us
T=256 R=64 down_finalize/indexed/bf16 K0/eager/cold: p50=82.448us
T=256 R=64 down_finalize/indexed/bf16 K0/cuda_graph/hot: p50=79.936us
T=256 R=64 down_finalize/indexed/bf16 K0/cuda_graph/cold: p50=82.304us
T=256 R=64 down_finalize/aligned/bf16 K0/eager/hot: p50=62.784us
T=256 R=64 down_finalize/aligned/bf16 K0/eager/cold: p50=33.408us
T=256 R=64 down_finalize/aligned/bf16 K0/cuda_graph/hot: p50=27.872us
T=256 R=64 down_finalize/aligned/bf16 K0/cuda_graph/cold: p50=31.376us
T=256 R=64 down_finalize/segmented/bf16 K0/eager/hot: p50=63.168us
T=256 R=64 down_finalize/segmented/bf16 K0/eager/cold: p50=57.664us
T=256 R=64 down_finalize/segmented/bf16 K0/cuda_graph/hot: p50=55.200us
T=256 R=64 down_finalize/segmented/bf16 K0/cuda_graph/cold: p50=56.208us
T=256 R=64 down_finalize/bmm/bf16: BMM_DISQUALIFIED:nonuniform_M_g
T=256 R=64 down_finalize/one_shot_bf16/bf16 K0/eager/hot: p50=904.240us
T=256 R=64 down_finalize/one_shot_bf16/bf16 K0/eager/cold: p50=906.464us
T=256 R=64 down_finalize/one_shot_bf16/bf16 K0/cuda_graph/hot: p50=903.456us
T=256 R=64 down_finalize/one_shot_bf16/bf16 K0/cuda_graph/cold: p50=906.752us
T=256 R=64 down_finalize/one_shot_fp32/bf16 K0/eager/hot: p50=902.992us
T=256 R=64 down_finalize/one_shot_fp32/bf16 K0/eager/cold: p50=905.136us
T=256 R=64 down_finalize/one_shot_fp32/bf16 K0/cuda_graph/hot: p50=900.720us
T=256 R=64 down_finalize/one_shot_fp32/bf16 K0/cuda_graph/cold: p50=903.136us
T=2048 R=64 gate_a/indexed/bf16 K0/eager/hot: p50=848.080us
T=2048 R=64 gate_a/indexed/bf16 K0/eager/cold: p50=849.744us
T=2048 R=64 gate_a/indexed/bf16 K0/cuda_graph/hot: p50=846.224us
T=2048 R=64 gate_a/indexed/bf16 K0/cuda_graph/cold: p50=849.040us
T=2048 R=64 gate_a/aligned/bf16 K0/eager/hot: p50=66.496us
T=2048 R=64 gate_a/aligned/bf16 K0/eager/cold: p50=66.432us
T=2048 R=64 gate_a/aligned/bf16 K0/cuda_graph/hot: p50=65.200us
T=2048 R=64 gate_a/aligned/bf16 K0/cuda_graph/cold: p50=65.472us
T=2048 R=64 gate_a/segmented/bf16 K0/eager/hot: p50=72.752us
T=2048 R=64 gate_a/segmented/bf16 K0/eager/cold: p50=73.008us
T=2048 R=64 gate_a/segmented/bf16 K0/cuda_graph/hot: p50=71.648us
T=2048 R=64 gate_a/segmented/bf16 K0/cuda_graph/cold: p50=71.792us
T=2048 R=64 gate_a/bmm/bf16: BMM_DISQUALIFIED:nonuniform_M_g
T=2048 R=64 gate_consumer/indexed/bf16 K0/eager/hot: p50=476.096us
T=2048 R=64 gate_consumer/indexed/bf16 K0/eager/cold: p50=477.664us
T=2048 R=64 gate_consumer/indexed/bf16 K0/cuda_graph/hot: p50=475.792us
T=2048 R=64 gate_consumer/indexed/bf16 K0/cuda_graph/cold: p50=477.232us
T=2048 R=64 gate_consumer/aligned/bf16 K0/eager/hot: p50=141.712us
T=2048 R=64 gate_consumer/aligned/bf16 K0/eager/cold: p50=143.920us
T=2048 R=64 gate_consumer/aligned/bf16 K0/cuda_graph/hot: p50=140.640us
T=2048 R=64 gate_consumer/aligned/bf16 K0/cuda_graph/cold: p50=142.800us
T=2048 R=64 gate_consumer/segmented/bf16 K0/eager/hot: p50=192.112us
T=2048 R=64 gate_consumer/segmented/bf16 K0/eager/cold: p50=193.328us
T=2048 R=64 gate_consumer/segmented/bf16 K0/cuda_graph/hot: p50=190.944us
T=2048 R=64 gate_consumer/segmented/bf16 K0/cuda_graph/cold: p50=191.488us
T=2048 R=64 gate_consumer/bmm/bf16: BMM_DISQUALIFIED:nonuniform_M_g
T=2048 R=64 down_a/indexed/bf16 K0/eager/hot: p50=133.104us
T=2048 R=64 down_a/indexed/bf16 K0/eager/cold: p50=136.272us
T=2048 R=64 down_a/indexed/bf16 K0/cuda_graph/hot: p50=131.888us
T=2048 R=64 down_a/indexed/bf16 K0/cuda_graph/cold: p50=134.496us
T=2048 R=64 down_a/aligned/bf16 K0/eager/hot: p50=42.144us
T=2048 R=64 down_a/aligned/bf16 K0/eager/cold: p50=19.120us
T=2048 R=64 down_a/aligned/bf16 K0/cuda_graph/hot: p50=16.736us
T=2048 R=64 down_a/aligned/bf16 K0/cuda_graph/cold: p50=18.096us
T=2048 R=64 down_a/segmented/bf16 K0/eager/hot: p50=41.600us
T=2048 R=64 down_a/segmented/bf16 K0/eager/cold: p50=20.672us
T=2048 R=64 down_a/segmented/bf16 K0/cuda_graph/hot: p50=19.472us
T=2048 R=64 down_a/segmented/bf16 K0/cuda_graph/cold: p50=20.256us
T=2048 R=64 down_a/bmm/bf16: BMM_DISQUALIFIED:nonuniform_M_g
T=2048 R=64 down_finalize/indexed/bf16 K0/eager/hot: p50=573.952us
T=2048 R=64 down_finalize/indexed/bf16 K0/eager/cold: p50=576.960us
T=2048 R=64 down_finalize/indexed/bf16 K0/cuda_graph/hot: p50=574.128us
T=2048 R=64 down_finalize/indexed/bf16 K0/cuda_graph/cold: p50=576.976us
T=2048 R=64 down_finalize/aligned/bf16 K0/eager/hot: p50=136.608us
T=2048 R=64 down_finalize/aligned/bf16 K0/eager/cold: p50=136.192us
T=2048 R=64 down_finalize/aligned/bf16 K0/cuda_graph/hot: p50=133.968us
T=2048 R=64 down_finalize/aligned/bf16 K0/cuda_graph/cold: p50=133.824us
T=2048 R=64 down_finalize/segmented/bf16 K0/eager/hot: p50=418.832us
T=2048 R=64 down_finalize/segmented/bf16 K0/eager/cold: p50=418.704us
T=2048 R=64 down_finalize/segmented/bf16 K0/cuda_graph/hot: p50=415.968us
T=2048 R=64 down_finalize/segmented/bf16 K0/cuda_graph/cold: p50=415.648us
T=2048 R=64 down_finalize/bmm/bf16: BMM_DISQUALIFIED:nonuniform_M_g
T=2048 R=64 down_finalize/one_shot_bf16/bf16 K0/eager/hot: p50=7135.664us
T=2048 R=64 down_finalize/one_shot_bf16/bf16 K0/eager/cold: p50=7136.288us
T=2048 R=64 down_finalize/one_shot_bf16/bf16 K0/cuda_graph/hot: p50=7131.936us
T=2048 R=64 down_finalize/one_shot_bf16/bf16 K0/cuda_graph/cold: p50=7131.728us
T=2048 R=64 down_finalize/one_shot_fp32/bf16 K0/eager/hot: p50=8315.952us
T=2048 R=64 down_finalize/one_shot_fp32/bf16 K0/eager/cold: p50=7262.176us
T=2048 R=64 down_finalize/one_shot_fp32/bf16 K0/cuda_graph/hot: p50=7156.912us
T=2048 R=64 down_finalize/one_shot_fp32/bf16 K0/cuda_graph/cold: p50=7111.728us
T=32 R=64 gate_a/indexed/bf16 O0/eager/hot: p50=41.888us
T=32 R=64 gate_a/indexed/bf16 O0/eager/cold: p50=31.408us
T=32 R=64 gate_a/indexed/bf16 O0/cuda_graph/hot: p50=26.288us
T=32 R=64 gate_a/indexed/bf16 O0/cuda_graph/cold: p50=30.032us
T=32 R=64 gate_a/aligned/bf16 O0/eager/hot: p50=195.680us
T=32 R=64 gate_a/aligned/bf16 O0/eager/cold: p50=144.976us
T=32 R=64 gate_a/aligned/bf16 O0/cuda_graph/hot: p50=42.128us
T=32 R=64 gate_a/aligned/bf16 O0/cuda_graph/cold: p50=52.848us
T=32 R=64 gate_a/segmented/bf16 O0/eager/hot: p50=218.016us
T=32 R=64 gate_a/segmented/bf16 O0/eager/cold: p50=164.592us
T=32 R=64 gate_a/segmented/bf16 O0/cuda_graph/hot: p50=79.360us
T=32 R=64 gate_a/segmented/bf16 O0/cuda_graph/cold: p50=86.368us
T=32 R=64 gate_a/bmm/bf16: BMM_DISQUALIFIED:nonuniform_M_g
T=32 R=64 gate_consumer/indexed/bf16 O0/eager/hot: p50=52.976us
T=32 R=64 gate_consumer/indexed/bf16 O0/eager/cold: p50=20.848us
T=32 R=64 gate_consumer/indexed/bf16 O0/cuda_graph/hot: p50=15.696us
T=32 R=64 gate_consumer/indexed/bf16 O0/cuda_graph/cold: p50=20.064us
T=32 R=64 gate_consumer/aligned/bf16 O0/eager/hot: p50=229.808us
T=32 R=64 gate_consumer/aligned/bf16 O0/eager/cold: p50=177.984us
T=32 R=64 gate_consumer/aligned/bf16 O0/cuda_graph/hot: p50=36.976us
T=32 R=64 gate_consumer/aligned/bf16 O0/cuda_graph/cold: p50=44.640us
T=32 R=64 gate_consumer/segmented/bf16 O0/eager/hot: p50=236.064us
T=32 R=64 gate_consumer/segmented/bf16 O0/eager/cold: p50=186.640us
T=32 R=64 gate_consumer/segmented/bf16 O0/cuda_graph/hot: p50=64.400us
T=32 R=64 gate_consumer/segmented/bf16 O0/cuda_graph/cold: p50=72.688us
T=32 R=64 gate_consumer/bmm/bf16: BMM_DISQUALIFIED:nonuniform_M_g
T=32 R=64 down_a/indexed/bf16 O0/eager/hot: p50=33.920us
T=32 R=64 down_a/indexed/bf16 O0/eager/cold: p50=12.192us
T=32 R=64 down_a/indexed/bf16 O0/cuda_graph/hot: p50=11.008us
T=32 R=64 down_a/indexed/bf16 O0/cuda_graph/cold: p50=11.424us
T=32 R=64 down_a/aligned/bf16 O0/eager/hot: p50=186.960us
T=32 R=64 down_a/aligned/bf16 O0/eager/cold: p50=133.152us
T=32 R=64 down_a/aligned/bf16 O0/cuda_graph/hot: p50=31.328us
T=32 R=64 down_a/aligned/bf16 O0/cuda_graph/cold: p50=37.040us
T=32 R=64 down_a/segmented/bf16 O0/eager/hot: p50=211.360us
T=32 R=64 down_a/segmented/bf16 O0/eager/cold: p50=157.696us
T=32 R=64 down_a/segmented/bf16 O0/cuda_graph/hot: p50=57.680us
T=32 R=64 down_a/segmented/bf16 O0/cuda_graph/cold: p50=65.312us
T=32 R=64 down_a/bmm/bf16: BMM_DISQUALIFIED:nonuniform_M_g
T=32 R=64 down_finalize/indexed/bf16 O0/eager/hot: p50=34.832us
T=32 R=64 down_finalize/indexed/bf16 O0/eager/cold: p50=22.192us
T=32 R=64 down_finalize/indexed/bf16 O0/cuda_graph/hot: p50=16.352us
T=32 R=64 down_finalize/indexed/bf16 O0/cuda_graph/cold: p50=22.064us
T=32 R=64 down_finalize/aligned/bf16 O0/eager/hot: p50=213.376us
T=32 R=64 down_finalize/aligned/bf16 O0/eager/cold: p50=159.536us
T=32 R=64 down_finalize/aligned/bf16 O0/cuda_graph/hot: p50=37.904us
T=32 R=64 down_finalize/aligned/bf16 O0/cuda_graph/cold: p50=45.728us
T=32 R=64 down_finalize/segmented/bf16 O0/eager/hot: p50=232.464us
T=32 R=64 down_finalize/segmented/bf16 O0/eager/cold: p50=179.328us
T=32 R=64 down_finalize/segmented/bf16 O0/cuda_graph/hot: p50=68.656us
T=32 R=64 down_finalize/segmented/bf16 O0/cuda_graph/cold: p50=73.824us
T=32 R=64 down_finalize/bmm/bf16: BMM_DISQUALIFIED:nonuniform_M_g
T=32 R=64 down_finalize/one_shot_bf16/bf16 O0/eager/hot: p50=127.184us
T=32 R=64 down_finalize/one_shot_bf16/bf16 O0/eager/cold: p50=130.064us
T=32 R=64 down_finalize/one_shot_bf16/bf16 O0/cuda_graph/hot: p50=124.880us
T=32 R=64 down_finalize/one_shot_bf16/bf16 O0/cuda_graph/cold: p50=127.792us
T=32 R=64 down_finalize/one_shot_fp32/bf16 O0/eager/hot: p50=126.832us
T=32 R=64 down_finalize/one_shot_fp32/bf16 O0/eager/cold: p50=130.272us
T=32 R=64 down_finalize/one_shot_fp32/bf16 O0/cuda_graph/hot: p50=124.368us
T=32 R=64 down_finalize/one_shot_fp32/bf16 O0/cuda_graph/cold: p50=126.896us
T=256 R=64 gate_a/indexed/bf16 O0/eager/hot: p50=116.720us
T=256 R=64 gate_a/indexed/bf16 O0/eager/cold: p50=119.376us
T=256 R=64 gate_a/indexed/bf16 O0/cuda_graph/hot: p50=116.464us
T=256 R=64 gate_a/indexed/bf16 O0/cuda_graph/cold: p50=118.640us
T=256 R=64 gate_a/aligned/bf16 O0/eager/hot: p50=193.008us
T=256 R=64 gate_a/aligned/bf16 O0/eager/cold: p50=139.728us
T=256 R=64 gate_a/aligned/bf16 O0/cuda_graph/hot: p50=54.048us
T=256 R=64 gate_a/aligned/bf16 O0/cuda_graph/cold: p50=59.712us
T=256 R=64 gate_a/segmented/bf16 O0/eager/hot: p50=218.000us
T=256 R=64 gate_a/segmented/bf16 O0/eager/cold: p50=167.808us
T=256 R=64 gate_a/segmented/bf16 O0/cuda_graph/hot: p50=84.992us
T=256 R=64 gate_a/segmented/bf16 O0/cuda_graph/cold: p50=91.024us
T=256 R=64 gate_a/bmm/bf16: BMM_DISQUALIFIED:nonuniform_M_g
T=256 R=64 gate_consumer/indexed/bf16 O0/eager/hot: p50=68.160us
T=256 R=64 gate_consumer/indexed/bf16 O0/eager/cold: p50=69.760us
T=256 R=64 gate_consumer/indexed/bf16 O0/cuda_graph/hot: p50=66.608us
T=256 R=64 gate_consumer/indexed/bf16 O0/cuda_graph/cold: p50=68.976us
T=256 R=64 gate_consumer/aligned/bf16 O0/eager/hot: p50=232.896us
T=256 R=64 gate_consumer/aligned/bf16 O0/eager/cold: p50=178.896us
T=256 R=64 gate_consumer/aligned/bf16 O0/cuda_graph/hot: p50=51.008us
T=256 R=64 gate_consumer/aligned/bf16 O0/cuda_graph/cold: p50=61.440us
T=256 R=64 gate_consumer/segmented/bf16 O0/eager/hot: p50=241.024us
T=256 R=64 gate_consumer/segmented/bf16 O0/eager/cold: p50=192.000us
T=256 R=64 gate_consumer/segmented/bf16 O0/cuda_graph/hot: p50=82.480us
T=256 R=64 gate_consumer/segmented/bf16 O0/cuda_graph/cold: p50=89.024us
T=256 R=64 gate_consumer/bmm/bf16: BMM_DISQUALIFIED:nonuniform_M_g
T=256 R=64 down_a/indexed/bf16 O0/eager/hot: p50=38.848us
T=256 R=64 down_a/indexed/bf16 O0/eager/cold: p50=25.344us
T=256 R=64 down_a/indexed/bf16 O0/cuda_graph/hot: p50=23.344us
T=256 R=64 down_a/indexed/bf16 O0/cuda_graph/cold: p50=24.272us
T=256 R=64 down_a/aligned/bf16 O0/eager/hot: p50=188.608us
T=256 R=64 down_a/aligned/bf16 O0/eager/cold: p50=135.376us
T=256 R=64 down_a/aligned/bf16 O0/cuda_graph/hot: p50=33.376us
T=256 R=64 down_a/aligned/bf16 O0/cuda_graph/cold: p50=40.512us
T=256 R=64 down_a/segmented/bf16 O0/eager/hot: p50=211.520us
T=256 R=64 down_a/segmented/bf16 O0/eager/cold: p50=159.664us
T=256 R=64 down_a/segmented/bf16 O0/cuda_graph/hot: p50=61.280us
T=256 R=64 down_a/segmented/bf16 O0/cuda_graph/cold: p50=69.328us
T=256 R=64 down_a/bmm/bf16: BMM_DISQUALIFIED:nonuniform_M_g
T=256 R=64 down_finalize/indexed/bf16 O0/eager/hot: p50=79.840us
T=256 R=64 down_finalize/indexed/bf16 O0/eager/cold: p50=82.704us
T=256 R=64 down_finalize/indexed/bf16 O0/cuda_graph/hot: p50=80.096us
T=256 R=64 down_finalize/indexed/bf16 O0/cuda_graph/cold: p50=82.320us
T=256 R=64 down_finalize/aligned/bf16 O0/eager/hot: p50=213.664us
T=256 R=64 down_finalize/aligned/bf16 O0/eager/cold: p50=160.752us
T=256 R=64 down_finalize/aligned/bf16 O0/cuda_graph/hot: p50=55.280us
T=256 R=64 down_finalize/aligned/bf16 O0/cuda_graph/cold: p50=59.136us
T=256 R=64 down_finalize/segmented/bf16 O0/eager/hot: p50=238.032us
T=256 R=64 down_finalize/segmented/bf16 O0/eager/cold: p50=187.776us
T=256 R=64 down_finalize/segmented/bf16 O0/cuda_graph/hot: p50=110.688us
T=256 R=64 down_finalize/segmented/bf16 O0/cuda_graph/cold: p50=111.792us
T=256 R=64 down_finalize/bmm/bf16: BMM_DISQUALIFIED:nonuniform_M_g
T=256 R=64 down_finalize/one_shot_bf16/bf16 O0/eager/hot: p50=904.816us
T=256 R=64 down_finalize/one_shot_bf16/bf16 O0/eager/cold: p50=907.984us
T=256 R=64 down_finalize/one_shot_bf16/bf16 O0/cuda_graph/hot: p50=903.824us
T=256 R=64 down_finalize/one_shot_bf16/bf16 O0/cuda_graph/cold: p50=907.360us
T=256 R=64 down_finalize/one_shot_fp32/bf16 O0/eager/hot: p50=903.184us
T=256 R=64 down_finalize/one_shot_fp32/bf16 O0/eager/cold: p50=905.088us
T=256 R=64 down_finalize/one_shot_fp32/bf16 O0/cuda_graph/hot: p50=900.080us
T=256 R=64 down_finalize/one_shot_fp32/bf16 O0/cuda_graph/cold: p50=902.992us
T=2048 R=64 gate_a/indexed/bf16 O0/eager/hot: p50=848.192us
T=2048 R=64 gate_a/indexed/bf16 O0/eager/cold: p50=849.824us
T=2048 R=64 gate_a/indexed/bf16 O0/cuda_graph/hot: p50=846.528us
T=2048 R=64 gate_a/indexed/bf16 O0/cuda_graph/cold: p50=848.912us
T=2048 R=64 gate_a/aligned/bf16 O0/eager/hot: p50=194.912us
T=2048 R=64 gate_a/aligned/bf16 O0/eager/cold: p50=140.304us
T=2048 R=64 gate_a/aligned/bf16 O0/cuda_graph/hot: p50=101.984us
T=2048 R=64 gate_a/aligned/bf16 O0/cuda_graph/cold: p50=102.320us
T=2048 R=64 gate_a/segmented/bf16 O0/eager/hot: p50=250.656us
T=2048 R=64 gate_a/segmented/bf16 O0/eager/cold: p50=200.128us
T=2048 R=64 gate_a/segmented/bf16 O0/cuda_graph/hot: p50=184.672us
T=2048 R=64 gate_a/segmented/bf16 O0/cuda_graph/cold: p50=183.792us
T=2048 R=64 gate_a/bmm/bf16: BMM_DISQUALIFIED:nonuniform_M_g
T=2048 R=64 gate_consumer/indexed/bf16 O0/eager/hot: p50=475.904us
T=2048 R=64 gate_consumer/indexed/bf16 O0/eager/cold: p50=477.520us
T=2048 R=64 gate_consumer/indexed/bf16 O0/cuda_graph/hot: p50=475.376us
T=2048 R=64 gate_consumer/indexed/bf16 O0/cuda_graph/cold: p50=476.784us
T=2048 R=64 gate_consumer/aligned/bf16 O0/eager/hot: p50=239.312us
T=2048 R=64 gate_consumer/aligned/bf16 O0/eager/cold: p50=193.808us
T=2048 R=64 gate_consumer/aligned/bf16 O0/cuda_graph/hot: p50=175.376us
T=2048 R=64 gate_consumer/aligned/bf16 O0/cuda_graph/cold: p50=177.856us
T=2048 R=64 gate_consumer/segmented/bf16 O0/eager/hot: p50=319.920us
T=2048 R=64 gate_consumer/segmented/bf16 O0/eager/cold: p50=322.032us
T=2048 R=64 gate_consumer/segmented/bf16 O0/cuda_graph/hot: p50=303.696us
T=2048 R=64 gate_consumer/segmented/bf16 O0/cuda_graph/cold: p50=302.304us
T=2048 R=64 gate_consumer/bmm/bf16: BMM_DISQUALIFIED:nonuniform_M_g
T=2048 R=64 down_a/indexed/bf16 O0/eager/hot: p50=133.280us
T=2048 R=64 down_a/indexed/bf16 O0/eager/cold: p50=135.968us
T=2048 R=64 down_a/indexed/bf16 O0/cuda_graph/hot: p50=132.016us
T=2048 R=64 down_a/indexed/bf16 O0/cuda_graph/cold: p50=135.504us
T=2048 R=64 down_a/aligned/bf16 O0/eager/hot: p50=188.704us
T=2048 R=64 down_a/aligned/bf16 O0/eager/cold: p50=136.384us
T=2048 R=64 down_a/aligned/bf16 O0/cuda_graph/hot: p50=48.096us
T=2048 R=64 down_a/aligned/bf16 O0/cuda_graph/cold: p50=54.528us
T=2048 R=64 down_a/segmented/bf16 O0/eager/hot: p50=247.392us
T=2048 R=64 down_a/segmented/bf16 O0/eager/cold: p50=193.968us
T=2048 R=64 down_a/segmented/bf16 O0/cuda_graph/hot: p50=124.656us
T=2048 R=64 down_a/segmented/bf16 O0/cuda_graph/cold: p50=130.400us
T=2048 R=64 down_a/bmm/bf16: BMM_DISQUALIFIED:nonuniform_M_g
T=2048 R=64 down_finalize/indexed/bf16 O0/eager/hot: p50=574.272us
T=2048 R=64 down_finalize/indexed/bf16 O0/eager/cold: p50=577.232us
T=2048 R=64 down_finalize/indexed/bf16 O0/cuda_graph/hot: p50=574.432us
T=2048 R=64 down_finalize/indexed/bf16 O0/cuda_graph/cold: p50=577.200us
T=2048 R=64 down_finalize/aligned/bf16 O0/eager/hot: p50=222.016us
T=2048 R=64 down_finalize/aligned/bf16 O0/eager/cold: p50=187.776us
T=2048 R=64 down_finalize/aligned/bf16 O0/cuda_graph/hot: p50=170.288us
T=2048 R=64 down_finalize/aligned/bf16 O0/cuda_graph/cold: p50=170.048us
T=2048 R=64 down_finalize/segmented/bf16 O0/eager/hot: p50=544.752us
T=2048 R=64 down_finalize/segmented/bf16 O0/eager/cold: p50=546.272us
T=2048 R=64 down_finalize/segmented/bf16 O0/cuda_graph/hot: p50=525.872us
T=2048 R=64 down_finalize/segmented/bf16 O0/cuda_graph/cold: p50=526.416us
T=2048 R=64 down_finalize/bmm/bf16: BMM_DISQUALIFIED:nonuniform_M_g
T=2048 R=64 down_finalize/one_shot_bf16/bf16 O0/eager/hot: p50=7133.168us
T=2048 R=64 down_finalize/one_shot_bf16/bf16 O0/eager/cold: p50=7132.064us
T=2048 R=64 down_finalize/one_shot_bf16/bf16 O0/cuda_graph/hot: p50=7130.240us
T=2048 R=64 down_finalize/one_shot_bf16/bf16 O0/cuda_graph/cold: p50=7132.784us
T=2048 R=64 down_finalize/one_shot_fp32/bf16 O0/eager/hot: p50=8248.512us
T=2048 R=64 down_finalize/one_shot_fp32/bf16 O0/eager/cold: p50=7310.992us
T=2048 R=64 down_finalize/one_shot_fp32/bf16 O0/cuda_graph/hot: p50=7157.648us
T=2048 R=64 down_finalize/one_shot_fp32/bf16 O0/cuda_graph/cold: p50=7158.592us
