T=32 R=64 gate_a/indexed/bf16 K0/eager/hot: p50=41.344us
T=32 R=64 gate_a/indexed/bf16 K0/eager/cold: p50=30.272us
T=32 R=64 gate_a/indexed/bf16 K0/cuda_graph/hot: p50=24.896us
T=32 R=64 gate_a/indexed/bf16 K0/cuda_graph/cold: p50=29.536us
T=32 R=64 gate_a/aligned/bf16 K0/eager/hot: p50=43.120us
T=32 R=64 gate_a/aligned/bf16 K0/eager/cold: p50=25.328us
T=32 R=64 gate_a/aligned/bf16 K0/cuda_graph/hot: p50=17.120us
T=32 R=64 gate_a/aligned/bf16 K0/cuda_graph/cold: p50=25.360us
T=32 R=64 gate_a/segmented/bf16 K0/eager/hot: p50=40.976us
T=32 R=64 gate_a/segmented/bf16 K0/eager/cold: p50=31.632us
T=32 R=64 gate_a/segmented/bf16 K0/cuda_graph/hot: p50=22.464us
T=32 R=64 gate_a/segmented/bf16 K0/cuda_graph/cold: p50=31.360us
T=32 R=64 gate_a/bmm/bf16: BMM_DISQUALIFIED:nonuniform_M_g
T=32 R=64 gate_consumer/indexed/bf16 K0/eager/hot: p50=51.984us
T=32 R=64 gate_consumer/indexed/bf16 K0/eager/cold: p50=19.840us
T=32 R=64 gate_consumer/indexed/bf16 K0/cuda_graph/hot: p50=15.824us
T=32 R=64 gate_consumer/indexed/bf16 K0/cuda_graph/cold: p50=19.488us
T=32 R=64 gate_consumer/aligned/bf16 K0/eager/hot: p50=74.880us
T=32 R=64 gate_consumer/aligned/bf16 K0/eager/cold: p50=24.704us
T=32 R=64 gate_consumer/aligned/bf16 K0/cuda_graph/hot: p50=15.360us
T=32 R=64 gate_consumer/aligned/bf16 K0/cuda_graph/cold: p50=19.392us
T=32 R=64 gate_consumer/segmented/bf16 K0/eager/hot: p50=63.712us
T=32 R=64 gate_consumer/segmented/bf16 K0/eager/cold: p50=21.600us
T=32 R=64 gate_consumer/segmented/bf16 K0/cuda_graph/hot: p50=15.424us
T=32 R=64 gate_consumer/segmented/bf16 K0/cuda_graph/cold: p50=19.280us
T=32 R=64 gate_consumer/bmm/bf16: BMM_DISQUALIFIED:nonuniform_M_g
T=32 R=64 down_a/indexed/bf16 K0/eager/hot: p50=34.240us
T=32 R=64 down_a/indexed/bf16 K0/eager/cold: p50=11.856us
T=32 R=64 down_a/indexed/bf16 K0/cuda_graph/hot: p50=11.072us
T=32 R=64 down_a/indexed/bf16 K0/cuda_graph/cold: p50=11.200us
T=32 R=64 down_a/aligned/bf16 K0/eager/hot: p50=38.624us
T=32 R=64 down_a/aligned/bf16 K0/eager/cold: p50=11.616us
T=32 R=64 down_a/aligned/bf16 K0/cuda_graph/hot: p50=10.976us
T=32 R=64 down_a/aligned/bf16 K0/cuda_graph/cold: p50=11.072us
T=32 R=64 down_a/segmented/bf16 K0/eager/hot: p50=34.672us
T=32 R=64 down_a/segmented/bf16 K0/eager/cold: p50=12.960us
T=32 R=64 down_a/segmented/bf16 K0/cuda_graph/hot: p50=10.976us
T=32 R=64 down_a/segmented/bf16 K0/cuda_graph/cold: p50=12.352us
T=32 R=64 down_a/bmm/bf16: BMM_DISQUALIFIED:nonuniform_M_g
T=32 R=64 down_finalize/indexed/bf16 K0/eager/hot: p50=34.864us
T=32 R=64 down_finalize/indexed/bf16 K0/eager/cold: p50=20.656us
T=32 R=64 down_finalize/indexed/bf16 K0/cuda_graph/hot: p50=15.520us
T=32 R=64 down_finalize/indexed/bf16 K0/cuda_graph/cold: p50=20.720us
T=32 R=64 down_finalize/aligned/bf16 K0/eager/hot: p50=60.128us
T=32 R=64 down_finalize/aligned/bf16 K0/eager/cold: p50=22.128us
T=32 R=64 down_finalize/aligned/bf16 K0/cuda_graph/hot: p50=14.720us
T=32 R=64 down_finalize/aligned/bf16 K0/cuda_graph/cold: p50=20.080us
T=32 R=64 down_finalize/segmented/bf16 K0/eager/hot: p50=55.392us
T=32 R=64 down_finalize/segmented/bf16 K0/eager/cold: p50=20.864us
T=32 R=64 down_finalize/segmented/bf16 K0/cuda_graph/hot: p50=17.280us
T=32 R=64 down_finalize/segmented/bf16 K0/cuda_graph/cold: p50=19.680us
T=32 R=64 down_finalize/bmm/bf16: BMM_DISQUALIFIED:nonuniform_M_g
T=32 R=64 down_finalize/one_shot_bf16/bf16 K0/eager/hot: p50=125.808us
T=32 R=64 down_finalize/one_shot_bf16/bf16 K0/eager/cold: p50=128.992us
T=32 R=64 down_finalize/one_shot_bf16/bf16 K0/cuda_graph/hot: p50=124.864us
T=32 R=64 down_finalize/one_shot_bf16/bf16 K0/cuda_graph/cold: p50=127.968us
T=32 R=64 down_finalize/one_shot_fp32/bf16 K0/eager/hot: p50=125.232us
T=32 R=64 down_finalize/one_shot_fp32/bf16 K0/eager/cold: p50=130.752us
T=32 R=64 down_finalize/one_shot_fp32/bf16 K0/cuda_graph/hot: p50=125.328us
T=32 R=64 down_finalize/one_shot_fp32/bf16 K0/cuda_graph/cold: p50=127.472us
T=256 R=64 gate_a/indexed/bf16 K0/eager/hot: p50=116.768us
T=256 R=64 gate_a/indexed/bf16 K0/eager/cold: p50=119.360us
T=256 R=64 gate_a/indexed/bf16 K0/cuda_graph/hot: p50=116.592us
T=256 R=64 gate_a/indexed/bf16 K0/cuda_graph/cold: p50=118.576us
T=256 R=64 gate_a/aligned/bf16 K0/eager/hot: p50=42.624us
T=256 R=64 gate_a/aligned/bf16 K0/eager/cold: p50=31.216us
T=256 R=64 gate_a/aligned/bf16 K0/cuda_graph/hot: p50=25.824us
T=256 R=64 gate_a/aligned/bf16 K0/cuda_graph/cold: p50=30.960us
T=256 R=64 gate_a/segmented/bf16 K0/eager/hot: p50=40.704us
T=256 R=64 gate_a/segmented/bf16 K0/eager/cold: p50=35.360us
T=256 R=64 gate_a/segmented/bf16 K0/cuda_graph/hot: p50=29.680us
T=256 R=64 gate_a/segmented/bf16 K0/cuda_graph/cold: p50=36.608us
T=256 R=64 gate_a/bmm/bf16: BMM_DISQUALIFIED:nonuniform_M_g
T=256 R=64 gate_consumer/indexed/bf16 K0/eager/hot: p50=68.640us
T=256 R=64 gate_consumer/indexed/bf16 K0/eager/cold: p50=69.488us
T=256 R=64 gate_consumer/indexed/bf16 K0/cuda_graph/hot: p50=67.840us
T=256 R=64 gate_consumer/indexed/bf16 K0/cuda_graph/cold: p50=69.024us
T=256 R=64 gate_consumer/aligned/bf16 K0/eager/hot: p50=78.544us
T=256 R=64 gate_consumer/aligned/bf16 K0/eager/cold: p50=37.648us
T=256 R=64 gate_consumer/aligned/bf16 K0/cuda_graph/hot: p50=28.240us
T=256 R=64 gate_consumer/aligned/bf16 K0/cuda_graph/cold: p50=34.720us
T=256 R=64 gate_consumer/segmented/bf16 K0/eager/hot: p50=66.032us
T=256 R=64 gate_consumer/segmented/bf16 K0/eager/cold: p50=34.272us
T=256 R=64 gate_consumer/segmented/bf16 K0/cuda_graph/hot: p50=30.864us
T=256 R=64 gate_consumer/segmented/bf16 K0/cuda_graph/cold: p50=33.824us
T=256 R=64 gate_consumer/bmm/bf16: BMM_DISQUALIFIED:nonuniform_M_g
T=256 R=64 down_a/indexed/bf16 K0/eager/hot: p50=39.168us
T=256 R=64 down_a/indexed/bf16 K0/eager/cold: p50=24.896us
T=256 R=64 down_a/indexed/bf16 K0/cuda_graph/hot: p50=23.232us
T=256 R=64 down_a/indexed/bf16 K0/cuda_graph/cold: p50=24.400us
T=256 R=64 down_a/aligned/bf16 K0/eager/hot: p50=39.088us
T=256 R=64 down_a/aligned/bf16 K0/eager/cold: p50=12.768us
T=256 R=64 down_a/aligned/bf16 K0/cuda_graph/hot: p50=11.504us
T=256 R=64 down_a/aligned/bf16 K0/cuda_graph/cold: p50=12.208us
T=256 R=64 down_a/segmented/bf16 K0/eager/hot: p50=35.616us
T=256 R=64 down_a/segmented/bf16 K0/eager/cold: p50=13.792us
T=256 R=64 down_a/segmented/bf16 K0/cuda_graph/hot: p50=11.728us
T=256 R=64 down_a/segmented/bf16 K0/cuda_graph/cold: p50=13.472us
T=256 R=64 down_a/bmm/bf16: BMM_DISQUALIFIED:nonuniform_M_g
T=256 R=64 down_finalize/indexed/bf16 K0/eager/hot: p50=79.392us
T=256 R=64 down_finalize/indexed/bf16 K0/eager/cold: p50=81.952us
T=256 R=64 down_finalize/indexed/bf16 K0/cuda_graph/hot: p50=79.664us
T=256 R=64 down_finalize/indexed/bf16 K0/cuda_graph/cold: p50=82.048us
T=256 R=64 down_finalize/aligned/bf16 K0/eager/hot: p50=60.816us
T=256 R=64 down_finalize/aligned/bf16 K0/eager/cold: p50=32.576us
T=256 R=64 down_finalize/aligned/bf16 K0/cuda_graph/hot: p50=28.704us
T=256 R=64 down_finalize/aligned/bf16 K0/cuda_graph/cold: p50=31.440us
T=256 R=64 down_finalize/segmented/bf16 K0/eager/hot: p50=61.680us
T=256 R=64 down_finalize/segmented/bf16 K0/eager/cold: p50=59.344us
T=256 R=64 down_finalize/segmented/bf16 K0/cuda_graph/hot: p50=55.408us
T=256 R=64 down_finalize/segmented/bf16 K0/cuda_graph/cold: p50=56.144us
T=256 R=64 down_finalize/bmm/bf16: BMM_DISQUALIFIED:nonuniform_M_g
T=256 R=64 down_finalize/one_shot_bf16/bf16 K0/eager/hot: p50=902.416us
T=256 R=64 down_finalize/one_shot_bf16/bf16 K0/eager/cold: p50=906.192us
T=256 R=64 down_finalize/one_shot_bf16/bf16 K0/cuda_graph/hot: p50=901.616us
T=256 R=64 down_finalize/one_shot_bf16/bf16 K0/cuda_graph/cold: p50=905.056us
T=256 R=64 down_finalize/one_shot_fp32/bf16 K0/eager/hot: p50=900.752us
T=256 R=64 down_finalize/one_shot_fp32/bf16 K0/eager/cold: p50=902.608us
T=256 R=64 down_finalize/one_shot_fp32/bf16 K0/cuda_graph/hot: p50=899.152us
T=256 R=64 down_finalize/one_shot_fp32/bf16 K0/cuda_graph/cold: p50=902.112us
T=2048 R=64 gate_a/indexed/bf16 K0/eager/hot: p50=845.040us
T=2048 R=64 gate_a/indexed/bf16 K0/eager/cold: p50=848.592us
T=2048 R=64 gate_a/indexed/bf16 K0/cuda_graph/hot: p50=844.896us
T=2048 R=64 gate_a/indexed/bf16 K0/cuda_graph/cold: p50=846.064us
T=2048 R=64 gate_a/aligned/bf16 K0/eager/hot: p50=66.064us
T=2048 R=64 gate_a/aligned/bf16 K0/eager/cold: p50=66.128us
T=2048 R=64 gate_a/aligned/bf16 K0/cuda_graph/hot: p50=65.552us
T=2048 R=64 gate_a/aligned/bf16 K0/cuda_graph/cold: p50=65.408us
T=2048 R=64 gate_a/segmented/bf16 K0/eager/hot: p50=71.120us
T=2048 R=64 gate_a/segmented/bf16 K0/eager/cold: p50=72.080us
T=2048 R=64 gate_a/segmented/bf16 K0/cuda_graph/hot: p50=70.560us
T=2048 R=64 gate_a/segmented/bf16 K0/cuda_graph/cold: p50=70.768us
T=2048 R=64 gate_a/bmm/bf16: BMM_DISQUALIFIED:nonuniform_M_g
T=2048 R=64 gate_consumer/indexed/bf16 K0/eager/hot: p50=475.808us
T=2048 R=64 gate_consumer/indexed/bf16 K0/eager/cold: p50=477.168us
T=2048 R=64 gate_consumer/indexed/bf16 K0/cuda_graph/hot: p50=475.744us
T=2048 R=64 gate_consumer/indexed/bf16 K0/cuda_graph/cold: p50=476.928us
T=2048 R=64 gate_consumer/aligned/bf16 K0/eager/hot: p50=141.280us
T=2048 R=64 gate_consumer/aligned/bf16 K0/eager/cold: p50=145.888us
T=2048 R=64 gate_consumer/aligned/bf16 K0/cuda_graph/hot: p50=140.528us
T=2048 R=64 gate_consumer/aligned/bf16 K0/cuda_graph/cold: p50=142.832us
T=2048 R=64 gate_consumer/segmented/bf16 K0/eager/hot: p50=191.744us
T=2048 R=64 gate_consumer/segmented/bf16 K0/eager/cold: p50=192.128us
T=2048 R=64 gate_consumer/segmented/bf16 K0/cuda_graph/hot: p50=190.752us
T=2048 R=64 gate_consumer/segmented/bf16 K0/cuda_graph/cold: p50=191.088us
T=2048 R=64 gate_consumer/bmm/bf16: BMM_DISQUALIFIED:nonuniform_M_g
T=2048 R=64 down_a/indexed/bf16 K0/eager/hot: p50=132.576us
T=2048 R=64 down_a/indexed/bf16 K0/eager/cold: p50=135.648us
T=2048 R=64 down_a/indexed/bf16 K0/cuda_graph/hot: p50=132.144us
T=2048 R=64 down_a/indexed/bf16 K0/cuda_graph/cold: p50=134.576us
T=2048 R=64 down_a/aligned/bf16 K0/eager/hot: p50=41.584us
T=2048 R=64 down_a/aligned/bf16 K0/eager/cold: p50=18.816us
T=2048 R=64 down_a/aligned/bf16 K0/cuda_graph/hot: p50=16.704us
T=2048 R=64 down_a/aligned/bf16 K0/cuda_graph/cold: p50=18.304us
T=2048 R=64 down_a/segmented/bf16 K0/eager/hot: p50=40.368us
T=2048 R=64 down_a/segmented/bf16 K0/eager/cold: p50=20.656us
T=2048 R=64 down_a/segmented/bf16 K0/cuda_graph/hot: p50=19.552us
T=2048 R=64 down_a/segmented/bf16 K0/cuda_graph/cold: p50=20.096us
T=2048 R=64 down_a/bmm/bf16: BMM_DISQUALIFIED:nonuniform_M_g
T=2048 R=64 down_finalize/indexed/bf16 K0/eager/hot: p50=572.736us
T=2048 R=64 down_finalize/indexed/bf16 K0/eager/cold: p50=575.728us
T=2048 R=64 down_finalize/indexed/bf16 K0/cuda_graph/hot: p50=572.848us
T=2048 R=64 down_finalize/indexed/bf16 K0/cuda_graph/cold: p50=575.904us
T=2048 R=64 down_finalize/aligned/bf16 K0/eager/hot: p50=135.776us
T=2048 R=64 down_finalize/aligned/bf16 K0/eager/cold: p50=136.912us
T=2048 R=64 down_finalize/aligned/bf16 K0/cuda_graph/hot: p50=133.216us
T=2048 R=64 down_finalize/aligned/bf16 K0/cuda_graph/cold: p50=133.200us
T=2048 R=64 down_finalize/segmented/bf16 K0/eager/hot: p50=417.840us
T=2048 R=64 down_finalize/segmented/bf16 K0/eager/cold: p50=417.664us
T=2048 R=64 down_finalize/segmented/bf16 K0/cuda_graph/hot: p50=415.376us
T=2048 R=64 down_finalize/segmented/bf16 K0/cuda_graph/cold: p50=415.456us
T=2048 R=64 down_finalize/bmm/bf16: BMM_DISQUALIFIED:nonuniform_M_g
T=2048 R=64 down_finalize/one_shot_bf16/bf16 K0/eager/hot: p50=7112.368us
T=2048 R=64 down_finalize/one_shot_bf16/bf16 K0/eager/cold: p50=7116.176us
T=2048 R=64 down_finalize/one_shot_bf16/bf16 K0/cuda_graph/hot: p50=7113.680us
T=2048 R=64 down_finalize/one_shot_bf16/bf16 K0/cuda_graph/cold: p50=7114.384us
T=2048 R=64 down_finalize/one_shot_fp32/bf16 K0/eager/hot: p50=7658.800us
T=2048 R=64 down_finalize/one_shot_fp32/bf16 K0/eager/cold: p50=7174.272us
T=2048 R=64 down_finalize/one_shot_fp32/bf16 K0/cuda_graph/hot: p50=7143.648us
T=2048 R=64 down_finalize/one_shot_fp32/bf16 K0/cuda_graph/cold: p50=7182.848us
T=32 R=64 gate_a/indexed/bf16 O0/eager/hot: p50=41.808us
T=32 R=64 gate_a/indexed/bf16 O0/eager/cold: p50=30.032us
T=32 R=64 gate_a/indexed/bf16 O0/cuda_graph/hot: p50=24.576us
T=32 R=64 gate_a/indexed/bf16 O0/cuda_graph/cold: p50=29.504us
T=32 R=64 gate_a/aligned/bf16 O0/eager/hot: p50=192.336us
T=32 R=64 gate_a/aligned/bf16 O0/eager/cold: p50=140.832us
T=32 R=64 gate_a/aligned/bf16 O0/cuda_graph/hot: p50=36.224us
T=32 R=64 gate_a/aligned/bf16 O0/cuda_graph/cold: p50=50.080us
T=32 R=64 gate_a/segmented/bf16 O0/eager/hot: p50=218.464us
T=32 R=64 gate_a/segmented/bf16 O0/eager/cold: p50=167.936us
T=32 R=64 gate_a/segmented/bf16 O0/cuda_graph/hot: p50=70.944us
T=32 R=64 gate_a/segmented/bf16 O0/cuda_graph/cold: p50=82.896us
T=32 R=64 gate_a/bmm/bf16: BMM_DISQUALIFIED:nonuniform_M_g
T=32 R=64 gate_consumer/indexed/bf16 O0/eager/hot: p50=52.752us
T=32 R=64 gate_consumer/indexed/bf16 O0/eager/cold: p50=19.968us
T=32 R=64 gate_consumer/indexed/bf16 O0/cuda_graph/hot: p50=15.760us
T=32 R=64 gate_consumer/indexed/bf16 O0/cuda_graph/cold: p50=19.344us
T=32 R=64 gate_consumer/aligned/bf16 O0/eager/hot: p50=228.320us
T=32 R=64 gate_consumer/aligned/bf16 O0/eager/cold: p50=178.512us
T=32 R=64 gate_consumer/aligned/bf16 O0/cuda_graph/hot: p50=37.040us
T=32 R=64 gate_consumer/aligned/bf16 O0/cuda_graph/cold: p50=43.856us
T=32 R=64 gate_consumer/segmented/bf16 O0/eager/hot: p50=236.240us
T=32 R=64 gate_consumer/segmented/bf16 O0/eager/cold: p50=186.848us
T=32 R=64 gate_consumer/segmented/bf16 O0/cuda_graph/hot: p50=63.712us
T=32 R=64 gate_consumer/segmented/bf16 O0/cuda_graph/cold: p50=71.280us
T=32 R=64 gate_consumer/bmm/bf16: BMM_DISQUALIFIED:nonuniform_M_g
T=32 R=64 down_a/indexed/bf16 O0/eager/hot: p50=32.880us
T=32 R=64 down_a/indexed/bf16 O0/eager/cold: p50=11.968us
T=32 R=64 down_a/indexed/bf16 O0/cuda_graph/hot: p50=10.896us
T=32 R=64 down_a/indexed/bf16 O0/cuda_graph/cold: p50=11.088us
T=32 R=64 down_a/aligned/bf16 O0/eager/hot: p50=187.536us
T=32 R=64 down_a/aligned/bf16 O0/eager/cold: p50=133.696us
T=32 R=64 down_a/aligned/bf16 O0/cuda_graph/hot: p50=30.960us
T=32 R=64 down_a/aligned/bf16 O0/cuda_graph/cold: p50=36.752us
T=32 R=64 down_a/segmented/bf16 O0/eager/hot: p50=211.792us
T=32 R=64 down_a/segmented/bf16 O0/eager/cold: p50=163.120us
T=32 R=64 down_a/segmented/bf16 O0/cuda_graph/hot: p50=56.896us
T=32 R=64 down_a/segmented/bf16 O0/cuda_graph/cold: p50=64.512us
T=32 R=64 down_a/bmm/bf16: BMM_DISQUALIFIED:nonuniform_M_g
T=32 R=64 down_finalize/indexed/bf16 O0/eager/hot: p50=35.632us
T=32 R=64 down_finalize/indexed/bf16 O0/eager/cold: p50=20.624us
T=32 R=64 down_finalize/indexed/bf16 O0/cuda_graph/hot: p50=15.232us
T=32 R=64 down_finalize/indexed/bf16 O0/cuda_graph/cold: p50=20.512us
T=32 R=64 down_finalize/aligned/bf16 O0/eager/hot: p50=211.488us
T=32 R=64 down_finalize/aligned/bf16 O0/eager/cold: p50=161.600us
T=32 R=64 down_finalize/aligned/bf16 O0/cuda_graph/hot: p50=36.256us
T=32 R=64 down_finalize/aligned/bf16 O0/cuda_graph/cold: p50=44.048us
T=32 R=64 down_finalize/segmented/bf16 O0/eager/hot: p50=231.728us
T=32 R=64 down_finalize/segmented/bf16 O0/eager/cold: p50=184.256us
T=32 R=64 down_finalize/segmented/bf16 O0/cuda_graph/hot: p50=65.440us
T=32 R=64 down_finalize/segmented/bf16 O0/cuda_graph/cold: p50=71.792us
T=32 R=64 down_finalize/bmm/bf16: BMM_DISQUALIFIED:nonuniform_M_g
T=32 R=64 down_finalize/one_shot_bf16/bf16 O0/eager/hot: p50=125.520us
T=32 R=64 down_finalize/one_shot_bf16/bf16 O0/eager/cold: p50=128.288us
T=32 R=64 down_finalize/one_shot_bf16/bf16 O0/cuda_graph/hot: p50=124.720us
T=32 R=64 down_finalize/one_shot_bf16/bf16 O0/cuda_graph/cold: p50=127.744us
T=32 R=64 down_finalize/one_shot_fp32/bf16 O0/eager/hot: p50=125.904us
T=32 R=64 down_finalize/one_shot_fp32/bf16 O0/eager/cold: p50=130.944us
T=32 R=64 down_finalize/one_shot_fp32/bf16 O0/cuda_graph/hot: p50=124.016us
T=32 R=64 down_finalize/one_shot_fp32/bf16 O0/cuda_graph/cold: p50=128.000us
T=256 R=64 gate_a/indexed/bf16 O0/eager/hot: p50=117.552us
T=256 R=64 gate_a/indexed/bf16 O0/eager/cold: p50=120.000us
T=256 R=64 gate_a/indexed/bf16 O0/cuda_graph/hot: p50=116.880us
T=256 R=64 gate_a/indexed/bf16 O0/cuda_graph/cold: p50=118.880us
T=256 R=64 gate_a/aligned/bf16 O0/eager/hot: p50=191.664us
T=256 R=64 gate_a/aligned/bf16 O0/eager/cold: p50=141.120us
T=256 R=64 gate_a/aligned/bf16 O0/cuda_graph/hot: p50=53.856us
T=256 R=64 gate_a/aligned/bf16 O0/cuda_graph/cold: p50=59.584us
T=256 R=64 gate_a/segmented/bf16 O0/eager/hot: p50=220.256us
T=256 R=64 gate_a/segmented/bf16 O0/eager/cold: p50=168.752us
T=256 R=64 gate_a/segmented/bf16 O0/cuda_graph/hot: p50=85.568us
T=256 R=64 gate_a/segmented/bf16 O0/cuda_graph/cold: p50=91.168us
T=256 R=64 gate_a/bmm/bf16: BMM_DISQUALIFIED:nonuniform_M_g
T=256 R=64 gate_consumer/indexed/bf16 O0/eager/hot: p50=67.888us
T=256 R=64 gate_consumer/indexed/bf16 O0/eager/cold: p50=68.864us
T=256 R=64 gate_consumer/indexed/bf16 O0/cuda_graph/hot: p50=66.752us
T=256 R=64 gate_consumer/indexed/bf16 O0/cuda_graph/cold: p50=68.736us
T=256 R=64 gate_consumer/aligned/bf16 O0/eager/hot: p50=230.864us
T=256 R=64 gate_consumer/aligned/bf16 O0/eager/cold: p50=180.912us
T=256 R=64 gate_consumer/aligned/bf16 O0/cuda_graph/hot: p50=51.952us
T=256 R=64 gate_consumer/aligned/bf16 O0/cuda_graph/cold: p50=61.808us
T=256 R=64 gate_consumer/segmented/bf16 O0/eager/hot: p50=242.592us
T=256 R=64 gate_consumer/segmented/bf16 O0/eager/cold: p50=193.344us
T=256 R=64 gate_consumer/segmented/bf16 O0/cuda_graph/hot: p50=82.864us
T=256 R=64 gate_consumer/segmented/bf16 O0/cuda_graph/cold: p50=89.168us
T=256 R=64 gate_consumer/bmm/bf16: BMM_DISQUALIFIED:nonuniform_M_g
T=256 R=64 down_a/indexed/bf16 O0/eager/hot: p50=39.680us
T=256 R=64 down_a/indexed/bf16 O0/eager/cold: p50=24.944us
T=256 R=64 down_a/indexed/bf16 O0/cuda_graph/hot: p50=23.296us
T=256 R=64 down_a/indexed/bf16 O0/cuda_graph/cold: p50=24.160us
T=256 R=64 down_a/aligned/bf16 O0/eager/hot: p50=188.800us
T=256 R=64 down_a/aligned/bf16 O0/eager/cold: p50=134.320us
T=256 R=64 down_a/aligned/bf16 O0/cuda_graph/hot: p50=33.456us
T=256 R=64 down_a/aligned/bf16 O0/cuda_graph/cold: p50=40.576us
T=256 R=64 down_a/segmented/bf16 O0/eager/hot: p50=213.424us
T=256 R=64 down_a/segmented/bf16 O0/eager/cold: p50=161.056us
T=256 R=64 down_a/segmented/bf16 O0/cuda_graph/hot: p50=61.184us
T=256 R=64 down_a/segmented/bf16 O0/cuda_graph/cold: p50=68.976us
T=256 R=64 down_a/bmm/bf16: BMM_DISQUALIFIED:nonuniform_M_g
T=256 R=64 down_finalize/indexed/bf16 O0/eager/hot: p50=79.312us
T=256 R=64 down_finalize/indexed/bf16 O0/eager/cold: p50=81.856us
T=256 R=64 down_finalize/indexed/bf16 O0/cuda_graph/hot: p50=79.568us
T=256 R=64 down_finalize/indexed/bf16 O0/cuda_graph/cold: p50=82.048us
T=256 R=64 down_finalize/aligned/bf16 O0/eager/hot: p50=212.400us
T=256 R=64 down_finalize/aligned/bf16 O0/eager/cold: p50=161.472us
T=256 R=64 down_finalize/aligned/bf16 O0/cuda_graph/hot: p50=56.096us
T=256 R=64 down_finalize/aligned/bf16 O0/cuda_graph/cold: p50=59.104us
T=256 R=64 down_finalize/segmented/bf16 O0/eager/hot: p50=239.424us
T=256 R=64 down_finalize/segmented/bf16 O0/eager/cold: p50=187.568us
T=256 R=64 down_finalize/segmented/bf16 O0/cuda_graph/hot: p50=110.688us
T=256 R=64 down_finalize/segmented/bf16 O0/cuda_graph/cold: p50=111.424us
T=256 R=64 down_finalize/bmm/bf16: BMM_DISQUALIFIED:nonuniform_M_g
T=256 R=64 down_finalize/one_shot_bf16/bf16 O0/eager/hot: p50=903.216us
T=256 R=64 down_finalize/one_shot_bf16/bf16 O0/eager/cold: p50=906.624us
T=256 R=64 down_finalize/one_shot_bf16/bf16 O0/cuda_graph/hot: p50=900.400us
T=256 R=64 down_finalize/one_shot_bf16/bf16 O0/cuda_graph/cold: p50=902.608us
T=256 R=64 down_finalize/one_shot_fp32/bf16 O0/eager/hot: p50=899.728us
T=256 R=64 down_finalize/one_shot_fp32/bf16 O0/eager/cold: p50=902.208us
T=256 R=64 down_finalize/one_shot_fp32/bf16 O0/cuda_graph/hot: p50=898.576us
T=256 R=64 down_finalize/one_shot_fp32/bf16 O0/cuda_graph/cold: p50=901.744us
T=2048 R=64 gate_a/indexed/bf16 O0/eager/hot: p50=845.120us
T=2048 R=64 gate_a/indexed/bf16 O0/eager/cold: p50=848.336us
T=2048 R=64 gate_a/indexed/bf16 O0/cuda_graph/hot: p50=845.200us
T=2048 R=64 gate_a/indexed/bf16 O0/cuda_graph/cold: p50=847.216us
T=2048 R=64 gate_a/aligned/bf16 O0/eager/hot: p50=195.296us
T=2048 R=64 gate_a/aligned/bf16 O0/eager/cold: p50=142.048us
T=2048 R=64 gate_a/aligned/bf16 O0/cuda_graph/hot: p50=102.192us
T=2048 R=64 gate_a/aligned/bf16 O0/cuda_graph/cold: p50=101.904us
T=2048 R=64 gate_a/segmented/bf16 O0/eager/hot: p50=252.576us
T=2048 R=64 gate_a/segmented/bf16 O0/eager/cold: p50=197.952us
T=2048 R=64 gate_a/segmented/bf16 O0/cuda_graph/hot: p50=184.944us
T=2048 R=64 gate_a/segmented/bf16 O0/cuda_graph/cold: p50=183.328us
T=2048 R=64 gate_a/bmm/bf16: BMM_DISQUALIFIED:nonuniform_M_g
T=2048 R=64 gate_consumer/indexed/bf16 O0/eager/hot: p50=476.000us
T=2048 R=64 gate_consumer/indexed/bf16 O0/eager/cold: p50=477.040us
T=2048 R=64 gate_consumer/indexed/bf16 O0/cuda_graph/hot: p50=475.584us
T=2048 R=64 gate_consumer/indexed/bf16 O0/cuda_graph/cold: p50=476.624us
T=2048 R=64 gate_consumer/aligned/bf16 O0/eager/hot: p50=239.280us
T=2048 R=64 gate_consumer/aligned/bf16 O0/eager/cold: p50=190.448us
T=2048 R=64 gate_consumer/aligned/bf16 O0/cuda_graph/hot: p50=175.200us
T=2048 R=64 gate_consumer/aligned/bf16 O0/cuda_graph/cold: p50=178.080us
T=2048 R=64 gate_consumer/segmented/bf16 O0/eager/hot: p50=313.840us
T=2048 R=64 gate_consumer/segmented/bf16 O0/eager/cold: p50=315.728us
T=2048 R=64 gate_consumer/segmented/bf16 O0/cuda_graph/hot: p50=303.024us
T=2048 R=64 gate_consumer/segmented/bf16 O0/cuda_graph/cold: p50=302.672us
T=2048 R=64 gate_consumer/bmm/bf16: BMM_DISQUALIFIED:nonuniform_M_g
T=2048 R=64 down_a/indexed/bf16 O0/eager/hot: p50=133.024us
T=2048 R=64 down_a/indexed/bf16 O0/eager/cold: p50=135.792us
T=2048 R=64 down_a/indexed/bf16 O0/cuda_graph/hot: p50=131.856us
T=2048 R=64 down_a/indexed/bf16 O0/cuda_graph/cold: p50=134.720us
T=2048 R=64 down_a/aligned/bf16 O0/eager/hot: p50=189.280us
T=2048 R=64 down_a/aligned/bf16 O0/eager/cold: p50=137.104us
T=2048 R=64 down_a/aligned/bf16 O0/cuda_graph/hot: p50=47.664us
T=2048 R=64 down_a/aligned/bf16 O0/cuda_graph/cold: p50=54.384us
T=2048 R=64 down_a/segmented/bf16 O0/eager/hot: p50=246.144us
T=2048 R=64 down_a/segmented/bf16 O0/eager/cold: p50=195.472us
T=2048 R=64 down_a/segmented/bf16 O0/cuda_graph/hot: p50=124.912us
T=2048 R=64 down_a/segmented/bf16 O0/cuda_graph/cold: p50=132.336us
T=2048 R=64 down_a/bmm/bf16: BMM_DISQUALIFIED:nonuniform_M_g
T=2048 R=64 down_finalize/indexed/bf16 O0/eager/hot: p50=572.720us
T=2048 R=64 down_finalize/indexed/bf16 O0/eager/cold: p50=575.312us
T=2048 R=64 down_finalize/indexed/bf16 O0/cuda_graph/hot: p50=572.768us
T=2048 R=64 down_finalize/indexed/bf16 O0/cuda_graph/cold: p50=575.296us
T=2048 R=64 down_finalize/aligned/bf16 O0/eager/hot: p50=222.144us
T=2048 R=64 down_finalize/aligned/bf16 O0/eager/cold: p50=182.448us
T=2048 R=64 down_finalize/aligned/bf16 O0/cuda_graph/hot: p50=168.864us
T=2048 R=64 down_finalize/aligned/bf16 O0/cuda_graph/cold: p50=168.864us
T=2048 R=64 down_finalize/segmented/bf16 O0/eager/hot: p50=542.944us
T=2048 R=64 down_finalize/segmented/bf16 O0/eager/cold: p50=541.792us
T=2048 R=64 down_finalize/segmented/bf16 O0/cuda_graph/hot: p50=528.864us
T=2048 R=64 down_finalize/segmented/bf16 O0/cuda_graph/cold: p50=529.568us
T=2048 R=64 down_finalize/bmm/bf16: BMM_DISQUALIFIED:nonuniform_M_g
T=2048 R=64 down_finalize/one_shot_bf16/bf16 O0/eager/hot: p50=7114.064us
T=2048 R=64 down_finalize/one_shot_bf16/bf16 O0/eager/cold: p50=7120.768us
T=2048 R=64 down_finalize/one_shot_bf16/bf16 O0/cuda_graph/hot: p50=7120.112us
T=2048 R=64 down_finalize/one_shot_bf16/bf16 O0/cuda_graph/cold: p50=7120.096us
T=2048 R=64 down_finalize/one_shot_fp32/bf16 O0/eager/hot: p50=7776.224us
T=2048 R=64 down_finalize/one_shot_fp32/bf16 O0/eager/cold: p50=7245.296us
T=2048 R=64 down_finalize/one_shot_fp32/bf16 O0/cuda_graph/hot: p50=7143.312us
T=2048 R=64 down_finalize/one_shot_fp32/bf16 O0/cuda_graph/cold: p50=7154.832us
