/usr/local/lib/python3.12/dist-packages/torch/cuda/__init__.py:61: FutureWarning: The pynvml package is deprecated. Please install nvidia-ml-py instead. If you did not install pynvml directly, please report this to the maintainers of the package that installed pynvml for you.
  import pynvml  # type: ignore[import]
Warning: You are sending unauthenticated requests to the HF Hub. Please set a HF_TOKEN to enable higher rate limits and faster downloads.
max_running_requests_per_dp=4096
dp_size=1
skip_max_running_requests_threshold=4096
skip_token_capacity_threshold=751424
======== Warmup Begin ========
Warmup with batch_size=[16, 1, 32]
#Input tokens: 16384
#Output tokens: 256
batch size: 16
input_len: 1024
output_len: 16
latency: 0.92 s
input throughput: 19564.47 tok/s
output throughput: 2977.52 tok/s
last_ttft: 0.84 s
last generation throughput: 0.00 tok/s
#Input tokens: 1024
#Output tokens: 16
batch size: 1
input_len: 1024
output_len: 16
latency: 0.11 s
input throughput: 15643.45 tok/s
output throughput: 381.79 tok/s
last_ttft: 0.07 s
last generation throughput: 0.00 tok/s
#Input tokens: 32768
#Output tokens: 512
batch size: 32
input_len: 1024
output_len: 16
latency: 0.33 s
input throughput: 148202.25 tok/s
output throughput: 4683.29 tok/s
last_ttft: 0.22 s
last generation throughput: 0.00 tok/s
======== Warmup End   ========

#Input tokens: 128
#Output tokens: 32
batch size: 1
input_len: 128
output_len: 32
latency: 0.15 s
input throughput: 1930.94 tok/s
output throughput: 371.50 tok/s
last_ttft: 0.07 s
last generation throughput: 0.00 tok/s
#Input tokens: 2048
#Output tokens: 512
batch size: 16
input_len: 128
output_len: 32
latency: 0.54 s
input throughput: 5546.36 tok/s
output throughput: 3082.59 tok/s
last_ttft: 0.37 s
last generation throughput: 0.00 tok/s
#Input tokens: 4096
#Output tokens: 1024
batch size: 32
input_len: 128
output_len: 32
latency: 0.27 s
input throughput: 56708.62 tok/s
output throughput: 5254.77 tok/s
last_ttft: 0.07 s
last generation throughput: 0.00 tok/s

Results are saved to /mirror/artifacts/lifecycle_gb300/results_v2/lora_c_evict.jsonl
