/usr/local/lib/python3.12/dist-packages/torch/cuda/__init__.py:61: FutureWarning: The pynvml package is deprecated. Please install nvidia-ml-py instead. If you did not install pynvml directly, please report this to the maintainers of the package that installed pynvml for you.
  import pynvml  # type: ignore[import]
T=32 R=64 gate_a/indexed/bf16 K0/cuda_graph/hot: p50=29.568us
T=32 R=64 down_a/indexed/bf16 K0/cuda_graph/hot: p50=11.856us
T=2048 R=64 gate_a/indexed/bf16 K0/cuda_graph/hot: p50=1083.520us
T=2048 R=64 down_a/indexed/bf16 K0/cuda_graph/hot: p50=165.344us
/usr/local/lib/python3.12/dist-packages/torch/cuda/__init__.py:61: FutureWarning: The pynvml package is deprecated. Please install nvidia-ml-py instead. If you did not install pynvml directly, please report this to the maintainers of the package that installed pynvml for you.
  import pynvml  # type: ignore[import]
T=32 R=64 gate_a/indexed/bf16 K0/cuda_graph/hot: p50=26.032us
T=32 R=64 down_a/indexed/bf16 K0/cuda_graph/hot: p50=11.920us
T=2048 R=64 gate_a/indexed/bf16 K0/cuda_graph/hot: p50=909.264us
T=2048 R=64 down_a/indexed/bf16 K0/cuda_graph/hot: p50=144.832us
/usr/local/lib/python3.12/dist-packages/torch/cuda/__init__.py:61: FutureWarning: The pynvml package is deprecated. Please install nvidia-ml-py instead. If you did not install pynvml directly, please report this to the maintainers of the package that installed pynvml for you.
  import pynvml  # type: ignore[import]
T=32 R=64 gate_a/indexed/bf16 K0/cuda_graph/hot: p50=21.968us
T=32 R=64 down_a/indexed/bf16 K0/cuda_graph/hot: p50=10.800us
T=2048 R=64 gate_a/indexed/bf16 K0/cuda_graph/hot: p50=730.592us
T=2048 R=64 down_a/indexed/bf16 K0/cuda_graph/hot: p50=112.080us
/usr/local/lib/python3.12/dist-packages/torch/cuda/__init__.py:61: FutureWarning: The pynvml package is deprecated. Please install nvidia-ml-py instead. If you did not install pynvml directly, please report this to the maintainers of the package that installed pynvml for you.
  import pynvml  # type: ignore[import]
T=32 R=64 gate_a/indexed/bf16 K0/cuda_graph/hot: p50=21.920us
T=32 R=64 down_a/indexed/bf16 K0/cuda_graph/hot: p50=11.520us
T=2048 R=64 gate_a/indexed/bf16 K0/cuda_graph/hot: p50=706.016us
T=2048 R=64 down_a/indexed/bf16 K0/cuda_graph/hot: p50=110.688us
/usr/local/lib/python3.12/dist-packages/torch/cuda/__init__.py:61: FutureWarning: The pynvml package is deprecated. Please install nvidia-ml-py instead. If you did not install pynvml directly, please report this to the maintainers of the package that installed pynvml for you.
  import pynvml  # type: ignore[import]
T=32 R=64 gate_a/aligned/bf16 K0/cuda_graph/hot: p50=12.016us
T=32 R=64 down_a/aligned/bf16 K0/cuda_graph/hot: p50=10.736us
T=2048 R=64 gate_a/aligned/bf16 K0/cuda_graph/hot: p50=73.328us
T=2048 R=64 down_a/aligned/bf16 K0/cuda_graph/hot: p50=19.856us
/usr/local/lib/python3.12/dist-packages/torch/cuda/__init__.py:61: FutureWarning: The pynvml package is deprecated. Please install nvidia-ml-py instead. If you did not install pynvml directly, please report this to the maintainers of the package that installed pynvml for you.
  import pynvml  # type: ignore[import]
T=32 R=64 gate_a/aligned/bf16 K0/cuda_graph/hot: p50=12.032us
T=32 R=64 down_a/aligned/bf16 K0/cuda_graph/hot: p50=10.656us
T=2048 R=64 gate_a/aligned/bf16 K0/cuda_graph/hot: p50=69.264us
T=2048 R=64 down_a/aligned/bf16 K0/cuda_graph/hot: p50=19.904us
/usr/local/lib/python3.12/dist-packages/torch/cuda/__init__.py:61: FutureWarning: The pynvml package is deprecated. Please install nvidia-ml-py instead. If you did not install pynvml directly, please report this to the maintainers of the package that installed pynvml for you.
  import pynvml  # type: ignore[import]
T=32 R=64 gate_a/aligned/bf16 K0/cuda_graph/hot: p50=10.896us
T=32 R=64 down_a/aligned/bf16 K0/cuda_graph/hot: p50=10.816us
T=2048 R=64 gate_a/aligned/bf16 K0/cuda_graph/hot: p50=54.720us
T=2048 R=64 down_a/aligned/bf16 K0/cuda_graph/hot: p50=16.288us
/usr/local/lib/python3.12/dist-packages/torch/cuda/__init__.py:61: FutureWarning: The pynvml package is deprecated. Please install nvidia-ml-py instead. If you did not install pynvml directly, please report this to the maintainers of the package that installed pynvml for you.
  import pynvml  # type: ignore[import]
T=32 R=64 gate_a/aligned/bf16 K0/cuda_graph/hot: p50=11.888us
T=32 R=64 down_a/aligned/bf16 K0/cuda_graph/hot: p50=10.272us
T=2048 R=64 gate_a/aligned/bf16 K0/cuda_graph/hot: p50=56.720us
T=2048 R=64 down_a/aligned/bf16 K0/cuda_graph/hot: p50=17.824us
/usr/local/lib/python3.12/dist-packages/torch/cuda/__init__.py:61: FutureWarning: The pynvml package is deprecated. Please install nvidia-ml-py instead. If you did not install pynvml directly, please report this to the maintainers of the package that installed pynvml for you.
  import pynvml  # type: ignore[import]
T=32 R=64 gate_a/segmented/bf16 K0/cuda_graph/hot: p50=14.752us
T=32 R=64 down_a/segmented/bf16 K0/cuda_graph/hot: p50=10.992us
T=32 R=64 down_finalize/segmented/bf16 K0/cuda_graph/hot: p50=17.840us
T=2048 R=64 gate_a/segmented/bf16 K0/cuda_graph/hot: p50=81.392us
T=2048 R=64 down_a/segmented/bf16 K0/cuda_graph/hot: p50=24.528us
T=2048 R=64 down_finalize/segmented/bf16 K0/cuda_graph/hot: p50=591.328us
/usr/local/lib/python3.12/dist-packages/torch/cuda/__init__.py:61: FutureWarning: The pynvml package is deprecated. Please install nvidia-ml-py instead. If you did not install pynvml directly, please report this to the maintainers of the package that installed pynvml for you.
  import pynvml  # type: ignore[import]
T=32 R=64 gate_a/segmented/bf16 K0/cuda_graph/hot: p50=14.736us
T=32 R=64 down_a/segmented/bf16 K0/cuda_graph/hot: p50=11.296us
T=32 R=64 down_finalize/segmented/bf16 K0/cuda_graph/hot: p50=19.808us
T=2048 R=64 gate_a/segmented/bf16 K0/cuda_graph/hot: p50=74.576us
T=2048 R=64 down_a/segmented/bf16 K0/cuda_graph/hot: p50=28.240us
T=2048 R=64 down_finalize/segmented/bf16 K0/cuda_graph/hot: p50=647.120us
/usr/local/lib/python3.12/dist-packages/torch/cuda/__init__.py:61: FutureWarning: The pynvml package is deprecated. Please install nvidia-ml-py instead. If you did not install pynvml directly, please report this to the maintainers of the package that installed pynvml for you.
  import pynvml  # type: ignore[import]
T=32 R=64 gate_a/segmented/bf16 K0/cuda_graph/hot: p50=14.784us
T=32 R=64 down_a/segmented/bf16 K0/cuda_graph/hot: p50=10.544us
T=32 R=64 down_finalize/segmented/bf16 K0/cuda_graph/hot: p50=14.736us
T=2048 R=64 gate_a/segmented/bf16 K0/cuda_graph/hot: p50=60.864us
T=2048 R=64 down_a/segmented/bf16 K0/cuda_graph/hot: p50=17.792us
T=2048 R=64 down_finalize/segmented/bf16 K0/cuda_graph/hot: p50=341.472us
/usr/local/lib/python3.12/dist-packages/torch/cuda/__init__.py:61: FutureWarning: The pynvml package is deprecated. Please install nvidia-ml-py instead. If you did not install pynvml directly, please report this to the maintainers of the package that installed pynvml for you.
  import pynvml  # type: ignore[import]
T=32 R=64 gate_a/segmented/bf16 K0/cuda_graph/hot: p50=13.904us
T=32 R=64 down_a/segmented/bf16 K0/cuda_graph/hot: p50=10.624us
T=32 R=64 down_finalize/segmented/bf16 K0/cuda_graph/hot: p50=15.808us
T=2048 R=64 gate_a/segmented/bf16 K0/cuda_graph/hot: p50=60.144us
T=2048 R=64 down_a/segmented/bf16 K0/cuda_graph/hot: p50=21.520us
T=2048 R=64 down_finalize/segmented/bf16 K0/cuda_graph/hot: p50=409.024us
/usr/local/lib/python3.12/dist-packages/torch/cuda/__init__.py:61: FutureWarning: The pynvml package is deprecated. Please install nvidia-ml-py instead. If you did not install pynvml directly, please report this to the maintainers of the package that installed pynvml for you.
  import pynvml  # type: ignore[import]
T=32 R=64 gate_consumer/indexed/bf16 K0/cuda_graph/hot: p50=21.968us
T=32 R=64 gate_consumer/aligned/bf16 K0/cuda_graph/hot: p50=10.576us
T=32 R=64 gate_consumer/segmented/bf16 K0/cuda_graph/hot: p50=10.768us
T=2048 R=64 gate_consumer/indexed/bf16 K0/cuda_graph/hot: p50=492.992us
T=2048 R=64 gate_consumer/aligned/bf16 K0/cuda_graph/hot: p50=58.800us
T=2048 R=64 gate_consumer/segmented/bf16 K0/cuda_graph/hot: p50=140.736us
/usr/local/lib/python3.12/dist-packages/torch/cuda/__init__.py:61: FutureWarning: The pynvml package is deprecated. Please install nvidia-ml-py instead. If you did not install pynvml directly, please report this to the maintainers of the package that installed pynvml for you.
  import pynvml  # type: ignore[import]
T=32 R=64 gate_consumer/indexed/bf16 K0/cuda_graph/hot: p50=17.632us
T=32 R=64 gate_consumer/aligned/bf16 K0/cuda_graph/hot: p50=10.528us
T=32 R=64 gate_consumer/segmented/bf16 K0/cuda_graph/hot: p50=12.560us
T=2048 R=64 gate_consumer/indexed/bf16 K0/cuda_graph/hot: p50=388.512us
T=2048 R=64 gate_consumer/aligned/bf16 K0/cuda_graph/hot: p50=46.192us
T=2048 R=64 gate_consumer/segmented/bf16 K0/cuda_graph/hot: p50=91.296us
/usr/local/lib/python3.12/dist-packages/torch/cuda/__init__.py:61: FutureWarning: The pynvml package is deprecated. Please install nvidia-ml-py instead. If you did not install pynvml directly, please report this to the maintainers of the package that installed pynvml for you.
  import pynvml  # type: ignore[import]
T=32 R=64 down_finalize/indexed/bf16 K0/cuda_graph/hot: p50=14.928us
T=32 R=64 down_finalize/aligned/bf16 K0/cuda_graph/hot: p50=11.360us
T=32 R=64 down_finalize/segmented/bf16 K0/cuda_graph/hot: p50=14.720us
T=2048 R=64 down_finalize/indexed/bf16 K0/cuda_graph/hot: p50=457.840us
T=2048 R=64 down_finalize/aligned/bf16 K0/cuda_graph/hot: p50=128.448us
T=2048 R=64 down_finalize/segmented/bf16 K0/cuda_graph/hot: p50=359.872us
/usr/local/lib/python3.12/dist-packages/torch/cuda/__init__.py:61: FutureWarning: The pynvml package is deprecated. Please install nvidia-ml-py instead. If you did not install pynvml directly, please report this to the maintainers of the package that installed pynvml for you.
  import pynvml  # type: ignore[import]
T=32 R=64 down_finalize/indexed/bf16 K0/cuda_graph/hot: p50=16.720us
T=32 R=64 down_finalize/aligned/bf16 K0/cuda_graph/hot: p50=12.176us
T=32 R=64 down_finalize/segmented/bf16 K0/cuda_graph/hot: p50=14.640us
T=2048 R=64 down_finalize/indexed/bf16 K0/cuda_graph/hot: p50=509.472us
T=2048 R=64 down_finalize/aligned/bf16 K0/cuda_graph/hot: p50=109.536us
T=2048 R=64 down_finalize/segmented/bf16 K0/cuda_graph/hot: p50=341.504us
